======================================================================
FORCING CANONICAL FORENSIC GROUND STATE INTO CACHE
======================================================================

Parameters:
  c = 13
  N = 8
  T = 400
  dps = 150


GROUND STATE CACHE: MISS

GROUND STATE CACHE: COMPUTED
  key        = 7b7a88bda4d9b3136833d1648ae356ddd6c532d960dc8230c26e6a7b42d26ee5
  Q build    = 1015.842719 s
  eigensolve = 0.097264 s
  validation = 0.005746 s
  save       = 0.003283 s
  total      = 1015.949011 s

======================================================================
CACHE OPERATION COMPLETE
======================================================================

lambda_min = 6.7109352501259621034709589486121248522785394950591e-23

Cache statistics:
{'cache_hit': False, 'cache_key': '7b7a88bda4d9b3136833d1648ae356ddd6c532d960dc8230c26e6a7b42d26ee5', 'cache_path': PosixPath('/data/src/rh/connes-cvs-/.cell_cache/ground_state/7b7a88bda4d9b3136833d1648ae356ddd6c532d960dc8230c26e6a7b42d26ee5.json'), 'parameters': {'operator_version': 'cell.py-ground-state-v1', 'c': '13.0', 'N': 8, 'T': 400, 'dps': 150, 'flint_bits': 525}, 'validation_mode': 'full', 'Q_build_seconds': 1015.8427186384797, 'eigensolve_seconds': 0.0972638837993145, 'validation_seconds': 0.005745556205511093, 'save_seconds': 0.0032827407121658325, 'total_seconds': 1015.9490108191967, 'structural_validation': {'norm': mpf('1.0'), 'norm_error': mpf('0.0'), 'tolerance': mpf('3.90828374321747824275262710627575305686700883141246039977744992265697434538810410691312013599376318163299928037532699195723128671615700262892055985280703e-76')}, 'full_validation': {'norm': mpf('1.0'), 'norm_error': mpf('0.0'), 'tolerance': mpf('3.90828374321747824275262710627575305686700883141246039977744992265697434538810410691312013599376318163299928037532699195723128671615700262892055985280703e-76'), 'residual_norm': mpf('3.2822975225519563066674426368321816603447583681498489369981202209678293866744803680003352870023863475748844459120532398492600592439295530969316116959562e-152'), 'roundtrip_error': mpf('1.35010392693869454964028958694291239284388107895811222527009576495775287519161477961946716207947262699523514755640387453148966310996649443172380841677318e-152')}}
