==============================================================================
cell.py MATHEMATICAL-VOCABULARY REFACTOR REGRESSION
PRE-REFACTOR
==============================================================================

TEST PARAMETERS
----------------
mp.dps = 80
C      = 13.0
N      = 3
L      = 2.564949357461536736053487441565318604805267944760207116419045510663465
tau    = 2.375
z      = (2.375 + 0.61j)
t      = 0.217
omega  = 0.63
delta  = 0.4082243690203843863531094215129248866105845597331986206791120611698495
xi     = 0.1510430165375422229506504859597822080459162871012834896512714626328443

V
-
  [0] = 0.73
  [1] = -0.41
  [2] = 0.19
  [3] = 0.057

canonical_pairs(0)
------------------
  (0, 1.0)

canonical_pairs(2)
------------------
  (2, 0.7071067811865475244008443621048490392848359376884740365883398689953662)
  (-2, 0.7071067811865475244008443621048490392848359376884740365883398689953662)

F_basis(k, tau, L)
------------------
  [0] = 0.05025103174024318085120983548028438902386814206228532787173420678038593
  [1] = -1.113244024974684676510930957821915701564616828348930951997803293386656
  [2] = -0.02183045478898262498191394776223697092594053325848882929158695542842855
  [3] = -0.008287999122803584978754716359715758740428874268805172121608098967971152

F_vector(V, tau, L)
-------------------
  value = 0.4884931010500917363005122037002642189047834961760952072891321380656348

Explicit sum_k V[k] * F_basis(k, tau, L)
------------------------------------------
  value = 0.4884931010500917363005122037002642189047834961760952072891321380656348
  CHECK = PASS

Fprime_basis(k, tau, L)
-----------------------
  [0] = -0.6924068813302969442128471543867580395833290360873591420709525443182674
  [1] = -0.2835716232107912602691197482447733579896755467101811075634883231737642
  [2] = 0.2767702054925704466011287448690770653856821297797228894927590804335057
  [3] = 0.1064066632268441618266083155466866212492678233840185804676965645737535

Fprime_vector(V, tau, L)
------------------------
  value = -0.3305411390071738504867081904106905122855753516015615115204822153880219

Explicit sum_k V[k] * Fprime_basis(k, tau, L)
-----------------------------------------------
  value = -0.3305411390071738504867081904106905122855753516015615115204822153880219
  CHECK = PASS

G_complex_basis(k, z, L)
------------------------
  [0] = (-0.04671695481453248346033177894614926597727546566148109219866376508149448 + -0.4405252113271345831984665948168541453948296044256830158032642649599198j)
  [1] = (-1.246349413780328614918724466614280460142508029546753208373649401584454 + -0.1879218446072130463446935260999001355961685025067806143934628572544808j)
  [2] = (-0.1039653226026085698909902530298039724659352809395007707745732254113553 + 0.1693400707374802799427390430451897237089500541152871507434303461499728j)
  [3] = (-0.03401279382475131481012322379315042673088206259224243259385273413372896 + 0.06925123437167241451715209286307608241573046287643500903228025550974327j)

G_complex(V, z, L)
------------------
  value = (0.455207742092819565967169660849293695402829221235024653023153187466355 + -0.2084135141805443159169581810435630863413993785371071954789714016138542j)

Explicit sum_k V[k] * G_complex_basis(k, z, L)
------------------------------------------------
  value = (0.455207742092819565967169660849293695402829221235024653023153187466355 + -0.2084135141805443159169581810435630863413993785371071954789714016138542j)
  CHECK = PASS

pole_basis(k, L)
----------------
  [0] = 24.00281282308583942675782263621281543632623292328454040850135180009515
  [1] = 1.35765138385423217598573060004887070833268541932050140210856030710807
  [2] = 0.3499089330083711533802438344097859872167688818540438201170809186010517
  [3] = 0.1564108010428681994224158023986052058107503881664722754830629037178943

pole_row(N, L)
--------------
  [0] = 24.00281282308583942675782263621281543632623292328454040850135180009515
  [1] = 1.35765138385423217598573060004887070833268541932050140210856030710807
  [2] = 0.3499089330083711533802438344097859872167688818540438201170809186010517
  [3] = 0.1564108010428681994224158023986052058107503881664722754830629037178943

T_canonical(V, t)
-----------------
  value = (0.3177385742991083453343025779036372932482570999982964712898437963651534 + 0.0j)

K_canonical(V, omega)
---------------------
  value = (0.6475837296157176685601943432150598059840023078605637373485422803521729 + 0.0j)

ghat(V, xi, L)
---------------
  value = (2.034444287545017645936766583956694537371354584432978474973029417147903 + 0.0j)

==============================================================================
ALL SEMANTIC CHECKS: PASS
==============================================================================
