================================================================================
CELL 142 — PRECISION ROBUSTNESS, EXTENDED WELL SPECTRUM, AND EFFECTIVE DIMENSION
Parameters: c = 13, L = 2.56494935746, T = 600
Bound-State Cutoff: N_bound = 11 (continuum subspace dimension q = N - 10)
Dual Precision: 50 dps vs 70 dps for Scenario C Disproof
================================================================================
Loaded 9 prime powers up to c = 13.

================================================================================
PRE-FLIGHT HARD REGRESSION AUDIT AGAINST CELL 138/139/140/141 (N = 64, 50 dps)
================================================================================
  omega_0 = 2.9315259531 (Expected: 2.9315260463, Residual: 9.32e-08)
  nu_0    = 4.2604954421 (Expected: 4.2604953336, Residual: 1.09e-07)
  mu_0    = -0.4869792197 (Expected: -0.4869792210, Residual: 1.30e-09)
  REGRESSION AUDIT PASSED in 91.04s: Operators match certified invariants.

================================================================================
TABLE 1: DUAL-PRECISION COMPARISON (50 dps vs 70 dps) ACROSS N in [48, 56, 64]
Testing Scenario C (Precision / Truncation Artefact) vs Mathematical Reality
================================================================================
   N | Mode j |    delta nu_j (50 dps) |    delta nu_j (70 dps) |  Rel Discrepancy rho_j | Agreement Digits
---------------------------------------------------------------------------------------------------------
  48 |      1 |     3.135858546630e-05 |     3.135858546630e-05 |             0.0000e+00 |             50.0
  48 |      2 |     4.825916646516e-03 |     4.825916646516e-03 |             0.0000e+00 |             50.0
  48 |      3 |     6.599076477002e-02 |     6.599076477002e-02 |             0.0000e+00 |             50.0
  48 |      4 |     3.613086866983e-01 |     3.613086866983e-01 |             0.0000e+00 |             50.0
  48 |      5 |     5.614516012888e-01 |     5.614516012888e-01 |             0.0000e+00 |             50.0
       [Completed N = 48 dual-precision check in 37.19s]
---------------------------------------------------------------------------------------------------------
  56 |      1 |     2.024887509137e-06 |     2.024887509137e-06 |             0.0000e+00 |             50.0
  56 |      2 |     8.224136363627e-05 |     8.224136363627e-05 |             0.0000e+00 |             50.0
  56 |      3 |     6.485978834467e-03 |     6.485978834467e-03 |             0.0000e+00 |             50.0
  56 |      4 |     6.932862018960e-02 |     6.932862018960e-02 |             0.0000e+00 |             50.0
  56 |      5 |     3.378588789026e-01 |     3.378588789026e-01 |             0.0000e+00 |             50.0
       [Completed N = 56 dual-precision check in 58.84s]
---------------------------------------------------------------------------------------------------------
  64 |      1 |     3.739144503596e-08 |     3.739144503596e-08 |             0.0000e+00 |             50.0
  64 |      2 |     6.685161220052e-06 |     6.685161220052e-06 |             0.0000e+00 |             50.0
  64 |      3 |     1.285020586882e-04 |     1.285020586882e-04 |             0.0000e+00 |             50.0
  64 |      4 |     7.630214382405e-03 |     7.630214382405e-03 |             0.0000e+00 |             50.0
  64 |      5 |     7.012847752789e-02 |     7.012847752789e-02 |             0.0000e+00 |             50.0
       [Completed N = 64 dual-precision check in 45.48s]
---------------------------------------------------------------------------------------------------------

Maximum relative discrepancy across all tested dimensions and modes: max rho = 0.0000e+00
SCENARIO C AUDIT VERDICT: STABILITY CONFIRMED AT FINITE N.
The tiny splittings delta nu_1 ... delta nu_5 are stable to full displayed precision under 50 -> 70 dps escalation.
They are numerically stable eigenvalue splittings of the specified finite-N projected operator under 50 -> 70 dps escalation.

================================================================================
TABLE 2: EXTENDED TOP-20 SPECTRUM SPLITTINGS AT N = 64 (q = 54)
Tracing the Crossover from Exponential Cluster to Macroscopic Bulk
================================================================================
Mode j |    Eigenvalue nu_j |   Splitting delta nu_j |   Successive Ratio |    Regime Classification
------------------------------------------------------------------------------------------------
     0 |       4.2604954421 |     0.000000000000e+00 |                  — |   Top Ground State (y_0)
     1 |       4.2604954047 |     3.739144503596e-08 |                inf |       Compressed Cluster
     2 |       4.2604887569 |     6.685161220052e-06 |           178.7885 |       Compressed Cluster
     3 |       4.2603669400 |     1.285020586882e-04 |            19.2220 |       Compressed Cluster
     4 |       4.2528652277 |     7.630214382405e-03 |            59.3781 |     Crossover Transition
     5 |       4.1903669646 |     7.012847752789e-02 |             9.1909 |         Macroscopic Bulk
     6 |       3.9412059005 |     3.192895415718e-01 |             4.5529 |         Macroscopic Bulk
     7 |       3.7222312748 |     5.382641673274e-01 |             1.6858 |         Macroscopic Bulk
     8 |       3.5543793988 |     7.061160433045e-01 |             1.3118 |         Macroscopic Bulk
     9 |       3.5405949516 |     7.199004904627e-01 |             1.0195 |         Macroscopic Bulk
    10 |       3.5375133800 |     7.229820621203e-01 |             1.0043 |         Macroscopic Bulk
    11 |       3.5366923803 |     7.238030618054e-01 |             1.0011 |         Macroscopic Bulk
    12 |       3.5279059533 |     7.325894887960e-01 |             1.0121 |         Macroscopic Bulk
    13 |       3.4630674695 |     7.974279726061e-01 |             1.0885 |         Macroscopic Bulk
    14 |       3.3792693083 |     8.812261338446e-01 |             1.1051 |         Macroscopic Bulk
    15 |       3.2561612483 |     1.004334193854e+00 |             1.1397 |         Macroscopic Bulk
    16 |       3.1853244769 |     1.075170965217e+00 |             1.0705 |         Macroscopic Bulk
    17 |       3.1713276775 |     1.089167764604e+00 |             1.0130 |         Macroscopic Bulk
    18 |       3.1488784015 |     1.111617040634e+00 |             1.0206 |         Macroscopic Bulk
    19 |       3.0772224526 |     1.183272989553e+00 |             1.0645 |         Macroscopic Bulk
------------------------------------------------------------------------------------------------
Diagnostic Crossing Index: j_cross^(2) = 7 (first ratio-crossing index where delta nu_j / delta nu_{j-1} drops below 2.0).

================================================================================
TABLE 3: JOINT SPECTRAL/WEIGHT PROFILE & MODAL DEFICIT FLOW AT N = 64
Mapping Ground-State Probability Mass vs Actual Energy Sacrifice
================================================================================
Mode j |   Splitting delta nu_j |  Modal Mass P_W(j) |   Cum Mass Pi(j) |  Deficit Delta W_j |      Cum Deficit |  Deficit Share
------------------------------------------------------------------------------------------------------------------------
     0 |     0.000000000000e+00 |           21.0581% |         21.0581% |   0.0000000000e+00 |       0.00000000 |          0.00%
     1 |     3.739144503596e-08 |           10.4038% |         31.4619% |   3.8901297882e-09 |       0.00000000 |          0.00%
     2 |     6.685161220052e-06 |            9.8925% |         41.3543% |   6.6132698266e-07 |       0.00000067 |          0.00%
     3 |     1.285020586882e-04 |            7.9390% |         49.2933% |   1.0201724543e-05 |       0.00001087 |          0.00%
     4 |     7.630214382405e-03 |            3.6702% |         52.9635% |   2.8004391487e-04 |       0.00029091 |          0.05%
     5 |     7.012847752789e-02 |            6.0328% |         58.9962% |   4.2306830932e-03 |       0.00452159 |          0.82%
     6 |     3.192895415718e-01 |            0.0439% |         59.0401% |   1.4010180180e-04 |       0.00466170 |          0.85%
     7 |     5.382641673274e-01 |            0.2001% |         59.2402% |   1.0772550040e-03 |       0.00573895 |          1.04%
     8 |     7.061160433045e-01 |            0.7985% |         60.0388% |   5.6384501729e-03 |       0.01137740 |          2.07%
     9 |     7.199004904627e-01 |            1.1338% |         61.1725% |   8.1619436585e-03 |       0.01953934 |          3.55%
    10 |     7.229820621203e-01 |            0.0127% |         61.1853% |   9.2118584036e-05 |       0.01963146 |          3.56%
    11 |     7.238030618054e-01 |            0.0000% |         61.1853% |   2.4649969587e-08 |       0.01963149 |          3.56%
    12 |     7.325894887960e-01 |            0.0005% |         61.1857% |   3.4086069934e-06 |       0.01963490 |          3.57%
    13 |     7.974279726061e-01 |            4.8846% |         66.0704% |   3.8951465929e-02 |       0.05858636 |         10.64%
    14 |     8.812261338446e-01 |            2.7950% |         68.8654% |   2.4630131837e-02 |       0.08321649 |         15.11%
    15 |     1.004334193854e+00 |            1.5655% |         70.4308% |   1.5722805480e-02 |       0.09893930 |         17.97%
    16 |     1.075170965217e+00 |            1.1317% |         71.5626% |   1.2167735653e-02 |       0.11110704 |         20.18%
    17 |     1.089167764604e+00 |            0.3459% |         71.9085% |   3.7675063350e-03 |       0.11487454 |         20.86%
    18 |     1.111617040634e+00 |            3.5753% |         75.4838% |   3.9743974743e-02 |       0.15461852 |         28.08%
    19 |     1.183272989553e+00 |            2.0220% |         77.5058% |   2.3926014611e-02 |       0.17854453 |         32.42%
------------------------------------------------------------------------------------------------------------------------
Total Physical Well Deficit: Delta W(1) = 0.5507123831
Total Spectral Modal Deficit:           = 0.5507123831
Modal Conservation Residual R_cons:     = 0.00e+00 (Identity certified to precision floor!)
Total Ground-State Probability Mass:    = 100.000000%

================================================================================
TABLE 4: ENERGY-DEFICIT PARTICIPATION RANK r_eta(N)
r_eta = min { r >= 1 : sum_{j<r} Delta W_j >= (1 - eta) Delta W(1) }
================================================================================
   N |    q |   Delta W(1) | r_{eta=0.50} | r_{eta=0.25} | r_{eta=0.10} | r_{eta=0.05} | r_{eta=0.01} | r_0.05 / q
----------------------------------------------------------------------------------------
  32 |   22 |     0.570807 |           11 |           17 |           19 |           20 |           22 |     0.909
  48 |   38 |     0.553818 |           18 |           30 |           33 |           34 |           38 |     0.895
  56 |   46 |     0.552398 |           22 |           35 |           40 |           42 |           45 |     0.913
  64 |   54 |     0.550712 |           26 |           42 |           44 |           49 |           52 |     0.907
----------------------------------------------------------------------------------------

SYNTHESIS & KEY OBSERVATIONS:
  1. Precision Robustness: All top splittings delta nu_1 ... delta nu_5 are numerically stable
     under 50 -> 70 dps precision escalation, refuting Scenario C as a finite-N precision artefact.
  2. Dual-Reservoir Architecture: The top cluster (j <= 3) serves as a low-cost probability reservoir
     (49.29% mass, paying < 0.002% deficit). Over 99.998% of the deficit is paid outside the top 4 modes.
  3. Extensive Deficit Scaling (Negative Result): The energy-deficit rank scales as r_0.05 / q ~ 0.90
     across all tested N, decisively falsifying low-dimensional active subspace reduction.
     The well-energy deficit is genuinely extensive in the continuum truncation dimension.

Total suite execution time: 313.36s
================================================================================
CELL 142 EXECUTION COMPLETE
================================================================================
