================================================================================
CELL 115 — LOCALIZED BRANCH BOUNDARY DEFECT ASYMPTOTIC POWER-LAW REGRESSION
  Configuration: c = 13, Primary T = 600, N_max = 192
  mpmath dps = 70, matrix dps = 70
  Evaluation Grid: N in [48, 64, 80, 96, 112, 128, 144, 160, 192]
================================================================================

--- STEP 1: RETRIEVING CACHED GALERKIN MATRIX (T = 600, N = 192) ---
Canonical even matrix H: shape (193, 193), retrieval time: 3.88 s

--- MODULE 1: MULTI-DIMENSION SPECTRAL EXTRACTION (k = 0 and k = 1) ---
   N |  k |           Energy E |      v_0 |     1 - L_24 |        K_2 |         |T_v(0)| |        |alpha_N| |          P_alpha
----------------------------------------------------------------------------------------------------------------------
  48 |  0 |    2.102582756e-50 |  0.45584 |  3.62577e-27 |     21.451 |    1.7827683e-24 |    4.5704055e-22 |    3.1664698e-21
  48 |  1 |    1.489962953e-49 |  0.49077 |  9.45617e-26 |     85.811 |    9.2696148e-24 |    2.3767601e-21 |    1.6466677e-20
  64 |  0 |   -5.084677796e-52 |  0.07081 |  9.00146e-26 |     82.186 |     9.674133e-25 |     2.684298e-22 |    2.1474384e-21
  64 |  1 |    4.713489407e-50 |   0.6657 |   7.3611e-26 |     25.464 |    8.7211935e-25 |    2.4218845e-22 |    1.9375076e-21
  80 |  0 |   -8.387558727e-52 | 0.066631 |  9.29408e-26 |     82.725 |    7.9208522e-25 |    2.2216054e-22 |    1.9870643e-21
  80 |  1 |    4.686117461e-50 |  0.66611 |  7.41405e-26 |     24.944 |    7.0170728e-25 |    1.9705339e-22 |    1.7624991e-21
  96 |  0 |   -9.334931447e-52 | 0.065444 |  9.32733e-26 |     82.874 |    7.2987393e-25 |    2.0597262e-22 |    2.0181113e-21
  96 |  1 |    4.678472432e-50 |  0.66623 |  7.38866e-26 |     24.796 |    6.4268511e-25 |    1.8162911e-22 |    1.7795946e-21
 112 |  0 |   -9.804316034e-52 |  0.06486 |  9.28158e-26 |     82.942 |    7.1953315e-25 |    2.0407001e-22 |     2.159674e-21
 112 |  1 |    4.674818553e-50 |  0.66629 |   7.3278e-26 |     24.722 |    6.3200914e-25 |    1.7951172e-22 |    1.8997734e-21
 128 |  0 |   -1.005374625e-51 | 0.064548 |  9.28447e-26 |     82.981 |    6.9222105e-25 |    1.9699601e-22 |    2.2287555e-21
 128 |  1 |    4.672830808e-50 |  0.66632 |  7.31692e-26 |     24.683 |    6.0646725e-25 |    1.7286674e-22 |    1.9557639e-21
 144 |  0 |   -1.026597431e-51 | 0.064285 |  9.24864e-26 |     83.011 |    6.9779419e-25 |    1.9940833e-22 |       2.3929e-21
 144 |  1 |    4.671215353e-50 |  0.66635 |  7.27809e-26 |      24.65 |    6.1060114e-25 |    1.7476383e-22 |    2.0971659e-21
 160 |  0 |   -1.051795758e-51 | 0.063973 |  9.22589e-26 |     83.047 |    6.8018091e-25 |     1.955467e-22 |    2.4734918e-21
 160 |  1 |    4.669263502e-50 |  0.66638 |  7.24688e-26 |      24.61 |    5.9438973e-25 |    1.7116185e-22 |    2.1650452e-21
 192 |  0 |   -1.063111878e-51 | 0.063832 |  9.21894e-26 |     83.064 |    6.6633793e-25 |    1.9227101e-22 |    2.6641852e-21
 192 |  1 |    4.668381531e-50 |  0.66639 |  7.23574e-26 |     24.593 |    5.8116828e-25 |    1.6798055e-22 |    2.3276068e-21
----------------------------------------------------------------------------------------------------------------------

--- MODULE 2: RESCALED BOUNDARY OBSERVABLES ON LOCALIZED BRANCH (k = 1 for N >= 64) ---
   N |        |alpha_N| |   N^(1/2)|alpha| |         N|alpha| |         |T_v(0)| |       N^(3/2)|T| |             N|T| |  |a1|/|a0|
--------------------------------------------------------------------------------------------------------------------------
  64 |    2.4218845e-22 |    1.9375076e-21 |    1.5500061e-20 |    8.7211935e-25 |    4.4652511e-22 |    5.5815638e-23 |   0.902241
  80 |    1.9705339e-22 |    1.7624991e-21 |    1.5764271e-20 |    7.0170728e-25 |    5.0210086e-22 |    5.6136582e-23 |   0.886986
  96 |    1.8162911e-22 |    1.7795946e-21 |    1.7436395e-20 |    6.4268511e-25 |    6.0451223e-22 |    6.1697771e-23 |   0.881812
 112 |    1.7951172e-22 |    1.8997734e-21 |    2.0105312e-20 |    6.3200914e-25 |    7.4911828e-22 |    7.0785024e-23 |   0.879658
 128 |    1.7286674e-22 |    1.9557639e-21 |    2.2126942e-20 |    6.0646725e-25 |    8.7825839e-22 |    7.7627808e-23 |   0.877514
 144 |    1.7476383e-22 |    2.0971659e-21 |    2.5165991e-20 |    6.1060114e-25 |    1.0551188e-21 |    8.7926564e-23 |   0.876412
 160 |    1.7116185e-22 |    2.1650452e-21 |    2.7385896e-20 |    5.9438973e-25 |    1.2029602e-21 |    9.5102357e-23 |   0.875299
 192 |    1.6798055e-22 |    2.3276068e-21 |    3.2252266e-20 |    5.8116828e-25 |    1.5461575e-21 |    1.1158431e-22 |   0.873666
--------------------------------------------------------------------------------------------------------------------------

--- MODULE 3: LOGARITHMIC POWER-LAW REGRESSIONS (N in [64, 192], n = 8) ---
  Model: log10(Y) = beta * log10(N) + log10(C)  <=>  Y(N) ~ C * N^beta

Quantity Y(N)                | Branch      |  Exponent beta |    SE(beta) |        R^2 |     Pre-factor C
---------------------------------------------------------------------------------------------------------
|alpha_N|                    | k = 1 (loc) |     -0.2884813 |    0.063143 |   0.776725 |    7.2631177e-22
|alpha_N|                    | k = 0 (edge) |     -0.2623864 |    0.058469 |   0.770453 |    7.2781922e-22
|T_v(0)|                     | k = 1 (loc) |     -0.3243891 |    0.064165 |   0.809878 |    3.0310859e-24
|T_v(0)|                     | k = 0 (edge) |     -0.2975764 |     0.05937 |   0.807211 |    3.0313816e-24
P_alpha = |alpha_N|*sqrt(N)  | k = 1 (loc) |      0.2115187 |    0.063143 |   0.651593 |    7.2631177e-22
P_alpha = |alpha_N|*sqrt(N)  | k = 0 (edge) |      0.2376136 |    0.058469 |   0.733514 |    7.2781922e-22
P_T = |T_v(0)|*N^(3/2)       | k = 1 (loc) |       1.175611 |    0.064165 |    0.98244 |    3.0310859e-24
P_T = |T_v(0)|*N^(3/2)       | k = 0 (edge) |       1.202424 |     0.05937 |   0.985583 |    3.0313816e-24
Ratio |alpha_1| / |alpha_0|  | k=1 vs k=0  |    -0.02609493 |   0.0047136 |   0.836281 |       0.99792881
---------------------------------------------------------------------------------------------------------

--- MODULE 4: QUANTITATIVE DISTANCE TO GATE 1 EXTINCTION CRITERIA ---
Observable               |  Fitted Exponent |   Target Extinction Exponent |   Exponent Gap (Fitted - Target)
------------------------------------------------------------------------------------------------------------
|alpha_N| (k=1)          |        -0.288481 |                  < -0.500000 |                         0.211519
|T_v(0)| (k=1)           |        -0.324389 |                  < -1.500000 |                          1.17561
P_alpha(N) (k=1)         |         0.211519 |                  <  0.000000 |                         0.211519
P_T(N) (k=1)             |          1.17561 |                  <  0.000000 |                          1.17561
------------------------------------------------------------------------------------------------------------

================================================================================
CELL 115 NUMERICAL SUMMARY OF COMPUTED METRICS
================================================================================
Dimension grid span:               N in [48, 64, 80, 96, 112, 128, 144, 160, 192]
Regression span (post-transition):  N in [64, 80, 96, 112, 128, 144, 160, 192] (n = 8)
Total script runtime:               1722.17 s

================================================================================
CELL 115 EXECUTION COMPLETE
================================================================================
