======================================================================
CELL_16 — ARCHIMEDEAN DISCREPANCY LOCALISATION
======================================================================

Parameters:
c = 13
N = 8
T = 40
dps = 80
L = 2.56494935746153673605348744156531860480526794476020711641905

----------------------------------------------------------------------
1. GROUND STATE
----------------------------------------------------------------------

lambda_min =
2.9337422241322740408178302295588281413977173077664261320741e-23

||u_star|| =
1.0

||v_star|| =
1.0

----------------------------------------------------------------------
2. SOURCE-LEVEL CHECK
----------------------------------------------------------------------

The scalar source is sampled at several (r,x) points.

x = 0.25
  r = 0.0  S = -0.524596594479782119283220879492  dS = 0.0
  r = 0.5  S = 0.470324804898759148829070959432  dS = 1.97428459211545119109751943833
  r = 1.0  S = 1.03804993644602411156201007365  dS = 0.516843394704360279004030849799
  r = 2.0  S = 0.742002016597814595750092700889  dS = -1.40139638425470462176228190271
  r = 2.44963327985  S = 0.164589283595867521569147627487  dS = 0.0954123950381015327623479742218
  r = 3.0  S = 0.974775271445171479344034660556  dS = 1.30102389898368591183921567947
  r = 5.0  S = 0.457952561731356566109432132188  dS = 1.14312538685549848403378533372

x = 0.5
  r = 0.0  S = -1.04919318895956423856644175898  dS = 0.0
  r = 0.5  S = 0.940649609797518297658141918864  dS = 3.94856918423090238219503887666
  r = 1.0  S = 2.07609987289204822312402014729  dS = 1.0336867894087205580080616996
  r = 2.0  S = 1.48400403319562919150018540178  dS = -2.80279276850940924352456380542
  r = 2.44963327985  S = 0.329178567191735043138295254975  dS = 0.190824790076203065524695948444
  r = 3.0  S = 1.94955054289034295868806932111  dS = 2.60204779796737182367843135894
  r = 5.0  S = 0.915905123462713132218864264375  dS = 2.28625077371099696806757066745

x = 1.0
  r = 0.0  S = -2.09838637791912847713288351797  dS = 0.0
  r = 0.5  S = 1.88129921959503659531628383773  dS = 7.89713836846180476439007775332
  r = 1.0  S = 4.15219974578409644624804029458  dS = 2.0673735788174411160161233992
  r = 2.0  S = 2.96800806639125838300037080356  dS = -5.60558553701881848704912761084
  r = 2.44963327985  S = 0.658357134383470086276590509949  dS = 0.381649580152406131049391896887
  r = 3.0  S = 3.89910108578068591737613864222  dS = 5.20409559593474364735686271789
  r = 5.0  S = 1.83181024692542626443772852875  dS = 4.5725015474219939361351413349

x = 2.0
  r = 0.0  S = -4.19677275583825695426576703593  dS = 0.0
  r = 0.5  S = 3.76259843919007319063256767546  dS = 15.7942767369236095287801555066
  r = 1.0  S = 8.30439949156819289249608058917  dS = 4.13474715763488223203224679839
  r = 2.0  S = 5.93601613278251676600074160711  dS = -11.2111710740376369740982552217
  r = 2.44963327985  S = 1.3167142687669401725531810199  dS = 0.763299160304812262098783793774
  r = 3.0  S = 7.79820217156137183475227728445  dS = 10.4081911918694872947137254358
  r = 5.0  S = 3.6636204938508525288754570575  dS = 9.1450030948439878722702826698

----------------------------------------------------------------------
3. BASIS-LEVEL RESPONSE
----------------------------------------------------------------------

For each canonical basis vector e_k we compare:

  F_k(r)
  F'_k(r)
  G_k(r)
  G'_k(r)

NOTE: Fprime_basis(0,0) has a removable singularity in
the closed-form expression; the derivative is evaluated
there by differentiating F_basis numerically.

basis k = 0
  r = 0.0
    F      = 1.60154592736566151091081982471
    Fprime = 0.0
    Re G   = 1.60154592736566151091081982471
    Re G'  = 0.0
  r = 0.5
    F      = 1.49402508760638593509645888415
    Fprime = -0.421232624183987898735052171617
    Re G   = 1.49402508760638593509645888415
    Re G'  = -0.421232624183987898735052171617
  r = 1.0
    F      = 1.1972462828004226830898132681
    Fprime = -0.74185702407787407697955344764
    Re G   = 1.1972462828004226830898132681
    Re G'  = -0.74185702407787407697955344764
  r = 2.0
    F      = 0.340429261450913984589327883104
    Fprime = -0.841500594743542011243744045905
    Re G   = 0.340429261450913984589327883104
    Re G'  = -0.841500594743542011243744045905
  r = 2.44963327985
    F      = 2.18692053360450962569499155155e-29
    Fprime = -0.653790075656013533504826601557
    Re G   = 2.18692053360450962569499155155e-29
    Re G'  = -0.653790075656013533504826601557
  r = 3.0
    F      = -0.270016940096592878830071321164
    Fprime = -0.31629188734778226088706487534
    Re G   = -0.270016940096592878830071321164
    Re G'  = -0.31629188734778226088706487534
  r = 5.0
    F      = 0.032176170602684996949052412932
    Fprime = 0.311204756804828121891606280369
    Re G   = 0.032176170602684996949052412932
    Re G'  = 0.311204756804828121891606280369

basis k = 1
  r = 0.0
    F      = 0.0
    Fprime = 0.0
    Re G   = 0.0
    Re G'  = 0.0
  r = 0.5
    F      = -0.0918527033049673695026901886476
    Fprime = -0.357485849756879026457027933622
    Re G   = -0.0918527033049673695026901886476
    Re G'  = -0.357485849756879026457027933622
  r = 1.0
    F      = -0.338584767174945188954698258703
    Fprime = -0.602785049781104971521701140256
    Re G   = -0.338584767174945188954698258703
    Re G'  = -0.602785049781104971521701140256
  r = 2.0
    F      = -0.962540924978222155056485266345
    Fprime = -0.50765960485680033703971386026
    Re G   = -0.962540924978222155056485266345
    Re G'  = -0.50765960485680033703971386026
  r = 2.44963327985
    F      = -1.13246398562195714888006483744
    Fprime = -0.231149697984416556530252755256
    Re G   = -1.13246398562195714888006483744
    Re G'  = -0.231149697984416556530251826219
  r = 3.0
    F      = -1.14585344651753510099960324362
    Fprime = 0.186114450842777534284087737005
    Re G   = -1.14585344651753510099960324362
    Re G'  = 0.186114450842777534284087737005
  r = 5.0
    F      = 0.0598758698076794786948565101716
    Fprime = 0.571549088461398775047141693372
    Re G   = 0.0598758698076794786948565101716
    Re G'  = 0.571549088461398775047141693372

basis k = 2
  r = 0.0
    F      = 0.0
    Fprime = 0.0
    Re G   = 0.0
    Re G'  = 0.0
  r = 0.5
    F      = -0.0222381087784797095328841567824
    Fprime = -0.0836187462294117041235994051681
    Re G   = -0.0222381087784797095328841567824
    Re G'  = -0.0836187462294117041235994051681
  r = 1.0
    F      = -0.0736067342572060800441419195262
    Fprime = -0.108003881268930822642108172838
    Re G   = -0.0736067342572060800441419195262
    Re G'  = -0.108003881268930822642108172838
  r = 2.0
    F      = -0.0962743955723857030633557579549
    Fprime = 0.122452274108107398980463764685
    Re G   = -0.0962743955723857030633557579549
    Re G'  = 0.122452274108107398980463764685
  r = 2.44963327985
    F      = -1.0309242261519011600759967973e-29
    Fprime = 0.308199597312555408707002434913
    Re G   = -1.0309242261519011600759967973e-29
    Re G'  = 0.308199597312555408707002434913
  r = 3.0
    F      = 0.229074014941211629216292084599
    Fprime = 0.512660684611417017483761615246
    Re G   = 0.229074014941211629216292084599
    Re G'  = 0.512660684611417017483761615246
  r = 5.0
    F      = 1.14080831324871367420651990742
    Fprime = 0.0498465392348651243554986062062
    Re G   = 1.14080831324871367420651990742
    Re G'  = 0.0498465392348651243554986062062

basis k = 3
  r = 0.0
    F      = 0.0
    Fprime = 0.0
    Re G   = 0.0
    Re G'  = 0.0
  r = 0.5
    F      = -0.00982614785339004877528216810979
    Fprime = -0.0367169505231549163360701617743
    Re G   = -0.00982614785339004877528216810979
    Re G'  = -0.0367169505231549163360701617743
  r = 1.0
    F      = -0.0319426371776558674702703237748
    Fprime = -0.0452977016677298580183777118937
    Re G   = -0.0319426371776558674702703237748
    Re G'  = -0.0452977016677298580183777118937
  r = 2.0
    F      = -0.0385102997660929962597695199183
    Fprime = 0.0536021412391021228350977783787
    Re G   = -0.0385102997660929962597695199183
    Re G'  = 0.0536021412391021228350977783787
  r = 2.44963327985
    F      = -3.86596584806962935028498798991e-30
    Fprime = 0.115574848992208278265125913094
    Re G   = -3.86596584806962935028498798991e-30
    Re G'  = 0.115574848992208278265125913094
  r = 3.0
    F      = 0.0763615841696758577970060899943
    Fprime = 0.15053611083540765908593739415
    Re G   = 0.0763615841696758577970060899943
    Re G'  = 0.15053611083540765908593739415
  r = 5.0
    F      = -0.0392190072413276864875311915508
    Fprime = -0.408530827707455217528779261907
    Re G   = -0.0392190072413276864875311915508
    Re G'  = -0.408530827707455217528779261907

basis k = 4
  r = 0.0
    F      = 0.0
    Fprime = 0.0
    Re G   = 0.0
    Re G'  = 0.0
  r = 0.5
    F      = -0.00551598510071771109320570703804
    Fprime = -0.0205663384451622982187046046234
    Re G   = -0.00551598510071771109320570703804
    Re G'  = -0.0205663384451622982187046046234
  r = 1.0
    F      = -0.0178206465824493153936426035704
    Fprime = -0.0249741041968332300339786346746
    Re G   = -0.0178206465824493153936426035704
    Re G'  = -0.0249741041968332300339786346746
  r = 2.0
    F      = -0.0209296003178081523148812304497
    Fprime = 0.0298960079460726347433876912296
    Re G   = -0.0209296003178081523148812304497
    Re G'  = 0.0298960079460726347433876912296
  r = 2.44963327985
    F      = -2.06184845230380232015199359462e-30
    Fprime = 0.0616399194625110817414004869834
    Re G   = -2.06184845230380232015199359462e-30
    Re G'  = 0.0616399194625110817414004869834
  r = 3.0
    F      = 0.0394978180149236362951100387381
    Fprime = 0.0753223866348319152948742128102
    Re G   = 0.0394978180149236362951100387381
    Re G'  = 0.0753223866348319152948742128102
  r = 5.0
    F      = -0.0160199883903658162499667399799
    Fprime = -0.163607726024988899668667933267
    Re G   = -0.0160199883903658162499667399799
    Re G'  = -0.163607726024988899668667933267

----------------------------------------------------------------------
4. GROUND-STATE RESPONSE
----------------------------------------------------------------------

Compare the canonical ground-state response against
the scalar Archimedean source.

r = 0.0
  F_v(r) = 0.9456552619984141085413175640259715442592
  Re G_v(r) = 0.9456552619984141085413175640259715442592

r = 0.5
  F_v(r) = 0.9383093568971310770932148710238604738144
  Re G_v(r) = 0.9383093568971310770932148710238604738144

r = 1.0
  F_v(r) = 0.9165950272123592439948872608280398837218
  Re G_v(r) = 0.9165950272123592439948872608280398837218

r = 2.0
  F_v(r) = 0.8344105542660935013050691569054747497493
  Re G_v(r) = 0.8344105542660935013050691569054747497493

r = 2.4496332798546520107
  F_v(r) = 0.7835387919214734638142858918641017270314
  Re G_v(r) = 0.7835387919214734638142858918641017270314

r = 3.0
  F_v(r) = 0.7127476438412545176215864381546750587548
  Re G_v(r) = 0.7127476438412545176215864381546750587548

r = 5.0
  F_v(r) = 0.4265162925869932236961493600978049481714
  Re G_v(r) = 0.4265162925869932236961493600978049481714

----------------------------------------------------------------------
5. SOURCE / RESPONSE PRODUCTS
----------------------------------------------------------------------

The quantities below are deliberately shown without
normalising by one another.

x = 0.25
  r = 0.0  S = -0.5245965944797821192832209  ReG = 0.9456552619984141085413176  S*ReG = -0.4960875299962541604552501
  r = 0.5  S = 0.470324804898759148829071  ReG = 0.9383093568971310770932149  S*ReG = 0.4413101652173233409393937
  r = 1.0  S = 1.03804993644602411156201  ReG = 0.9165950272123592439948873  S*ReG = 0.9514714097445312543124501
  r = 2.0  S = 0.7420020165978145957500927  ReG = 0.8344105542660935013050692  S*ReG = 0.6191343139359415866010554
  r = 2.44963327985  S = 0.1645892835958675215691476  ReG = 0.7835387919214734638142859  S*ReG = 0.1289620884319268277082522
  r = 3.0  S = 0.9747752714451714793440347  ReG = 0.7127476438412545176215864  S*ReG = 0.6947687779972652764023426
  r = 5.0  S = 0.4579525617313565661094321  ReG = 0.4265162925869932236961494  S*ReG = 0.1953242288103743532174467

x = 0.5
  r = 0.0  S = -1.049193188959564238566442  ReG = 0.9456552619984141085413176  S*ReG = -0.9921750599925083209105002
  r = 0.5  S = 0.9406496097975182976581419  ReG = 0.9383093568971310770932149  S*ReG = 0.8826203304346466818787873
  r = 1.0  S = 2.07609987289204822312402  ReG = 0.9165950272123592439948873  S*ReG = 1.9029428194890625086249
  r = 2.0  S = 1.484004033195629191500185  ReG = 0.8344105542660935013050692  S*ReG = 1.238268627871883173202111
  r = 2.44963327985  S = 0.3291785671917350431382953  ReG = 0.7835387919214734638142859  S*ReG = 0.2579241768638536554165044
  r = 3.0  S = 1.949550542890342958688069  ReG = 0.7127476438412545176215864  S*ReG = 1.389537555994530552804685
  r = 5.0  S = 0.9159051234627131322188643  ReG = 0.4265162925869932236961494  S*ReG = 0.3906484576207487064348934

x = 1.0
  r = 0.0  S = -2.098386377919128477132884  ReG = 0.9456552619984141085413176  S*ReG = -1.984350119985016641821
  r = 0.5  S = 1.881299219595036595316284  ReG = 0.9383093568971310770932149  S*ReG = 1.765240660869293363757575
  r = 1.0  S = 4.15219974578409644624804  ReG = 0.9165950272123592439948873  S*ReG = 3.8058856389781250172498
  r = 2.0  S = 2.968008066391258383000371  ReG = 0.8344105542660935013050692  S*ReG = 2.476537255743766346404222
  r = 2.44963327985  S = 0.6583571343834700862765905  ReG = 0.7835387919214734638142859  S*ReG = 0.5158483537277073108330089
  r = 3.0  S = 3.899101085780685917376139  ReG = 0.7127476438412545176215864  S*ReG = 2.77907511198906110560937
  r = 5.0  S = 1.831810246925426264437729  ReG = 0.4265162925869932236961494  S*ReG = 0.7812969152414974128697868

x = 2.0
  r = 0.0  S = -4.196772755838256954265767  ReG = 0.9456552619984141085413176  S*ReG = -3.968700239970033283642001
  r = 0.5  S = 3.762598439190073190632568  ReG = 0.9383093568971310770932149  S*ReG = 3.530481321738586727515149
  r = 1.0  S = 8.304399491568192892496081  ReG = 0.9165950272123592439948873  S*ReG = 7.611771277956250034499601
  r = 2.0  S = 5.936016132782516766000742  ReG = 0.8344105542660935013050692  S*ReG = 4.953074511487532692808443
  r = 2.44963327985  S = 1.316714268766940172553181  ReG = 0.7835387919214734638142859  S*ReG = 1.031696707455414621666018
  r = 3.0  S = 7.798202171561371834752277  ReG = 0.7127476438412545176215864  S*ReG = 5.558150223978122211218741
  r = 5.0  S = 3.663620493850852528875457  ReG = 0.4265162925869932236961494  S*ReG = 1.562593830482994825739574

----------------------------------------------------------------------
6. DIVIDED-DIFFERENCE CHECK
----------------------------------------------------------------------

x = 0.25
  (a,b) = 0.5 1.0
    DD      = 1.13545026309452992546587822843
    S'(mid) = 1.0764118660255785268384813091
    DD-S'   = 0.0590383970689513986273969193237
  (a,b) = 1.0 2.0
    DD      = -0.296047919848209515811917372757
    S'(mid) = -0.212832427676148702445567749714
    DD-S'   = -0.0832154921720608133663496230433
  (a,b) = 2.0 3.0
    DD      = 0.232773254847356883593941959667
    S'(mid) = 0.648545085020818391115625990424
    DD-S'   = -0.415771830173461507521684030756
  (a,b) = 3.0 5.0
    DD      = -0.258411354856907456617301264184
    S'(mid) = -0.333142514567604987448351584812
    DD-S'   = 0.074731159710697530831050320628

x = 0.5
  (a,b) = 0.5 1.0
    DD      = 2.27090052618905985093175645686
    S'(mid) = 2.15282373205115705367696261821
    DD-S'   = 0.118076794137902797254793838647
  (a,b) = 1.0 2.0
    DD      = -0.592095839696419031623834745514
    S'(mid) = -0.425664855352297404891135499427
    DD-S'   = -0.166430984344121626732699246087
  (a,b) = 2.0 3.0
    DD      = 0.465546509694713767187883919334
    S'(mid) = 1.29709017004163678223125198085
    DD-S'   = -0.831543660346923015043368061513
  (a,b) = 3.0 5.0
    DD      = -0.516822709713814913234602528369
    S'(mid) = -0.666285029135209974896703169625
    DD-S'   = 0.149462319421395061662100641256

x = 1.0
  (a,b) = 0.5 1.0
    DD      = 4.54180105237811970186351291371
    S'(mid) = 4.30564746410231410735392523642
    DD-S'   = 0.236153588275805594509587677295
  (a,b) = 1.0 2.0
    DD      = -1.18419167939283806324766949103
    S'(mid) = -0.851329710704594809782270998854
    DD-S'   = -0.332861968688243253465398492173
  (a,b) = 2.0 3.0
    DD      = 0.931093019389427534375767838668
    S'(mid) = 2.59418034008327356446250396169
    DD-S'   = -1.66308732069384603008673612303
  (a,b) = 3.0 5.0
    DD      = -1.03364541942762982646920505674
    S'(mid) = -1.33257005827041994979340633925
    DD-S'   = 0.298924638842790123324201282512

x = 2.0
  (a,b) = 0.5 1.0
    DD      = 9.08360210475623940372702582743
    S'(mid) = 8.61129492820462821470785047284
    DD-S'   = 0.472307176551611189019175354589
  (a,b) = 1.0 2.0
    DD      = -2.36838335878567612649533898206
    S'(mid) = -1.70265942140918961956454199771
    DD-S'   = -0.665723937376486506930796984346
  (a,b) = 2.0 3.0
    DD      = 1.86218603877885506875153567734
    S'(mid) = 5.18836068016654712892500792339
    DD-S'   = -3.32617464138769206017347224605
  (a,b) = 3.0 5.0
    DD      = -2.06729083885525965293841011347
    S'(mid) = -2.6651401165408398995868126785
    DD-S'   = 0.597849277685580246648402565024

----------------------------------------------------------------------
7. INTEGRAND LOCALISATION
----------------------------------------------------------------------

x = 0.25
  r = 0.0  value = -0.49608752999625416045525011299482579
  r = 0.5  value = 0.44131016521732334093939366320346013
  r = 1.0  value = 0.95147140974453125431245008419245341
  r = 2.0  value = 0.61913431393594158660105542045797494
  r = 2.44963327985  value = 0.12896208843192682770825222411561268
  r = 3.0  value = 0.69476877799726527640234260423835121
  r = 5.0  value = 0.19532422881037435321744669295349884

x = 0.5
  r = 0.0  value = -0.99217505999250832091050022598965157
  r = 0.5  value = 0.88262033043464668187878732640692025
  r = 1.0  value = 1.9029428194890625086249001683849068
  r = 2.0  value = 1.2382686278718831732021108409159499
  r = 2.44963327985  value = 0.25792417686385365541650444823122535
  r = 3.0  value = 1.3895375559945305528046852084767024
  r = 5.0  value = 0.39064845762074870643489338590699768

x = 1.0
  r = 0.0  value = -1.9843501199850166418210004519793031
  r = 0.5  value = 1.7652406608692933637575746528138405
  r = 1.0  value = 3.8058856389781250172498003367698137
  r = 2.0  value = 2.4765372557437663464042216818318997
  r = 2.44963327985  value = 0.5158483537277073108330088964624507
  r = 3.0  value = 2.7790751119890611056093704169534048
  r = 5.0  value = 0.78129691524149741286978677181399536

x = 2.0
  r = 0.0  value = -3.9687002399700332836420009039586063
  r = 0.5  value = 3.530481321738586727515149305627681
  r = 1.0  value = 7.6117712779562500344996006735396273
  r = 2.0  value = 4.9530745114875326928084433636637995
  r = 2.44963327985  value = 1.0316967074554146216660177929249014
  r = 3.0  value = 5.5581502239781222112187408339068097
  r = 5.0  value = 1.5625938304829948257395735436279907

----------------------------------------------------------------------
8. LOCAL INTEGRALS
----------------------------------------------------------------------

x = 0.25
  [ 0.0 , 1.0 ] = 0.33171055169577709762610697785395675
  [ 1.0 , 2.0 ] = 0.91662779814390888404653079345986914
  [ 2.0 , 3.0 ] = 0.3624799226963001847726494905752819
  [ 3.0 , 5.0 ] = 1.2624080878142611145382014674572076
  [ 5.0 , 10.0 ] = 1.1468005295017884160852899019097412
  accumulated = 4.0200268898520356970687786312560566

x = 0.5
  [ 0.0 , 1.0 ] = 0.66342110339155419525221395570791349
  [ 1.0 , 2.0 ] = 1.8332555962878177680930615869197383
  [ 2.0 , 3.0 ] = 0.72495984539260036954529898115056379
  [ 3.0 , 5.0 ] = 2.5248161756285222290764029349144153
  [ 5.0 , 10.0 ] = 2.2936010590035768321705798038194824
  accumulated = 8.0400537797040713941375572625121132

x = 1.0
  [ 0.0 , 1.0 ] = 1.326842206783108390504427911415827
  [ 1.0 , 2.0 ] = 3.6665111925756355361861231738394765
  [ 2.0 , 3.0 ] = 1.4499196907852007390905979623011276
  [ 3.0 , 5.0 ] = 5.0496323512570444581528058698288305
  [ 5.0 , 10.0 ] = 4.5872021180071536643411596076389648
  accumulated = 16.080107559408142788275114525024226

x = 2.0
  [ 0.0 , 1.0 ] = 2.653684413566216781008855822831654
  [ 1.0 , 2.0 ] = 7.3330223851512710723722463476789531
  [ 2.0 , 3.0 ] = 2.8998393815704014781811959246022552
  [ 3.0 , 5.0 ] = 10.099264702514088916305611739657661
  [ 5.0 , 10.0 ] = 9.1744042360143073286823192152779295
  accumulated = 32.160215118816285576550229050048453

======================================================================
CELL_16 SUMMARY
======================================================================

This cell is a localisation experiment.

The intended interpretation is:

  1. If S itself disagrees, revisit the Archimedean source.
  2. If S agrees but divided differences disagree, the
     source-to-kernel dictionary is implicated.
  3. If basis responses disagree, inspect F/G construction.
  4. If pointwise quantities agree but local integrals
     disagree, inspect the integration/domain convention.

No conclusion should be drawn from a ratio alone.
The absolute quantities are the primary diagnostic.

======================================================================
END CELL_16
======================================================================
