=========================================================================================================
CELL 77 — STIELTJES OUTER PRODUCT FACTOR Pi_j, PAIRWISE GAP LOCALIZATION,
         CHARACTERISTIC-POLYNOMIAL RATIO DECOMPOSITION, AND ASYMMETRY BALANCE
=========================================================================================================
Parameters: c = 13, L = 2.56494935746154, T = 400, dps = 70, V_* = 1.0

--- DIMENSION N =  8 (Elapsed: 0.45s) ---
  [Test A] Outer Stieltjes Factor Pi_j Across Bound Modes:
     j |        alpha_j |         zeta_j |           Pi_j |       Pi_zeros |       Pi_evals
    -------------------------------------------------------------------------------------
     0 |        95392.4 |       373660.0 |       0.255292 |       0.255278 |        1.00005
     1 |        16713.5 |        54242.6 |       0.308125 |        5729.17 |     5.37817e-5
     2 |        7013.55 |        20724.0 |       0.338426 |     2.88168e+7 |      1.1744e-8
     3 |        1190.16 |        3762.38 |       0.316333 |      2.2471e+9 |    1.40774e-10
  [Test B] Pairwise Cancellation Factors omega_{2, l} for Mode j = 2:
     l | l - j |     omega_{2, l} |    |omega - 1|
    ---------------------------------------------
     0 |    -2 |              1.0 |      1.439e-10
     1 |    -1 |        1.0000184 |       1.843e-5
     4 |     2 |        1.0001639 |      0.0001639
     5 |     3 |        1.0000012 |        1.18e-6
    ... |   ... |              ... |            ...
     7 |     5 |              1.0 |      4.897e-10
  [Test C] Polynomial Ratio Identity for Mode j = 2:
    |P_zero(E_3) / P_zero(E_2)|          = 5.9720074e+11
    |P_even'(E_2) / P_even'(E_3)|        = 1.1744035e-8
    alpha_2 (via Polynomials)           = 7013.5465
    alpha_2 (Direct Eigenvalues)         = 7013.5465
    Polynomial Identity Relative Error   = 4.405e-52
    Pi_2 (via Polynomials)              = 0.33842565
    Pi_2 (Direct Outer Product)          = 0.33842565
    Pi_2 Identity Relative Error         = 1.811e-71
  [Test D] Master Asymmetry Balance for Mode j = 2:
    zeta_2 = 20724.039,  R_2 / L_2 = 77.876581,  zeta / (R/L) = 266.11388
    Pi_2   = 0.33842565,  (L_2 / R_2)^2 = 0.00016488694
    Asymmetry H_3 / H_2: Predicted = 1.1564422, Actual = 1.1564422, Residual = 5.094e-52

--- DIMENSION N = 12 (Elapsed: 1.01s) ---
  [Test A] Outer Stieltjes Factor Pi_j Across Bound Modes:
     j |        alpha_j |         zeta_j |           Pi_j |       Pi_zeros |       Pi_evals
    -------------------------------------------------------------------------------------
     0 |       158175.0 |       633511.0 |        0.24968 |       0.249676 |        1.00002
     1 |        59873.4 |       195111.0 |       0.306868 |        19923.0 |     1.54027e-5
     2 |        12021.6 |        42140.5 |       0.285275 |      9.9279e+7 |     2.87347e-9
     3 |        2848.58 |        9197.74 |       0.309704 |    1.53269e+10 |    2.02066e-11
  [Test B] Pairwise Cancellation Factors omega_{2, l} for Mode j = 2:
     l | l - j |     omega_{2, l} |    |omega - 1|
    ---------------------------------------------
     0 |    -2 |              1.0 |      2.431e-11
     1 |    -1 |        1.0000051 |       5.125e-6
     4 |     2 |        1.0000843 |       8.433e-5
     5 |     3 |              1.0 |       4.461e-8
    ... |   ... |              ... |            ...
    11 |     9 |              1.0 |      1.215e-16
  [Test C] Polynomial Ratio Identity for Mode j = 2:
    |P_zero(E_3) / P_zero(E_2)|          = 4.1836691e+12
    |P_even'(E_2) / P_even'(E_3)|        = 2.8734659e-9
    alpha_2 (via Polynomials)           = 12021.631
    alpha_2 (Direct Eigenvalues)         = 12021.631
    Polynomial Identity Relative Error   = 3.753e-52
    Pi_2 (via Polynomials)              = 0.28527484
    Pi_2 (Direct Outer Product)          = 0.28527484
    Pi_2 Identity Relative Error         = 1.811e-71
  [Test D] Master Asymmetry Balance for Mode j = 2:
    zeta_2 = 42140.522,  R_2 / L_2 = 97.793577,  zeta / (R/L) = 430.91298
    Pi_2   = 0.28527484,  (L_2 / R_2)^2 = 0.00010456331
    Asymmetry H_3 / H_2: Predicted = 1.2570215, Actual = 1.2570215, Residual = 4.718e-52

--- DIMENSION N = 16 (Elapsed: 1.90s) ---
  [Test A] Outer Stieltjes Factor Pi_j Across Bound Modes:
     j |        alpha_j |         zeta_j |           Pi_j |       Pi_zeros |       Pi_evals
    -------------------------------------------------------------------------------------
     0 |       417661.0 |     1.71176e+6 |       0.243995 |       0.243992 |        1.00001
     1 |        69450.6 |       258403.0 |       0.268768 |        22414.3 |     1.19909e-5
     2 |        33998.6 |       109364.0 |       0.310876 |     5.02263e+8 |     6.1895e-10
     3 |        4538.86 |        15540.7 |       0.292063 |     1.0066e+11 |    2.90147e-12
  [Test B] Pairwise Cancellation Factors omega_{2, l} for Mode j = 2:
     l | l - j |     omega_{2, l} |    |omega - 1|
    ---------------------------------------------
     0 |    -2 |              1.0 |      7.005e-12
     1 |    -1 |        1.0000039 |        3.87e-6
     4 |     2 |        1.0000417 |       4.165e-5
     5 |     3 |              1.0 |       7.284e-9
    ... |   ... |              ... |            ...
    15 |    13 |              1.0 |      3.893e-21
  [Test C] Polynomial Ratio Identity for Mode j = 2:
    |P_zero(E_3) / P_zero(E_2)|          = 5.4929425e+13
    |P_even'(E_2) / P_even'(E_3)|        = 6.1895021e-10
    alpha_2 (via Polynomials)           = 33998.579
    alpha_2 (Direct Eigenvalues)         = 33998.579
    Polynomial Identity Relative Error   = 4.073e-51
    Pi_2 (via Polynomials)              = 0.31087597
    Pi_2 (Direct Outer Product)          = 0.31087597
    Pi_2 Identity Relative Error         = 0.0
  [Test D] Master Asymmetry Balance for Mode j = 2:
    zeta_2 = 109363.81,  R_2 / L_2 = 156.98554,  zeta / (R/L) = 696.64892
    Pi_2   = 0.31087597,  (L_2 / R_2)^2 = 4.0577072e-5
    Asymmetry H_3 / H_2: Predicted = 1.3795628, Actual = 1.3795628, Residual = 5.619e-51

--- DIMENSION N = 20 (Elapsed: 3.31s) ---
  [Test A] Outer Stieltjes Factor Pi_j Across Bound Modes:
     j |        alpha_j |         zeta_j |           Pi_j |       Pi_zeros |       Pi_evals
    -------------------------------------------------------------------------------------
     0 |     1.03371e+6 |     4.96829e+6 |       0.208062 |       0.208061 |        1.00001
     1 |       150150.0 |       654698.0 |       0.229342 |        39447.5 |     5.81385e-6
     2 |        37458.3 |       149312.0 |       0.250873 |     4.95296e+8 |     5.0651e-10
     3 |        11017.9 |        34387.6 |       0.320404 |    4.89384e+11 |    6.54709e-13
  [Test B] Pairwise Cancellation Factors omega_{2, l} for Mode j = 2:
     l | l - j |     omega_{2, l} |    |omega - 1|
    ---------------------------------------------
     0 |    -2 |              1.0 |       1.17e-12
     1 |    -1 |        1.0000015 |       1.527e-6
     4 |     2 |        1.0000278 |       2.782e-5
     5 |     3 |              1.0 |       1.762e-9
    ... |   ... |              ... |            ...
    19 |    17 |              1.0 |      1.954e-25
  [Test C] Polynomial Ratio Identity for Mode j = 2:
    |P_zero(E_3) / P_zero(E_2)|          = 7.3953806e+13
    |P_even'(E_2) / P_even'(E_3)|        = 5.065099e-10
    alpha_2 (via Polynomials)           = 37458.334
    alpha_2 (Direct Eigenvalues)         = 37458.334
    Polynomial Identity Relative Error   = 4.092e-51
    Pi_2 (via Polynomials)              = 0.25087257
    Pi_2 (Direct Outer Product)          = 0.25087257
    Pi_2 Identity Relative Error         = 1.811e-71
  [Test D] Master Asymmetry Balance for Mode j = 2:
    zeta_2 = 149312.2,  R_2 / L_2 = 159.111,  zeta / (R/L) = 938.41532
    Pi_2   = 0.25087257,  (L_2 / R_2)^2 = 3.9500228e-5
    Asymmetry H_3 / H_2: Predicted = 1.4796127, Actual = 1.4796127, Residual = 6.054e-51

--- DIMENSION N = 24 (Elapsed: 5.24s) ---
  [Test A] Outer Stieltjes Factor Pi_j Across Bound Modes:
     j |        alpha_j |         zeta_j |           Pi_j |       Pi_zeros |       Pi_evals
    -------------------------------------------------------------------------------------
     0 |     2.00546e+6 |     1.29976e+7 |       0.154294 |       0.154294 |            1.0
     1 |       352039.0 |     1.90452e+6 |       0.184844 |        64226.8 |     2.87799e-6
     2 |        92102.7 |       386869.0 |       0.238072 |     1.83213e+9 |    1.29943e-10
     3 |        19431.4 |        67836.4 |       0.286445 |    2.72797e+12 |    1.05003e-13
  [Test B] Pairwise Cancellation Factors omega_{2, l} for Mode j = 2:
     l | l - j |     omega_{2, l} |    |omega - 1|
    ---------------------------------------------
     0 |    -2 |              1.0 |      2.214e-13
     1 |    -1 |        1.0000005 |       5.251e-7
     4 |     2 |        1.0000135 |       1.351e-5
     5 |     3 |              1.0 |      6.988e-10
    ... |   ... |              ... |            ...
    23 |    21 |              1.0 |      7.947e-29
  [Test C] Polynomial Ratio Identity for Mode j = 2:
    |P_zero(E_3) / P_zero(E_2)|          = 7.0879435e+14
    |P_even'(E_2) / P_even'(E_3)|        = 1.2994284e-10
    alpha_2 (via Polynomials)           = 92102.75
    alpha_2 (Direct Eigenvalues)         = 92102.75
    Polynomial Identity Relative Error   = 1.149e-51
    Pi_2 (via Polynomials)              = 0.23807204
    Pi_2 (Direct Outer Product)          = 0.23807204
    Pi_2 Identity Relative Error         = 2.717e-71
  [Test D] Master Asymmetry Balance for Mode j = 2:
    zeta_2 = 386869.24,  R_2 / L_2 = 245.51646,  zeta / (R/L) = 1575.7365
    Pi_2   = 0.23807204,  (L_2 / R_2)^2 = 1.658971e-5
    Asymmetry H_3 / H_2: Predicted = 1.5279579, Actual = 1.5279579, Residual = 1.755e-51

=========================================================================================================
SYNTHESIS TABLE 1: OUTER STIELTJES FACTOR Pi_j ACROSS MODES (TEST A)
=========================================================================================================
  N |             Pi_0 |             Pi_1 |             Pi_2 |             Pi_3
---------------------------------------------------------------------------------------------------------
  8 |         0.255292 |         0.308125 |         0.338426 |         0.316333
 12 |          0.24968 |         0.306868 |         0.285275 |         0.309704
 16 |         0.243995 |         0.268768 |         0.310876 |         0.292063
 20 |         0.208062 |         0.229342 |         0.250873 |         0.320404
 24 |         0.154294 |         0.184844 |         0.238072 |         0.286445

=========================================================================================================
SYNTHESIS TABLE 2: PAIRWISE LOCALIZATION FOR MODE j = 2 (TEST B)
=========================================================================================================
  N |     omega_{2, 0} (l=0) |     omega_{2, 1} (l=1) |    Max |omega - 1| (|dist|>=2)
---------------------------------------------------------------------------------------------------------
  8 |                    1.0 |              1.0000184 |                      0.0001639
 12 |                    1.0 |              1.0000051 |                       8.433e-5
 16 |                    1.0 |              1.0000039 |                       4.165e-5
 20 |                    1.0 |              1.0000015 |                       2.782e-5
 24 |                    1.0 |              1.0000005 |                       1.351e-5

=========================================================================================================
SYNTHESIS TABLE 3: CHARACTERISTIC-POLYNOMIAL RATIO IDENTITY FOR MODE j = 2 (TEST C)
=========================================================================================================
  N |   |P_zero(E3)/P_zero(E2)| | |P_even'(E2)/P_even'(E3)| |    RelErr(alpha) |       RelErr(Pi)
---------------------------------------------------------------------------------------------------------
  8 |             5.9720074e+11 |              1.1744035e-8 |        4.405e-52 |        1.811e-71
 12 |             4.1836691e+12 |              2.8734659e-9 |        3.753e-52 |        1.811e-71
 16 |             5.4929425e+13 |             6.1895021e-10 |        4.073e-51 |              0.0
 20 |             7.3953806e+13 |              5.065099e-10 |        4.092e-51 |        1.811e-71
 24 |             7.0879435e+14 |             1.2994284e-10 |        1.149e-51 |        2.717e-71

=========================================================================================================
SYNTHESIS TABLE 4: DECOMPOSITION OF THE MASTER ASYMMETRY BALANCE FOR MODE j = 2 (TEST D)
=========================================================================================================
  N |       zeta_2 |  R_2 / L_2 |   zeta/(R/L) |       Pi_2 |    (L_2/R_2)^2 |    H_3 / H_2 |     Residual
---------------------------------------------------------------------------------------------------------
  8 |      20724.0 |     77.877 |      266.114 |   0.338426 |    0.000164887 |      1.15644 |    5.094e-52
 12 |      42140.5 |     97.794 |      430.913 |   0.285275 |    0.000104563 |      1.25702 |    4.718e-52
 16 |     109364.0 |     156.99 |      696.649 |   0.310876 |     4.05771e-5 |      1.37956 |    5.619e-51
 20 |     149312.0 |     159.11 |      938.415 |   0.250873 |     3.95002e-5 |      1.47961 |    6.054e-51
 24 |     386869.0 |     245.52 |      1575.74 |   0.238072 |     1.65897e-5 |      1.52796 |    1.755e-51

================================================================================
CELL 77 EXECUTION COMPLETE
================================================================================
