================================================================================
CELL 138 — RELATIVE GEOMETRY OF RESTORING STIFFNESS AND STEP WELL
Parameters: c = 13, L = 2.56494935746, T = 600, dps = 50
Bound-State Cutoff: N_bound = 11 (continuum subspace dimension q = N - 10)
================================================================================
Loaded 9 prime powers up to c = 13.
Completed N = 24 in   4.29s | Delta_coup = +0.754632, Delta K = 0.2210, Delta W = 0.5337, cos2_th0 = 0.0000
Completed N = 28 in   6.83s | Delta_coup = +0.914556, Delta K = 0.3310, Delta W = 0.5836, cos2_th0 = 0.0000
Completed N = 32 in  10.44s | Delta_coup = +0.881375, Delta K = 0.3106, Delta W = 0.5708, cos2_th0 = 0.0000
Completed N = 40 in  20.80s | Delta_coup = +0.854601, Delta K = 0.2946, Delta W = 0.5600, cos2_th0 = 0.0000
Completed N = 48 in  37.10s | Delta_coup = +0.846505, Delta K = 0.2927, Delta W = 0.5538, cos2_th0 = 0.0000
Completed N = 64 in  91.50s | Delta_coup = +0.841990, Delta K = 0.2913, Delta W = 0.5507, cos2_th0 = 0.0000

--------------------------------------------------------------------------------
TABLE 1: EXACT ALGEBRAIC DECOMPOSITION OF THE COUPLING GAIN
Identity: Delta_{coupling} = mu_0 - mu_0^{split} === Delta K + Delta W (Unconditional)
--------------------------------------------------------------------------------
   N | mu_0^{split} |          mu_0 |  Delta_coup |    Delta K |    Delta W |  % Delta K |  % Delta W |  Closure Err
--------------------------------------------------------------------------------
  24 |    -0.762703 |   -0.00807113 |   +0.754632 |   0.220956 |   0.533676 |     29.28% |     70.72% |   1.3364e-51
  28 |    -1.199009 |   -0.28445278 |   +0.914556 |   0.330996 |   0.583561 |     36.19% |     63.81% |   1.3364e-51
  32 |    -1.268002 |   -0.38662701 |   +0.881375 |   0.310568 |   0.570807 |     35.24% |     64.76% |   1.0691e-50
  40 |    -1.312160 |   -0.45755948 |   +0.854601 |   0.294572 |   0.560029 |     34.47% |     65.53% |   2.6728e-51
  48 |    -1.324539 |   -0.47803442 |   +0.846505 |   0.292687 |   0.553818 |     34.58% |     65.42% |   1.3364e-51
  64 |    -1.328969 |   -0.48697922 |   +0.841990 |   0.291278 |   0.550712 |     34.59% |     65.41% |   6.6819e-51
--------------------------------------------------------------------------------

--------------------------------------------------------------------------------
TABLE 2: EXTREMAL EIGENVECTOR MISALIGNMENT & ANGULAR SEPARATION
Definition: cos^2(theta_0) = |<x_0, y_0>|^2, where K x_0 = omega_0 x_0, W y_0 = nu_0 y_0
--------------------------------------------------------------------------------
   N |  cos^2(theta_0) |  Angle theta_0 |  |<w_bad, x_0>|^2 |  |<w_bad, y_0>|^2 |   Alignment Status
--------------------------------------------------------------------------------
  24 |        0.000000 |       90.00 deg |            85.96% |             0.00% |    NEAR-ORTHOGONAL
  28 |        0.000000 |       90.00 deg |            62.24% |             0.00% |    NEAR-ORTHOGONAL
  32 |        0.000000 |       90.00 deg |            69.26% |             0.00% |    NEAR-ORTHOGONAL
  40 |        0.000000 |       90.00 deg |            73.36% |             0.00% |    NEAR-ORTHOGONAL
  48 |        0.000000 |       90.00 deg |            73.79% |             0.00% |    NEAR-ORTHOGONAL
  64 |        0.000000 |       90.00 deg |            73.75% |             0.00% |    NEAR-ORTHOGONAL
--------------------------------------------------------------------------------

--------------------------------------------------------------------------------
TABLE 3: MINIMIZER SPECTRAL MASS DISTRIBUTION IN K_rest AND W_perp BASES
Columns: Cumulative mass in lowest K-modes (x_0..x_{m-1}) vs highest W-modes (y_0..y_{m-1})
--------------------------------------------------------------------------------
   N |   K-Mode 1 |  K-Modes 1-2 |  K-Modes 1-4 |   W-Mode 1 |  W-Modes 1-2 |  W-Modes 1-4
--------------------------------------------------------------------------------
  24 |     85.96% |       87.04% |       93.17% |     58.34% |       58.37% |       61.60%
  28 |     62.24% |       88.86% |       90.37% |     45.99% |       57.51% |       66.33%
  32 |     69.26% |       88.77% |       90.22% |     38.53% |       58.41% |       58.50%
  40 |     73.36% |       88.94% |       89.20% |     33.05% |       52.37% |       58.36%
  48 |     73.79% |       77.79% |       89.22% |     29.07% |       45.58% |       58.88%
  64 |     73.75% |       74.38% |       89.38% |     21.06% |       31.46% |       49.29%
--------------------------------------------------------------------------------

--------------------------------------------------------------------------------
TABLE 4: LOW-DIMENSIONAL COUPLED SUBSPACE REDUCTION (EFFECTIVE MODELS)
Models: V_{1,1} = span{x_0, y_0} (d<=2) vs V_{2,2} = span{x_0, x_1, y_0, y_1} (d<=4)
--------------------------------------------------------------------------------
   N |  V_{1,1} Cap |    mu_0(1,1) |   Err(1,1) |  V_{2,2} Cap |    mu_0(2,2) |   Err(2,2) |   Model Quality
--------------------------------------------------------------------------------
  24 |       96.70% |    +0.061116 |   0.069187 |       96.99% |    +0.057835 |   0.065906 |    SUB-CRITICAL
  28 |       81.33% |    +0.010924 |   0.295376 |       97.58% |    -0.222362 |   0.062091 |    SUB-CRITICAL
  32 |       83.32% |    -0.088364 |   0.298263 |       97.40% |    -0.318576 |   0.068051 |    SUB-CRITICAL
  40 |       84.19% |    -0.153904 |   0.303655 |       96.07% |    -0.354066 |   0.103494 |       FALSIFIED
  48 |       83.29% |    -0.157323 |   0.320711 |       88.86% |    -0.248347 |   0.229688 |       FALSIFIED
  64 |       81.01% |    -0.136009 |   0.350971 |       83.70% |    -0.176728 |   0.310251 |       FALSIFIED
--------------------------------------------------------------------------------

--------------------------------------------------------------------------------
TABLE 5: OPERATOR COMMUTATOR NORM & JOINT VARIANCE DIAGNOSTICS
Commutator: C = [K_rest, W_perp], ||C||_op = sqrt(lambda_max(-C^2)); Var(K) = Var(W) = sigma^2 on v_bad
--------------------------------------------------------------------------------
   N |  ||[K, W]||_op |  Std(K) on v_bad |  Std(W) on v_bad |  Variance sigma^2
--------------------------------------------------------------------------------
  24 |       1.793025 |         0.650032 |         0.650032 |          0.422541
  28 |       2.232241 |         0.696441 |         0.696441 |          0.485030
  32 |       2.444361 |         0.709715 |         0.709715 |          0.503696
  40 |       2.524613 |         0.708392 |         0.708392 |          0.501820
  48 |       2.564443 |         0.707260 |         0.707260 |          0.500217
  64 |       2.734524 |         0.706048 |         0.706048 |          0.498504
--------------------------------------------------------------------------------

SYNTHESIS AT MAXIMAL RESOLUTION N = 64:
  Coupled Competition Ground State:     mu_0 = -0.48697922
  Decoupled Split Weyl Lower Bound:     mu_0^{split} = -1.328969
  Coupling Gain over Weyl Bound:        Delta_{coupling} = +0.841990 (> 0)
  Exact Decomposition of Gain:          Delta K = 0.291278 (34.59%)
                                        Delta W = 0.550712 (65.41%)
  Extremal Eigenvector Overlap:         |<x_0, y_0>|^2 = 0.000000 (Principal angle: 90.00 deg)
  V_{2,2} 4-Dimensional Capture Mass: 83.70% (Err in mu_0: 0.310251 -> Falsified as asymptotic model)
  Operator Commutator Norm:             ||[K_rest, W_perp]||_op = 2.734524

EPISTEMIC ASSESSMENT:
  1. The exact algebraic identity Delta_{coupling} === Delta K + Delta W decomposes the
     +0.8420 coupling gain into restoring excess (~35%) and forfeited well harvest (~65%).
  2. The extremal restoring direction and extremal well-harvesting direction are nearly orthogonal,
     demonstrating strong incompatibility of the two individual variational optima.
     The quantitative coupling mechanism involves the full cross-geometry of their low/high spectral sectors.
  3. The 4-mode coupled subspace V_{2,2} fails asymptotically (capture drops to 83.70%,
     error rises to 0.3103), proving coupling is a collective spectral geometry.

Total execution time: 170.97s
================================================================================
CELL 138 EXECUTION COMPLETE
================================================================================
