
======================================================================
CELL 15 — CELL-5 DISCREPANCY CLOSURE AUDIT
======================================================================

Parameters:
c = 13
N = 8
T = 40
dps = 80
L = 2.56494935746153673605348744156531860480526794476020711641905

----------------------------------------------------------------------
1. GROUND STATE
----------------------------------------------------------------------

lambda_min =
2.933742224132274040817830229558828141397717307766426132074101726120236e-23

full dimension = 17

||u_star||^2 =
1.0

| ||u_star||^2 - 1 | =
2.10843958864610464486971481025e-81

----------------------------------------------------------------------
2. FULL / CANONICAL REPRESENTATION
----------------------------------------------------------------------

canonical dimension = 9

||v_star||^2 =
1.0

| ||v_star||^2 - 1 | =
2.10843958864610464486971481025e-81

max full -> canonical -> full error =
5.271098971615261612174287025635009503855e-82

----------------------------------------------------------------------
3. CANONICAL MATRIX
----------------------------------------------------------------------

v_star^T Q_can v_star =
2.933742224132274040817830229558828141397717307766426132074101067927969e-23

ground-state lambda_min =
2.933742224132274040817830229558828141397717307766426132074101726120236e-23

|canonical quadratic form - lambda_min| =
6.581922676311720580975591736047272339715e-84

----------------------------------------------------------------------
4. FULL-SPACE QUADRATIC FORM
----------------------------------------------------------------------

u_star^T Q_full u_star =
2.933742224132274040817830229558828141397717307766426132074099181042854e-23

|full quadratic form - lambda_min| =
2.545077382200568960120244824907037156552e-83

|full - canonical| =
1.88688511456939690202268565130230992258e-83

----------------------------------------------------------------------
5. DELIBERATELY REPRODUCE THE HISTORICAL MISTAKE
----------------------------------------------------------------------

The historical mistake is to interpret the first N+1 entries of the full vector as canonical coefficients.

wrong coefficient vector norm^2 =
0.6743238851761032014858591069349176877028153087093381908239786091882398

correct canonical norm^2 =
1.0

|wrong norm^2 - correct norm^2| =
0.3256761148238967985141408930650823122972

----------------------------------------------------------------------
6. WRONG CANONICAL QUADRATIC FORM
----------------------------------------------------------------------

Q_can(v_wrong) =
0.3193768770655504762073249071036173576079342872838348600596388370125301

Q_can(v_star) =
2.933742224132274040817830229558828141397717307766426132074101067927969e-23

|wrong - correct| =
0.3193768770655504762072955696813760348675

----------------------------------------------------------------------
7. BASIS-BY-BASIS EMBEDDING CHECK
----------------------------------------------------------------------
k =  0   max embedding error = 0.0
k =  1   max embedding error = 0.0
k =  2   max embedding error = 0.0
k =  3   max embedding error = 0.0
k =  4   max embedding error = 0.0
k =  5   max embedding error = 0.0
k =  6   max embedding error = 0.0
k =  7   max embedding error = 0.0
k =  8   max embedding error = 0.0

maximum embedding error =
0.0

----------------------------------------------------------------------
8. RAYLEIGH QUOTIENT CHECK
----------------------------------------------------------------------

full Rayleigh quotient =
2.933742224132274040817830229558828141397717307766426132074099181042854e-23

canonical Rayleigh quotient =
2.933742224132274040817830229558828141397717307766426132074101067927969e-23

wrong-coordinate Rayleigh quotient =
0.4736253365578820304350696056418938687657173244104560691090349586439322

|full - canonical| =
1.88688511456939690202268565130230992258e-83

----------------------------------------------------------------------
9. CONVENTION DIAGNOSTIC
----------------------------------------------------------------------

correct representation reconstruction error =
5.271098971615261612174287025635009503855e-82

wrong representation reconstruction error =
0.5904646276905790243948077630978935645329

======================================================================
CELL 15 SUMMARY
======================================================================

Ground-state normalization error:
2.1084395886461046449e-81

Canonical normalization error:
2.1084395886461046449e-81

Full/canonical round-trip error:
5.2710989716152616122e-82

Full-vs-canonical quadratic-form difference:
1.886885114569396902e-83

Wrong-coordinate norm^2:
0.674323885176103201485859106935

Correct-coordinate norm^2:
1.0

Wrong-coordinate Rayleigh quotient:
0.473625336557882030435069605642

Correct-coordinate Rayleigh quotient:
2.93374222413227404081783022956e-23

======================================================================
END CELL 15
======================================================================
