======================================================================
CELL 7 — SYMBOLIC / ANALYTIC ARCHIMEDEAN DICTIONARY AUDIT
======================================================================

Parameters:
c = 13
N = 4
T = 20
dps = 80
L = 2.56494935746153673605348744156531860480526794476020711641905
2*pi/L = 2.44963327985465201074267116853344988881041290891894830654387

----------------------------------------------------------------------
1. ARCHIMEDEAN h_+(tau)
----------------------------------------------------------------------

We compare the repository h_+(tau) with
Re d/ds log[pi^(-s/2) Gamma(s/2)]
at s = 1/2 + i*tau.

IMPORTANT: this also exposes any factor-of-two convention.

tau = 0
  repository h_+       = -5.3721834192256655822329574974497422890145392516236
  completed-factor Re  = -2.6860917096128327911164787487248711445072696258118
  difference            = -2.68609170961283279111647874872

tau = 0.5
  repository h_+       = -3.3320045946808966090516795774159164750303919849642
  completed-factor Re  = -1.6660022973404483045258397887079582375151959924821
  difference            = -1.66600229734044830452583978871

tau = 1
  repository h_+       = -2.0251461931034672002965428730090191110063738057135
  completed-factor Re  = -1.0125730965517336001482714365045095555031869028568
  difference            = -1.0125730965517336001482714365

tau = 2
  repository h_+       = -1.1615570909675799129537892585226355399855089557156
  completed-factor Re  = -0.58077854548378995647689462926131776999275447785779
  difference            = -0.580778545483789956476894629261

tau = 5
  repository h_+       = -0.23011821824559773726300309696606590946312765980164
  completed-factor Re  = -0.11505910912279886863150154848303295473156382990082
  difference            = -0.115059109122798868631501548483

tau = 10
  repository h_+       = 0.4642906268649302812788609937390527846871508807225
  completed-factor Re  = 0.23214531343246514063943049686952639234357544036125
  difference            = 0.23214531343246514063943049687

----------------------------------------------------------------------
2. FOURIER MODE INTEGRAL
----------------------------------------------------------------------

k= 0, tau=0.3  |direct-analytic| = 1.0338158600755366234e-81
k= 0, tau=1.0  |direct-analytic| = 5.5335890899485541349e-82
k= 0, tau=2.0  |direct-analytic| = 2.4619952068239147251e-82
k= 0, tau=2.44963327985  |direct-analytic| = 1.6161235337992864962e-81
k= 1, tau=0.3  |direct-analytic| = 0.69838960512051269324
k= 1, tau=1.0  |direct-analytic| = 2.6454206521320306236
k= 1, tau=2.0  |direct-analytic| = 4.8502913076990769257
k= 1, tau=2.44963327985  |direct-analytic| = 5.1298987149230734721
k=-1, tau=0.3  |direct-analytic| = 0.54599336881424493434
k=-1, tau=1.0  |direct-analytic| = 1.1116804325087472744
k=-1, tau=2.0  |direct-analytic| = 0.49011957879874608846
k=-1, tau=2.44963327985  |direct-analytic| = 3.5024536740666416864e-29
k= 2, tau=0.3  |direct-analytic| = 6.7433525323277553553e-83
k= 2, tau=1.0  |direct-analytic| = 5.4587939163605730466e-82
k= 2, tau=2.0  |direct-analytic| = 5.5379510430314412105e-82
k= 2, tau=2.44963327985  |direct-analytic| = 1.6142765554676802688e-81

Maximum Fourier-mode error = 5.12989871492307347210697488313

----------------------------------------------------------------------
3. CANONICAL BASIS RESPONSE
----------------------------------------------------------------------

k= 0, tau=0.3
  repository F = 1.56232540886398363179923956223899012042087123
  direct F     = 1.56232540886398363179923956223899012042087123
  |error|      = 4.2168791772922092897e-81

k= 0, tau=1.0
  repository F = 1.19724628280042268308981326809814482121915358
  direct F     = 1.19724628280042268308981326809814482121915358
  |error|      = 0.0

k= 0, tau=2.0
  repository F = 0.340429261450913984589327883104242297541816634
  direct F     = 0.340429261450913984589327883104242297541816634
  |error|      = 0.0

k= 0, tau=3.0
  repository F = -0.270016940096592878830071321163917336579761338
  direct F     = -0.270016940096592878830071321163917336579761338
  |error|      = 5.2710989716152616122e-82

k= 0, tau=5.0
  repository F = 0.0321761706026849969490524129319541615045401898
  direct F     = 0.0321761706026849969490524129319541615045401898
  |error|      = 4.6122116001633539107e-82

k= 1, tau=0.3
  repository F = -0.0336426231299909018846675673649814187361364258
  direct F     = 0.0336426231299909018846675673649814187361364258
  |error|      = 0.067285246259981803769

k= 1, tau=1.0
  repository F = -0.33858476717494518895469825870336440939866551
  direct F     = 0.33858476717494518895469825870336440939866551
  |error|      = 0.67716953434989037791

k= 1, tau=2.0
  repository F = -0.962540924978222155056485266345385888003055405
  direct F     = 0.962540924978222155056485266345385888003055405
  |error|      = 1.9250818499564443101

k= 1, tau=3.0
  repository F = -1.14585344651753510099960324361835163035850379
  direct F     = 1.14585344651753510099960324361835163035850379
  |error|      = 2.291706893035070202

k= 1, tau=5.0
  repository F = 0.0598758698076794786948565101715775259078859059
  direct F     = -0.0598758698076794786948565101715775259078859059
  |error|      = 0.11975173961535895739

k= 2, tau=0.3
  repository F = -0.00831569091667139983566637448481726461285609584
  direct F     = -0.00831569091667139983566637448481726461285609584
  |error|      = 6.5888737145190770152e-83

k= 2, tau=1.0
  repository F = -0.0736067342572060800441419195262468017104866113
  direct F     = -0.0736067342572060800441419195262468017104866113
  |error|      = 1.317774742903815403e-82

k= 2, tau=2.0
  repository F = -0.0962743955723857030633557579548867504355215232
  direct F     = -0.0962743955723857030633557579548867504355215232
  |error|      = 2.6355494858076308061e-82

k= 2, tau=3.0
  repository F = 0.229074014941211629216292084598637561740433996
  direct F     = 0.229074014941211629216292084598637561740433996
  |error|      = 1.8448846400653415643e-81

k= 2, tau=5.0
  repository F = 1.14080831324871367420651990741742705408802121
  direct F     = 1.14080831324871367420651990741742705408802121
  |error|      = 7.379538560261366257e-80

k= 3, tau=0.3
  repository F = -0.00368815096686301370268968870538514696442363219
  direct F     = 0.00368815096686301370268968870538514696442363219
  |error|      = 0.0073763019337260274054

k= 3, tau=1.0
  repository F = -0.0319426371776558674702703237748100632725575761
  direct F     = 0.0319426371776558674702703237748100632725575761
  |error|      = 0.063885274355311734941

k= 3, tau=2.0
  repository F = -0.038510299766092996259769519918259714283581559
  direct F     = 0.038510299766092996259769519918259714283581559
  |error|      = 0.07702059953218599252

k= 3, tau=3.0
  repository F = 0.0763615841696758577970060899943114737224259777
  direct F     = -0.0763615841696758577970060899943114737224259777
  |error|      = 0.15272316833935171559

k= 3, tau=5.0
  repository F = -0.0392190072413276864875311915507871644223402658
  direct F     = 0.0392190072413276864875311915507871644223402658
  |error|      = 0.078438014482655372975

k= 4, tau=0.3
  repository F = -0.00207307095879045367904271134523003532251211936
  direct F     = -0.00207307095879045367904271134523003532251211936
  |error|      = 2.4708276429446538807e-83

k= 4, tau=1.0
  repository F = -0.0178206465824493153936426035703982835820790571
  direct F     = -0.0178206465824493153936426035703982835820790571
  |error|      = 9.8833105717786155228e-83

k= 4, tau=2.0
  repository F = -0.020929600317808152314881230449713063635844427
  direct F     = -0.020929600317808152314881230449713063635844427
  |error|      = 1.317774742903815403e-82

k= 4, tau=3.0
  repository F = 0.039497818014923636295110038738096633254831899
  direct F     = 0.039497818014923636295110038738096633254831899
  |error|      = 2.6355494858076308061e-82

k= 4, tau=5.0
  repository F = -0.0160199883903658162499667399799181935885882457
  direct F     = -0.0160199883903658162499667399799181935885882457
  |error|      = 1.9766621143557231046e-82

Maximum |F_repository - F_direct| = 2.29170689303507020199920648724

----------------------------------------------------------------------
4. SOURCE KERNEL S_x(tau)
----------------------------------------------------------------------

k= 0, tau=0.5  |S_repo-S_direct| = 0.0
k= 0, tau=1.0  |S_repo-S_direct| = 0.0
k= 0, tau=2.0  |S_repo-S_direct| = 0.0
k= 0, tau=4.0  |S_repo-S_direct| = 0.0
k= 1, tau=0.5  |S_repo-S_direct| = 6.5888737145190770152e-83
k= 1, tau=1.0  |S_repo-S_direct| = 2.6355494858076308061e-82
k= 1, tau=2.0  |S_repo-S_direct| = 1.0542197943230523224e-80
k= 1, tau=4.0  |S_repo-S_direct| = 0.0
k= 2, tau=0.5  |S_repo-S_direct| = 1.0295115178936057836e-84
k= 2, tau=1.0  |S_repo-S_direct| = 2.4708276429446538807e-83
k= 2, tau=2.0  |S_repo-S_direct| = 4.9416552858893077614e-83
k= 2, tau=4.0  |S_repo-S_direct| = 9.4879781489074709019e-81
k= 3, tau=0.5  |S_repo-S_direct| = 1.2868893973670072295e-84
k= 3, tau=1.0  |S_repo-S_direct| = 1.6472184286297692538e-83
k= 3, tau=2.0  |S_repo-S_direct| = 6.1770691073616347018e-84
k= 3, tau=4.0  |S_repo-S_direct| = 6.5888737145190770152e-83
k= 4, tau=0.5  |S_repo-S_direct| = 6.4344469868350361477e-85
k= 4, tau=1.0  |S_repo-S_direct| = 3.6032903126276202427e-84
k= 4, tau=2.0  |S_repo-S_direct| = 5.66231334841483181e-84
k= 4, tau=4.0  |S_repo-S_direct| = 5.7652645002041923883e-83

Maximum |S_repository - S_direct| = 1.05421979432305232243485740513e-80

----------------------------------------------------------------------
5. ARCHIMEDEAN RAW INTEGRAL
----------------------------------------------------------------------

k = 0
  integral h_+ S = -18.297131414079990106799493131656033148606731792811
  /(2*pi^2)      = -0.926943506066993035292580359581536603835517006079
  /(pi^2)        = -1.853887012133986070585160719163073207671034012158
  /(4*pi^2)      = -0.4634717530334965176462901797907683019177585030395

k = 1
  integral h_+ S = -4.7875733546207347263540353659526361657523908283971
  /(2*pi^2)      = -0.24254129953234527901727646266847590342465507441905
  /(pi^2)        = -0.4850825990646905580345529253369518068493101488381
  /(4*pi^2)      = -0.12127064976617263950863823133423795171232753720952

k = 2
  integral h_+ S = -1.1409291120834237204606771074316872956486031132964
  /(2*pi^2)      = -0.057800144044146974639223834993588187946817604346417
  /(pi^2)        = -0.11560028808829394927844766998717637589363520869283
  /(4*pi^2)      = -0.028900072022073487319611917496794093973408802173208

k = 3
  integral h_+ S = 1.1386311163150693551302504542513143528990852744628
  /(2*pi^2)      = 0.057683726218519600769661223549814490383453601194288
  /(pi^2)        = 0.11536745243703920153932244709962898076690720238858
  /(4*pi^2)      = 0.028841863109259800384830611774907245191726800597144

k = 4
  integral h_+ S = 2.7935973730549914658407040964474684994216240551047
  /(2*pi^2)      = 0.14152529622902858514675170478644948926323338944661
  /(pi^2)        = 0.28305059245805717029350340957289897852646677889322
  /(4*pi^2)      = 0.070762648114514292573375852393224744631616694723304

----------------------------------------------------------------------
6. h_+ NORMALISATION DIAGNOSTIC
----------------------------------------------------------------------

tau = 0.0
  h_repository = -5.37218341922566558223295749744974228901453925
  h_completed  = -2.68609170961283279111647874872487114450726963
  ratio        = 2.0

tau = 0.5
  h_repository = -3.33200459468089660905167957741591647503039198
  h_completed  = -1.66600229734044830452583978870795823751519599
  ratio        = 2.0

tau = 1.0
  h_repository = -2.02514619310346720029654287300901911100637381
  h_completed  = -1.0125730965517336001482714365045095555031869
  ratio        = 2.0

tau = 2.0
  h_repository = -1.16155709096757991295378925852263553998550896
  h_completed  = -0.580778545483789956476894629261317769992754478
  ratio        = 2.0

tau = 5.0
  h_repository = -0.23011821824559773726300309696606590946312766
  h_completed  = -0.11505910912279886863150154848303295473156383
  ratio        = 2.0

======================================================================
CELL 7 SUMMARY
======================================================================

Maximum Fourier-mode error:
5.12989871492307347210697488313

Maximum canonical F_basis error:
2.29170689303507020199920648724

Maximum S-kernel error:
1.05421979432305232243485740513e-80

The key diagnostic is the relationship between the repository
h_+(tau) and the logarithmic derivative of
pi^(-s/2) Gamma(s/2) at s=1/2+i*tau.

END CELL 7
======================================================================
