============================================================
GROUND STATE
============================================================
lambda = 4.430433324736626887628510153465703100875e-23

Canonical ground-state norm =
1.0

First few zeta zeros:
1 14.13472514173469379045725198356247
2 21.022039638771554992628479593896903
3 25.010857580145688763213790992562822
4 30.424876125859513210311897530584091
5 32.935061587739189690662368964074903

============================================================
GROUND-STATE FUNCTIONAL CHECKS
============================================================
F(gamma1) = 9.56325501597313457497697002936e-21
F(gamma2) = -5.59238139536278115347203667244e-17
F(gamma3) = 1.65582090582311345303456126236e-14
P(v)       = 13.3496194837699894731545469142
F'(gamma1) = -0.000378385480943448224350245226504

============================================================
CONSTRAINED DERIVATIVE BOUND
============================================================

m    constraints       D_m                         det(G_m)
------------------------------------------------------------
0   1                 0.857549330939572397380572758475578.13896149645026325
1   2                 0.857264591340603080317533531464713.93142305330736292
2   3                 0.848726327096095877763669591987350.68603719959086536
3   4                 0.6049924270545042290298680477842.0259493113137547691
4   5                 0.5636015718946106159871388842980.00015701432614178218552
5   6                 0.2021166252129722978613522007157.159794379340831988e-12
6   7                 0.04315629830879567094786411558472.1269424677062812811e-22
7   8                 0.005112094776114513369417405361263.0298744086590382741e-37

============================================================
INCREMENTAL CONSTRAINT GEOMETRY
============================================================

Adding F(gamma_1) = 0
||new constraint_perp|| = 1.111250910281089508791167811151914892684
||d_perp(previous)||    = 0.8575493309395723973805727584750034095303
cos(theta)              = 0.02576756157317153103687778103297346399605
|cos(theta)|^2          = 0.0006639672294271861074378869357821229202635
D_previous              = 0.8575493309395723973805727584750034095303
D_new                   = 0.857264591340603080317533531463603933215
D_new / D_previous     = 0.9996679612604241173758800659178131444634

Adding F(gamma_2) = 0
||new constraint_perp|| = 0.7008595387838708567493146053583086657005
||d_perp(previous)||    = 0.857264591340603080317533531463603933215
cos(theta)              = 0.1407856101114408405579617733720465300335
|cos(theta)|^2          = 0.01982058801445063344614983818599571309455
D_previous              = 0.857264591340603080317533531463603933215
D_new                   = 0.8487263270960958777636695919870446576537
D_new / D_previous     = 0.990040106251029290368381529581767811298

Adding F(gamma_3) = 0
||new constraint_perp|| = 0.0760072553649671483322701742023889420011
||d_perp(previous)||    = 0.8487263270960958777636695919870446576537
cos(theta)              = 0.7013430400337137482769795681499878877726
|cos(theta)|^2          = 0.4918820598037314054138798415112829051475
D_previous              = 0.8487263270960958777636695919870446576537
D_new                   = 0.604992427054504229029868047783649191987
D_new / D_previous     = 0.7128239194894266415228006125987118553083

Adding F(gamma_4) = 0
||new constraint_perp|| = 0.00880349966858658825546684222353524370671
||d_perp(previous)||    = 0.604992427054504229029868047783649191987
cos(theta)              = 0.363524835909159483555684282009538889329
|cos(theta)|^2          = 0.1321503063227813283231016503984607447336
D_previous              = 0.604992427054504229029868047783649191987
D_new                   = 0.563601571894610615987138884297845764489
D_new / D_previous     = 0.9315845069972013396079860509646439555888

Adding F(gamma_5) = 0
||new constraint_perp|| = 0.0002135406868054216389983178900036955206904
||d_perp(previous)||    = 0.563601571894610615987138884297845764489
cos(theta)              = 0.933485113842620618250435594374026443065
|cos(theta)|^2          = 0.8713944577657703757972849725276667916031
D_previous              = 0.563601571894610615987138884297845764489
D_new                   = 0.2021166252129722978613522007148563276557
D_new / D_previous     = 0.3586161488754091567515998132741448043436

Adding F(gamma_6) = 0
||new constraint_perp|| = 0.000005450390215809337016761901886044387529383
||d_perp(previous)||    = 0.2021166252129722978613522007148563276557
cos(theta)              = -0.976938307358094335328281924143392903105
|cos(theta)|^2          = 0.9544084563836983965320356173769013957355
D_previous              = 0.2021166252129722978613522007148563276557
D_new                   = 0.04315629830879567094786411558470327797729
D_new / D_previous     = 0.213521763800090419419728431560069241612

Adding F(gamma_7) = 0
||new constraint_perp|| = 0.00000003774282836397579880788439474313268738698
||d_perp(previous)||    = 0.04315629830879567094786411558470327797729
cos(theta)              = -0.9929593788802457687462107612154768746
|cos(theta)|^2          = 0.9859683281062434668175711680224604365012
D_previous              = 0.04315629830879567094786411558470327797729
D_new                   = 0.005112094776114513369417405361256711411135
D_new / D_previous     = 0.1184553582315149354781810149443524753181

============================================================
MAXIMISING VECTOR FOR m = 2
============================================================
D_m =
0.848726327096095877763669591987044657653672658277128165086134

||v_star|| =
1.0

Constraint residuals:
P(v) = -4.624319880282757605677146373765092148385e-81
F(gamma1) = -2.654032815402713412144660160188641914677e-82
F(gamma2) = 2.394188580252569068784011026392210170084e-82

Derivative:
F'(gamma1) = 0.84872632709609587776366959198704465765367265827713

============================================================
LOCAL F(tau) FOR v_star
============================================================

Around gamma_1 = 14.1347251417346937904572519836
-0.01 -0.00848731473743568943847370113108
0 -3.29443685725953850760892939102e-83
0.01 0.00848693068976908100819190445387

Around gamma_2 = 21.0220396387715549926284795939
-0.01 -0.00102328972300321494126818158627
0 5.27109897161526161217428702564e-82
0.01 0.00100111893174288552546737729835

============================================================
CELL_4 — PRIME FUNCTIONAL AUDIT
============================================================

Parameters:
N = 8
c = 13
L = 2.5649493574615367360534874415653186048052679447602

Full-space dimension:
u_star = 17 x 1

||u_star|| =
1.0

------------------------------------------------------------
1. PRIME POWERS
------------------------------------------------------------
q = 2.0  Lambda(q) = 0.693147180559945309417232121458
q = 4.0  Lambda(q) = 0.693147180559945309417232121458
q = 8.0  Lambda(q) = 0.693147180559945309417232121458
q = 3.0  Lambda(q) = 1.09861228866810969139524523692
q = 9.0  Lambda(q) = 1.09861228866810969139524523692
q = 5.0  Lambda(q) = 1.60943791243410037460075933323
q = 7.0  Lambda(q) = 1.94591014905531330510535274344
q = 11.0  Lambda(q) = 2.39789527279837054406194357797
q = 13.0  Lambda(q) = 2.56494935746153673605348744157

------------------------------------------------------------
2. DIRECT DIVIDED-DIFFERENCE PRIME TERMS
------------------------------------------------------------
q = 2.0  direct quadratic form = 0.18858571278308645139177982187290249105050079704172
q = 4.0  direct quadratic form = 0.15963439076320078222548237671325488666892942698284
q = 8.0  direct quadratic form = -0.05939848833138564743149758227868432058654581676735
q = 3.0  direct quadratic form = -0.13579011429017346140753459179359077686954780143321
q = 9.0  direct quadratic form = 0.21753327690566976847295787290731293101175653036541
q = 5.0  direct quadratic form = -0.4317526434353884047196338738129483538554975442748
q = 7.0  direct quadratic form = -0.46834923398916158017875224968090274004987665785021
q = 11.0  direct quadratic form = -0.16086229339226423282853423379717752988231036478452
q = 13.0  direct quadratic form = 0.0

Direct prime contribution =
-0.690399392986416324475732459869833412512591430720128402379049

------------------------------------------------------------
3. FOURIER-SIDE PRIME TERMS
------------------------------------------------------------
q = 2.0
  xi = 0.110317800076325796698228216059
  ghat = (-1.2087825922159226830083452571737773012700425289981 + 0.0j)
  Fourier quadratic form = (0.18858571278308645139177982187290249105050079704172 + 0.0j)
q = 4.0
  xi = 0.220635600152651593396456432118
  ghat = (-1.4470410999199967495636077108518212660062484228686 + 0.0j)
  Fourier quadratic form = (0.15963439076320078222548237671325488666892942698284 + 0.0j)
q = 8.0
  xi = 0.330953400228977390094684648177
  ghat = (0.76145597287642502816500707715412064872289125130976 + 0.0j)
  Fourier quadratic form = (-0.05939848833138564743149758227868432058654581676735 + 0.0j)
q = 3.0
  xi = 0.174849576283029888998735641059
  ghat = (0.67256490440518182391701201900959345950693528009528 + 0.0j)
  Fourier quadratic form = (-0.13579011429017346140753459179359077686954780143321 + 0.0j)
q = 9.0
  xi = 0.349699152566059777997471282119
  ghat = (-1.8661750419704840332487845852905980857538372597513 + 0.0j)
  Fourier quadratic form = (0.21753327690566976847295787290731293101175653036541 + 0.0j)
q = 5.0
  xi = 0.256149999363388073738165497811
  ghat = (1.8844978773885310373968812476969504088610164091225 + 0.0j)
  Fourier quadratic form = (-0.4317526434353884047196338738129483538554975442748 + 0.0j)
q = 7.0
  xi = 0.309701219034839959444700693171
  ghat = (2.0005339399770394856921923192305364581160632533429 + 0.0j)
  Fourier quadratic form = (-0.46834923398916158017875224968090274004987665785021 + 0.0j)
q = 11.0
  xi = 0.381636885682549505665483008743
  ghat = (0.69898886888778867611194166276239218869064511897361 + 0.0j)
  Fourier quadratic form = (-0.16086229339226423282853423379717752988231036478452 + 0.0j)
q = 13.0
  xi = 0.408224369020384386353109421513
  ghat = 0.0
  Fourier quadratic form = 0.0

Fourier-side prime contribution =
-0.690399392986416324475732459869833412512591430720128402379049

------------------------------------------------------------
4. TERM-BY-TERM COMPARISON
------------------------------------------------------------

q        DIRECT                           FOURIER                          DIFFERENCE
--------------------------------------------------------------------------------------------------------------
2.0      0.1885857127830864513917798      (0.1885857127830864513917798 + 0.0j) (-5.271098971615261612174287e-82 + 0.0j)
4.0      0.1596343907632007822254824      (0.1596343907632007822254824 + 0.0j) (-1.581329691484578483652286e-81 + 0.0j)
8.0      -0.05939848833138564743149758    (-0.05939848833138564743149758 + 0.0j) (5.271098971615261612174287e-82 + 0.0j)
3.0      -0.1357901142901734614075346     (-0.1357901142901734614075346 + 0.0j) (3.689769280130683128522001e-81 + 0.0j)
9.0      0.2175332769056697684729579      (0.2175332769056697684729579 + 0.0j) (2.635549485807630806087144e-82 + 0.0j)
5.0      -0.4317526434353884047196339     (-0.4317526434353884047196339 + 0.0j) (-1.159641773755357554678343e-80 + 0.0j)
7.0      -0.4683492339891615801787522     (-0.4683492339891615801787522 + 0.0j) (-1.4759077120522732514088e-80 + 0.0j)
11.0     -0.1608622933922642328285342     (-0.1608622933922642328285342 + 0.0j) (5.271098971615261612174287e-82 + 0.0j)
13.0     0.0                              0.0                              0.0

------------------------------------------------------------
5. PRIME DICTIONARY CHECK
------------------------------------------------------------

Direct divided-difference prime form =
-0.690399392986416324475732459869833412512591430720128402379049

Fourier-side prime form =
-0.690399392986416324475732459869833412512591430720128402379049

Difference =
-2.21386156807840987711320055076670399161909189029738658551633e-80

Relative difference =
3.206638926059959354292602587788947533968e-80

------------------------------------------------------------
6. SUMMARY
------------------------------------------------------------

Direct prime contribution =
-0.690399392986416324475732459869833412512591430720128402379049

Fourier-side prime contribution =
-0.690399392986416324475732459869833412512591430720128402379049

Prime-side discrepancy =
-2.21386156807840987711320055076670399161909189029738658551633e-80

============================================================
END CELL_4
============================================================
