================================================================================
CELL 133 — COORDINATE-SPACE UNIFICATION OF COUPLED CANCELLATION
Parameters: c = 13, L = 2.56494935746, T = 600, dps = 50
Bound-State Cutoff: N_bound = 11 (continuum subspace dimension q = N - 10)
================================================================================
Loaded 9 prime powers up to c = 13:
  q =  2: log(q) = 0.693147, weight w_q = 0.490129
  q =  3: log(q) = 1.098612, weight w_q = 0.634284
  q =  4: log(q) = 1.386294, weight w_q = 0.346574
  q =  5: log(q) = 1.609438, weight w_q = 0.719763
  q =  7: log(q) = 1.945910, weight w_q = 0.735485
  q =  8: log(q) = 2.079442, weight w_q = 0.245065
  q =  9: log(q) = 2.197225, weight w_q = 0.366204
  q = 11: log(q) = 2.397895, weight w_q = 0.722993
  q = 13: log(q) = 2.564949, weight w_q = 0.711389

Archimedean zero-crossing root: r_* = 6.28983598884
--------------------------------------------------------------------------------
Completed N = 24 in 54.54s | Mass(well) = 0.5601, |R_W - I_pot| = 1.86e+00, I_arch(-) = -5.6888e-02, Delta_surplus = +0.511625
Completed N = 28 in 57.20s | Mass(well) = 0.6023, |R_W - I_pot| = 1.84e+00, I_arch(-) = -6.7116e-02, Delta_surplus = +0.249599
Completed N = 32 in 61.07s | Mass(well) = 0.6081, |R_W - I_pot| = 1.84e+00, I_arch(-) = -7.8272e-02, Delta_surplus = +0.186461
Completed N = 40 in 70.49s | Mass(well) = 0.6091, |R_W - I_pot| = 1.85e+00, I_arch(-) = -9.0393e-02, Delta_surplus = +0.172178
Completed N = 48 in 83.56s | Mass(well) = 0.6072, |R_W - I_pot| = 1.85e+00, I_arch(-) = -9.2935e-02, Delta_surplus = +0.167773
Completed N = 64 in 126.76s | Mass(well) = 0.6062, |R_W - I_pot| = 1.85e+00, I_arch(-) = -9.3527e-02, Delta_surplus = +0.164940

--------------------------------------------------------------------------------
TABLE 1: COORDINATE WAVEPACKET PROFILE OF PRINCIPAL VULNERABLE STATE v_bad
T_v(t) = v_0 + sqrt(2) * sum v_m * cos(2*pi*m*t/L) on [0, L]
--------------------------------------------------------------------------------
   N |      T(0) |    T(L/2) |   max |T| |  t_peak |   M(flat) |   M(well) |      K_kin
--------------------------------------------------------------------------------
  24 |    5.0226 |    0.0862 |    5.0226 |  0.0000 |    0.4399 |    0.5601 |    1713.81
  28 |    4.2070 |   -0.4732 |    4.2070 |  0.0000 |    0.3977 |    0.6023 |    1861.28
  32 |    3.7524 |   -0.4972 |    3.7761 |  0.0128 |    0.3919 |    0.6081 |    1825.97
  40 |   -3.5557 |    0.4657 |    3.8538 |  2.5393 |    0.3909 |    0.6091 |    1719.38
  48 |    3.5228 |   -0.3867 |    4.0103 |  2.5393 |    0.3928 |    0.6072 |    1718.12
  64 |    3.4820 |   -0.4495 |    4.1104 |  2.5393 |    0.3938 |    0.6062 |    1756.05
--------------------------------------------------------------------------------

--------------------------------------------------------------------------------
TABLE 2: COORDINATE INTEGRATION OF POTENTIAL WELL: MATRIX vs CONTINUOUS INTEGRAL
Identity: R_W = v^T * W_tilde * v === (1/L) * int_0^L (-W(t)) * |T_v(t)|^2 dt
--------------------------------------------------------------------------------
   N |   R_W (Matrix) | I_pot (Integral) |   |Residual| |   R_Delta_D |       R_neg
--------------------------------------------------------------------------------
  24 |     3.71036864 |       1.85518432 |   1.8552e+00 |   -5.377377 |    9.087745
  28 |     3.67456352 |       1.83728176 |   1.8373e+00 |   -5.667212 |    9.341776
  32 |     3.68942510 |       1.84471255 |   1.8447e+00 |   -5.709007 |    9.398432
  40 |     3.70046455 |       1.85023228 |   1.8502e+00 |   -5.712072 |    9.412536
  48 |     3.70667768 |       1.85333884 |   1.8533e+00 |   -5.714910 |    9.421588
  64 |     3.70978306 |       1.85489153 |   1.8549e+00 |   -5.721264 |    9.431047
--------------------------------------------------------------------------------
COORDINATE-MATRIX IDENTITY AUDIT: FAILED (max residual = 1.8552e+00 >= 1e-40)!
--------------------------------------------------------------------------------

--------------------------------------------------------------------------------
TABLE 3: ARCHIMEDEAN SPECTRAL ENERGY PARTITION
Partition: I_arch = (1/pi) * int_0^oo |Phi_v(r)|^2 * h_+(r) dr = I(-) + I(+)
--------------------------------------------------------------------------------
   N |     I_arch(-) |    I_arch(+) |  I_arch(tot) |  D_arch (diag) |  R_arch (off)
--------------------------------------------------------------------------------
  24 | -5.688766e-02 |     1.883290 |     1.826402 |       1.436458 |      0.389944
  28 | -6.711619e-02 |     1.840731 |     1.773615 |       1.392251 |      0.381364
  32 | -7.827208e-02 |     1.780676 |     1.702404 |       1.307048 |      0.395356
  40 | -9.039341e-02 |     1.717207 |     1.626813 |       1.202064 |      0.424750
  48 | -9.293454e-02 |     1.706731 |     1.613797 |       1.178727 |      0.435069
  64 | -9.352716e-02 |     1.707108 |     1.613580 |       1.173761 |      0.439820
--------------------------------------------------------------------------------

--------------------------------------------------------------------------------
TABLE 4: SURPLUS MARGIN SYNTHESIS & ASYMPTOTIC BALANCE ALONG w_bad
Net Margin: Delta_surplus = R_net = (R_arch + R_pole) - |R_comp| > 0
--------------------------------------------------------------------------------
   N |     R_comp |     R_arch |     R_pole |      R_net |  rho_restore |  Delta_surplus
--------------------------------------------------------------------------------
  24 |  -0.008071 |   0.389944 |   0.129753 |   0.511625 |    64.389575 |       0.511625
  28 |  -0.284453 |   0.381364 |   0.152688 |   0.249599 |     1.877471 |       0.249599
  32 |  -0.386627 |   0.395356 |   0.177732 |   0.186461 |     1.482275 |       0.186461
  40 |  -0.457559 |   0.424750 |   0.204988 |   0.172178 |     1.376297 |       0.172178
  48 |  -0.478034 |   0.435069 |   0.210738 |   0.167773 |     1.350965 |       0.167773
  64 |  -0.486979 |   0.439820 |   0.212100 |   0.164940 |     1.338700 |       0.164940
--------------------------------------------------------------------------------

SYNTHESIS AT MAXIMAL RESOLUTION N = 64:
  Spatial Probability Mass in Well:     60.62% (Mass in flat plateau: 39.38%)
  Wavepacket Peak Amplitude:            |T_max| = 4.1104 at t = 2.5393
  Boundary Contact:                     T(0) = T(L) = 3.4820, T(L/2) = -0.4495
  Spatial Kinetic Semi-Norm K_kin:      1756.05
  Coordinate-Matrix Potential Error:    1.8549e+00
  Negative Archimedean Energy I(-):     -9.352716e-02 (quenched by 5.7963% of total)
  Positive Off-Diagonal Archimedean:    R_arch = +0.439820
  Zeta Pole Contribution:               R_pole = +0.212100
  Competition Deficit:                  R_comp = -0.486979
  Net Positivity Surplus Margin:        Delta_surplus = +0.164940
  Restoring Efficiency Ratio:           rho_restore   = 1.338700 (> 1)

Total execution time: 453.67s
================================================================================
CELL 133 EXECUTION COMPLETE
================================================================================
