======================================================================
CELL 12 — CLOSED WEIL / SPECTRAL QUADRATIC-FORM AUDIT
======================================================================

Parameters:
c = 13
N = 6
T = 40
dps = 70
L = 2.56494935746153673605348744156531860480526794476020711641905
2*pi/L = 2.44963327985465201074267116853344988881041290891894830654387

----------------------------------------------------------------------
1. DIRECT / CLOSED CENTRED TRANSFORM
----------------------------------------------------------------------

Ground-state eigenvalue =
2.0913348992737637730450812016858762164473081734325e-19

||v_star|| =
1.0

tau = 0.0
  H direct  = (-0.000020084759913612550197180180377682178 + 0.0j)
  H closed  = (-0.000020084759913612550197180180377682178 + 0.0j)
  |error|   = 2.4872165438672000521e-75
  |Im H|    = 0.0

tau = 0.5
  H direct  = (-0.00061966931685417390816050499387513413 - 9.1330251656705455128915092598765245e-78j)
  H closed  = (-0.00061966931685417390816050499387513413 + 9.0562404192566986155177363619729903e-74j)
  |error|   = 1.0970558567528380825e-73
  |Im H|    = 9.0562404192566986155e-74

tau = 1.0
  H direct  = (-0.0019259631428650182305103149391305304 - 1.5466263077167388526543661554519617e-77j)
  H closed  = (-0.0019259631428650182305103149391305304 - 7.5573845256969912215651532706163853e-74j)
  |error|   = 7.7600864169202986508e-74
  |Im H|    = 7.5573845256969912216e-74

tau = 2.4496332798546520107
  H direct  = (0.00088202821349565524938750794910522852 - 1.0128097762671805408397720694415992e-77j)
  H closed  = (0.00088202821349565524938750794910522852 - 7.2005938546680276325355092504275051e-75j)
  |error|   = 1.139777033927330857e-74
  |Im H|    = 7.2005938546680276325e-75

tau = 3.0
  H direct  = (0.0060098716388924984455065288813156134 - 2.4366069581978796173467559919558809e-78j)
  H closed  = (0.0060098716388924984455065288813156134 + 3.3708948650576020636212610116284684e-73j)
  |error|   = 4.4012985406031580997e-73
  |Im H|    = 3.3708948650576020636e-73

tau = 5.0
  H direct  = (0.014547046135370622882836724544806971 - 7.6061890712402179182594519498224394e-78j)
  H closed  = (0.014547046135370622882836724544806971 - 3.6249357212050554764568505123212121e-75j)
  |error|   = 1.2734600080769147563e-72
  |Im H|    = 3.6249357212050554765e-75

tau = 10.0
  H direct  = (0.29962691819530238280356869903798263 - 1.3853578625035924188649091438450956e-77j)
  H closed  = (0.29962691819530238280356869903798263 - 2.3221356152026547572114663274750584e-72j)
  |error|   = 1.8259615105215310714e-71
  |Im H|    = 2.3221356152026547572e-72

Maximum direct/closed error = 1.82596151052153107143906087525e-71
Maximum imaginary component = 2.32213561520265475721146632748e-72

----------------------------------------------------------------------
2. MATRIX QUADRATIC FORM
----------------------------------------------------------------------

v_star^T Q v_star =
2.0913348992737637730450812016858762164473081734325e-19

lambda_min =
2.0913348992737637730450812016858762164473081734325e-19

Difference q_matrix - lambda_min =
6.97101627826867955510682804725e-74

----------------------------------------------------------------------
3. BASIS LINEARITY TEST
----------------------------------------------------------------------

k contribution 0: 2.1335265136116149726e-73
k contribution 1: 3.1529512343659448826e-73
k contribution 2: 2.9172277159523790582e-73
k contribution 3: 1.2436102548499279272e-73
k contribution 4: 4.4707694729302508086e-73
k contribution 5: 6.3677726790486195422e-73
k contribution 6: 1.2407669895417505591e-73

Maximum basis linearity error = 6.36777267904861954215361871036e-73

----------------------------------------------------------------------
4. PARSEVAL / SPECTRAL-NORM CHECK
----------------------------------------------------------------------

Coefficient-space norm squared =
1.0

R = 10.0
  spectral norm = 0.03823198449189464837187250127350811
  |error|       = 0.96176801550810535163

R = 20.0
  spectral norm = 0.68233958155906244101071754932715154
  |error|       = 0.31766041844093755899

R = 40.0
  spectral norm = 0.68592265834588370626079429899215059
  |error|       = 0.31407734165411629374

----------------------------------------------------------------------
5. GROUND-STATE SPECTRAL PROFILE
----------------------------------------------------------------------

tau = 0.0
  Re H = -0.000020084759913612550197180180377682178
  Im H = 0.0
  |H|^2 = 0.00000000040339758078745761485942468271962589

tau = 0.25
  Re H = -0.00017826190722877413941926476682610015
  Im H = -1.66696357717592e-74
  |H|^2 = 0.000000031777307568840077782661626611687095

tau = 0.5
  Re H = -0.00061966931685417390816050499387513413
  Im H = 9.0562404192567e-74
  |H|^2 = 0.00000038399006225051857955934696092056793

tau = 1.0
  Re H = -0.0019259631428650182305103149391305304
  Im H = -7.55738452569699e-74
  |H|^2 = 0.0000037093340276744986229901093862699465

tau = 1.5
  Re H = -0.0027378084889390194614975402399099236
  Im H = -1.63965229762072e-73
  |H|^2 = 0.0000074955953221065570490520672689650208

tau = 2.0
  Re H = -0.0018331633739936043875618661260199613
  Im H = 8.81430279172884e-74
  |H|^2 = 0.0000033604879557516154710482691864805816

tau = 2.4496332798546520107
  Re H = 0.00088202821349565524938750794910522852
  Im H = -7.20059385466803e-75
  |H|^2 = 0.00000077797376940233719700834008799055201

tau = 3.0
  Re H = 0.0060098716388924984455065288813156134
  Im H = 3.3708948650576e-73
  |H|^2 = 0.000036118557115964405234014106410524717

tau = 4.0
  Re H = 0.014037820229568209232586677319635858
  Im H = 2.21194047054424e-73
  |H|^2 = 0.00019706039679767445056034251147895624

tau = 5.0
  Re H = 0.014547046135370622882836724544806971
  Im H = -3.62493572120506e-75
  |H|^2 = 0.00021161655126460137457576242457246996

tau = 7.5
  Re H = 0.1006938031151539048923784757363927
  Im H = -3.49574956532107e-73
  |H|^2 = 0.010139241985793378241088210686444161

tau = 10.0
  Re H = 0.29962691819530238280356869903798263
  Im H = -2.32213561520265e-72
  |H|^2 = 0.089776290107214426113121998116792285

======================================================================
CELL 12 SUMMARY
======================================================================

Maximum direct/closed centred-transform error = 1.82596151052153107143906087525e-71
Maximum centred-transform imaginary component = 2.32213561520265475721146632748e-72
Matrix quadratic form v^T Q v = 2.091334899273763773045081201685876216447e-19
Ground-state eigenvalue = 2.091334899273763773045081201685876216447e-19
Matrix-form residual = 6.9710162782686795551e-74

Cell 12 establishes the numerical spectral object
associated with the Galerkin ground state and checks
its Fourier representation independently of the
repository extraction routine.

======================================================================
END CELL 12
======================================================================
