========================================================================
CELL 20A — POLE SANITY-CHECK FORENSICS
========================================================================

Parameters:
  c   = 13
  N   = 8
  L   = 2.56494935746153673605348744156531860480526794476020711641905
  dps = 80

No Galerkin matrix or Archimedean integral will be computed.

------------------------------------------------------------------------
1. LOAD CACHED FORENSIC GROUND STATE
------------------------------------------------------------------------

GROUND STATE CACHE: HIT
  key            = 7f77f99cab98fbfd41bfc923f4e7a5c8daa05b4944fd7232e65374127943dd3a
  generation dps = 150
  working dps    = 80
  lookup         = 0.000845 s

GROUND STATE CACHE: RETURN
  generation dps = 150
  working dps    = 80
  decode         = 0.000886 s
  validation     = 0.000342 s
  total          = 0.002074 s

lambda_min =
6.71093525012596210347095894861212485227853949505914682374613e-23

||v_star|| =
1.0

ground-state retrieval elapsed =
0.002554 s

------------------------------------------------------------------------
2. POLE LINEAR FUNCTIONAL
------------------------------------------------------------------------

P(v_star) =
13.3399844855574128325284629772942560862922724972734387975175

------------------------------------------------------------------------
3. sum_v_G(v, i/2)
------------------------------------------------------------------------

2 Re sum_v_G(v_star, i/2) =
1.90470431688644899838246388508026004018934573088056705462881

------------------------------------------------------------------------
4. P(v) VS 2 Re G(v, i/2)
------------------------------------------------------------------------

C = [2 Re G(v_star, i/2)] / P(v_star)
0.142781599105200211392321629102336874525674867139129371677717

C * P(v_star) =
1.90470431688644899838246388508026004018934573088056705462881

difference =
0.0

------------------------------------------------------------------------
5. BASIS-VECTOR PROPORTIONALITY TEST
------------------------------------------------------------------------

k      P(e_k)                           2 Re G(e_k,i/2)                  ratio
------------------------------------------------------------------------------------------------------------
0      24.0028128230858394267578226362128154363262329232845404085014 3.42715999790300125060868391035540125439815709471206088298098 0.142781599105200211392321629102336874525674867139129371677717
1      1.35765138385423217598573060004887070833268541932050140210856 0.193847635614095265583035237081629695140337170118631252593993 0.142781599105200211392321629102336874525674867139129371677717
2      0.349908933008371153380243834409785987216768881854043820117081 0.049960556996129607385647822424140107217398935956142055712863 0.142781599105200211392321629102336874525674867139129371677717
3      0.156410801042868199422415802398605205810750388166472275483063 0.0223325842902260383935354996081086505479339308618650355059243 0.142781599105200211392321629102336874525674867139129371677717
4      0.0881587943585427733854245802114534642949171432143124191798053 0.0125874536336992402964764760916083403063015876414839132413547 0.142781599105200211392321629102336874525674867139129371677717
5      0.056474429475933599855842456423399121833891107094392333792854 0.00806350934912765332437232972166824642360464634068038428542798 0.142781599105200211392321629102336874525674867139129371677717
6      0.0392383006880716171333897857258121724198238983254232010411087 0.00560250731841354324788180325089426091191806210068598815301098 0.142781599105200211392321629102336874525674867139129371677717
7      0.0288369829025321628402779238561452246374625693244502962316493 0.00411739053219286005652641164838191108964607951479262407509684 0.142781599105200211392321629102336874525674867139129371677717
8      0.0220827118313377068026373624057477754223866196084885022101054 0.00315300490785772203904618866999659813887470980692732694370533 0.142781599105200211392321629102336874525674867139129371677717

Maximum basis ratio deviation from C =
1.05421979432305232243485740512700190077099613823685075500778e-81

------------------------------------------------------------------------
6. POLE QUADRATIC FORM
------------------------------------------------------------------------

<u_star, Q_pole u_star> =
1.81394926738293716152585189399313603472470324472501898217785

2 Re G(v_star, i/2) =
1.90470431688644899838246388508026004018934573088056705462881

These are deliberately NOT expected to agree:

  P(v) is linear in v.
  G(v, i/2) is linear in v.
  <u,Q_pole u> is quadratic in v.

------------------------------------------------------------------------
7. P(v)=0 CONSTRAINED CHECK
------------------------------------------------------------------------

P(v_constraint) =
0.0

2 Re G(v_constraint, i/2) =
8.43375835458441857947885924101601520616796910589480604006221e-81

This explains why the historical constrained test
could appear to validate the pole sanity check:
both linear quantities vanish when P(v)=0.

========================================================================
CELL 20A — FINAL DIAGNOSTIC
========================================================================

Ground-state pole functional:
  P(v_star) = 13.3399844855574128325284629772942560862922724972734387975175

Ground-state G value:
  2 Re G(v_star,i/2) = 1.90470431688644899838246388508026004018934573088056705462881

Proportionality constant:
  C = 0.142781599105200211392321629102336874525674867139129371677717

Maximum basis-vector ratio deviation:
  1.05421979432305232243485740512700190077099613823685075500778e-81

Pole quadratic form:
  <u,Q_pole u> = 1.81394926738293716152585189399313603472470324472501898217785

CONCLUSION:
  The Cell-20 discrepancy does not indicate an
  inconsistency in the Archimedean calculation.
  The sanity check incorrectly compared a quadratic
  pole form with a linear pole functional.

========================================================================
CELL 20A COMPLETE
========================================================================
