========================================================================
CELL 20 — CORRECTED CELL-5 ARCHIMEDEAN AUDIT
========================================================================

Parameters:
  c   = 13
  N   = 8
  T   = 60
  dps = 80
  L   = 2.5649493574615367360534874415653186048052679447602

------------------------------------------------------------------------
1. GROUND STATE
------------------------------------------------------------------------

lambda_min =
4.4304333247366268876285101534657031008754071896933e-23

ground-state calculation elapsed = 169.757893 s

Canonical ground-state norm =
1.0

Full-space dimension:
  u_star = 17 x 1

||u_star|| =
1.0

------------------------------------------------------------------------
2. PRIME MATRIX
------------------------------------------------------------------------

<u_star, Q_prime u_star> =
-0.15586999290929760240797379117558821581819924938283

------------------------------------------------------------------------
3. POLE MATRIX
------------------------------------------------------------------------

<u_star, Q_pole u_star> =
1.816570516248790168340781359903346122297974330279

------------------------------------------------------------------------
4. POLE SANITY CHECK
------------------------------------------------------------------------

<u_star, Q_pole u_star> =
1.816570516248790168340781359903346122297974330279

2 Re sum_v_G(v_star, i/2) =
1.9060800173386164368898322143405395455882857903104

difference =
-0.089509501089826268549050854437193423290311460031427

------------------------------------------------------------------------
5. CORRECTED EXPLICIT ARCHIMEDEAN FUNCTIONAL
------------------------------------------------------------------------

Computing:
  A_arch = (1/pi) int_0^T h_+(r)
          * int_0^L
              K_v(1-y/L) cos(r*y) dy dr


Corrected explicit Archimedean =
-1.6607005233394925659327632643945105402108987957946

corrected Archimedean elapsed = 167542.159432 s

------------------------------------------------------------------------
6. REPOSITORY ARCHIMEDEAN MATRIX
------------------------------------------------------------------------

Repository Archimedean =
-1.6607005233394925659327632643945105402108987957946

matrix subtraction/form elapsed = 0.011953 s

------------------------------------------------------------------------
7. CORRECTED EXPLICIT VS REPOSITORY
------------------------------------------------------------------------

Repository Archimedean =
-1.6607005233394925659327632643945105402108987957946

Corrected explicit =
-1.6607005233394925659327632643945105402108987957946

difference =
-4.2168791772922092897394296205080076030839845529474e-81

absolute difference =
4.2168791772922092897394296205080076030839845529474e-81

relative difference =
2.5392171062922968434952986934759937027387625212143e-81

------------------------------------------------------------------------
8. HISTORICAL CELL-5 LINEAR QUANTITY
------------------------------------------------------------------------

Historical linear quantity =
-1.8786957282611879317854481276454918298242650667684

historical linear integral elapsed = 13.257742 s

This quantity is retained solely for historical
comparison. It is NOT the corrected
Archimedean functional.

========================================================================
CELL 20 — FINAL DIAGNOSTIC
========================================================================

The corrected explicit Archimedean calculation uses
the quadratic K_v functional identified in Cell 17.

Repository Archimedean = -1.6607005233394925659327632643945105402108987957946
Corrected explicit      = -1.6607005233394925659327632643945105402108987957946
Absolute difference     = 4.2168791772922092897394296205080076030839845529474e-81
Relative difference     = 2.5392171062922968434952986934759937027387625212143e-81

Timing:
  ground state          = 169.757893 s
  corrected Archimedean = 167542.159432 s
  historical linear     = 13.257742 s

========================================================================
CELL 20 COMPLETE
========================================================================
