
======================================================================
CELL_6A — POINTWISE ARCHIMEDEAN SOURCE CHECK
======================================================================

Parameters:
c = 13
N = 8
dps = 80
L = 2.56494935746153673605348744156531860480526794476020711641905
2*pi/L = 2.44963327985465201074267116853344988881041290891894830654387

----------------------------------------------------------------------
POINTWISE COMPARISON
----------------------------------------------------------------------


x = 0

  r = 0.0
    direct S  = 0.0
    repo S    = 0.0
    |error|   = 0.0
    direct dS = 8.0580260582310243281051524221389018389903247793358
    repo dS   = 8.0580260582310243281051524221389018389903247793358
    |error|   = 0.0

  r = 1.0
    direct S  = 0.0
    repo S    = 0.0
    |error|   = 0.0
    direct dS = 4.5031547051975377857081380773287389875466057204404
    repo dS   = 4.5031547051975377857081380773287389875466057204404
    |error|   = 0.0

  r = 2.0
    direct S  = 0.0
    repo S    = 0.0
    |error|   = 0.0
    direct dS = 0.36408571358383506977556972584070522163823660455229
    repo dS   = 0.36408571358383506977556972584070522163823660455229
    |error|   = 5.2710989716152616122e-82

  r = 10.0
    direct S  = 0.0
    repo S    = 0.0
    |error|   = 0.0
    direct dS = 0.0031985279371246631175644497419273745988852831665402
    repo dS   = 0.0031985279371246631175644497419273745988852831665402
    |error|   = 9.8833105717786155228e-83

  r = 20.0
    direct S  = 0.0
    repo S    = 0.0
    |error|   = 0.0
    direct dS = 0.0029897093141760481265727436993353675257801787480041
    repo dS   = 0.0029897093141760481265727436993353675257801787480041
    |error|   = 8.6478967503062885825e-83

  r = 40.0
    direct S  = 0.0
    repo S    = 0.0
    |error|   = 0.0
    direct dS = 0.0022599378943657024665138587167917852884100339031966
    repo dS   = 0.0022599378943657024665138587167917852884100339031966
    |error|   = 3.7062414644169808211e-83


x = 1
alpha_x = 2.4496332798546520107426711685334498888104129089189

  r = 0.0
    direct S  = -1.758979708764845589151211685865916001142944151449e-88
    repo S    = 9.3767166054957136409839530028619571556401993601346e-163
    |error|   = 1.7589797087648455892e-88
    direct dS = -2.9022928444076061595698451200339614261512797486836e-84
    repo dS   = -5.4975567936213998217628409873257842285878530413534e-81
    |error|   = 5.4946545007769922156e-81

  r = 1.0
    direct S  = -0.90050429307628443284573376533498520680486471148608
    repo S    = -0.90050429307628443284573376533498520680486471148608
    |error|   = 3.1626593829691569673e-81
    direct dS = 1.2606553582452733563884666978432843120076578347104
    repo dS   = 1.2606553582452733563884666978432843120076578347104
    |error|   = 0.0

  r = 2.0
    direct S  = -0.72791548998082536660885514470790310181978254247279
    repo S    = -0.72791548998082536660885514470790310181978254247279
    |error|   = 1.0542197943230523224e-81
    direct dS = 3.6385540609832455471725745272026668668231089814754
    repo dS   = 3.6385540609832455471725745272026668668231089814754
    |error|   = 8.4337583545844185795e-81

  r = 10.0
    direct S  = 0.0034027147502246521416650814982544433061026401465205
    repo S    = 0.0034027147502246521416650814982544433061026401465205
    |error|   = 3.1297150143965615822e-82
    direct dS = 0.0038371580281291010689740830208027348787630855054239
    repo dS   = 0.0038371580281291010689740830208027348787630855054239
    |error|   = 2.7590908679548635001e-82

  r = 20.0
    direct S  = 0.0030352432996726532114167058618831794812041906899766
    repo S    = 0.0030352432996726532114167058618831794812041906899766
    |error|   = 2.8414517893863519628e-82
    direct dS = 0.0031276982575714960094357169835035414346767331539239
    repo dS   = 0.0031276982575714960094357169835035414346767331539239
    |error|   = 1.2354138214723269404e-83

  r = 40.0
    direct S  = 0.0022684455622140122570984922543157265826453421950366
    repo S    = 0.0022684455622140122570984922543157265826453421950366
    |error|   = 2.1002034965029557986e-82
    direct dS = 0.0022855249531330320796484498242920207938558787373713
    repo dS   = 0.0022855249531330320796484498242920207938558787373713
    |error|   = 7.4124829288339616421e-83

  r = 2.44963327985465201074267116853
    direct S  = -4.0468336156774942201823264490031130093083498096412e-81
    repo S    = -2.7487783968106999108814204936628921142939265206767e-81
    |error|   = 1.2980552188667943093e-81
    direct dS = 4.0290130291155121640525762110694509194951623896679
    repo dS   = 4.0290130291155121640525762110694509194951623896679
    |error|   = 0.0

  r = 2.34963327985465201074267116853
    direct S  = -0.16698270104770310105189917891736305421870008651082
    repo S    = -0.16698270104770310105189917891736305421870008651082
    |error|   = 7.9066484574228924183e-82
    direct dS = 4.0087121348983219174298671604099521617552540740832
    repo dS   = 4.0087121348983219174298671604099521617552540740832
    |error|   = 0.0

  r = 2.54963327985465201074267116853
    direct S  = 0.16030241308732625868248944121895801371194446213003
    repo S    = 0.16030241308732625868248944121895801371194446213003
    |error|   = 1.317774742903815403e-81
    direct dS = 4.0085757252507544107814870337620691884457700213616
    repo dS   = 4.0085757252507544107814870337620691884457700213616
    |error|   = 0.0

  r = 1.22481663992732600537133558427
    direct S  = -1.0885983173876916969416251240344663642948921592885
    repo S    = -1.0885983173876916969416251240344663642948921592885
    |error|   = 2.1084395886461046449e-81
    direct dS = 1.8143305289794861615693752067241106071581535988142
    repo dS   = 1.8143305289794861615693752067241106071581535988142
    |error|   = 0.0


x = 2
alpha_x = 4.8992665597093040214853423370668997776208258178379

  r = 0.0
    direct S  = -1.9766151559840884694279885939788751869582091873492e-87
    repo S    = 1.8753433210991427281967906005723914311280398720269e-162
    |error|   = 1.9766151559840884694e-87
    direct dS = -2.903830929519285888083288351371255774446751760897e-84
    repo dS   = -5.4975567936213998217628409873257842285878530413534e-81
    |error|   = 5.4946529626918805359e-81

  r = 1.0
    direct S  = -0.39153078711122922712888125240209458304679147527859
    repo S    = -0.39153078711122922712888125240209458304679147527859
    |error|   = 1.5813296914845784837e-81
    direct dS = 0.21278638964520089427012978301279226412597150703396
    repo dS   = 0.21278638964520089427012978301279226412597150703396
    |error|   = 4.743989074453735451e-81

  r = 2.0
    direct S  = -0.14561380613975768504632856118909467670891840716109
    repo S    = -0.14561380613975768504632856118909467670891840716109
    |error|   = 1.5813296914845784837e-81
    direct dS = 0.1019255690150404096930531573857278348841297170105
    repo dS   = 0.1019255690150404096930531573857278348841297170105
    |error|   = 7.6430935088421293377e-81

  r = 10.0
    direct S  = 0.0084174903202109229303366585955861074527040953819821
    repo S    = 0.0084174903202109229303366585955861074527040953819821
    |error|   = 8.236092143148846269e-82
    direct dS = 0.0068673099320597433330076102120114385698482420816701
    repo dS   = 0.0068673099320597433330076102120114385698482420816701
    |error|   = 1.8448846400653415643e-81

  r = 20.0
    direct S  = 0.0063611312342490059869910678752687135011776226352535
    repo S    = 0.0063611312342490059869910678752687135011776226352535
    |error|   = 5.4358208144782385376e-82
    direct dS = 0.0035866458952913780611033956033322213724325214295236
    repo dS   = 0.0035866458952913780611033956033322213724325214295236
    |error|   = 2.8826322501020961942e-82

  r = 40.0
    direct S  = 0.0045887145743734371943449852060355485970402317475682
    repo S    = 0.0045887145743734371943449852060355485970402317475682
    |error|   = 2.3061058000816769553e-82
    direct dS = 0.0023642445039428279339465950604966215106061279679659
    repo dS   = 0.0023642445039428279339465950604966215106061279679659
    |error|   = 4.9416552858893077614e-83

  r = 4.89926655970930402148534233707
    direct S  = -8.0936656307209512102238912459154666700192901197662e-81
    repo S    = -5.4975567936213998217628409873257842285878530413534e-81
    |error|   = 2.5961088370995513885e-81
    direct dS = 4.0290130291155121640525762110694509194951623896679
    repo dS   = 4.0290130291155121640525762110694509194951623896679
    |error|   = 0.0

  r = 4.79926655970930402148534233707
    direct S  = -0.16526096953437386565519586315194690533892285625132
    repo S    = -0.16526096953437386565519586315194690533892285625132
    |error|   = 2.6355494858076308061e-81
    direct dS = 4.0073984606957103078695697521001934653231465838216
    repo dS   = 4.0073984606957103078695697521001934653231465838216
    |error|   = 8.4337583545844185795e-81

  r = 4.99926655970930402148534233707
    direct S  = 0.16192186933557429856031542203817686529843641345772
    repo S    = 0.16192186933557429856031542203817686529843641345772
    |error|   = 2.6355494858076308061e-81
    direct dS = 4.0073814201449640676044429505796122163477942576212
    repo dS   = 4.0073814201449640676044429505796122163477942576212
    |error|   = 0.0

  r = 2.44963327985465201074267116853
    direct S  = 2.1381103933261164927874941761053764204492638893617e-87
    repo S    = 6.8552344764316286567324585990621393749587320502332e-163
    |error|   = 2.1381103933261164928e-87
    direct dS = -2.9029231150838082427181036142873209362679680923141e-84
    repo dS   = -7.3300757248285330956837879831010456381171373884712e-81
    |error|   = 7.3271728017134492874e-81


x = 3
alpha_x = 7.3488998395639560322280135056003496664312387267568

  r = 0.0
    direct S  = -2.8310882210220708496890785159511204978118092258004e-87
    repo S    = 2.7316848379169296115626439238303442503466074362815e-163
    |error|   = 2.8310882210220708497e-87
    direct dS = -2.9183671365920534665592066872059883404998880275796e-84
    repo dS   = 1.713164230570990758667784596052488164556259904262e-81
    |error|   = 1.7160825977075828121e-81

  r = 1.0
    direct S  = -0.25486511532098633700536532313756324580622967593207
    repo S    = -0.25486511532098633700536532313756324580622967593207
    |error|   = 5.2710989716152616122e-82
    direct dS = 0.088160506175233587252125700284231132333249866153653
    repo dS   = 0.088160506175233587252125700284231132333249866153653
    |error|   = 1.713107165774960024e-81

  r = 2.0
    direct S  = -0.087369512285968374098956304491612678843174135082044
    repo S    = -0.087369512285968374098956304491612678843174135082044
    |error|   = 2.6355494858076308061e-82
    direct dS = 0.033782288346600197809973264252961269029443534925895
    repo dS   = 0.033782288346600197809973264252961269029443534925895
    |error|   = 1.6472184286297692538e-81

  r = 10.0
    direct S  = 0.020862835194183848443239193622765644741916963720669
    repo S    = 0.020862835194183848443239193622765644741916963720669
    |error|   = 1.317774742903815403e-81
    direct dS = 0.02328587519035296526029858684250847298769510549403
    repo dS   = 0.02328587519035296526029858684250847298769510549403
    |error|   = 1.4824965857667923284e-81

  r = 20.0
    direct S  = 0.010369123704219542911566539330043947174367105414324
    repo S    = 0.010369123704219542911566539330043947174367105414324
    |error|   = 2.4049389057994631106e-81
    direct dS = 0.0045353891115442688233609059492521327073463119211811
    repo dS   = 0.0045353891115442688233609059492521327073463119211811
    |error|   = 3.1297150143965615822e-82

  r = 40.0
    direct S  = 0.0070166534930895639781190316498474955330582997327841
    repo S    = 0.0070166534930895639781190316498474955330582997327841
    |error|   = 8.8949795146007539705e-82
    direct dS = 0.0025022934012213447087868417404893117496147423381916
    repo dS   = 0.0025022934012213447087868417404893117496147423381916
    |error|   = 1.2354138214723269404e-83

  r = 7.3488998395639560322280135056
    direct S  = -5.2048255680497495223645153328701181131122588765289e-81
    repo S    = 2.5697463458564861380016768940787322468343898563929e-81
    |error|   = 7.7745719139062356604e-81
    direct dS = 4.0290130291155121640525762110694509194951623896679
    repo dS   = 4.0290130291155121640525762110694509194951623896679
    |error|   = 0.0

  r = 7.2488998395639560322280135056
    direct S  = -0.16469492200266720118162873308349858237939447251489
    repo S    = -0.16469492200266720118162873308349858237939447251489
    |error|   = 7.6430935088421293377e-81
    direct dS = 4.00716050218107636670954300641938957498306841411
    repo dS   = 4.00716050218107636670954300641938957498306841411
    |error|   = 8.4337583545844185795e-81

  r = 7.4488998395639560322280135056
    direct S  = 0.16246898401764410253820031685435393881303458845654
    repo S    = 0.16246898401764410253820031685435393881303458845654
    |error|   = 7.6430935088421293377e-81
    direct dS = 4.0071554537133260944147915621788971462516805085896
    repo dS   = 4.0071554537133260944147915621788971462516805085896
    |error|   = 8.4337583545844185795e-81

  r = 3.6744499197819780161140067528
    direct S  = -0.36286610579589723231387504134482212143163071976284
    repo S    = -0.36286610579589723231387504134482212143163071976284
    |error|   = 5.2710989716152616122e-82
    direct dS = 0.20159228099772068461881946741379006746201706653491
    repo dS   = 0.20159228099772068461881946741379006746201706653491
    |error|   = 2.6355494858076308061e-81


x = 8
alpha_x = 19.597066238837216085941369348267599110483303271352

  r = 0.0
    direct S  = -5.4336296660378614010447087936742981447669542365003e-87
    repo S    = 7.5013732843965709127871624022895657245121594881077e-162
    |error|   = 5.433629666037861401e-87
    direct dS = -2.9234646216516331260891301095811646648127408358622e-84
    repo dS   = -5.4975567936213998217628409873257842285878530413534e-81
    |error|   = 5.4946333289997481886e-81

  r = 1.0
    direct S  = -0.094049621207436957110760151718196227811716558487524
    repo S    = -0.094049621207436957110760151718196227811716558487524
    |error|   = 3.9533242287114462091e-82
    direct dS = 0.01181758553018544653684626579447812231249809646878
    repo dS   = 0.01181758553018544653684626579447812231249809646878
    |error|   = 5.5675982887686200779e-81

  r = 2.0
    direct S  = -0.030656218806218419519528551659280744047061713404541
    repo S    = -0.030656218806218419519528551659280744047061713404541
    |error|   = 2.9649931715335846568e-82
    direct dS = 0.0039126920572968788817615950669224767825291562820118
    repo dS   = 0.0039126920572968788817615950669224767825291562820118
    |error|   = 5.5346539201960246928e-81

  r = 10.0
    direct S  = -0.0090085102822840634035816461621230552427768025656771
    repo S    = -0.0090085102822840634035816461621230552427768025656771
    |error|   = 3.2944368572595385076e-83
    direct dS = 0.0019189408046254864056154920424148551684945026484136
    repo dS   = 0.0019189408046254864056154920424148551684945026484136
    |error|   = 7.3012956849014522175e-81

  r = 20.0
    direct S  = 0.59962851175600445274411152367974608421782219242514
    repo S    = 0.59962851175600445274411152367974608421782219242514
    |error|   = 6.3253187659383139346e-81
    direct dS = 3.6832959254316590929296074145589705654975833879352
    repo dS   = 3.6832959254316590929296074145589705654975833879352
    |error|   = 1.2650637531876627869e-80

  r = 40.0
    direct S  = 0.023789700417251326599814271456182756967370672892805
    repo S    = 0.023789700417251326599814271456182756967370672892805
    |error|   = 1.4824965857667923284e-81
    direct dS = 0.0048521364367907627112868108921802192982083380451195
    repo dS   = 0.0048521364367907627112868108921802192982083380451195
    |error|   = 1.7872319950632996404e-81

  r = 19.5970662388372160859413693483
    direct S  = -3.2335422964056484396088516665460893853137394723e-80
    repo S    = -2.1990227174485599287051363949303136914351412165414e-80
    |error|   = 1.0345195789570885109e-80
    direct dS = 4.0290130291155121640525762110694509194951623896679
    repo dS   = 4.0290130291155121640525762110694509194951623896679
    |error|   = 0.0

  r = 19.4970662388372160859413693483
    direct S  = -0.16399279224744660265136962158074459261050988342507
    repo S    = -0.16399279224744660265136962158074459261050988342507
    |error|   = 1.0542197943230523224e-80
    direct dS = 4.0069986835568452031822158102916023717136314741418
    repo dS   = 4.0069986835568452031822158102916023717136314741418
    |error|   = 0.0

  r = 19.6970662388372160859413693483
    direct S  = 0.16315809870972505280617663916245314355310706072194
    repo S    = 0.16315809870972505280617663916245314355310706072194
    |error|   = 9.7515330974882339825e-81
    direct dS = 4.0069984173502351326958370337548890651047896535114
    repo dS   = 4.0069984173502351326958370337548890651047896535114
    |error|   = 8.4337583545844185795e-81

  r = 9.79853311941860804297068467413
    direct S  = 1.5401946929833656392868916856105432319278269879475e-87
    repo S    = 2.7420937905726514626929834396248557499834928200933e-162
    |error|   = 1.5401946929833656393e-87
    direct dS = -8.091429033630730626693810981189781168420087218531e-84
    repo dS   = -7.3300757248285330956837879831010456381171373884712e-81
    |error|   = 7.3219842957949023651e-81

----------------------------------------------------------------------
SUMMARY
----------------------------------------------------------------------

Maximum |S_direct - S_repository| =
1.0542197943230523224348574051270019007709961382369e-80

Location of maximum S error =
x = 8  r = 19.497066238837216085941369348267599110483303271352

Maximum |dS_direct - dS_repository| =
1.2650637531876627869218288861524022809251953658842e-80

Location of maximum dS error =
x = 8  r = 20.0

----------------------------------------------------------------------
PARITY CHECK
----------------------------------------------------------------------

Maximum |S(r,x) - S(-r,x)| =
0.0

======================================================================
END CELL_6A
======================================================================
