=========================================================================================================
CELL 73 — AUDIT OF POSITIVE REGULARIZED STIELTJES FUNCTION H(mu),
         EXACT MODAL RATIO Q_j = H(mu_1)/H(mu_j), AND INTERLACING POLE SPECTRUM
=========================================================================================================
Parameters: c = 13, L = 2.56494935746154, T = 400, dps = 50, V_* = 1.0

--- DIMENSION N =  8 (Elapsed: 0.13s) ---
  H(mu_1)                      = 1.42778793e-15
  H(mu_1) Stieltjes residual   = 0.0
  H(mu_2)                      = 2.2669069e-11
  H(mu_2) Stieltjes residual   = 3.889e-62
  Ratio Q_2 = H(mu_1)/H(mu_2)  = 6.29839688e-5
  Inv ratio H(mu_2)/H(mu_1)    = 15877.056
  Tail residual |T_2 - K_2*Q_2|= 3.234e-39
  Dominant pole k_dom          = 3 (Share: 53.62%)
  Nearest pole k_near          = 2 (dist = 1.8588e-11, bound ratio = 2.1569)
  H(mu_3)                      = 1.78515957e-7
  Ratio Q_3 = H(mu_1)/H(mu_3)  = 7.99809695e-9
  Inv ratio H(mu_3)/H(mu_1)    = 125029742.0
  Dominant pole k_dom          = 4 (Share: 57.84%)
  Nearest pole k_near          = 3 (dist = 9.2951e-8, bound ratio = 2.3874)

--- DIMENSION N = 12 (Elapsed: 0.36s) ---
  H(mu_1)                      = 1.59066966e-21
  H(mu_1) Stieltjes residual   = 6.792e-72
  H(mu_2)                      = 9.54581768e-17
  H(mu_2) Stieltjes residual   = 1.484e-67
  Ratio Q_2 = H(mu_1)/H(mu_2)  = 1.66635244e-5
  Inv ratio H(mu_2)/H(mu_1)    = 60011.3143
  Tail residual |T_2 - K_2*Q_2|= 2.328e-33
  Dominant pole k_dom          = 3 (Share: 55.69%)
  Nearest pole k_near          = 2 (dist = 4.8888e-17, bound ratio = 2.2573)
  H(mu_3)                      = 1.32740634e-12
  Ratio Q_3 = H(mu_1)/H(mu_3)  = 1.19832911e-9
  Inv ratio H(mu_3)/H(mu_1)    = 834495290.0
  Dominant pole k_dom          = 4 (Share: 61.18%)
  Nearest pole k_near          = 3 (dist = 4.0756e-13, bound ratio = 2.5773)

--- DIMENSION N = 16 (Elapsed: 0.83s) ---
  H(mu_1)                      = 3.01331226e-26
  H(mu_1) Stieltjes residual   = 6.909e-77
  H(mu_2)                      = 2.21093838e-21
  H(mu_2) Stieltjes residual   = 1.358e-71
  Ratio Q_2 = H(mu_1)/H(mu_2)  = 1.36291101e-5
  Inv ratio H(mu_2)/H(mu_1)    = 73372.3618
  Tail residual |T_2 - K_2*Q_2|= 1.352e-27
  Dominant pole k_dom          = 3 (Share: 57.97%)
  Nearest pole k_near          = 2 (dist = 7.6406e-22, bound ratio = 2.3797)
  H(mu_3)                      = 7.36260238e-17
  Ratio Q_3 = H(mu_1)/H(mu_3)  = 4.09272715e-10
  Inv ratio H(mu_3)/H(mu_1)    = 2.44335858e+9
  Dominant pole k_dom          = 4 (Share: 56.69%)
  Nearest pole k_near          = 3 (dist = 1.4134e-17, bound ratio = 2.3096)

--- DIMENSION N = 20 (Elapsed: 1.54s) ---
  H(mu_1)                      = 1.64538314e-30
  H(mu_1) Stieltjes residual   = 4.217e-81
  H(mu_2)                      = 2.72463509e-25
  H(mu_2) Stieltjes residual   = 0.0
  Ratio Q_2 = H(mu_1)/H(mu_2)  = 6.03891195e-6
  Inv ratio H(mu_2)/H(mu_1)    = 165592.744
  Tail residual |T_2 - K_2*Q_2|= 1.894e-24
  Dominant pole k_dom          = 3 (Share: 59.67%)
  Nearest pole k_near          = 2 (dist = 6.1473e-26, bound ratio = 2.4797)
  H(mu_3)                      = 8.83567945e-21
  Ratio Q_3 = H(mu_1)/H(mu_3)  = 1.8622033e-10
  Inv ratio H(mu_3)/H(mu_1)    = 5.36998297e+9
  Dominant pole k_dom          = 4 (Share: 52.94%)
  Nearest pole k_near          = 3 (dist = 1.134e-21, bound ratio = 2.1252)

--- DIMENSION N = 24 (Elapsed: 2.67s) ---
  H(mu_1)                      = 5.87448032e-34
  H(mu_1) Stieltjes residual   = 2.059e-84
  H(mu_2)                      = 2.32423303e-28
  H(mu_2) Stieltjes residual   = 1.08e-78
  Ratio Q_2 = H(mu_1)/H(mu_2)  = 2.52749197e-6
  Inv ratio H(mu_2)/H(mu_1)    = 395649.13
  Tail residual |T_2 - K_2*Q_2|= 1.086e-20
  Dominant pole k_dom          = 3 (Share: 60.44%)
  Nearest pole k_near          = 2 (dist = 5.5591e-29, bound ratio = 2.5280)
  H(mu_3)                      = 1.74842251e-23
  Ratio Q_3 = H(mu_1)/H(mu_3)  = 3.35987457e-11
  Inv ratio H(mu_3)/H(mu_1)    = 2.97630158e+10
  Dominant pole k_dom          = 4 (Share: 51.21%)
  Nearest pole k_near          = 3 (dist = 2.1195e-24, bound ratio = 2.0498)

=========================================================================================================
SYNTHESIS TABLE 1: POSITIVE REGULARIZED STIELTJES FUNCTION H(mu) AND EXACT MODAL RATIOS
=========================================================================================================
  N |         H(mu_1) |         H(mu_2) |     Q_2 = H1/H2 | H(mu_2)/H(mu_1) |     Q_3 = H1/H3 | Max Id Res
----------------------------------------------------------------------------------------------------------
  8 |  1.42778793e-15 |   2.2669069e-11 |   6.29839688e-5 |       15877.056 |   7.99809695e-9 |   3.23e-39
 12 |  1.59066966e-21 |  9.54581768e-17 |   1.66635244e-5 |      60011.3143 |   1.19832911e-9 |   2.33e-33
 16 |  3.01331226e-26 |  2.21093838e-21 |   1.36291101e-5 |      73372.3618 |  4.09272715e-10 |   1.35e-27
 20 |  1.64538314e-30 |  2.72463509e-25 |   6.03891195e-6 |      165592.744 |   1.8622033e-10 |   1.89e-24
 24 |  5.87448032e-34 |  2.32423303e-28 |   2.52749197e-6 |       395649.13 |  3.35987457e-11 |   1.09e-20

=========================================================================================================
SYNTHESIS TABLE 2: TERM-BY-TERM POLE DECOMPOSITION OF H(mu_2)
=========================================================================================================
  N |   H_0 = D_0^2 |   H_1 (pole 1) |   H_2 (pole 2) |   H_3 (pole 3) |   H_4 (pole 4) |        H_{>=5} |   H_total(mu_2)
--------------------------------------------------------------------------------------------------------------------------
  8 |  6.480941e-21 |    6.18233e-16 |    1.05102e-11 |   1.215443e-11 |   3.803027e-15 |   1.877692e-17 |   2.2669069e-11
 12 |  4.418399e-27 |   6.988811e-22 |   4.228868e-17 |   5.315779e-17 |   1.100342e-20 |   4.023558e-24 |  9.54581768e-17
 16 |  3.177952e-32 |   1.327306e-26 |   9.290817e-22 |   1.281727e-21 |   1.168382e-25 |   1.447529e-29 |  2.21093838e-21
 20 |  7.028344e-37 |   7.265305e-31 |   1.098758e-25 |   1.625736e-25 |   1.333655e-29 |    5.74342e-34 |  2.72463509e-25
 24 |   1.29496e-40 |   2.596988e-34 |   9.193864e-29 |   1.404784e-28 |   6.026014e-33 |   2.224453e-37 |  2.32423303e-28

=========================================================================================================
SYNTHESIS TABLE 3: POLE SHARES (%), DOMINANCE, AND NEAREST-POLE BOUND FOR MODE j = 2
=========================================================================================================
  N | k_dom | Share_dom(%) | k_near |   |E_near - mu_2| |      H_{k_near} | Bound Ratio H/H_near
------------------------------------------------------------------------------------------------
  8 |     3 |      53.6168 |      2 |    1.85880446e-11 |  1.05101955e-11 |               2.1569
 12 |     3 |      55.6870 |      2 |    4.88884803e-17 |  4.22886839e-17 |               2.2573
 16 |     3 |      57.9721 |      2 |    7.64059389e-22 |  9.29081699e-22 |               2.3797
 20 |     3 |      59.6680 |      2 |     6.1473443e-26 |  1.09875805e-25 |               2.4797
 24 |     3 |      60.4407 |      2 |    5.55914444e-29 |  9.19386434e-29 |               2.5280

=========================================================================================================
SYNTHESIS TABLE 4: COMPARATIVE POLE ARCHITECTURE FOR MODE j = 3
=========================================================================================================
  N | k_dom | Share_dom(%) | k_near |   |E_near - mu_3| |      H_{k_near} | Bound Ratio H/H_near
------------------------------------------------------------------------------------------------
  8 |     4 |      57.8408 |      3 |     9.29508734e-8 |   7.47741718e-8 |               2.3874
 12 |     4 |      61.1757 |      3 |    4.07563106e-13 |  5.15031138e-13 |               2.5773
 16 |     4 |      56.6944 |      3 |    1.41336557e-17 |  3.18782531e-17 |               2.3096
 20 |     4 |      52.9429 |      3 |    1.13395024e-21 |  4.15750923e-21 |               2.1252
 24 |     4 |      51.2127 |      3 |    2.11945323e-24 |  8.52965609e-24 |               2.0498

=========================================================================================================
SYNTHESIS TABLE 5: CONSECUTIVE LOGARITHMIC GROWTH RATES FOR INVERSE RATIOS R_{j1} = H(mu_j)/H(mu_1)
=========================================================================================================
      Interval | Delta N |     R_21(start) |       R_21(end) |    sigma_H21 |    sigma_H31
------------------------------------------------------------------------------------------
  N =  8 -> 12 |       4 |       15877.056 |      60011.3143 |      0.33241 |      0.47457
  N = 12 -> 16 |       4 |      60011.3143 |      73372.3618 |      0.05025 |      0.26858
  N = 16 -> 20 |       4 |      73372.3618 |      165592.744 |      0.20350 |      0.19686
  N = 20 -> 24 |       4 |      165592.744 |       395649.13 |      0.21775 |      0.42811

=========================================================================================================
CELL 73 EXECUTION COMPLETE
=========================================================================================================
