======================================================================
CELL_5_CORRECTED2 — FAST ARCHIMEDEAN MATRIX AUDIT
======================================================================

Parameters:
c = 13
N = 8
T = 60
dps = 80
L = 2.56494935746153673605348744156531860480526794476020711641905
2*pi/L = 2.44963327985465201074267116853344988881041290891894830654387

----------------------------------------------------------------------
1. BUILD REPOSITORY GALERKIN MATRIX
----------------------------------------------------------------------
lambda_min =
4.4304333247366268876285101534657031008754071896933e-23

||v_ground|| = 1.0
||u_ground|| = 1.0

----------------------------------------------------------------------
10. BUILD EXPLICIT ARCHIMEDEAN MATRIX
----------------------------------------------------------------------

----------------------------------------------------------------------
11. MATRIX COMPARISON
----------------------------------------------------------------------

Maximum |Q_arch_repo - Q_arch_explicit| =
5.8727128256132497682347590276879888140480476338548

Location:
m = 0 n = 0

Selected matrix entries:

(0,0)
repo     = -2.898537091612731285638152241717090352539
explicit = 2.974175734000518482596606785970898461509
error    = 5.8727128256132497682

(0,1)
repo     = 0.2360720185542763910946757825501314924128
explicit = 0.4709541043086759781798028257672242038489
error    = 0.23488208575439958709

(1,1)
repo     = -0.9705893063138556437169669238928375196004
explicit = -1.186682939151667703215569192674242721598
error    = 0.2160936328378120595

(1,2)
repo     = -0.01456445308647262247501048940490658898616
explicit = -0.1283737200207988022441736571129691013933
error    = 0.11380926693432617977

(8,8)
repo     = 1.122703353762904811790882718727174567236
explicit = 1.11888787876629698132301131045849973005
error    = 0.0038154749966078304679

----------------------------------------------------------------------
12. GROUND-STATE QUADRATIC FORM
----------------------------------------------------------------------

u^T Q_arch_repo u =
-1.6607005233394925659327632643945105402108987957946

u^T Q_arch_explicit u =
0.15586999290929760240801809550883558208707553448437

|difference| =
1.816570516248790168340781359903346122297974330279

----------------------------------------------------------------------
13. CANONICAL BASIS AUDIT
----------------------------------------------------------------------

k = 0
repo     = -2.8985370916127312856381522417170904
explicit = 2.9741757340005184825966067859708985
error    = 5.8727128256132497682

k = 1
repo     = -0.73451728775957925262229114134270603
explicit = -0.71572883484299172503576636690701852
error    = 0.018788452916587527587

k = 2
repo     = -0.15297852961540331842035203332081981
explicit = -0.15173050098772156089116626433717806
error    = 0.0012480286276817575292

k = 3
repo     = 0.21199123611512537340029236909281548
explicit = 0.21224060827566539882381880237559851
error    = 0.00024937216054002542353

k = 4
repo     = 0.47905849673887447936795923036461712
explicit = 0.47913771873336474347211419764919158
error    = 0.000079221994490264104155

----------------------------------------------------------------------
14. SYMMETRY / PARITY CHECK
----------------------------------------------------------------------

Maximum matrix symmetry error =
0.0

Maximum psi parity error =
0.0

======================================================================
CELL_5_CORRECTED2 SUMMARY
======================================================================

Maximum matrix error:
5.8727128256132497682347590276879888140480476338548

Ground-state quadratic-form difference:
1.816570516248790168340781359903346122297974330279

The expensive nested r -> D_v(r) -> basis-loop
quadrature has NOT been used for the final comparison.

======================================================================
END CELL_5_CORRECTED2
======================================================================
