============================================================================================================================================
CELL 94 — HIGH-THROUGHPUT LARGE-N BOUNDARY GAP & PROJECTOR CONVERGENCE
          STRESS TEST (N in {64, 80, 96, 112, ..., 256})
============================================================================================================================================
Configuration: c = 13, L = log(c) = 2.56494935746, T = 400
Working Precision: 70 decimal digits
Dimensions Sweep: N in [64, 80, 96, 112, 128, 144, 160, 176, 192]
Projector Cutoffs Focus: K in [10, 11, 12]
============================================================================================================================================

>>> Processing Dimension N = 64 (matrix dim = 65) ...
   Completed N = 64 in 44.04s | E_11 = 0.00529441 | E_12 = 0.425751 | g_11 = 0.420457

>>> Processing Dimension N = 80 (matrix dim = 81) ...
   Completed N = 80 in 87.15s | E_11 = 0.00447778 | E_12 = 0.422093 | g_11 = 0.417615

>>> Processing Dimension N = 96 (matrix dim = 97) ...
   Completed N = 96 in 145.62s | E_11 = 0.00419236 | E_12 = 0.420583 | g_11 = 0.41639

>>> Processing Dimension N = 112 (matrix dim = 113) ...
   Completed N = 112 in 242.01s | E_11 = 0.00408673 | E_12 = 0.420129 | g_11 = 0.416042

>>> Processing Dimension N = 128 (matrix dim = 129) ...
   Completed N = 128 in 316.01s | E_11 = 0.00402431 | E_12 = 0.419207 | g_11 = 0.415183

>>> Processing Dimension N = 144 (matrix dim = 145) ...
   Completed N = 144 in 516.23s | E_11 = 0.00400402 | E_12 = 0.418818 | g_11 = 0.414813

>>> Processing Dimension N = 160 (matrix dim = 161) ...
   Completed N = 160 in 638.50s | E_11 = 0.00397523 | E_12 = 0.417871 | g_11 = 0.413895

>>> Processing Dimension N = 176 (matrix dim = 177) ...
   Completed N = 176 in 987.59s | E_11 = 2.67487e-27 | E_12 = 2.1779e-22 | g_11 = 2.17787e-22

>>> Processing Dimension N = 192 (matrix dim = 193) ...
   Completed N = 192 in 1024.30s | E_11 = -0.185444 | E_12 = -0.0750424 | g_11 = 0.110401

All 9 dimensions processed in 4001.45s (66.69m).

############################################################################################################################################
PRIMARY EXECUTIVE SUMMARY TABLE: LARGE-N TRAJECTORY OF BOUNDARY SEPARATION
Track: [N, E_11, E_12, g_10, g_11, g_12, Gamma_11, ||Delta P_11||_{op}]
############################################################################################################################################
   N |         E_{11} |         E_{12} |         g_{10} |         g_{11} |         g_{12} |   Gamma_{11} | ||DP_{11}||_op |  Step time
--------------------------------------------------------------------------------------------------------------------------------------------
  64 |   0.0052944092 |      0.4257515 |   0.0052883869 |     0.42045709 |     0.15004205 |      2.80226 |              — |      44.0s
  80 |    0.004477778 |     0.42209311 |   0.0044726125 |     0.41761533 |     0.15183762 |      2.75041 |      0.0198667 |      87.1s
  96 |    0.004192361 |     0.42058264 |   0.0041879461 |     0.41639027 |     0.14997797 |      2.77634 |       0.011123 |     145.6s
 112 |    0.004086729 |     0.42012871 |   0.0040827298 |     0.41604198 |     0.14949316 |      2.78302 |     0.00594908 |     242.0s
 128 |   0.0040243143 |     0.41920742 |   0.0040205307 |      0.4151831 |     0.14780531 |      2.80899 |     0.00627864 |     316.0s
 144 |   0.0040040234 |     0.41881752 |   0.0040003347 |     0.41481349 |     0.14712649 |      2.81943 |     0.00258195 |     516.2s
 160 |   0.0039752307 |     0.41787056 |   0.0039715807 |     0.41389533 |     0.14570836 |      2.84057 |      0.0032771 |     638.5s
 176 |  2.6748736e-27 |  2.1778972e-22 |  2.6748672e-27 |  2.1778704e-22 |  1.1318538e-17 |   1.92416e-5 |            1.0 |     987.6s
 192 |    -0.18544367 |   -0.075042414 |     0.15570978 |     0.11040126 |    0.073103372 |     0.709019 |            1.0 |    1024.3s
############################################################################################################################################

============================================================================================================================================
TEST A: Boundary Spectral Gaps g_j and Descriptive Local Logarithmic Slopes
s_{11}(N_1, N_2) = - log[g_{11}(N_2)/g_{11}(N_1)] / log(N_2/N_1) and s_{E11}
(Descriptive diagnostic of effective local power-law exponent; no curve fit)
============================================================================================================================================
   Step (N1 -> N2) |     g_{11}(N1) |     g_{11}(N2) |    Ratio g11 |   Slope s_{11} |    Ratio E11 |  Slope s_{E11}
--------------------------------------------------------------------------------------------------------------------------------------------
          64 -> 80 |      0.4204571 |      0.4176153 |     0.993241 |      0.0303915 |     0.845756 |       0.750747
          80 -> 96 |      0.4176153 |      0.4163903 |     0.997067 |      0.0161132 |     0.936259 |       0.361246
         96 -> 112 |      0.4163903 |       0.416042 |     0.999164 |     0.00542852 |     0.974804 |       0.165547
        112 -> 128 |       0.416042 |      0.4151831 |     0.997936 |       0.015476 |     0.984727 |       0.115256
        128 -> 144 |      0.4151831 |      0.4148135 |      0.99911 |     0.00756164 |     0.994958 |      0.0429164
        144 -> 160 |      0.4148135 |      0.4138953 |     0.997787 |      0.0210315 |     0.992809 |      0.0684974
        160 -> 176 |      0.4138953 |    2.17787e-22 |  5.26189e-22 |        514.073 |  6.72885e-25 |        583.969
        176 -> 192 |    2.17787e-22 |      0.1104013 |  5.06923e+20 |       -547.916 |  -6.9328e+25 |            nan

============================================================================================================================================
TEST B: Spectral Projector Cauchy Differences ||P_K^{(N+16)} - P_K^{(N)}||_{op} and ||Delta P_K||_F
Auditing Subspace Stabilization across Cutoffs K in {10, 11, 12}
============================================================================================================================================
  Step (N -> N+16) |   ||DP_10||_op |    ||DP_10||_F |   ||DP_11||_op |    ||DP_11||_F |   ||DP_12||_op |    ||DP_12||_F
--------------------------------------------------------------------------------------------------------------------------------------------
          64 -> 80 |    0.005264567 |    0.007445225 |     0.01986669 |     0.02809641 |     0.05592913 |     0.07946028
          80 -> 96 |    0.003142665 |    0.004444404 |     0.01112304 |      0.0157351 |     0.04176149 |       0.059825
         96 -> 112 |    0.001571954 |     0.00222308 |    0.005949079 |    0.008415827 |     0.01711161 |     0.02496451
        112 -> 128 |   0.0008093602 |    0.001144613 |    0.006278639 |    0.008882151 |     0.03669481 |     0.05206511
        128 -> 144 |   0.0003131929 |   0.0004429273 |    0.002581946 |    0.003656061 |     0.01370666 |      0.0195968
        144 -> 160 |   0.0002022366 |   0.0002860305 |    0.003277099 |    0.004636878 |     0.02431322 |     0.03446014
        160 -> 176 |            1.0 |       3.464084 |            1.0 |       3.452279 |            1.0 |       3.451815
        176 -> 192 |            1.0 |        3.81881 |            1.0 |        3.82806 |            1.0 |       3.968684

============================================================================================================================================
TEST C: Competing Boundary Hypotheses Audit: H_{gap}(10) vs H_{gap}(11)
Tracking the Collapse of g_{10} = E_{11} - E_{10} vs the Evolution of g_{11} = E_{12} - E_{11}
============================================================================================================================================
   N |         g_{10} |  g_{10} step ratio |         g_{11} |  g_{11} step ratio |  g_{11} / g_{10}
--------------------------------------------------------------------------------------------------------------------------------------------
  64 |   0.0052883869 |                  — |     0.42045709 |                  — |          79.5057
  80 |   0.0044726125 |           0.845742 |     0.41761533 |           0.993241 |          93.3717
  96 |   0.0041879461 |           0.936353 |     0.41639027 |           0.997067 |          99.4259
 112 |   0.0040827298 |           0.974876 |     0.41604198 |           0.999164 |          101.903
 128 |   0.0040205307 |           0.984765 |      0.4151831 |           0.997936 |          103.266
 144 |   0.0040003347 |           0.994977 |     0.41481349 |            0.99911 |          103.695
 160 |   0.0039715807 |           0.992812 |     0.41389533 |           0.997787 |          104.214
 176 |  2.6748672e-27 |        6.73502e-25 |  2.1778704e-22 |        5.26189e-22 |          81419.8
 192 |     0.15570978 |        5.82122e+25 |     0.11040126 |        5.06923e+20 |         0.709019

============================================================================================================================================
TEST D: Subspace Tilt sin theta_{max} = ||(I - P_K^{(N)}) P_K^{(N+16)}||_{op} for K in {10, 11, 12}
Auditing Whether the Low-Energy Subspaces Stabilize as Invariant Geometric Objects
============================================================================================================================================
  Step (N -> N+16) |    sin theta(K=10) |    cos theta(K=10) |    sin theta(K=11) |    cos theta(K=11) |    sin theta(K=12) |    cos theta(K=12)
--------------------------------------------------------------------------------------------------------------------------------------------
          64 -> 80 |        0.005264567 |          0.9999861 |         0.01986669 |          0.9998026 |         0.05592913 |          0.9984347
          80 -> 96 |        0.003142665 |          0.9999951 |         0.01112304 |          0.9999381 |         0.04176149 |          0.9991276
         96 -> 112 |        0.001571954 |          0.9999988 |        0.005949079 |          0.9999823 |         0.01711161 |          0.9998536
        112 -> 128 |       0.0008093602 |          0.9999997 |        0.006278639 |          0.9999803 |         0.03669481 |          0.9993265
        128 -> 144 |       0.0003131929 |                1.0 |        0.002581946 |          0.9999967 |         0.01370666 |          0.9999061
        144 -> 160 |       0.0002022366 |                1.0 |        0.003277099 |          0.9999946 |         0.02431322 |          0.9997044
        160 -> 176 |                1.0 |       5.736532e-19 |                1.0 |         2.0488e-16 |                1.0 |       1.317648e-12
        176 -> 192 |                1.0 |       1.221881e-35 |                1.0 |       4.339541e-35 |                1.0 |                0.0

================================================================================
CELL 94 EXECUTION COMPLETE
================================================================================
