==============================================================================
CELL 17 — QUADRATIC ARCHIMEDEAN KERNEL AUDIT
==============================================================================

Parameters:
  c   = 13
  N   = 8
  T   = 40
  dps = 60
  L   = 2.564949357461536736053487441565318604805

------------------------------------------------------------------------------
1. GROUND STATE
------------------------------------------------------------------------------


GROUND STATE CACHE: HIT
  key            = 5cb62a328a120d93984871eac88a8524fbb1159c78743bf1b40a08018d476108
  generation dps = 60
  working dps    = 60
  lookup         = 0.006467 s

GROUND STATE CACHE: RETURN
  generation dps = 60
  working dps    = 60
  decode         = 0.000660 s
  validation     = 0.000432 s
  total          = 0.007559 s

Ground-state result:
  lambda_min = 2.933742224132274040817830229558828141346e-23
  ||u_star|| = 1.0
  ||v_star|| = 1.0
  elapsed    = 0.007966 s

------------------------------------------------------------------------------
2. COORDINATE CONSISTENCY
------------------------------------------------------------------------------

canonical -> full -> canonical consistency:
  ||u(v_star) - u_star|| = 0.0

------------------------------------------------------------------------------
3. ALGEBRAIC IDENTITY: D_v(omega) = pi K_v(omega)
------------------------------------------------------------------------------

omega = 0.05
  D_v       = 2.298250233526052522492489016106622442802e-16
  pi*K_v    = 2.298250233526052522492489016106622442802e-16
  abs error = 3.196649730457800514040048961213613133348e-62

omega = 0.125
  D_v       = 0.000000000004402463671982067789093853282157308180557
  pi*K_v    = 0.000000000004402463671982067789093853282157308180557
  abs error = 4.896053984777138753790641940794408629368e-63

omega = 0.25
  D_v       = 0.00000009081012683219409617920879190165297512602
  pi*K_v    = 0.00000009081012683219409617920879190165297512602
  abs error = 5.82098888909211978408800562254849562953e-62

omega = 0.5
  D_v       = 0.0060049380181503696210104164425332939081
  pi*K_v    = 0.0060049380181503696210104164425332939081
  abs error = 7.900312364472152557897737568275548352312e-62

omega = 0.75
  D_v       = 1.245639928449021450116792346287768164394
  pi*K_v    = 1.245639928449021450116792346287768164394
  abs error = 4.667261458395856280358048040335093180443e-61

omega = 0.875
  D_v       = 4.22112507173042730221187482812914444666
  pi*K_v    = 4.22112507173042730221187482812914444666
  abs error = 6.22301527786114170714406405378012424059e-61

omega = 0.95
  D_v       = 5.897506295595727435874515141118520685284
  pi*K_v    = 5.897506295595727435874515141118520685284
  abs error = 1.244603055572228341428812810756024848118e-60

Maximum |D_v - pi*K_v| = 1.244603055572228341428812810756024848118e-60

------------------------------------------------------------------------------
4. NUMERICAL CONVOLUTION CROSS-CHECK
------------------------------------------------------------------------------

omega = 0.125
  K numerical = (0.000000000001401347710356885146684946620935898381325 + 0.0j)
  K closed    = 0.000000000001401347710356885146684946620935898381325
  abs error   = 2.386641629338709734184214379897781367485e-62
  elapsed     = 1.008113 s

omega = 0.25
  K numerical = (0.00000002890576113629129807759578076937959101705 + 0.0j)
  K closed    = 0.00000002890576113629129807759578076937959101705
  abs error   = 1.779995175527246227257913074789235148602e-62
  elapsed     = 1.024689 s

omega = 0.5
  K numerical = (0.001911431137098161675820216140456737147906 + 0.0j)
  K closed    = 0.001911431137098161675820216140456737147906
  abs error   = 2.430865342914508479353150021007861031481e-62
  elapsed     = 1.972205 s

omega = 0.75
  K numerical = (0.3964995038505931735421332035797751101863 + 0.0j)
  K closed    = 0.3964995038505931735421332035797751101863
  abs error   = 2.333630729197928140179024020167546590221e-61
  elapsed     = 2.055672 s

Maximum numerical/closed K error = 2.333630729197928140179024020167546590221e-61

------------------------------------------------------------------------------
5. ARCHIMEDEAN DIVIDED-DIFFERENCE FORM
------------------------------------------------------------------------------

psi_arch construction elapsed = 77.337042 s

A_arch via psi_arch divided differences =
-1.660742085026845910743511010488925676719

------------------------------------------------------------------------------
6. DIRECT K-BASED ARCHIMEDEAN INTEGRAL
------------------------------------------------------------------------------

Computing
  A_K = (1/pi) int_0^T h(r)
        * int_0^L K_v(1-y/L) cos(r*y) dy dr

This is the intentionally expensive part of cell17.

A_arch via direct K integral =
-1.660742085026845910743511010488925676719

direct K integral elapsed = 129766.105115 s

------------------------------------------------------------------------------
7. THREE-WAY COMPARISON
------------------------------------------------------------------------------

A_divdiff =
-1.660742085026845910743511010488925676719

A_K       =
-1.660742085026845910743511010488925676719

|A_divdiff - A_K| =
0.0

relative difference =
0.0

------------------------------------------------------------------------------
8. HISTORICAL CELL-5 LINEAR QUANTITY (CONTRAST ONLY)
------------------------------------------------------------------------------

A_linear =
-1.878725186240259893057615751264588677049

linear integral elapsed = 15.924085 s

This value is deliberately NOT treated as a candidate
for the quadratic Archimedean functional.

------------------------------------------------------------------------------
9. FINAL DIAGNOSTIC
------------------------------------------------------------------------------

Kernel identity:
  max |D - pi*K| = 1.244603055572228341428812810756024848118e-60

Numerical convolution:
  max |K_numeric - K_closed| = 2.333630729197928140179024020167546590221e-61

Archimedean quadratic form:
  |A_divdiff - A_K| = 0.0
  relative difference = 0.0

Historical linear quantity:
  A_linear = -1.878725186240259893057615751264588677049

==============================================================================
CELL 17 COMPLETE
==============================================================================

