
============================================================
CELL_6 — ARCHIMEDEAN SOURCE / DICTIONARY AUDIT
============================================================

Parameters:
N = 8
c = 13
T = 40
L = 2.5649493574615367360534874415653186048052679447602
dps = 80

------------------------------------------------------------
1. GROUND STATE
------------------------------------------------------------

lambda_min =
2.9337422241322740408178302295588281413977173077664e-23

Canonical dimension =
9

Full dimension =
17

||v_star|| =
1.0

||u_star|| =
1.0

------------------------------------------------------------
2. PRIME MATRIX
------------------------------------------------------------

Prime quadratic form =
-0.155888250952956685848992391256238554942062984824329688594463

------------------------------------------------------------
3. POLE DICTIONARY CHECK
------------------------------------------------------------

Pole matrix form =
1.81663033597980259659253273916740555440145682260799618006905

2 G(i/2) =
1.90611140072127085349388126901581386355264384485178557359675

Difference =
-0.0894810647414682569013485298484083091511870222437893935277

------------------------------------------------------------
4. ARCHIMEDEAN SOURCE VALUES
------------------------------------------------------------

Computing psi_R,T(x) for x = -8, ..., 8
x =  -8  psi_arch,T(x) = -0.09687612923454913182718892892076303369561
x =  -7  psi_arch,T(x) = -0.118282587808741394710771397710209627286
x =  -6  psi_arch,T(x) = -0.1385874709692343264623585500140522040532
x =  -5  psi_arch,T(x) = -0.1580335531424450731652732181168714387081
x =  -4  psi_arch,T(x) = -0.1767995054158745247459581785681127539797
x =  -3  psi_arch,T(x) = -0.1950124588224472848162438164009403097812
x =  -2  psi_arch,T(x) = -0.212784510845982923488197627800104755666
x =  -1  psi_arch,T(x) = -0.2317450523335820239974347871902603048476
x =   0  psi_arch,T(x) = 0.0
x =   1  psi_arch,T(x) = 0.2317450523335820239974347871902603048476
x =   2  psi_arch,T(x) = 0.212784510845982923488197627800104755666
x =   3  psi_arch,T(x) = 0.1950124588224472848162438164009403097812
x =   4  psi_arch,T(x) = 0.1767995054158745247459581785681127539797
x =   5  psi_arch,T(x) = 0.1580335531424450731652732181168714387081
x =   6  psi_arch,T(x) = 0.1385874709692343264623585500140522040532
x =   7  psi_arch,T(x) = 0.118282587808741394710771397710209627286
x =   8  psi_arch,T(x) = 0.09687612923454913182718892892076303369561

Computing Archimedean source derivatives...
x =  -8  psi'_arch,T(x) = 1.115335421705226828700561075917952041025
x =  -7  psi'_arch,T(x) = 0.9830207758065333591114587810831364162151
x =  -6  psi'_arch,T(x) = 0.8297867411494349099519704851275242225752
x =  -5  psi'_arch,T(x) = 0.6481403073436566745780622133287143294671
x =  -4  psi'_arch,T(x) = 0.4254487058383026948563655672676729167889
x =  -3  psi'_arch,T(x) = 0.1379310592061301090889985196246091855432
x =  -2  psi'_arch,T(x) = -0.2681867803050649869941312189694533585396
x =  -1  psi'_arch,T(x) = -0.9749391205344956105175547983841498960333
x =   0  psi'_arch,T(x) = -2.902852665579759161049326837583940618953
x =   1  psi'_arch,T(x) = -0.9749391205344956105175547983841498960333
x =   2  psi'_arch,T(x) = -0.2681867803050649869941312189694533585396
x =   3  psi'_arch,T(x) = 0.1379310592061301090889985196246091855432
x =   4  psi'_arch,T(x) = 0.4254487058383026948563655672676729167889
x =   5  psi'_arch,T(x) = 0.6481403073436566745780622133287143294671
x =   6  psi'_arch,T(x) = 0.8297867411494349099519704851275242225752
x =   7  psi'_arch,T(x) = 0.9830207758065333591114587810831364162151
x =   8  psi'_arch,T(x) = 1.115335421705226828700561075917952041025

------------------------------------------------------------
5. ARCHIMEDEAN DICTIONARY COMPARISON
------------------------------------------------------------

T =
40

Source-derived matrix form =
-1.66074208502684591074351101048892567671898565948137090319317

Repository Archimedean matrix form =
-1.66074208502684591074351101048892567671898565948137090319317

Explicit Weil Archimedean form =
-1.87872518624025989305761575126458867704948120847633267639332

Source - Repository =
4.21687917729220928973942962050800760308398455294740302003111e-81

Source - Explicit =
0.217983101213413982314104740775663000330495548994961773200143

Repository - Explicit =
0.217983101213413982314104740775663000330495548994961773200143

------------------------------------------------------------
6. MATRIX-LEVEL COMPARISON
------------------------------------------------------------

Maximum absolute matrix difference =
7.37953856026136625704400183588901330539697296765795528505443e-81

Location of maximum difference:
m = -1  n = -1

Source value =
-0.97493912053449561051755479838414989603329006231102

Repository value =
-0.97493912053449561051755479838414989603329006231102

------------------------------------------------------------
7. SYMMETRY CHECKS
------------------------------------------------------------

Source matrix symmetry error =
0.0

Repository Archimedean symmetry error =
0.0

------------------------------------------------------------
8. REQUIRED ARCHIMEDEAN VALUE
------------------------------------------------------------

Complete Galerkin Q =
2.9337422241322740408178302295588281413977173077664261320741e-23

Prime =
-0.155888250952956685848992391256238554942062984824329688594463

Pole =
1.81663033597980259659253273916740555440145682260799618006905

Required Archimedean =
-1.66074208502684591074351101048892567671898565948137090319317

Source-derived Archimedean - required =
4.21687917729220928973942962050800760308398455294740302003111e-81

Repository Archimedean - required =
0.0

Explicit Archimedean - required =
-0.217983101213413982314104740775663000330495548994961773200143

============================================================
CELL_6 SUMMARY
============================================================

T =
40

Complete Galerkin Q =
2.9337422241322740408178302295588281413977173077664261320741e-23

Prime contribution =
-0.155888250952956685848992391256238554942062984824329688594463

Pole contribution =
1.81663033597980259659253273916740555440145682260799618006905

Required Archimedean =
-1.66074208502684591074351101048892567671898565948137090319317

Source-derived Archimedean =
-1.66074208502684591074351101048892567671898565948137090319317

Repository Archimedean =
-1.66074208502684591074351101048892567671898565948137090319317

Explicit Weil Archimedean =
-1.87872518624025989305761575126458867704948120847633267639332

Source - Repository =
4.21687917729220928973942962050800760308398455294740302003111e-81

Source - Explicit =
0.217983101213413982314104740775663000330495548994961773200143

Repository - Explicit =
0.217983101213413982314104740775663000330495548994961773200143

============================================================
END CELL_6
============================================================
