==============================================================================
CELL 33 — N-DEPENDENCE OF FOURIER TAIL COEFFICIENTS
==============================================================================

c              = 13
T_ground       = 400
ground dps     = 150
working dps    = 100
N values       = [2, 4, 6, 8, 10, 12]

L = 2.56494935746153673605348744157

GROUND-STATE / LEADING-COEFFICIENT SUMMARY
------------------------------------------------------------------------------
   N                 lambda_min       ||v||-1                     T_v(0)                          A
------------------------------------------------------------------------------
Building N=2 ...

GROUND STATE CACHE: MISS
  generation dps = 150
  working dps    = 100

GROUND STATE CACHE: GENERATED
  Q build        = 572.441417 s
  eigensolve     = 0.006884 s
  validation     = 0.000151 s
  save           = 0.003564 s
  generation     = 572.452160 s

GROUND STATE CACHE: RETURN
  generation dps = 150
  working dps    = 100
  decode         = 0.000207 s
  validation     = 0.000157 s
  final lookup   = 0.000403 s
  total          = 572.456884 s
   2     2.77071043440592708e-9           0.0    0.000268491221861425402     5.62097150237572769e-8
Building N=4 ...

GROUND STATE CACHE: MISS
  generation dps = 150
  working dps    = 100

GROUND STATE CACHE: GENERATED
  Q build        = 1058.035671 s
  eigensolve     = 0.020612 s
  validation     = 0.000172 s
  save           = 0.003404 s
  generation     = 1058.060047 s

GROUND STATE CACHE: RETURN
  generation dps = 150
  working dps    = 100
  decode         = 0.000274 s
  validation     = 0.000158 s
  final lookup   = 0.000333 s
  total          = 1058.064413 s
   4    8.82740619836573535e-15  -7.1436712e-102     6.00228064615253771e-7    2.80920735143345473e-13
Building N=6 ...

GROUND STATE CACHE: MISS
  generation dps = 150
  working dps    = 100

GROUND STATE CACHE: GENERATED
  Q build        = 1536.821699 s
  eigensolve     = 0.150354 s
  validation     = 0.000222 s
  save           = 0.004016 s
  generation     = 1536.976647 s

GROUND STATE CACHE: RETURN
  generation dps = 150
  working dps    = 100
  decode         = 0.000421 s
  validation     = 0.000177 s
  final lookup   = 0.000383 s
  total          = 1536.981830 s
   6    4.34180577590506629e-19           0.0     5.56403218887808774e-9    2.41396221791374908e-17
Building N=8 ...

GROUND STATE CACHE: HIT
  key            = 7f77f99cab98fbfd41bfc923f4e7a5c8daa05b4944fd7232e65374127943dd3a
  generation dps = 150
  working dps    = 100
  lookup         = 0.000388 s

GROUND STATE CACHE: RETURN
  generation dps = 150
  working dps    = 100
  decode         = 0.000588 s
  validation     = 0.000192 s
  total          = 0.001167 s
   8     6.7109352501259621e-23           0.0    8.05042906905053056e-11    5.05346493546008781e-21
Building N=10 ...

GROUND STATE CACHE: MISS
  generation dps = 150
  working dps    = 100

GROUND STATE CACHE: GENERATED
  Q build        = 2941.769056 s
  eigensolve     = 0.626131 s
  validation     = 0.000465 s
  save           = 0.010288 s
  generation     = 2942.406683 s

GROUND STATE CACHE: RETURN
  generation dps = 150
  working dps    = 100
  decode         = 0.001004 s
  validation     = 0.000445 s
  final lookup   = 0.000669 s
  total          = 2942.419382 s
  10    2.41379133000395733e-26           0.0    1.94624058552093657e-12    2.95354947707631659e-24
Building N=12 ...

GROUND STATE CACHE: MISS
  generation dps = 150
  working dps    = 100

GROUND STATE CACHE: GENERATED
  Q build        = 4852.393349 s
  eigensolve     = 0.944880 s
  validation     = 0.000542 s
  save           = 0.028504 s
  generation     = 4853.368252 s

GROUND STATE CACHE: RETURN
  generation dps = 150
  working dps    = 100
  decode         = 0.001089 s
  validation     = 0.000457 s
  final lookup   = 0.000646 s
  total          = 4853.399431 s
  12    1.78247657627226945e-29           0.0    6.64710397571811265e-14    3.44521353885405984e-27

LEADING COEFFICIENT SCALING
------------------------------------------------------------------------------
   N                     T_v(0)              |T_v(0)|                          A
------------------------------------------------------------------------------
   2  0.0002684912218614254020669  0.0002684912218614254  5.620971502375727688994e-8
   4  6.002280646152537709027e-7  6.002280646152538e-7  2.809207351433454725631e-13
   6  5.564032188878087736125e-9  5.564032188878088e-9  2.413962217913749084995e-17
   8  8.050429069050530561039e-11  8.050429069050531e-11  5.05346493546008780676e-21
  10  1.946240585520936573327e-12  1.946240585520937e-12  2.953549477076316587094e-24
  12  6.647103975718112653228e-14  6.647103975718113e-14  3.445213538854059839468e-27

NEXT-ORDER COEFFICIENT B — LARGE-r EXTRACTION
------------------------------------------------------------------------------
For each N, the displayed values are
  B_est(r) = r^4 [ R(r) - A/r^2 ].
Convergence with r is a check on the O(r^-6)
remainder, not yet a derivation of B.

N = 2
------------------------------------------------------------------------------
           r                        B_est(r)
------------------------------------------------------------------------------
      1000.0  -0.000222762212579442015597952248125
      3000.0  -0.000222991935312994626298463977369
     10000.0  -0.00022301807356568977739666149992
     30000.0  -0.000223020371505288344105984586779
    100000.0  -0.000223020632896646900131157307621

N = 4
------------------------------------------------------------------------------
           r                        B_est(r)
------------------------------------------------------------------------------
      1000.0  -0.00000000550563562573688540341371089186
      3000.0  -0.00000000553652888488373413315514294737
     10000.0  -0.00000000554005064487207265923228210868
     30000.0  -0.00000000554036032495991611622238295665
    100000.0  -0.000000005540395551835899682008654768

N = 6
------------------------------------------------------------------------------
           r                        B_est(r)
------------------------------------------------------------------------------
      1000.0  -1.06855333239064260511487974791e-12
      3000.0  -1.0828461517127269822427940023e-12
     10000.0  -1.08448139011634215854014268996e-12
     30000.0  -1.08462523971778414271143413374e-12
    100000.0  -1.08464160355598142267837089044e-12

N = 8
------------------------------------------------------------------------------
           r                        B_est(r)
------------------------------------------------------------------------------
      1000.0  -4.10339046937821180604352004923e-16
      3000.0  -4.20971485556122400005984492633e-16
     10000.0  -4.2219552453209254517285491619e-16
     30000.0  -4.223032758562000206793811346e-16
    100000.0  -4.22315534039444873709387621259e-16

N = 10
------------------------------------------------------------------------------
           r                        B_est(r)
------------------------------------------------------------------------------
      1000.0  -3.70092709102697670164695266211e-19
      3000.0  -3.85731536444043069102705981289e-19
     10000.0  -3.87547360396539567112416040381e-19
     30000.0  -3.8770735783616508819414723036e-19
    100000.0  -3.87725561281796077150405372445e-19

N = 12
------------------------------------------------------------------------------
           r                        B_est(r)
------------------------------------------------------------------------------
      1000.0  -6.18865893434787743520154796761e-22
      3000.0  -6.58550044618659008432679231075e-22
     10000.0  -6.63211096628302636025502433654e-22
     30000.0  -6.63622320996548260951988063622e-22
    100000.0  -6.63669112760834770033556328022e-22

FACTORISATION SANITY CHECK
------------------------------------------------------------------------------
   N      relative factorisation error
------------------------------------------------------------------------------
   2                 5.19009529047e-90
   4                 1.46606327454e-84
   6                 3.37958771906e-78
   8                 4.21031622159e-77
  10                 2.66486856215e-74
  12                 3.95024871574e-71

SUCCESSIVE-N RATIOS
------------------------------------------------------------------------------
These ratios are exploratory only; they are not
intended as fits to an asymptotic law.

    N -> N+2           |T_N+2(0)| / |T_N(0)|                A_N+2 / A_N
------------------------------------------------------------------------------
    2 -> 4            0.0022355593618812815811   4.9977256604950428983e-6
    4 -> 6            0.0092698634350671902305  0.000085930368104795687746
    6 -> 8             0.014468696074660544546  0.00020934316610089745005
    8 -> 10            0.024175613111146591737  0.00058446026929984298855
   10 -> 12            0.034153557505527657732   0.0011664654902833846024

==============================================================================
Elapsed time: 10963.887 s
==============================================================================
