========================================================================
CELL 21 — MODERN CELL-5 REIMPLEMENTATION
========================================================================

Parameters:
  c              = 13
  N              = 8
  T              = 60
  working_dps    = 40

Forensic ground state:
  c              = 13
  N              = 8
  T              = 400
  generation_dps = 150

L =
2.564949357461536736053487441565318604805

------------------------------------------------------------------------
1. FORENSIC GROUND STATE
------------------------------------------------------------------------

GROUND STATE CACHE: HIT
  key            = 7f77f99cab98fbfd41bfc923f4e7a5c8daa05b4944fd7232e65374127943dd3a
  generation dps = 150
  working dps    = 40
  lookup         = 0.001701 s

GROUND STATE CACHE: RETURN
  generation dps = 150
  working dps    = 40
  decode         = 0.000819 s
  validation     = 0.000448 s
  total          = 0.002968 s

Forensic ground-state result:
  lambda =
6.710935250125962103470958948612124852279e-23

  ||u_star|| =
1.0

ground-state retrieval elapsed = 0.003410 s

------------------------------------------------------------------------
2. CANONICAL GROUND-STATE VECTOR
------------------------------------------------------------------------

||v_star|| =
1.0

------------------------------------------------------------------------
3. CELL-21 GALERKIN MATRIX
------------------------------------------------------------------------

Q(T=60) construction elapsed = 48.635023 s

------------------------------------------------------------------------
4. TOTAL QUADRATIC FORM
------------------------------------------------------------------------

total =
5.163584733099529874752221534327717077251e-23

total quadratic-form elapsed = 0.001841 s

------------------------------------------------------------------------
5. PRIME MATRIX
------------------------------------------------------------------------

prime =
-0.1549161798920014924128116322536594828988

prime elapsed = 0.078515 s

------------------------------------------------------------------------
6. POLE MATRIX
------------------------------------------------------------------------

pole =
1.813949267382937161525851893993136034725

pole elapsed = 1.467305 s

------------------------------------------------------------------------
7. ARCHIMEDEAN MATRIX FORM
------------------------------------------------------------------------

arch = total - prime - pole =
-1.659033087490935669112988625892145556527

------------------------------------------------------------------------
8. EXPLICIT ARCHIMEDEAN
------------------------------------------------------------------------

Computing corrected quadratic K-Fourier Archimedean functional...

K-fourier =
-1.659033087490935669112988625892145556527

explicit Archimedean elapsed = 47766.628910 s

------------------------------------------------------------------------
9. AGREEMENT
------------------------------------------------------------------------

matrix arch =
-1.659033087490935669112988625892145556527

explicit arch =
-1.659033087490935669112988625892145556527

difference =
0.0

relative =
0.0

------------------------------------------------------------------------
10. HISTORICAL CELL-5 LINEAR QUANTITY
------------------------------------------------------------------------

linear result =
-1.877673220328259107190595234644741121898

[WRONG; retained for forensic comparison]

========================================================================
CELL 21 COMPLETE
========================================================================

Quadratic forms:
  total          = 5.163584733099529874752221534327717077251e-23
  prime          = -0.1549161798920014924128116322536594828988
  pole           = 1.813949267382937161525851893993136034725
  arch           = -1.659033087490935669112988625892145556527

Explicit Archimedean:
  K-fourier      = -1.659033087490935669112988625892145556527

Agreement:
  matrix arch    = -1.659033087490935669112988625892145556527
  explicit arch  = -1.659033087490935669112988625892145556527
  difference     = 0.0
  relative       = 0.0

Historical Cell-5 expression:
  linear result  = -1.877673220328259107190595234644741121898
  [WRONG; retained for forensic comparison]

Timing:
  ground state   = 0.003410 s
  Q(T=60)       = 48.635023 s
  total form     = 0.001841 s
  prime          = 0.078515 s
  pole           = 1.467305 s
  Archimedean    = 47766.628910 s
  linear         = 4.689340 s

========================================================================
CELL 21 COMPLETE
========================================================================
