============================================================
GROUND STATE
============================================================
lambda = 4.430433324736626887628510153465703100875e-23

Canonical ground-state norm =
1.0

First few zeta zeros:
1 14.13472514173469379045725198356247
2 21.022039638771554992628479593896903
3 25.010857580145688763213790992562822
4 30.424876125859513210311897530584091
5 32.935061587739189690662368964074903

============================================================
GROUND-STATE FUNCTIONAL CHECKS
============================================================
F(gamma1) = 9.56325501597313457497697002936e-21
F(gamma2) = -5.59238139536278115347203667244e-17
F(gamma3) = 1.65582090582311345303456126236e-14
P(v)       = 13.3496194837699894731545469142
F'(gamma1) = -0.000378385480943448224350245226504

============================================================
CONSTRAINED DERIVATIVE BOUND
============================================================

m    constraints       D_m                         det(G_m)
------------------------------------------------------------
0   1                 0.857549330939572397380572758475578.13896149645026325
1   2                 0.857264591340603080317533531464713.93142305330736292
2   3                 0.848726327096095877763669591987350.68603719959086536
3   4                 0.6049924270545042290298680477842.0259493113137547691
4   5                 0.5636015718946106159871388842980.00015701432614178218552
5   6                 0.2021166252129722978613522007157.159794379340831988e-12
6   7                 0.04315629830879567094786411558472.1269424677062812811e-22
7   8                 0.005112094776114513369417405361263.0298744086590382741e-37

============================================================
INCREMENTAL CONSTRAINT GEOMETRY
============================================================

Adding F(gamma_1) = 0
||new constraint_perp|| = 1.111250910281089508791167811151914892684
||d_perp(previous)||    = 0.8575493309395723973805727584750034095303
cos(theta)              = 0.02576756157317153103687778103297346399605
|cos(theta)|^2          = 0.0006639672294271861074378869357821229202635
D_previous              = 0.8575493309395723973805727584750034095303
D_new                   = 0.857264591340603080317533531463603933215
D_new / D_previous     = 0.9996679612604241173758800659178131444634

Adding F(gamma_2) = 0
||new constraint_perp|| = 0.7008595387838708567493146053583086657005
||d_perp(previous)||    = 0.857264591340603080317533531463603933215
cos(theta)              = 0.1407856101114408405579617733720465300335
|cos(theta)|^2          = 0.01982058801445063344614983818599571309455
D_previous              = 0.857264591340603080317533531463603933215
D_new                   = 0.8487263270960958777636695919870446576537
D_new / D_previous     = 0.990040106251029290368381529581767811298

Adding F(gamma_3) = 0
||new constraint_perp|| = 0.0760072553649671483322701742023889420011
||d_perp(previous)||    = 0.8487263270960958777636695919870446576537
cos(theta)              = 0.7013430400337137482769795681499878877726
|cos(theta)|^2          = 0.4918820598037314054138798415112829051475
D_previous              = 0.8487263270960958777636695919870446576537
D_new                   = 0.604992427054504229029868047783649191987
D_new / D_previous     = 0.7128239194894266415228006125987118553083

Adding F(gamma_4) = 0
||new constraint_perp|| = 0.00880349966858658825546684222353524370671
||d_perp(previous)||    = 0.604992427054504229029868047783649191987
cos(theta)              = 0.363524835909159483555684282009538889329
|cos(theta)|^2          = 0.1321503063227813283231016503984607447336
D_previous              = 0.604992427054504229029868047783649191987
D_new                   = 0.563601571894610615987138884297845764489
D_new / D_previous     = 0.9315845069972013396079860509646439555888

Adding F(gamma_5) = 0
||new constraint_perp|| = 0.0002135406868054216389983178900036955206904
||d_perp(previous)||    = 0.563601571894610615987138884297845764489
cos(theta)              = 0.933485113842620618250435594374026443065
|cos(theta)|^2          = 0.8713944577657703757972849725276667916031
D_previous              = 0.563601571894610615987138884297845764489
D_new                   = 0.2021166252129722978613522007148563276557
D_new / D_previous     = 0.3586161488754091567515998132741448043436

Adding F(gamma_6) = 0
||new constraint_perp|| = 0.000005450390215809337016761901886044387529383
||d_perp(previous)||    = 0.2021166252129722978613522007148563276557
cos(theta)              = -0.976938307358094335328281924143392903105
|cos(theta)|^2          = 0.9544084563836983965320356173769013957355
D_previous              = 0.2021166252129722978613522007148563276557
D_new                   = 0.04315629830879567094786411558470327797729
D_new / D_previous     = 0.213521763800090419419728431560069241612

Adding F(gamma_7) = 0
||new constraint_perp|| = 0.00000003774282836397579880788439474313268738698
||d_perp(previous)||    = 0.04315629830879567094786411558470327797729
cos(theta)              = -0.9929593788802457687462107612154768746
|cos(theta)|^2          = 0.9859683281062434668175711680224604365012
D_previous              = 0.04315629830879567094786411558470327797729
D_new                   = 0.005112094776114513369417405361256711411135
D_new / D_previous     = 0.1184553582315149354781810149443524753181

============================================================
MAXIMISING VECTOR FOR m = 2
============================================================
D_m =
0.848726327096095877763669591987044657653672658277128165086134

||v_star|| =
1.0

Constraint residuals:
P(v) = -4.624319880282757605677146373765092148385e-81
F(gamma1) = -2.654032815402713412144660160188641914677e-82
F(gamma2) = 2.394188580252569068784011026392210170084e-82

Derivative:
F'(gamma1) = 0.84872632709609587776366959198704465765367265827713

============================================================
LOCAL F(tau) FOR v_star
============================================================

Around gamma_1 = 14.1347251417346937904572519836
-0.01 -0.00848731473743568943847370113108
0 -3.29443685725953850760892939102e-83
0.01 0.00848693068976908100819190445387

Around gamma_2 = 21.0220396387715549926284795939
-0.01 -0.00102328972300321494126818158627
0 5.27109897161526161217428702564e-82
0.01 0.00100111893174288552546737729835

============================================================
DIAGNOSTICS FOR v_star (m = 2)
============================================================

Canonical coefficients v_star:
v[0] = -0.01370305874752100801062486085815610438916
v[1] = 0.1303557935218857916253291769062976528356
v[2] = 0.1514495733369037720402569305249421524168
v[3] = 0.19045321076621581890504965744500662946
v[4] = 0.2881490727148499300159763387298236586131
v[5] = 0.7357775578065990185251715420943540787431
v[6] = 0.399807496217111185365364562254734279865
v[7] = -0.2722543089035038230747761558068054733915
v[8] = -0.255427580920619765812832269160895631072

F'(gamma_j):
j=1  gamma=14.1347251417346937904572519836
     F'(gamma_j) = 0.8487263270960958777636695919870446576537
j=2  gamma=21.0220396387715549926284795939
     F'(gamma_j) = 0.1012208122528213693417420550415520459654
j=3  gamma=25.0108575801456887632137909926
     F'(gamma_j) = 0.08871970606544431898204104245682875891087
j=4  gamma=30.4248761258595132103118975306
     F'(gamma_j) = 0.02310415534934336752468258720434476386473
j=5  gamma=32.9350615877391896906623689641
     F'(gamma_j) = -0.01426057349017346781250286710227923710959

F(gamma_j):
j=1  gamma=14.1347251417346937904572519836
     F(gamma_j) = -3.294436857259538507608929391021880939909e-83
j=2  gamma=21.0220396387715549926284795939
     F(gamma_j) = 5.271098971615261612174287025635009503855e-82
j=3  gamma=25.0108575801456887632137909926
     F(gamma_j) = 0.05330715954228485878608390131084026353326
j=4  gamma=30.4248761258595132103118975306
     F(gamma_j) = 0.0767445444608726584177601692415669726906
j=5  gamma=32.9350615877391896906623689641
     F(gamma_j) = -0.07273461919594998768836086080323158102906

Pole functional:
P(v_star) = -5.2710989716152616121742870256350095038549806911843e-81

Norm:
||v_star|| = 1.0

First unconstrained zero:
gamma_3 = 25.01085758014568876321379099256282181866
F(gamma_3) = 0.053307159542284858786083901310840263533260919615444
