==========================================================================================================
CELL 62 — OPERATOR DECOMPOSITION OF THE FIRST-JET SCALE & EVEN RESOLVENT PROFILE
==========================================================================================================
Parameters: c = 13, L = 2.56494935746154, T = 400, dps = 50
Analyzing the exact decomposition <d, R_even s_2> = T_cross + M_1 * <d, R_even d>.

==========================================================================================================
PART 1: EXACT OPERATOR RESOLVENT DECOMPOSITION: D_1 / D_0 vs T_diag & T_cross
==========================================================================================================
Theorem 7.3: D_1 / D_0 = kappa^2 [ T_diag + T_cross - D_0^2 M_2 ]
where T_diag = M_1 * <d, R_even d>  and  T_cross = <d, R_even K psi>

  N          D_1 / D_0     kappa^2 T_diag    kappa^2 T_cross kappa^2 ||Kc||^2 T_diag / Total    Abs Error
----------------------------------------------------------------------------------------------------------
  8      41784.8695694      87786.3664798     -45993.7792547        7.7176557      2.1005248  3.52218e-29
 12      96318.2300893      290845.391413      -194518.18407         8.977254      3.0193483  5.07515e-22
 16      175441.728712      725037.651443     -549586.249822        9.6729083       4.132413  7.13996e-17
 20      308123.664966      1454861.74549     -1146727.97773        10.102789      4.7215265  6.62418e-11
 24      519962.346832      2234013.19543     -1714040.49695        10.351642      4.2964048   1.55016e-7

==========================================================================================================
PART 2: EVEN-SECTOR MODE-BY-MODE RESOLVENT SPECTRUM (N = 24)
==========================================================================================================
Auditing d_k = <u_k, d> and the rescaled overlap d_k^2 / Delta_{even, k}:

Mode k                E_k   Delta_k = E_k - lam0                d_k    d_k^2 / Delta_k       Cum <d, R d>
----------------------------------------------------------------------------------------------------------
     1    4.495836506e-37      4.49583397213e-37   -1.611517253e-17        577.6431855      577.643185497
     2    1.562159531e-31      1.56215953059e-31    9.561595311e-15        585.2417957      1162.88498118
     3    1.370436215e-26      1.37043621504e-26    2.901794524e-12        614.4329352      1777.31791639
     4    2.904893034e-22      2.90489303437e-22    4.044999742e-10        563.2573288      2340.57524518
     5    6.289942098e-18      6.28994209831e-18     5.320882753e-8        450.1121445      2790.68738969
     6    2.136264329e-14      2.13626432874e-14     2.685765816e-6        337.6613054      3128.34869505
     7    6.801360852e-11      6.80136085154e-11    0.0001244660916        227.7751218      3356.12381687
     8     5.553038733e-8       5.55303873329e-8     0.002846185522        145.8799842      3502.00380108
     9     2.843349165e-5       2.84334916515e-5      0.05438496104        104.0225388      3606.02633985
    10     0.005011651542       0.00501165154234        0.642915549        82.47588636      3688.50222621
    11       0.3965702099         0.396570209908        4.113918023        42.67673436      3731.17896057
    12        1.306395079          1.30639507929         1.94780338        2.904127601      3734.08308817

==========================================================================================================
PART 3: ODD-SECTOR MODE-BY-MODE RESOLVENT SPECTRUM (N = 24)
==========================================================================================================
Auditing a_j = <e_j, psi> and the rescaled overlap a_j^2 / Delta_{odd, j}:

Mode j               mu_j  Delta_j = mu_j - lam0                a_j    a_j^2 / Delta_j            Cum M_1
----------------------------------------------------------------------------------------------------------
     1    4.347808855e-40      4.34527536988e-40    5.015248322e-20        5.788520539       5.7885205392
     2    2.948601981e-34      2.94860197889e-34   -3.888913237e-17        5.129090421      10.9176109603
     3    5.574766034e-29      5.57476603432e-29   -1.563804261e-14        4.386702063       15.304313023
     4    2.133157593e-24      2.13315759277e-24    3.116337655e-12        4.552668969      19.8569819924
     5    5.720129538e-20      5.72012953787e-20    5.506177585e-10        5.300228149      25.1572101414
     6    4.195433809e-16      4.19543380871e-16    -5.035293212e-8        6.043279166      31.2004893078
     7    1.624207329e-12      1.62420732926e-12    -3.655103168e-6        8.225414899      39.4259042068
     8     2.861253657e-9       2.86125365653e-9    0.0001690478166        9.987637497      49.4135417034
     9     1.502210939e-6       1.50221093917e-6    -0.004360989706        12.66016025       62.073701954
    10    0.0004191309296      0.000419130929632      0.08230618465        16.16274904      78.2364509965
    11      0.07618609344        0.0761860934398        1.106150217        16.06025781      94.2967088059
    12        1.071142587          1.07114258656       -1.792833353        3.000768964      97.2974777702

==========================================================================================================
PART 4: SPATIAL COORDINATE PROFILE OF w_d = R_even d (N = 24)
==========================================================================================================
Inspecting the components w_d(m) in canonical basis for m = 0, ..., N:

   m   Normalized s = m/N                   w_d(m)       w_d(m) / ||w_d||
--------------------------------------------------------------------------
   0                  0.0      1.4307593245136e+19           0.3991547088
   1            0.0416667     -7.4270931868844e+18          -0.2072018101
   2            0.0833333     -1.5277212080469e+19          -0.4262052349
   3                0.125       2.348356952233e+19           0.6551470393
   4             0.166667     -1.4933696608842e+19          -0.4166218049
   5             0.208333      4.0549586059889e+18           0.1131256525
   6                 0.25      4.8845326327656e+17          0.01362691941
   7             0.291667     -6.2896351144836e+17         -0.01754688877
   8             0.333333      1.1000318820747e+17         0.003068880265
   9                0.375        1.71633623013e+16        0.0004788252478
  10             0.416667     -2.4331798137079e+15        -6.788110085e-5
  11             0.458333     -2.0376054001376e+15        -5.684532515e-5
  12                  0.5      2.5000895561312e+14         6.974775573e-6
  13             0.541667         30665588361771.0           8.5551174e-7
  14             0.583333         13778168680786.0         3.843847678e-7
  15                0.625         -1987331359276.8        -5.544277479e-8
  16             0.666667         -399505450693.94        -1.114544418e-8
  17             0.708333         -34074124359.366       -9.506034281e-10
  18                 0.75         -10057429192.967       -2.805831947e-10
  19             0.791667          2777492736.6639        7.748677821e-11
  20             0.833333           96818659.47306        2.701056926e-12
  21                0.875          36463273.734214        1.017256163e-12
  22             0.916667          4109648.1244347        1.146513863e-13
  23             0.958333         -41066.922619901       -1.145689234e-15
  24                  1.0         -7077.5340848397       -1.974497743e-16

==========================================================================================================
PART 5: ASYMPTOTIC SCALING OF RESOLVENT ELEMENTS ACROSS DIMENSIONS
==========================================================================================================
Tracking M_1(N), <d, R_even d>(N), and effective power-law growth:

  N           M_1(N)      <d, R_even d>   Product M_1 <d,Rd>          D_1 / D_0 Ratio (D_1/D_0) / (kappa^2 M_1 <d,Rd>)
--------------------------------------------------------------------------------------------------------------------
  8          51.6098        283.4606305        14629.3465065        41784.86957                           0.47598359
 12         69.04321        702.0031583        48468.5513414        96318.23009                           0.33116643
 16        79.976697        1510.758156        120825.447715        175441.7287                           0.24197602
 20        89.414565        2711.510619        242448.542379         308123.665                           0.21178897
 24        99.442687        3743.783606        372291.899603        519962.3468                           0.23274811

==========================================================================================================
CELL 62 EXECUTION COMPLETE
==========================================================================================================
