================================================================================
CELL 116 — BOUNDARY-FLUX KERNEL ASYMPTOTICS & AIRY BOUNDARY LAYER MECHANISM
  Configuration: c = 13, Primary T = 600, N_max = 192
  mpmath dps = 70, matrix dps = 70
================================================================================

--- MODULE 1: BOUNDARY PROPORTIONALITY LOCK kappa_alpha(N) = |alpha_N| / |T_v(0)| ---
   N |        |alpha_N| |         |T_v(0)| |  kappa_alpha = |a|/|T| |    a_N / sqrt(2) |    kappa / (a_N/sqrt(2))
---------------------------------------------------------------------------------------------------------
  [Retrieved cached H_192 in 2.01 s]

  64 |    2.4218845e-22 |    8.7211935e-25 |              277.70104 |        5.2680253 |                52.714447
  80 |    1.9705339e-22 |    7.0170728e-25 |              280.81993 |       -4.5954641 |               -61.108067
  96 |    1.8162911e-22 |    6.4268511e-25 |               282.6098 |       -17.452153 |               -16.193406
 112 |    1.7951172e-22 |    6.3200914e-25 |              284.03342 |       -13.044517 |               -21.774161
 128 |    1.7286674e-22 |    6.0646725e-25 |              285.03887 |       -44.679346 |               -6.3796562
 144 |    1.7476383e-22 |    6.1060114e-25 |              286.21602 |       -43.066856 |               -6.6458537
 160 |    1.7116185e-22 |    5.9438973e-25 |              287.96233 |        24.173617 |                11.912257
 192 |    1.6798055e-22 |    5.8116828e-25 |              289.03943 |       -145.37935 |               -1.9881739
---------------------------------------------------------------------------------------------------------
  Mean kappa_alpha:                284.17761
  Std Dev kappa_alpha:             3.50993
  Relative variation (max - min):  3.99 %

--- MODULE 2: AIRY BOUNDARY LAYER MODEL RESCALING (Exponent beta = -1/3) ---
  Evaluating invariant products: S_alpha = N^(1/3)*|alpha_N|,  S_T = N^(1/3)*|T_v(0)|
   N |    N^(1/3)*|alpha_N| |     N^(1/3)*|T_v(0)| |     N^(-1/6)*P_alpha |         N^(-7/6)*P_T
--------------------------------------------------------------------------------------------
  64 |         9.687538e-22 |        3.4884774e-24 |         9.687538e-22 |        3.4884774e-24
  80 |        8.4907732e-22 |         3.023565e-24 |        8.4907732e-22 |         3.023565e-24
  96 |        8.3165372e-22 |        2.9427632e-24 |        8.3165372e-22 |        2.9427632e-24
 112 |        8.6529757e-22 |        3.0464639e-24 |        8.6529757e-22 |        3.0464639e-24
 128 |        8.7119378e-22 |        3.0564034e-24 |        8.7119378e-22 |        3.0564034e-24
 144 |        9.1602161e-22 |        3.2004554e-24 |        9.1602161e-22 |        3.2004554e-24
 160 |        9.2920948e-22 |        3.2268439e-24 |        9.2920948e-22 |        3.2268439e-24
 192 |         9.690795e-22 |        3.3527588e-24 |         9.690795e-22 |        3.3527588e-24
--------------------------------------------------------------------------------------------
  Invariant C_alpha = N^(1/3)*|alpha_N|:  mean = 9.0003585e-22,  max spread = 15.27 %
  Invariant C_T     = N^(1/3)*|T_v(0)|:   mean = 3.1672164e-24,  max spread = 17.23 %

--- MODULE 3: BOUNDARY-ROW MODAL FLUX DECOMPOSITION AT N = 192 ---
  Solving localized eigenvector v_192 and decomposing (H u_N)_N = sum_{k=1}^N H_{Nk} k^2 v_k
  [Eigenpair extraction at N = 192 completed in 541.16 s]

Sector / Partition               | Index Range    |        Partial Sum |    % of Total Flux
------------------------------------------------------------------------------------------
Bulk Sector k <= 24              | k in [1, 24]   |     -5.0304579e-13 |       6.02517e+11 %
Bulk Sector k <= 48              | k in [1, 48]   |      -5.152404e-23 |           61.7123 %
Bulk Sector k <= 96              | k in [1, 96]   |     -1.2953843e-22 |           155.153 %
Bulk Sector k <= 144             | k in [1, 144]  |     -1.2959764e-22 |           155.224 %
Bulk Sector k <= 180             | k in [1, 180]  |      -1.227761e-22 |           147.054 %
Bulk Sector k <= 191             | k in [1, 191]  |     -1.1398235e-22 |           136.521 %
Endpoint Diagonal k = N          | k = 192        |      3.0491665e-23 |           -36.521 %
Total Boundary Flux (H u_N)_N    | k in [1, 192]  |     -8.3490683e-23 |         100.0000 %
------------------------------------------------------------------------------------------

--- MODULE 4: THEOREM 1 EQUIPARTITION IDENTITY RESIDUALS ---
  Identity: (H u_N)_N - alpha_N + (a_N / sqrt(2)) * T_v(0) - E_11 * N^2 * v_N = 0
  Computed boundary flux (H u_N)_N:      -8.349068342e-23
  Boundary coupling alpha_N:              -1.679805499e-22
  Contact flux (a_N / sqrt(2)) * T_v(0):  -8.448986652e-23
  Eigenvalue term E_11 * N^2 * v_{N, N}:  3.073232918e-73
  Exact Identity Residual:                2.3309743e-69

  Flux / Contact Ratio:                   0.98817393
  Flux / Alpha Ratio:                     0.4970259
------------------------------------------------------------------------------------------

================================================================================
CELL 116 NUMERICAL SUMMARY OF COMPUTED METRICS
================================================================================
Total script runtime:               543.20 s

================================================================================
CELL 116 EXECUTION COMPLETE
================================================================================
