=========================================================================================================
CELL 76 — SCALE-INVARIANT STIELTJES-RESIDUE REPAIR AUDIT, NORMALIZED ZERO RESIDUALS,
         RECONSTRUCTION CONVERGENCE FLOOR, AND BOUNDARY WEIGHT RATIO SPECTRAL FACTORIZATION
=========================================================================================================
Parameters: c = 13, L = 2.56494935746154, T = 400, dps = 70, V_* = 1.0
Root Finder: Pure bracketed bisection, stopping tol = 1.0e-55 (bracket width / gap)

--- DIMENSION N =  8 (Elapsed: 183.72s) ---
  Total Norm ||d||^2:  Exact = 17, Computed = 17.0, Residual = 2.898e-70
  Even Ground State E_0: 6.71093525013e-23, Odd Ground State mu_0: 3.84258737456e-20
  [Tests A & B] Pure Bisection Stieltjes Zeros z_j^* on (E_j, E_{j+1}):
     j |            E_j |          z_j^* |        E_{j+1} | Iters | Res_norm(z_j^*) | |z_j^* - mu_j|/Gap
    -----------------------------------------------------------------------------------------------
     0 |  6.7109353e-23 |  8.9972973e-23 |  8.5433198e-18 |   183 |     5.76027e-51 |         0.00448727
     1 |  8.5433198e-18 |  1.1471947e-17 |  1.5886778e-13 |   183 |     5.78206e-52 |         0.00866027
     2 |  1.5886778e-13 |  2.2961126e-13 |   1.4663203e-9 |   183 |     2.69983e-52 |          0.0126298
     3 |   1.4663203e-9 |   2.2161211e-9 |   2.8232493e-6 |   183 |     7.51856e-53 |          0.0326748
    ... |            ... |            ... |            ... |   ... |             ... |                ...
     7 |       1.346634 |      2.4472347 |        2.62582 |   183 |     2.59953e-56 |           0.167071
    Max Bisection Iterations: 183, Max Scale-Normalized Residual: 5.76e-51
  [Test C] Stieltjes Residue Product Reconstruction of Boundary Weights d_k^2:
     k |   d_k^2 (Eigen) |  d_{k, prod}^2 (Residue) |       Rel Error
    --------------------------------------------------------------
     0 |   6.4809408e-21 |            6.4809408e-21 |     1.20317e-50
     1 |   6.1823246e-16 |            6.1823246e-16 |     1.37237e-51
     2 |   1.0332816e-11 |            1.0332816e-11 |      5.8957e-52
     3 |    7.2469687e-8 |             7.2469687e-8 |     1.49086e-52
     4 |    8.6250693e-5 |             8.6250693e-5 |     8.95291e-54
    ... |             ... |                      ... |             ...
     8 |       2.0712205 |                2.0712205 |     3.15702e-56
    Max Relative Reconstruction Error across all k in {0, ..., 8}: 1.203e-50
  [Test D] Consecutive Weight Ratio alpha_j = d_{j+1}^2 / d_j^2 Factorization:
     j | alpha_j (Eigen) |  alpha_j (Prod) |    Rel Error |         zeta_j |      R_j / L_j |   zeta/(R/L)
    -----------------------------------------------------------------------------------------------
     0 |        95392.39 |        95392.39 |    1.066e-50 |       373660.4 |       221.7197 |      1685.28
     1 |        16713.48 |        16713.48 |    7.828e-52 |       54242.59 |       114.2246 |      474.877
     2 |        7013.546 |        7013.546 |    4.405e-52 |       20724.04 |       77.87658 |      266.114
     3 |        1190.162 |        1190.162 |     1.58e-52 |       3762.377 |       29.35779 |      128.156
  [Pole Asymmetry Bridge for j = 2]:
    alpha_2 = 7013.5465,  (L_2 / R_2)^2 = 0.00016488694
    Predicted Asymmetry alpha_2 * (L_2 / R_2)^2 = 1.1564422
    Actual H_3(mu_2) / H_2(mu_2)               = 1.1564422
    Asymmetry Identity Residual: 1.811e-71
    Two-Pole Cluster Fidelity:   99.9804%

--- DIMENSION N = 12 (Elapsed: 85.69s) ---
  Total Norm ||d||^2:  Exact = 25, Computed = 25.0, Residual = 8.693e-70
  Even Ground State E_0: 1.78247657627e-29, Odd Ground State mu_0: 1.38569161775e-26
  [Tests A & B] Pure Bisection Stieltjes Zeros z_j^* on (E_j, E_{j+1}):
     j |            E_j |          z_j^* |        E_{j+1} | Iters | Res_norm(z_j^*) | |z_j^* - mu_j|/Gap
    -----------------------------------------------------------------------------------------------
     0 |  1.7824766e-29 |  2.4118751e-29 |  3.9873338e-24 |   183 |     2.60309e-51 |          0.0034692
     1 |  3.9873338e-24 |  5.3141644e-24 |  2.5888431e-19 |   183 |     1.27461e-51 |         0.00456261
     2 |  2.5888431e-19 |  3.7349497e-19 |  4.8301267e-15 |   183 |     2.76895e-52 |          0.0100984
     3 |  4.8301267e-15 |   6.757675e-15 |   1.773584e-11 |   183 |     1.24858e-52 |          0.0228772
    ... |            ... |            ... |            ... |   ... |             ... |                ...
    11 |       2.754403 |      2.9594024 |      3.2533296 |   183 |     3.95671e-56 |           0.363226
    Max Bisection Iterations: 183, Max Scale-Normalized Residual: 2.603e-51
  [Test C] Stieltjes Residue Product Reconstruction of Boundary Weights d_k^2:
     k |   d_k^2 (Eigen) |  d_{k, prod}^2 (Residue) |       Rel Error
    --------------------------------------------------------------
     0 |   4.4183991e-27 |            4.4183991e-27 |     6.05935e-51
     1 |   6.9888095e-22 |            6.9888095e-22 |      2.7659e-51
     2 |   4.1844345e-17 |            4.1844345e-17 |     6.00541e-52
     3 |   5.0303726e-13 |            5.0303726e-13 |     2.25229e-52
     4 |    1.4329412e-9 |             1.4329412e-9 |     9.41402e-53
    ... |             ... |                      ... |             ...
    12 |       7.1697347 |                7.1697347 |     6.90503e-56
    Max Relative Reconstruction Error across all k in {0, ..., 12}: 6.059e-51
  [Test D] Consecutive Weight Ratio alpha_j = d_{j+1}^2 / d_j^2 Factorization:
     j | alpha_j (Eigen) |  alpha_j (Prod) |    Rel Error |         zeta_j |      R_j / L_j |   zeta/(R/L)
    -----------------------------------------------------------------------------------------------
     0 |        158175.2 |        158175.2 |    3.293e-51 |       633511.1 |       287.1198 |      2206.44
     1 |        59873.35 |        59873.35 |    2.165e-51 |       195110.8 |       217.9267 |      895.305
     2 |        12021.63 |        12021.63 |    3.753e-52 |       42140.52 |       97.79358 |      430.913
     3 |        2848.579 |        2848.579 |    3.194e-52 |       9197.737 |       42.50494 |      216.392
  [Pole Asymmetry Bridge for j = 2]:
    alpha_2 = 12021.631,  (L_2 / R_2)^2 = 0.00010456331
    Predicted Asymmetry alpha_2 * (L_2 / R_2)^2 = 1.2570215
    Actual H_3(mu_2) / H_2(mu_2)               = 1.2570215
    Asymmetry Identity Residual: 0.0
    Two-Pole Cluster Fidelity:   99.9877%

--- DIMENSION N = 16 (Elapsed: 83.58s) ---
  Total Norm ||d||^2:  Exact = 33, Computed = 33.0, Residual = 1.739e-69
  Even Ground State E_0: 7.11843015081e-35, Odd Ground State mu_0: 7.66717337741e-32
  [Tests A & B] Pure Bisection Stieltjes Zeros z_j^* on (E_j, E_{j+1}):
     j |            E_j |          z_j^* |        E_{j+1} | Iters | Res_norm(z_j^*) | |z_j^* - mu_j|/Gap
    -----------------------------------------------------------------------------------------------
     0 |  7.1184302e-35 |  9.2219777e-35 |  3.6007808e-29 |   183 |     7.68439e-51 |         0.00212675
     1 |  3.6007808e-29 |  4.7628971e-29 |  3.0029959e-24 |   183 |     2.72323e-51 |         0.00423313
     2 |  3.0029959e-24 |  4.1067361e-24 |  1.2071334e-19 |   183 |     1.92788e-51 |         0.00632055
     3 |  1.2071334e-19 |  1.7516429e-19 |  8.4638109e-16 |   183 |     1.57631e-52 |           0.016637
    ... |            ... |            ... |            ... |   ... |             ... |                ...
    15 |      2.7717512 |      3.0438153 |      3.3120468 |   183 |     6.36054e-56 |           0.232864
    Max Bisection Iterations: 183, Max Scale-Normalized Residual: 7.684e-51
  [Test C] Stieltjes Residue Product Reconstruction of Boundary Weights d_k^2:
     k |   d_k^2 (Eigen) |  d_{k, prod}^2 (Residue) |       Rel Error
    --------------------------------------------------------------
     0 |   3.1779521e-32 |            3.1779521e-32 |     1.58588e-50
     1 |   1.3273059e-26 |            1.3273059e-26 |      4.6076e-51
     2 |   9.2182136e-22 |            9.2182136e-22 |     3.65833e-51
     3 |   3.1340616e-17 |            3.1340616e-17 |     4.14748e-52
     4 |   1.4225077e-13 |            1.4225077e-13 |     2.57623e-52
    ... |             ... |                      ... |             ...
    16 |       7.6992207 |                7.6992207 |     8.53617e-56
    Max Relative Reconstruction Error across all k in {0, ..., 16}: 1.586e-50
  [Test D] Consecutive Weight Ratio alpha_j = d_{j+1}^2 / d_j^2 Factorization:
     j | alpha_j (Eigen) |  alpha_j (Prod) |    Rel Error |         zeta_j |      R_j / L_j |   zeta/(R/L)
    -----------------------------------------------------------------------------------------------
     0 |        417660.8 |        417660.8 |    1.125e-50 |      1711761.0 |       469.0715 |      3649.25
     1 |        69450.56 |        69450.56 |    8.266e-51 |       258403.4 |       235.0159 |      1099.51
     2 |        33998.58 |        33998.58 |    4.073e-51 |       109363.8 |       156.9855 |      696.649
     3 |        4538.863 |        4538.863 |    1.571e-52 |        15540.7 |       58.87555 |      263.958
  [Pole Asymmetry Bridge for j = 2]:
    alpha_2 = 33998.579,  (L_2 / R_2)^2 = 4.0577072e-5
    Predicted Asymmetry alpha_2 * (L_2 / R_2)^2 = 1.3795628
    Actual H_3(mu_2) / H_2(mu_2)               = 1.3795628
    Asymmetry Identity Residual: 3.622e-71
    Two-Pole Cluster Fidelity:   99.9941%

--- DIMENSION N = 20 (Elapsed: 83.04s) ---
  Total Norm ||d||^2:  Exact = 41, Computed = 41.0, Residual = 1.739e-69
  Even Ground State E_0: 1.32323590811e-39, Odd Ground State mu_0: 1.73788068203e-36
  [Tests A & B] Pure Bisection Stieltjes Zeros z_j^* on (E_j, E_{j+1}):
     j |            E_j |          z_j^* |        E_{j+1} | Iters | Res_norm(z_j^*) | |z_j^* - mu_j|/Gap
    -----------------------------------------------------------------------------------------------
     0 |  1.3232359e-39 |  1.5824399e-39 |  1.2878029e-33 |   183 |     6.74314e-51 |         0.00134827
     1 |  1.2878029e-33 |   1.626141e-33 |  2.2151077e-28 |   183 |     2.75222e-51 |         0.00288188
     2 |  2.2151077e-28 |  2.8742975e-28 |  9.8427958e-24 |   183 |     1.57569e-51 |         0.00623897
     3 |  9.8427958e-24 |  1.3138811e-23 |   1.133551e-19 |   183 |     6.27575e-52 |         0.00997531
    ... |            ... |            ... |            ... |   ... |             ... |                ...
    19 |      3.3693587 |      3.6109109 |      3.6126764 |   183 |     2.06521e-54 |          0.0349259
    Max Bisection Iterations: 183, Max Scale-Normalized Residual: 6.743e-51
  [Test C] Stieltjes Residue Product Reconstruction of Boundary Weights d_k^2:
     k |   d_k^2 (Eigen) |  d_{k, prod}^2 (Residue) |       Rel Error
    --------------------------------------------------------------
     0 |   7.0283438e-37 |            7.0283438e-37 |     1.38707e-50
     1 |   7.2653043e-31 |            7.2653043e-31 |     4.74355e-51
     2 |   1.0908822e-25 |            1.0908822e-25 |     3.18954e-51
     3 |   4.0862631e-21 |            4.0862631e-21 |     9.02135e-52
     4 |   4.5022119e-17 |            4.5022119e-17 |     1.04863e-51
    ... |             ... |                      ... |             ...
    20 |     0.087222111 |              0.087222111 |     4.09147e-54
    Max Relative Reconstruction Error across all k in {0, ..., 20}: 1.387e-50
  [Test D] Consecutive Weight Ratio alpha_j = d_{j+1}^2 / d_j^2 Factorization:
     j | alpha_j (Eigen) |  alpha_j (Prod) |    Rel Error |         zeta_j |      R_j / L_j |   zeta/(R/L)
    -----------------------------------------------------------------------------------------------
     0 |       1033715.0 |       1033715.0 |    9.127e-51 |      4968293.0 |       740.5831 |      6708.62
     1 |        150149.6 |        150149.6 |    7.933e-51 |       654697.7 |       345.8113 |      1893.22
     2 |        37458.33 |        37458.33 |    4.092e-51 |       149312.2 |        159.111 |      938.415
     3 |        11017.92 |        11017.92 |    1.951e-51 |       34387.58 |       98.95611 |      347.503
  [Pole Asymmetry Bridge for j = 2]:
    alpha_2 = 37458.334,  (L_2 / R_2)^2 = 3.9500228e-5
    Predicted Asymmetry alpha_2 * (L_2 / R_2)^2 = 1.4796127
    Actual H_3(mu_2) / H_2(mu_2)               = 1.4796127
    Asymmetry Identity Residual: 1.811e-71
    Two-Pole Cluster Fidelity:   99.9948%

--- DIMENSION N = 24 (Elapsed: 82.17s) ---
  Total Norm ||d||^2:  Exact = 49, Computed = 49.0, Residual = 6.955e-69
  Even Ground State E_0: 2.53348484008e-43, Odd Ground State mu_0: 4.3478088547e-40
  [Tests A & B] Pure Bisection Stieltjes Zeros z_j^* on (E_j, E_{j+1}):
     j |            E_j |          z_j^* |        E_{j+1} | Iters | Res_norm(z_j^*) | |z_j^* - mu_j|/Gap
    -----------------------------------------------------------------------------------------------
     0 |  2.5334848e-43 |  2.8793808e-43 |  4.4958365e-37 |   183 |     1.00645e-49 |        0.000966435
     1 |  4.4958365e-37 |  5.3160738e-37 |  1.5621595e-31 |   183 |     2.49721e-50 |         0.00188412
     2 |  1.5621595e-31 |  1.9163922e-31 |  1.3704362e-26 |   183 |     1.25881e-51 |         0.00405394
     3 |  1.3704362e-26 |    1.79863e-26 |   2.904893e-22 |   183 |     8.98359e-52 |         0.00728175
    ... |            ... |            ... |            ... |   ... |             ... |                ...
    23 |      3.6599886 |      3.7393518 |      3.8133554 |   183 |     1.23158e-56 |           0.577997
    Max Bisection Iterations: 183, Max Scale-Normalized Residual: 1.006e-49
  [Test C] Stieltjes Residue Product Reconstruction of Boundary Weights d_k^2:
     k |   d_k^2 (Eigen) |  d_{k, prod}^2 (Residue) |       Rel Error
    --------------------------------------------------------------
     0 |   1.2949598e-40 |            1.2949598e-40 |     2.09927e-49
     1 |   2.5969879e-34 |            2.5969879e-34 |     5.08764e-50
     2 |   9.1424105e-29 |            9.1424105e-29 |     2.98447e-51
     3 |   8.4204115e-24 |            8.4204115e-24 |     1.83584e-51
     4 |   1.6362023e-19 |            1.6362023e-19 |     2.96325e-52
    ... |             ... |                      ... |             ...
    24 |       4.1002317 |                4.1002317 |     2.30176e-56
    Max Relative Reconstruction Error across all k in {0, ..., 24}: 2.099e-49
  [Test D] Consecutive Weight Ratio alpha_j = d_{j+1}^2 / d_j^2 Factorization:
     j | alpha_j (Eigen) |  alpha_j (Prod) |    Rel Error |         zeta_j |      R_j / L_j |   zeta/(R/L)
    -----------------------------------------------------------------------------------------------
     0 |       2005458.0 |       2005458.0 |    1.591e-49 |    1.299765e+7 |       1033.649 |      12574.5
     1 |        352039.0 |        352039.0 |    4.789e-50 |      1904515.0 |       529.6042 |      3596.11
     2 |        92102.75 |        92102.75 |    1.149e-51 |       386869.2 |       245.5165 |      1575.74
     3 |        19431.38 |        19431.38 |     1.54e-51 |       67836.42 |       136.0521 |      498.606
  [Pole Asymmetry Bridge for j = 2]:
    alpha_2 = 92102.75,  (L_2 / R_2)^2 = 1.658971e-5
    Predicted Asymmetry alpha_2 * (L_2 / R_2)^2 = 1.5279579
    Actual H_3(mu_2) / H_2(mu_2)               = 1.5279579
    Asymmetry Identity Residual: 1.811e-71
    Two-Pole Cluster Fidelity:   99.9973%

=========================================================================================================
SYNTHESIS TABLE 1: SCALE-INVARIANT ZERO FINDER & NORMALIZED RESIDUALS (TESTS A & B)
=========================================================================================================
  N | MaxIters |   Max Res_norm |  Res_norm(z_0^*) |  Res_norm(z_2^*) |   |z_2^*-mu_2|/Gap |   |z_3^*-mu_3|/Gap
---------------------------------------------------------------------------------------------------------
  8 |      183 |       5.76e-51 |         5.76e-51 |          2.7e-52 |          0.0126298 |          0.0326748
 12 |      183 |      2.603e-51 |        2.603e-51 |        2.769e-52 |          0.0100984 |          0.0228772
 16 |      183 |      7.684e-51 |        7.684e-51 |        1.928e-51 |         0.00632055 |           0.016637
 20 |      183 |      6.743e-51 |        6.743e-51 |        1.576e-51 |         0.00623897 |         0.00997531
 24 |      183 |      1.006e-49 |        1.006e-49 |        1.259e-51 |         0.00405394 |         0.00728175

=========================================================================================================
SYNTHESIS TABLE 2: EXACT RESIDUE RECONSTRUCTION OF BOUNDARY WEIGHTS d_k^2 (TEST C)
=========================================================================================================
  N |   RelErr(d_0^2) |   RelErr(d_1^2) |   RelErr(d_2^2) |   RelErr(d_3^2) |  MaxRelErr (All) |      Norm Error
---------------------------------------------------------------------------------------------------------
  8 |       1.203e-50 |       1.372e-51 |       5.896e-52 |       1.491e-52 |        1.203e-50 |       2.898e-70
 12 |       6.059e-51 |       2.766e-51 |       6.005e-52 |       2.252e-52 |        6.059e-51 |       8.693e-70
 16 |       1.586e-50 |       4.608e-51 |       3.658e-51 |       4.147e-52 |        1.586e-50 |       1.739e-69
 20 |       1.387e-50 |       4.744e-51 |        3.19e-51 |       9.021e-52 |        1.387e-50 |       1.739e-69
 24 |       2.099e-49 |       5.088e-50 |       2.984e-51 |       1.836e-51 |        2.099e-49 |       6.955e-69

=========================================================================================================
SYNTHESIS TABLE 3: BOUNDARY WEIGHT RATIO alpha_2 FACTORIZATION & SPECTRAL GAP STRUCTURE (TEST D)
=========================================================================================================
  N | alpha_2 (Eigen) |  alpha_2 (Prod) |    Rel Error |         zeta_2 |      R_2 / L_2 |   Pi_2^{outer} |   zeta/(R/L)
---------------------------------------------------------------------------------------------------------
  8 |         7013.55 |         7013.55 |    4.405e-52 |        20724.0 |        77.8766 |       0.338426 |      266.114
 12 |         12021.6 |         12021.6 |    3.753e-52 |        42140.5 |        97.7936 |       0.285275 |      430.913
 16 |         33998.6 |         33998.6 |    4.073e-51 |       109364.0 |        156.986 |       0.310876 |      696.649
 20 |         37458.3 |         37458.3 |    4.092e-51 |       149312.0 |        159.111 |       0.250873 |      938.415
 24 |         92102.7 |         92102.7 |    1.149e-51 |       386869.0 |        245.516 |       0.238072 |      1575.74

=========================================================================================================
SYNTHESIS TABLE 4: BRIDGE TO POLE ASYMMETRY BALANCE FOR MODE j = 2 (TEST D)
=========================================================================================================
  N |        alpha_2 |   (L_2 / R_2)^2 |  alpha_2 * (L/R)^2 |    H_3 / H_2 |   Asymmetry Res |  Fidelity F(%)
---------------------------------------------------------------------------------------------------------
  8 |        7013.55 |     0.000164887 |            1.15644 |      1.15644 |       1.811e-71 | 99.9804%
 12 |        12021.6 |     0.000104563 |            1.25702 |      1.25702 |             0.0 | 99.9877%
 16 |        33998.6 |      4.05771e-5 |            1.37956 |      1.37956 |       3.622e-71 | 99.9941%
 20 |        37458.3 |      3.95002e-5 |            1.47961 |      1.47961 |       1.811e-71 | 99.9948%
 24 |        92102.7 |      1.65897e-5 |            1.52796 |      1.52796 |       1.811e-71 | 99.9973%

================================================================================
CELL 76 EXECUTION COMPLETE
================================================================================
