============================================================
GROUND STATE
============================================================
lambda = 4.430433324736626887628510153465703100875e-23

Canonical ground-state norm =
1.0

First few zeta zeros:
1 14.13472514173469379045725198356247
2 21.022039638771554992628479593896903
3 25.010857580145688763213790992562822
4 30.424876125859513210311897530584091
5 32.935061587739189690662368964074903

============================================================
GROUND-STATE FUNCTIONAL CHECKS
============================================================
F(gamma1) = 9.56325501597313457497697002936e-21
F(gamma2) = -5.59238139536278115347203667244e-17
F(gamma3) = 1.65582090582311345303456126236e-14
P(v)       = 13.3496194837699894731545469142
F'(gamma1) = -0.000378385480943448224350245226504

============================================================
CONSTRAINED DERIVATIVE BOUND
============================================================

m    constraints       D_m                         det(G_m)
------------------------------------------------------------
0   1                 0.857549330939572397380572758475578.13896149645026325
1   2                 0.857264591340603080317533531464713.93142305330736292
2   3                 0.848726327096095877763669591987350.68603719959086536
3   4                 0.6049924270545042290298680477842.0259493113137547691
4   5                 0.5636015718946106159871388842980.00015701432614178218552
5   6                 0.2021166252129722978613522007157.159794379340831988e-12
6   7                 0.04315629830879567094786411558472.1269424677062812811e-22
7   8                 0.005112094776114513369417405361263.0298744086590382741e-37

============================================================
INCREMENTAL CONSTRAINT GEOMETRY
============================================================

Adding F(gamma_1) = 0
||new constraint_perp|| = 1.111250910281089508791167811151914892684
||d_perp(previous)||    = 0.8575493309395723973805727584750034095303
cos(theta)              = 0.02576756157317153103687778103297346399605
|cos(theta)|^2          = 0.0006639672294271861074378869357821229202635
D_previous              = 0.8575493309395723973805727584750034095303
D_new                   = 0.857264591340603080317533531463603933215
D_new / D_previous     = 0.9996679612604241173758800659178131444634

Adding F(gamma_2) = 0
||new constraint_perp|| = 0.7008595387838708567493146053583086657005
||d_perp(previous)||    = 0.857264591340603080317533531463603933215
cos(theta)              = 0.1407856101114408405579617733720465300335
|cos(theta)|^2          = 0.01982058801445063344614983818599571309455
D_previous              = 0.857264591340603080317533531463603933215
D_new                   = 0.8487263270960958777636695919870446576537
D_new / D_previous     = 0.990040106251029290368381529581767811298

Adding F(gamma_3) = 0
||new constraint_perp|| = 0.0760072553649671483322701742023889420011
||d_perp(previous)||    = 0.8487263270960958777636695919870446576537
cos(theta)              = 0.7013430400337137482769795681499878877726
|cos(theta)|^2          = 0.4918820598037314054138798415112829051475
D_previous              = 0.8487263270960958777636695919870446576537
D_new                   = 0.604992427054504229029868047783649191987
D_new / D_previous     = 0.7128239194894266415228006125987118553083

Adding F(gamma_4) = 0
||new constraint_perp|| = 0.00880349966858658825546684222353524370671
||d_perp(previous)||    = 0.604992427054504229029868047783649191987
cos(theta)              = 0.363524835909159483555684282009538889329
|cos(theta)|^2          = 0.1321503063227813283231016503984607447336
D_previous              = 0.604992427054504229029868047783649191987
D_new                   = 0.563601571894610615987138884297845764489
D_new / D_previous     = 0.9315845069972013396079860509646439555888

Adding F(gamma_5) = 0
||new constraint_perp|| = 0.0002135406868054216389983178900036955206904
||d_perp(previous)||    = 0.563601571894610615987138884297845764489
cos(theta)              = 0.933485113842620618250435594374026443065
|cos(theta)|^2          = 0.8713944577657703757972849725276667916031
D_previous              = 0.563601571894610615987138884297845764489
D_new                   = 0.2021166252129722978613522007148563276557
D_new / D_previous     = 0.3586161488754091567515998132741448043436

Adding F(gamma_6) = 0
||new constraint_perp|| = 0.000005450390215809337016761901886044387529383
||d_perp(previous)||    = 0.2021166252129722978613522007148563276557
cos(theta)              = -0.976938307358094335328281924143392903105
|cos(theta)|^2          = 0.9544084563836983965320356173769013957355
D_previous              = 0.2021166252129722978613522007148563276557
D_new                   = 0.04315629830879567094786411558470327797729
D_new / D_previous     = 0.213521763800090419419728431560069241612

Adding F(gamma_7) = 0
||new constraint_perp|| = 0.00000003774282836397579880788439474313268738698
||d_perp(previous)||    = 0.04315629830879567094786411558470327797729
cos(theta)              = -0.9929593788802457687462107612154768746
|cos(theta)|^2          = 0.9859683281062434668175711680224604365012
D_previous              = 0.04315629830879567094786411558470327797729
D_new                   = 0.005112094776114513369417405361256711411135
D_new / D_previous     = 0.1184553582315149354781810149443524753181

============================================================
MAXIMISING VECTOR FOR m = 2
============================================================
D_m =
0.848726327096095877763669591987044657653672658277128165086134

||v_star|| =
1.0

Constraint residuals:
P(v) = -4.624319880282757605677146373765092148385e-81
F(gamma1) = -2.654032815402713412144660160188641914677e-82
F(gamma2) = 2.394188580252569068784011026392210170084e-82

Derivative:
F'(gamma1) = 0.84872632709609587776366959198704465765367265827713

============================================================
LOCAL F(tau) FOR v_star
============================================================

Around gamma_1 = 14.1347251417346937904572519836
-0.01 -0.00848731473743568943847370113108
0 -3.29443685725953850760892939102e-83
0.01 0.00848693068976908100819190445387

Around gamma_2 = 21.0220396387715549926284795939
-0.01 -0.00102328972300321494126818158627
0 5.27109897161526161217428702564e-82
0.01 0.00100111893174288552546737729835

============================================================
CELL_5 — ARCHIMEDEAN FUNCTIONAL AUDIT
============================================================

Parameters:
N = 8
c = 13
L = 2.5649493574615367360534874415653186048052679447602

Full-space dimension:
u_star = 17 x 1

||u_star|| =
1.0

------------------------------------------------------------
1. POLE MATRIX SANITY CHECK
------------------------------------------------------------

<v_star, Q_pole v_star> =
-1.84072306378418647187750733168387185736115321473190470888704e-83

2 g(i/2) =
-7.94782891813863664960654215584028776753133807342625764517581e-82

Difference =
7.76375661176021800241879142267190058179522275195306717428711e-82

------------------------------------------------------------
2. ARCHIMEDEAN FINITE-T COMPARISON
------------------------------------------------------------

T        Repository A_T                     Explicit A_T                       Difference
-------------------------------------------------------------------------------------------------------------------
20       0.7125875193025273831377680272     0.1126854303668876633362796376     0.5999020889356397198014883896
40       0.7421874519938487471064025458     0.05022004150819387874205753254    0.6919674104856548683643450132
80       0.7680270990291234004686951449     0.07376978346942894221745691351    0.6942573155596944582512382313
120      0.7784461685606646057413001424     0.07946266282522268659457754922    0.6989835057354419191467225932
200      0.7882253882773659674976830875     0.06028699289165375731563700332    0.7279383953857122101820460842

------------------------------------------------------------
3. ARCHIMEDEAN SOURCE-LEVEL SAMPLES
------------------------------------------------------------

T = 40
x = 0  psi_arch,T(x) = 0.0
x = 1  psi_arch,T(x) = 0.2317450523335820239974347871902603048476
x = 2  psi_arch,T(x) = 0.212784510845982923488197627800104755666
x = 3  psi_arch,T(x) = 0.1950124588224472848162438164009403097812

T = 120
x = 0  psi_arch,T(x) = 0.0
x = 1  psi_arch,T(x) = 0.2413836582426652134600680477721185777467
x = 2  psi_arch,T(x) = 0.2321611075714235374708902338839783800719
x = 3  psi_arch,T(x) = 0.2243304263672831763421866571522522828788

------------------------------------------------------------
4. REQUIRED ARCHIMEDEAN VALUE
------------------------------------------------------------

Current Galerkin Q =
0.0681996348276903043946975963640488334725382822385907777229656

Prime matrix form =
-0.690399392986416324475732459869833412512591430720128402379049

Pole matrix form =
-1.84072306378418647187750733168387185736115321473190470888704e-83

Required Archimedean =
0.758599027814106628870430056233882245985129712958719180102014

------------------------------------------------------------
5. REQUIRED VALUE VS FINITE-T
------------------------------------------------------------

T = 20
  Repository A_T = 0.7125875193025273831377680271706906599642
  Explicit A_T   = 0.1126854303668876633362796375719894376712
  Required A     = 0.7585990278141066288704300562338822459851
  Explicit - Required = -0.645913597447218965534150418661892808314

T = 40
  Repository A_T = 0.7421874519938487471064025457808209087879
  Explicit A_T   = 0.05022004150819387874205753253867935236543
  Required A     = 0.7585990278141066288704300562338822459851
  Explicit - Required = -0.7083789863059127501283725236952028936197

T = 80
  Repository A_T = 0.7680270990291234004686951448621050721311
  Explicit A_T   = 0.07376978346942894221745691351382455561346
  Required A     = 0.7585990278141066288704300562338822459851
  Explicit - Required = -0.6848292443446776866529731427200576903717

T = 120
  Repository A_T = 0.7784461685606646057413001424027298194819
  Explicit A_T   = 0.07946266282522268659457754921711438590409
  Required A     = 0.7585990278141066288704300562338822459851
  Explicit - Required = -0.679136364988883942275852507016767860081

T = 200
  Repository A_T = 0.7882253882773659674976830875034355049755
  Explicit A_T   = 0.0602869928916537573156370033209643773955
  Required A     = 0.7585990278141066288704300562338822459851
  Explicit - Required = -0.6983120349224528715547930529129178685896

============================================================
CELL_5 SUMMARY
============================================================

Required archimedean contribution:
0.758599027814106628870430056233882245985129712958719180102014

Explicit A_200:
0.0602869928916537573156370033209643773954960423474024049920463

Repository A_200:
0.788225388277365967497683087503435504975505785510304438684178

Repository - explicit at T=200:
0.727938395385712210182046084182471127580009743162902033692131

============================================================
END CELL_5
============================================================
