==============================================================================
CELL 46 — CONTINUOUS ARCHIMEDEAN INTEGRAL & WEIL ZERO-ENERGY BALANCE
==============================================================================
c = 13, L = 2.5649493574615367361, T = 400, dps = 50

==============================================================================
1. CONTINUOUS ARCHIMEDEAN INTEGRAL A_arch(R_max) FOR N = 24
==============================================================================
Formula: A_arch(R_max) = (1/pi) int_0^{R_max} h_+(r) Phi_{v_24}(r)^2 dr
   R_max            A_arch(R_max)       Tail Increment
------------------------------------------------------------------------------
      10       -1.480396530465102                  0.0
      20       -1.479797764647057          0.000598766
      30       -1.479797763974799          6.72258e-10
      40       -1.479797763974798           2.6836e-16
      50       -1.479797763974798          2.93797e-22
      60       -1.479797763974798          4.48504e-29
      80       -1.479797763974798          7.57463e-40

Stabilized Archimedean Integral (R_max = 80): -1.479797763974798326397825

==============================================================================
2. TRI-PARTITE SPECTRAL DECOMPOSITION OF THE WEIL QUADRATIC FORM
==============================================================================
  N           Q_pole          Q_prime           Q_arch      Q_total (Sum)      lambda_min(N)
------------------------------------------------------------------------------
  4      2.206185601    -0.3161532388     -1.890032363      7.8226181e-15      8.8274062e-15
  8      1.813949267    -0.1549161799     -1.659033087      5.3847948e-23      6.7109353e-23
 12      1.675165903    -0.1081007342     -1.567065168      1.3201153e-29      1.7824766e-29
 16      1.609629623    -0.0881936776     -1.521435945      5.1086467e-35      7.1184302e-35
 20      1.572288047   -0.07752866935     -1.494759378      8.8070738e-40      1.3232359e-39
 24      1.551652196   -0.07185443174     -1.479797764      1.2947671e-43      2.5334849e-43

==============================================================================
3. CONTINUUM LIMIT WEIL ENERGY EQUILIBRIUM
==============================================================================
Limiting Pole energy:         Q_pole(infty)  ~ 1.55165219571747 (Cauchy: 0.02064)
Limiting Prime energy:        Q_prime(infty) ~ -0.0718544317426738 (Cauchy: 0.005674)
Limiting Archimedean energy:  Q_arch(infty)  ~ -1.4797977639748 (Cauchy: 0.01496)
Total Weil quadratic form:    Q_total(infty) = 1.294767115e-43
Ratio Q_pole / (|Q_prime| + |Q_arch|):       1.0

==============================================================================
4. VOLTERRA KERNEL SAMPLES AT THE PRIME POWERS (q <= 13)
==============================================================================
  q  Lambda(q)   omega = 1 - log(q)/L       K_v(omega) Contribution -(Lambda/sqrt(q)) K_v
------------------------------------------------------------------------------
  2   0.693147             0.72976185       0.14462677                     -0.070885786
  4   0.693147             0.45952369     8.0925743e-6                    -2.8046725e-6
  8   0.693147             0.18928554    1.2139115e-16                   -2.9748666e-17
  3    1.09861             0.57168266     0.0015226942                   -0.00096582074
  9    1.09861             0.14336532    7.2784338e-20                   -2.6653923e-20
  5    1.60944             0.37252644     2.8084041e-8                     -2.021384e-8
  7    1.94591             0.24134559    1.1337811e-13                   -8.3387886e-14
 11     2.3979            0.065129584    1.3173372e-27                   -9.5242507e-28
 13    2.56495                    0.0              0.0                              0.0

Direct Volterra Prime Sum:  -0.0718544317426738
Matrix-computed Prime Form: -0.0718544317426738
Difference:                 1.67048e-52

==============================================================================
END OF CELL 46
==============================================================================
Conclusions to review in cell46.out:
  1. Does A_arch(R_max) freeze to 50 digits at R_max ~ 60?
  2. Does Q_total(v_N) match lambda_min(N) across all dimensions N?
  3. What are the limiting continuum values of Q_pole, Q_prime, and Q_arch?
  4. Does the direct Volterra prime sum match the matrix-derived prime form?
