=========================================================================================================
CELL 81 — TRI-PARTITE SPECTRAL DECOMPOSITION OF Pi_{j, remote}, WEIGHTED REMOTE SUM S_j(N),
         FOUR-FACTOR SUPPRESSION AUDIT, AND ASYMPTOTIC SCALING
=========================================================================================================
Parameters: c = 13, L = 2.56494935746154, T = 400, dps = 70, V_* = 1.0

--- DIMENSION N =  8 (Elapsed: 0.45s) ---
  Partition: Low (3 modes) = [0, 1, 4], Bulk (1 modes), Edge (2 modes) = [6, 7]
  [Test A] Weighted Remote Sum S_2(N) vs Direct Quantities:
    sum (omega - 1)          = 0.00018353976
    log Pi_{2, remote}       = 0.00018352616
    Pi_{2, remote}           = 1.0001835
    S_2(N) (Weighted Sum)    = 0.0004119515
    S_2^{cons}(N) (Dist Bound) = 0.55272964
    Ratio S_2 / sum(omega-1) = 2.24448
    Ratio S_2 / log(Pi)      = 2.24465
    All Terms B_{2, l} > dev? = YES
     l |   omega - 1 (Actual) |     B_{2, l} (Bound) |  Slack Ratio | Valid?
    ------------------------------------------------------------------------
     0 |            1.439e-10 |          5.63672e-10 |        3.917 |    YES
     1 |           1.84337e-5 |           5.98267e-5 |        3.246 |    YES
     4 |           0.00016392 |          0.000350538 |        2.138 |    YES
     5 |           1.17953e-6 |            1.5739e-6 |        1.334 |    YES
     6 |           6.23532e-9 |           9.13211e-9 |        1.465 |    YES
     7 |          4.89651e-10 |           3.50731e-9 |        7.163 |    YES
  [Test B] Three-Zone Decomposition of S_2(N) = S_low + S_bulk + S_edge:
    S_low  (modes [0, 1, 4]) =    0.00041036496  (99.61%)  [dev = 0.000182354]
    S_bulk (modes 5..5)  =     1.5739023e-6  (0.3821%)  [dev = 1.17953e-6]
    S_edge (modes [6, 7]) =     1.2639418e-8  (0.003068%)  [dev = 6.72497e-9]

--- DIMENSION N = 12 (Elapsed: 1.17s) ---
  Partition: Low (3 modes) = [0, 1, 4], Bulk (5 modes), Edge (2 modes) = [10, 11]
  [Test A] Weighted Remote Sum S_2(N) vs Direct Quantities:
    sum (omega - 1)          = 8.9500421e-5
    log Pi_{2, remote}       = 8.9496852e-5
    Pi_{2, remote}           = 1.0000895
    S_2(N) (Weighted Sum)    = 0.00024955663
    S_2^{cons}(N) (Dist Bound) = 0.31194341
    Ratio S_2 / sum(omega-1) = 2.78833
    Ratio S_2 / log(Pi)      = 2.78844
    All Terms B_{2, l} > dev? = YES
     l |   omega - 1 (Actual) |     B_{2, l} (Bound) |  Slack Ratio | Valid?
    ------------------------------------------------------------------------
     0 |          2.43107e-11 |          9.73674e-11 |        4.005 |    YES
     1 |           5.12502e-6 |           1.67011e-5 |        3.259 |    YES
     4 |           8.43307e-5 |          0.000232739 |         2.76 |    YES
     5 |           4.46095e-8 |           1.16722e-7 |        2.617 |    YES
    ... |                  ... |                  ... |          ... |    ...
    10 |          3.51612e-16 |          1.51334e-15 |        4.304 |    YES
    11 |          1.21466e-16 |          2.06183e-16 |        1.697 |    YES
  [Test B] Three-Zone Decomposition of S_2(N) = S_low + S_bulk + S_edge:
    S_low  (modes [0, 1, 4]) =    0.00024943978  (99.95%)  [dev = 8.94558e-5]
    S_bulk (modes 5..9)  =     1.1684738e-7  (0.04682%)  [dev = 4.46639e-8]
    S_edge (modes [10, 11]) =    1.7195228e-15  (6.89e-10%)  [dev = 4.73078e-16]

--- DIMENSION N = 16 (Elapsed: 1.86s) ---
  Partition: Low (3 modes) = [0, 1, 4], Bulk (9 modes), Edge (2 modes) = [14, 15]
  [Test A] Weighted Remote Sum S_2(N) vs Direct Quantities:
    sum (omega - 1)          = 4.5530183e-5
    log Pi_{2, remote}       = 4.5529308e-5
    Pi_{2, remote}           = 1.0000455
    S_2(N) (Weighted Sum)    = 0.00012976417
    S_2^{cons}(N) (Dist Bound) = 0.57895203
    Ratio S_2 / sum(omega-1) = 2.85007
    Ratio S_2 / log(Pi)      = 2.85012
    All Terms B_{2, l} > dev? = YES
     l |   omega - 1 (Actual) |     B_{2, l} (Bound) |  Slack Ratio | Valid?
    ------------------------------------------------------------------------
     0 |          7.00466e-12 |          2.87082e-11 |        4.098 |    YES
     1 |           3.86982e-6 |           1.43984e-5 |        3.721 |    YES
     4 |           4.16531e-5 |          0.000115343 |        2.769 |    YES
     5 |           7.28379e-9 |           2.31525e-8 |        3.179 |    YES
    ... |                  ... |                  ... |          ... |    ...
    14 |           7.6301e-23 |           1.0882e-22 |        1.426 |    YES
    15 |          3.89263e-21 |          7.84088e-21 |        2.014 |    YES
  [Test B] Three-Zone Decomposition of S_2(N) = S_low + S_bulk + S_edge:
    S_low  (modes [0, 1, 4]) =    0.00012974101  (99.98%)  [dev = 4.55229e-5]
    S_bulk (modes 5..13)  =     2.3163932e-8  (0.01785%)  [dev = 7.28827e-9]
    S_edge (modes [14, 15]) =    7.9496993e-21  (6.126e-15%)  [dev = 3.96893e-21]

--- DIMENSION N = 20 (Elapsed: 3.13s) ---
  Partition: Low (3 modes) = [0, 1, 4], Bulk (13 modes), Edge (2 modes) = [18, 19]
  [Test A] Weighted Remote Sum S_2(N) vs Direct Quantities:
    sum (omega - 1)          = 2.9349722e-5
    log Pi_{2, remote}       = 2.9349334e-5
    Pi_{2, remote}           = 1.0000293
    S_2(N) (Weighted Sum)    = 8.8423018e-5
    S_2^{cons}(N) (Dist Bound) = 0.2960529
    Ratio S_2 / sum(omega-1) = 3.01274
    Ratio S_2 / log(Pi)      = 3.01278
    All Terms B_{2, l} > dev? = YES
     l |   omega - 1 (Actual) |     B_{2, l} (Bound) |  Slack Ratio | Valid?
    ------------------------------------------------------------------------
     0 |          1.17014e-12 |          5.62398e-12 |        4.806 |    YES
     1 |           1.52739e-6 |           6.65989e-6 |         4.36 |    YES
     4 |           2.78206e-5 |           8.17581e-5 |        2.939 |    YES
     5 |           1.76201e-9 |           5.04623e-9 |        2.864 |    YES
    ... |                  ... |                  ... |          ... |    ...
    18 |           1.0368e-25 |          1.41819e-25 |        1.368 |    YES
    19 |          1.95414e-25 |           2.6933e-23 |        137.8 |    YES
  [Test B] Three-Zone Decomposition of S_2(N) = S_low + S_bulk + S_edge:
    S_low  (modes [0, 1, 4]) =      8.841797e-5  (99.99%)  [dev = 2.9348e-5]
    S_bulk (modes 5..17)  =     5.0481072e-9  (0.005709%)  [dev = 1.76277e-9]
    S_edge (modes [18, 19]) =    2.7074805e-23  (3.062e-17%)  [dev = 2.99094e-25]

--- DIMENSION N = 24 (Elapsed: 4.82s) ---
  Partition: Low (3 modes) = [0, 1, 4], Bulk (17 modes), Edge (2 modes) = [22, 23]
  [Test A] Weighted Remote Sum S_2(N) vs Direct Quantities:
    sum (omega - 1)          = 1.4039105e-5
    log Pi_{2, remote}       = 1.4039014e-5
    Pi_{2, remote}           = 1.000014
    S_2(N) (Weighted Sum)    = 4.4968829e-5
    S_2^{cons}(N) (Dist Bound) = 0.24925397
    Ratio S_2 / sum(omega-1) = 3.20311
    Ratio S_2 / log(Pi)      = 3.20313
    All Terms B_{2, l} > dev? = YES
     l |   omega - 1 (Actual) |     B_{2, l} (Bound) |  Slack Ratio | Valid?
    ------------------------------------------------------------------------
     0 |          2.21419e-13 |          1.43505e-12 |        6.481 |    YES
     1 |           5.25062e-7 |           2.84056e-6 |         5.41 |    YES
     4 |           1.35133e-5 |           4.21263e-5 |        3.117 |    YES
     5 |          6.98821e-10 |           1.97224e-9 |        2.822 |    YES
    ... |                  ... |                  ... |          ... |    ...
    22 |          2.73952e-28 |          6.31064e-27 |        23.04 |    YES
    23 |          7.94688e-29 |          1.64693e-28 |        2.072 |    YES
  [Test B] Three-Zone Decomposition of S_2(N) = S_low + S_bulk + S_edge:
    S_low  (modes [0, 1, 4]) =     4.4966856e-5  (100.0%)  [dev = 1.40384e-5]
    S_bulk (modes 5..21)  =     1.9728563e-9  (0.004387%)  [dev = 6.99048e-10]
    S_edge (modes [22, 23]) =    6.4753327e-27  (1.44e-20%)  [dev = 3.53421e-28]
  [Test C] Four-Factor Suppression Audit across Spectral Zones (N = 24):
     l |   Zone |   alpha_l^{-1} | (1 - eps)^{-1} |    D_{2, l}^{-2} |  Delta_2 Delta_l |         B_{2, l}
    --------------------------------------------------------------------------------------------------
     0 |    Low |       4.986e-7 |            1.0 |        4.671e+56 |        6.161e-63 |        1.435e-12
     1 |    Low |       2.841e-6 |            1.0 |        4.671e+56 |        2.141e-57 |         2.841e-6
     4 |    Low |       5.779e-5 |            1.0 |        8.457e+42 |        8.619e-44 |         4.213e-5
     5 |   Bulk |      0.0003925 |            1.0 |        1.717e+34 |        2.927e-40 |         1.972e-9
     8 |   Bulk |       0.002739 |          1.001 |        2.023e+14 |        3.889e-31 |        2.156e-19
    12 |   Bulk |          56.67 |          2.127 |           0.4765 |        6.781e-27 |        3.894e-25
    16 |   Bulk |          3.877 |          1.879 |            0.193 |        3.973e-27 |        5.587e-27
    20 |   Bulk |         2465.0 |          5.301 |           0.1204 |        3.093e-27 |        4.868e-24
    22 |   Edge |          15.07 |          1.419 |          0.08093 |        3.648e-27 |        6.311e-27
    23 |   Edge |         0.1685 |          6.363 |          0.07307 |        2.102e-27 |        1.647e-28

=========================================================================================================
SYNTHESIS TABLE 1: AGGREGATE REMOTE SUMS & BOUNDEDNESS OF S_2(N) VS log Pi_{2, remote} (TEST A)
=========================================================================================================
   N |    sum (omega - 1) |    log Pi_{2, rem} |    Pi_{2, rem} |     S_2(N) (Bound) | S_2 / sum(dev) | Bound Valid?
---------------------------------------------------------------------------------------------------------
   8 |         0.00018354 |        0.000183526 |      1.0001835 |        0.000411952 |          2.244 | YES (ALL MODES)
  12 |         8.95004e-5 |         8.94969e-5 |      1.0000895 |        0.000249557 |          2.788 | YES (ALL MODES)
  16 |         4.55302e-5 |         4.55293e-5 |      1.0000455 |        0.000129764 |           2.85 | YES (ALL MODES)
  20 |         2.93497e-5 |         2.93493e-5 |      1.0000293 |          8.8423e-5 |          3.013 | YES (ALL MODES)
  24 |         1.40391e-5 |          1.4039e-5 |       1.000014 |         4.49688e-5 |          3.203 | YES (ALL MODES)

=========================================================================================================
SYNTHESIS TABLE 2: THREE-ZONE DECOMPOSITION S_2(N) = S_low + S_bulk + S_edge & SHARES (TEST B)
=========================================================================================================
   N |     S_2(N) Total |   S_low (l <= 4) |  Share Low |  S_bulk (5..N-3) | Share Bulk |   S_edge (top 2) | Share Edge
---------------------------------------------------------------------------------------------------------
   8 |      0.000411952 |      0.000410365 |      99.6% |        1.5739e-6 |     0.382% |       1.26394e-8 |   0.00307%
  12 |      0.000249557 |       0.00024944 |     100.0% |       1.16847e-7 |    0.0468% |      1.71952e-15 |  6.89e-10%
  16 |      0.000129764 |      0.000129741 |     100.0% |       2.31639e-8 |    0.0179% |       7.9497e-21 |  6.13e-15%
  20 |        8.8423e-5 |        8.8418e-5 |     100.0% |       5.04811e-9 |   0.00571% |      2.70748e-23 |  3.06e-17%
  24 |       4.49688e-5 |       4.49669e-5 |     100.0% |       1.97286e-9 |   0.00439% |      6.47533e-27 |  1.44e-20%

=========================================================================================================
SYNTHESIS TABLE 3: FOUR-FACTOR MECHANISM AUDIT ACROSS ZONES AT N = 24 (TEST C)
=========================================================================================================
   l |   Zone |   alpha_l^{-1} | (1 - eps)^{-1} |    D_{2, l}^{-2} |  Delta_2 Delta_l |   B_{2, l} (Bound) |    omega - 1 (Act)
---------------------------------------------------------------------------------------------------------
   0 |    Low |       4.986e-7 |            1.0 |        4.671e+56 |        6.161e-63 |        1.43505e-12 |        2.21419e-13
   1 |    Low |       2.841e-6 |            1.0 |        4.671e+56 |        2.141e-57 |         2.84056e-6 |         5.25062e-7
   4 |    Low |       5.779e-5 |            1.0 |        8.457e+42 |        8.619e-44 |         4.21263e-5 |         1.35133e-5
   5 |   Bulk |      0.0003925 |            1.0 |        1.717e+34 |        2.927e-40 |         1.97224e-9 |        6.98821e-10
   8 |   Bulk |       0.002739 |          1.001 |        2.023e+14 |        3.889e-31 |         2.1564e-19 |        9.28316e-20
  12 |   Bulk |          56.67 |          2.127 |           0.4765 |        6.781e-27 |        3.89429e-25 |        1.95878e-27
  16 |   Bulk |          3.877 |          1.879 |            0.193 |        3.973e-27 |        5.58688e-27 |        4.54477e-28
  20 |   Bulk |         2465.0 |          5.301 |           0.1204 |        3.093e-27 |        4.86765e-24 |        3.72224e-28
  22 |   Edge |          15.07 |          1.419 |          0.08093 |        3.648e-27 |        6.31064e-27 |        2.73952e-28
  23 |   Edge |         0.1685 |          6.363 |          0.07307 |        2.102e-27 |        1.64693e-28 |        7.94688e-29

=========================================================================================================
SYNTHESIS TABLE 4: ASYMPTOTIC SCALING & SLACK RATIO PROGRESSION ACROSS DIMENSIONS (TEST D)
=========================================================================================================
   N |           S_2(N) |  S_2(N) / S_2(N-4) |    sum (omega - 1) | Pi_{2, remote} | Slack S_2 / sum(dev)
---------------------------------------------------------------------------------------------------------
   8 |      0.000411952 |       — (Baseline) |         0.00018354 |      1.0001835 |                2.244
  12 |      0.000249557 |             0.6058 |         8.95004e-5 |      1.0000895 |                2.788
  16 |      0.000129764 |               0.52 |         4.55302e-5 |      1.0000455 |                 2.85
  20 |        8.8423e-5 |             0.6814 |         2.93497e-5 |      1.0000293 |                3.013
  24 |       4.49688e-5 |             0.5086 |         1.40391e-5 |       1.000014 |                3.203

================================================================================
CELL 81 EXECUTION COMPLETE
================================================================================
