================================================================================
CELL 48 — PHASE II: EXCITED STATES, NODAL ANATOMY, AND SPECTRAL RESONANCES
================================================================================
Cutoff c = 13, L = 2.56494935746
Dimensions N in [8, 12, 16, 20], dps = 50

Constructing and diagonalizing Galerkin matrix Q(c=13, N=8)...

Constructing and diagonalizing Galerkin matrix Q(c=13, N=12)...

Constructing and diagonalizing Galerkin matrix Q(c=13, N=16)...

Constructing and diagonalizing Galerkin matrix Q(c=13, N=20)...

================================================================================
1. FULL GALERKIN SPECTRUM: LOWEST 8 EIGENVALUES ACROSS DIMENSIONS N
================================================================================
State  Parity             E(N=8)            E(N=12)            E(N=16)            E(N=20)
--------------------------------------------------------------------------------
  E_0    even     6.71093525e-23    1.782476576e-29    7.118430151e-35    1.323235908e-39 
  E_1     odd    3.842587375e-20    1.385691618e-26    7.667173377e-32    1.737880682e-36 
  E_2    even    8.543319759e-18    3.987333817e-24    3.600780776e-29    1.287802917e-33 
  E_3     odd    1.387235494e-15    1.186484877e-21     1.27595596e-26    6.399909638e-31 
  E_4    even    1.588677834e-13    2.588843058e-19     3.00299591e-24    2.215107711e-28 
  E_5     odd    1.874691236e-11     4.91473646e-17    7.670623846e-22    6.169495373e-26 
  E_6    even     1.466320271e-9    4.830126705e-15    1.207133366e-19    9.842795812e-24 
  E_7     odd      9.44171937e-8    4.123932324e-13    1.425436904e-17    1.143793037e-21 
--------------------------------------------------------------------------------
Ground-state eigenvalue (N=20): E_0 = 1.32323590811e-39
First excited state (N=20):     E_1 = 1.73788068203e-36
Fundamental spectral gap:       Delta E = E_1 - E_0 = 1.73655744613e-36
Ratio E_1 / E_0:                1313.3567

================================================================================
2. SPATIAL PROFILES & STURM-LIOUVILLE NODAL LADDER (N = 20)
================================================================================
State  Parity       Eigenvalue E  Nodes         T(L/2)         |T(0)| Interior Zeros in (0, L)
------------------------------------------------------------------------------------------
  E_0    even    1.323235908e-39      0        2.52441    8.38352e-19                     
  E_1     odd    1.737880682e-36      1   -3.18802e-50            0.0                1.282
  E_2    even    1.287802917e-33      2       -1.54829    8.52368e-16         1.115, 1.450
  E_3     odd    6.399909638e-31      3    2.99667e-50            0.0  0.983, 1.282, 1.582
  E_4    even    2.215107711e-28      4       0.802198    3.30285e-13 0.865, 1.132, 1.433, 1.700
  E_5     odd    6.169495373e-26      7   -1.96851e-50            0.0 0.758, 0.979, 1.217, 1.282, ...

================================================================================
3. BOUNDARY EXTINCTION ACROSS EVEN BOUND STATES: |T_{v_k}(0)|
================================================================================
(Note: All odd states satisfy T(0) = T(L) = 0 identically by parity)
     State            N = 8           N = 12           N = 16           N = 20
--------------------------------------------------------------------------------
   Even #0    8.0504291e-11     6.647104e-14    1.7826811e-16    8.3835218e-19
   Even #1     2.4864281e-8    2.6436357e-11    1.1520876e-13    8.5236754e-16
   Even #2     3.2144698e-6     6.4687205e-9    3.0361511e-11    3.3028506e-13
   Even #3    0.00026920194      7.092512e-7     5.5982691e-9    6.3923885e-11

================================================================================
4. FOURIER AMPLITUDES Phi_k(r) AND SPECTRAL RESONANCE WITH RIEMANN ZEROS
================================================================================
Known Riemann zeros: gamma_1 ~ 14.1347, gamma_2 ~ 21.0220, gamma_3 ~ 25.0109

--- State E_0 (even, lambda = 1.3232359e-39) ---
Roots of Phi_0(r) in [1, 35]: 14.1347, 21.0220, 25.0109, 30.4249, 32.9351
  Zero        gamma_k       Phi(gamma_k)          |Phi|^2    Nearest Root r*   |gamma_k - r*|
----------------------------------------------------------------------------------------
   g_1      14.134725      4.4347298e-38    1.9666828e-75          14.134725      5.75329e-20
   g_2       21.02204     -2.6064844e-36    6.7937609e-72           21.02204      2.77936e-20
   g_3      25.010858      8.0004835e-29    6.4007737e-57          25.010858      4.16863e-20
   g_4      30.424876     -2.0589268e-33    4.2391794e-66          30.424876      1.09578e-19
   g_5      32.935062        1.37641e-32    1.8945045e-64          32.935062      3.47811e-20

--- State E_1 (odd, lambda = 1.7378807e-36) ---
Roots of Phi_1(r) in [1, 35]: 14.1347, 21.0220, 25.0109, 30.4249, 32.9351
  Zero        gamma_k       Phi(gamma_k)          |Phi|^2    Nearest Root r*   |gamma_k - r*|
----------------------------------------------------------------------------------------
   g_1      14.134725     -1.4568178e-35    2.1223182e-70          14.134725      5.75329e-20
   g_2       21.02204      5.2465932e-34     2.752674e-67           21.02204      2.77936e-20
   g_3      25.010858     -6.5875545e-28    4.3395874e-55          25.010858      4.16863e-20
   g_4      30.424876      2.6796759e-31    7.1806628e-62          30.424876      1.09578e-19
   g_5      32.935062     -1.6253622e-30    2.6418024e-60          32.935062      3.47811e-20

--- State E_2 (even, lambda = 1.2878029e-33) ---
Roots of Phi_2(r) in [1, 35]: 3.1829, 14.1347, 21.0220, 25.0109, 30.4249, 32.9351
  Zero        gamma_k       Phi(gamma_k)          |Phi|^2    Nearest Root r*   |gamma_k - r*|
----------------------------------------------------------------------------------------
   g_1      14.134725     -3.9560765e-33    1.5650541e-65          14.134725      5.75329e-20
   g_2       21.02204      8.3459285e-32    6.9654522e-63           21.02204      2.77936e-20
   g_3      25.010858     -3.8976153e-27    1.5191405e-53          25.010858      4.16863e-20
   g_4      30.424876      2.7166133e-29     7.379988e-58          30.424876      1.09578e-19
   g_5      32.935062      -1.491856e-28    2.2256344e-56          32.935062      3.47811e-20

--- State E_3 (odd, lambda = 6.3999096e-31) ---
Roots of Phi_3(r) in [1, 35]: 5.4061, 14.1347, 21.0220, 25.0109, 30.4249, 32.9351
  Zero        gamma_k       Phi(gamma_k)          |Phi|^2    Nearest Root r*   |gamma_k - r*|
----------------------------------------------------------------------------------------
   g_1      14.134725      9.0544174e-31    8.1982474e-61          14.134725      5.75329e-20
   g_2       21.02204     -1.0807376e-29    1.1679938e-58           21.02204      2.77936e-20
   g_3      25.010858      1.9359229e-26    3.7477973e-52          25.010858      4.16863e-20
   g_4      30.424876     -2.2182537e-27    4.9206496e-54          30.424876      1.09578e-19
   g_5      32.935062      1.1024127e-26    1.2153137e-52          32.935062      3.47811e-20

================================================================================
5. TRI-PARTITE ARITHMETIC ENERGY DECOMPOSITION FOR LOWEST 4 STATES (N = 20)
================================================================================
State  Parity           Q_pole          Q_prime           Q_arch      Q_total (Sum)           lambda_k
----------------------------------------------------------------------------------------
  E_0    even         1.572288     -0.077528669       -1.4947594      1.3232359e-39      1.3232359e-39
  E_1     odd     -0.038746006       0.37289491       -0.3341489      1.7378807e-36      1.7378807e-36
  E_2    even       0.87232241      -0.41397746      -0.45834495      1.2878029e-33      1.2878029e-33
  E_3     odd     -0.065271488       0.13164326     -0.066371768      6.3999096e-31      6.3999096e-31

================================================================================
END OF CELL 48
================================================================================
