================================================================================
CELL 120 — GATE 1 ROUTE 1B FEASIBILITY AUDIT & DISCRETE BARRIER MECHANICS
  Configuration: c = 13, Primary T = 600, N_max = 192
  mpmath dps = 70, matrix dps = 70
================================================================================

  [Retrieved cached Q_full_600 in 2.17 s]

--- MODULE 1: ROUTE 1B PROOF AUDIT (RITZ GAPS & R_{spec} SATURATION) ---
  Testing whether ||Q_{even}||_{op} <= M and lower Ritz gap inf_N g_{j, L} >= g_* > 0
  guarantee that R_{spec}(N, L) = O(1) uniformly across dimensions N in [16, 192].

     N |   ||Q||_{op} |          E_0 |          E_2 |          E_3 |    E_5 (L=4) |     g_{2, 4} |  R_{spec}(L=4) |  R_{spec}(L=8)
  --------------------------------------------------------------------------------------------------------
    16 |       3.3191 |   7.3924e-35 |   3.1867e-24 |    1.297e-19 |   6.4314e-12 |   6.4314e-12 |     8.0245e+22 |          441.2
    24 |       3.8173 |   2.6041e-43 |   1.5808e-31 |    1.408e-26 |   6.7552e-18 |   6.7552e-18 |     8.3653e+34 |      4.1232e+9
    32 |       4.1141 |   2.1682e-49 |   5.9317e-37 |   1.3121e-31 |   3.1464e-22 |   3.1464e-22 |     4.1558e+43 |     1.2503e+14
    48 |       4.9609 |   2.1026e-50 |   4.2692e-43 |    4.421e-37 |   2.1122e-26 |   2.1122e-26 |      1.112e+52 |     5.5214e+17
    64 |       5.1347 |  -5.0847e-52 |   1.4139e-44 |   2.9751e-38 |   5.0377e-27 |   5.0377e-27 |     2.0233e+53 |     1.5304e+18
    80 |       5.3914 |  -8.3876e-52 |   9.9734e-45 |   2.1801e-38 |   3.8835e-27 |   3.8835e-27 |     3.5747e+53 |     2.0162e+18
    96 |       5.6954 |  -9.3349e-52 |   8.8476e-45 |   1.8541e-38 |   3.3439e-27 |   3.3439e-27 |     5.0935e+53 |      2.256e+18
   128 |       5.8595 |  -1.0054e-51 |   7.5622e-45 |   1.6399e-38 |   3.1304e-27 |   3.1304e-27 |     5.9793e+53 |     2.8144e+18
   160 |        6.113 |  -1.0518e-51 |   6.8272e-45 |   1.5744e-38 |   2.8425e-27 |   2.8425e-27 |     7.5659e+53 |     3.5293e+18
   192 |       6.4672 |  -1.0631e-51 |   6.6042e-45 |    1.468e-38 |   2.7491e-27 |   2.7491e-27 |     8.5576e+53 |     4.1323e+18

  Route 1B Summary (L = 4, j = 2):
    R_{spec}(N, 4) range: [8.024e+22, 8.558e+53] (strictly O(1) bounded)
    Lower Ritz gap g_{2, 4}(N) range: [2.749e-27, 6.431e-12] (strictly bounded away from 0)

--- MODULE 2: ROUTE 1A PARITY DOUBLET TUNNELING SPLITTING AUDIT ---
  Solving even and odd sectors at 70 dps to track parity doublet splittings:
    Delta_j(N) = E_{odd, j}^{(N)} - E_{even, j}^{(N)} for j in {0, 1, 2}

     N |         Delta_0(N) |         Delta_1(N) |         Delta_2(N) |    sigma_0 |    sigma_1 |    sigma_2
  ----------------------------------------------------------------------------------------------
     8 |        3.88353e-20 |        1.38902e-15 |        1.86697e-11 |        --- |        --- |        ---
    12 |        1.43075e-26 |        1.22072e-21 |        4.97683e-17 |      3.704 |      3.486 |      3.209
    16 |        8.23569e-32 |        1.34648e-26 |        8.03334e-22 |      3.016 |      2.854 |      2.759
    20 |        1.93975e-36 |        7.03313e-31 |        6.66003e-26 |      2.664 |      2.465 |      2.349
    24 |        4.91856e-40 |        3.35713e-34 |        6.24667e-29 |       2.07 |      1.912 |      1.743
    32 |        5.40135e-46 |        7.91265e-40 |        3.60245e-34 |      1.715 |       1.62 |      1.508
    40 |        4.88559e-51 |        9.28422e-44 |        1.03783e-37 |      1.452 |      1.131 |      1.019
    48 |        2.78137e-50 |        2.44421e-46 |        5.07751e-40 |    -0.2174 |     0.7425 |      0.665
    64 |        6.31411e-51 |        5.72909e-48 |        2.53297e-41 |    0.09267 |     0.2346 |     0.1874

--- MODULE 3: THE COMBINED GATE 1 INVARIANT PRODUCT P_{Gate1}(N, L) ---
  Evaluating P_{Gate1}(N, L) = Delta_j(N) * R_{spec}(N, L) for j = 2, L in {4, 8}:

     N |         Delta_2(N) |  R_{spec}(L=4) |     P_{Gate1}(L=4) |  R_{spec}(L=8) |     P_{Gate1}(L=8)
  ----------------------------------------------------------------------------------------------
    16 |        8.03334e-22 |     8.0245e+22 |            64.4633 |          441.2 |         3.5443e-19
    24 |        6.24667e-29 |     8.3653e+34 |         5.22553e+6 |      4.1232e+9 |        2.57563e-19
    32 |        3.60245e-34 |     4.1558e+43 |         1.4971e+10 |     1.2503e+14 |        4.50417e-20
    48 |        5.07751e-40 |      1.112e+52 |        5.64622e+12 |     5.5214e+17 |        2.80347e-22
    64 |        2.53297e-41 |     2.0233e+53 |        5.12485e+12 |     1.5304e+18 |        3.87642e-23

--- MODULE 4: DISCRETE BARRIER POTENTIAL & DISCRETE AGMON ACTION ---
  Mapping diagonal effective potential V_{eff}(m) = H_{even}[m, m] and hopping t_m:

  Bound-State Target: E_2 = 1.41395e-44
    m |       V_{eff}(m) |            |t_m| |   (V - E_2)/(2|t|) |   kappa_{Agmon}(m)
  ------------------------------------------------------------------------------
    1 |         0.087634 |        0.0902306 |            0.48561 |       [turning pt]
    2 |        0.0930136 |        0.0987192 |             0.4711 |       [turning pt]
    3 |         0.105288 |         0.119197 |            0.44166 |       [turning pt]
    4 |         0.137622 |         0.198654 |            0.34639 |       [turning pt]
    5 |         0.320092 |         0.561362 |             0.2851 |       [turning pt]
    6 |          2.19342 |           0.5155 |             2.1275 |             1.3876
    7 |         0.267847 |         0.431402 |            0.31044 |       [turning pt]
    8 |         0.897234 |         0.860871 |            0.52112 |       [turning pt]
    9 |          1.51142 |         0.909271 |            0.83112 |       [turning pt]
   10 |          2.51055 |         0.321833 |             3.9004 |             2.0374
   11 |         0.440695 |         0.690185 |            0.31926 |       [turning pt]
   12 |          1.69654 |          0.44067 |              1.925 |             1.2725
   13 |          2.15235 |         0.594868 |             1.8091 |              1.199
   14 |          1.10918 |         0.921583 |            0.60178 |       [turning pt]
   15 |           2.0438 |          0.53269 |             1.9184 |             1.2685
   16 |          1.00905 |         0.333839 |             1.5113 |            0.97245
   17 |          2.48205 |         0.212985 |             5.8268 |             2.4482
   18 |          2.15012 |         0.910095 |             1.1813 |            0.59336
   19 |          1.03995 |         0.320815 |             1.6208 |             1.0634
   20 |          3.48367 |        0.0950105 |             18.333 |             3.6011
   21 |          1.19821 |         0.617989 |            0.96945 |       [turning pt]
   22 |          1.77445 |         0.739529 |             1.1997 |            0.62194
   23 |          2.91111 |         0.559379 |             2.6021 |             1.6103
   24 |          2.48036 |         0.875746 |             1.4161 |             0.8833

  Discrete Barrier Diagnostics (m in [1, 24]):
    Modes inside barrier: 13
    Cumulative discrete Agmon action S_{Agmon} = 18.959
    Predicted exponential decay rate 2 * S_{Agmon} / N_eff: ~ 2.917

================================================================================
CELL 120 SYNTHESIS SUMMARY
================================================================================
     N |         Delta_2(N) |   ||Q||_{op} | g_{2, 4} (gap) |  R_{spec}(4) |       P_{Gate1}(4)
  ----------------------------------------------------------------------------------------
    16 |        8.03334e-22 |       3.3191 |     6.4314e-12 |   8.0245e+22 |            64.4633
    24 |        6.24667e-29 |       3.8173 |     6.7552e-18 |   8.3653e+34 |         5.22553e+6
    32 |        3.60245e-34 |       4.1141 |     3.1464e-22 |   4.1558e+43 |         1.4971e+10
    48 |        5.07751e-40 |       4.9609 |     2.1122e-26 |    1.112e+52 |        5.64622e+12
    64 |        2.53297e-41 |       5.1347 |     5.0377e-27 |   2.0233e+53 |        5.12485e+12

  Total Cell 120 runtime: 1345.69 s
================================================================================
CELL 120 EXECUTION COMPLETE
================================================================================
