================================================================================
CELL 114 — TWO-STATE SPECTRAL REORDERING ANATOMY & LOCALIZATION INVARIANTS
  Configuration: c = 13, Primary T = 600, N_max = 192
  mpmath dps = 70, matrix dps = 70
================================================================================

--- STEP 1: RETRIEVING CACHED GALERKIN MATRIX (T = 600, N = 192) ---
Canonical even matrix H: shape (193, 193), retrieval time: 1.99 s

--- MODULE 1: TWO-DIMENSIONAL SUBSPACE TRACKING (N in [40, 60], Delta N = 2) ---
  Subspace SVD: M_{ij} = <v_prev^(i), v_curr^(j)>, singular values sigma_1, sigma_2, rotation angle phi
   N |                E_0 |                E_1 |  Delta E = E_1 - E_0 |   sigma_1 |   sigma_2 | phi (deg) |   |M_00| |   |M_01|
--------------------------------------------------------------------------------------------------------------------------
  40 |    2.569077923e-50 |    6.250400771e-47 |      6.247831693e-47 |  1.000000 |  1.000000 |      0.00 |   1.0000 |   0.0000
  42 |    2.557457735e-50 |    6.916125149e-48 |      6.890550572e-48 |       1.0 | 0.9999986 |      0.22 |  0.99999 | 0.0038329
  44 |    2.529328826e-50 |    1.685890741e-48 |      1.660597452e-48 |       1.0 | 0.9999996 |      0.65 |  0.99994 | 0.011336
  46 |    2.461164698e-50 |    5.879076175e-49 |      5.632959705e-49 |       1.0 | 0.9999998 |      1.62 |   0.9996 | 0.028286
  48 |    2.102582756e-50 |    1.489962953e-49 |      1.279704678e-49 |       1.0 | 0.9999996 |      8.50 |  0.98902 |  0.14776
  50 |    1.414393528e-50 |    7.486715073e-50 |      6.072321545e-50 |       1.0 | 0.9999999 |     14.85 |  0.96662 |  0.25622
  52 |    5.871845952e-51 |      5.4161113e-50 |      4.828926705e-50 |       1.0 | 0.9999999 |     13.99 |  0.97035 |  0.24169
  54 |    2.424076098e-51 |    4.989217716e-50 |      4.746810106e-50 |       1.0 |       1.0 |      4.60 |  0.99678 | 0.080131
  56 |    8.144166978e-52 |    4.830071004e-50 |      4.748629334e-50 |       1.0 |       1.0 |      1.93 |  0.99943 | 0.033712
  58 |     5.61900985e-52 |    4.806926507e-50 |      4.750736408e-50 |       1.0 |       1.0 |      0.29 |  0.99999 | 0.0050898
  60 |   -7.198950562e-53 |    4.750701172e-50 |      4.757900122e-50 |       1.0 |       1.0 |      0.72 |  0.99992 | 0.012557
--------------------------------------------------------------------------------------------------------------------------

--- MODULE 2: PHYSICAL LOCALIZATION INVARIANTS ACROSS THE TRANSITION ---
  State k = 0 vs State k = 1: Central Amplitude v_0, Core Mass L_24, Kinetic Moment K_2
   N |   v_0(k=0) |   v_0(k=1) |  L_24(k=0) |  L_24(k=1) |       K_2(k=0) |       K_2(k=1) |  Localized
------------------------------------------------------------------------------------------------
  40 |   0.541016 |   0.396287 |        1.0 |        1.0 |        9.22999 |        97.1422 |      k = 0
  42 |   0.539496 |   0.397772 |        1.0 |        1.0 |        9.41536 |        97.3312 |      k = 0
  44 |   0.534956 |   0.403564 |        1.0 |        1.0 |          9.979 |        96.9582 |      k = 0
  46 |   0.523336 |   0.418325 |        1.0 |        1.0 |        11.4831 |        95.5885 |      k = 0
  48 |   0.455835 |   0.490771 |        1.0 |        1.0 |        21.4509 |         85.811 |      k = 0
  50 |   0.314941 |   0.591042 |        1.0 |        1.0 |        44.9719 |        62.3911 |      k = 0
  52 |   0.162877 |   0.649492 |        1.0 |        1.0 |        69.3956 |        38.0889 |      k = 0
  54 |   0.110372 |    0.66039 |        1.0 |        1.0 |        76.9123 |        30.6308 |      k = 0
  56 |  0.0880996 |   0.663684 |        1.0 |        1.0 |         79.921 |        27.6696 |      k = 1
  58 |  0.0847304 |   0.664115 |        1.0 |        1.0 |        80.3665 |        27.2331 |      k = 1
  60 |  0.0764164 |   0.665097 |        1.0 |        1.0 |        81.4577 |          26.17 |      k = 1
------------------------------------------------------------------------------------------------

--- MODULE 3: HIGH-N BRANCH COMPARISON & EXTINCTION METRICS (T = 600) ---
  Concurrent evaluation of State k = 0 (Edge Candidate) and State k = 1 (Localized Candidate)
   N |  k |           Energy E |      v_0 |      L_24 |        K_2 |         |T_v(0)| |        |alpha_N| |  P_alpha = |a|*sqrt(N)
--------------------------------------------------------------------------------------------------------------------------
  64 |  0 |   -5.084677796e-52 |  0.07081 |       1.0 |     82.186 |     9.674133e-25 |     2.684298e-22 |          2.1474384e-21
  64 |  1 |    4.713489407e-50 |   0.6657 |       1.0 |     25.464 |    8.7211935e-25 |    2.4218845e-22 |          1.9375076e-21
  80 |  0 |   -8.387558727e-52 | 0.066631 |       1.0 |     82.725 |    7.9208522e-25 |    2.2216054e-22 |          1.9870643e-21
  80 |  1 |    4.686117461e-50 |  0.66611 |       1.0 |     24.944 |    7.0170728e-25 |    1.9705339e-22 |          1.7624991e-21
  96 |  0 |   -9.334931447e-52 | 0.065444 |       1.0 |     82.874 |    7.2987393e-25 |    2.0597262e-22 |          2.0181113e-21
  96 |  1 |    4.678472432e-50 |  0.66623 |       1.0 |     24.796 |    6.4268511e-25 |    1.8162911e-22 |          1.7795946e-21
 128 |  0 |   -1.005374625e-51 | 0.064548 |       1.0 |     82.981 |    6.9222105e-25 |    1.9699601e-22 |          2.2287555e-21
 128 |  1 |    4.672830808e-50 |  0.66632 |       1.0 |     24.683 |    6.0646725e-25 |    1.7286674e-22 |          1.9557639e-21
 192 |  0 |   -1.063111878e-51 | 0.063832 |       1.0 |     83.064 |    6.6633793e-25 |    1.9227101e-22 |          2.6641852e-21
 192 |  1 |    4.668381531e-50 |  0.66639 |       1.0 |     24.593 |    5.8116828e-25 |    1.6798055e-22 |          2.3276068e-21
--------------------------------------------------------------------------------------------------------------------------

--- MODULE 3b: EXTINCTION COMPARISON RATIOS (k = 1 vs k = 0) ---
   N |    |T(k=1)| / |T(k=0)| | |alpha(k=1)| / |alpha(k=0)| |  P_alpha(k=1) / P_alpha(k=0)
----------------------------------------------------------------------------------------
  64 |             0.90149614 |                  0.9022413 |                    0.9022413
  80 |             0.88589872 |                 0.88698647 |                   0.88698647
  96 |             0.88054263 |                 0.88181191 |                   0.88181191
 128 |              0.8761179 |                 0.87751389 |                   0.87751389
 192 |             0.87218249 |                 0.87366553 |                   0.87366553
----------------------------------------------------------------------------------------

--- MODULE 4: FINITE-T SPECTRAL STRUCTURE AT FIXED N = 48 ---
  Evaluation across cached cutoffs T in {400, 500, 600}:
   T |  k |           Energy E |      v_0 |      L_24 |        K_2 |         |T_v(0)| |       |alpha_48| | Solve Time
-----------------------------------------------------------------------------------------------------------
 400 |  0 |    8.294800084e-57 |  0.54039 |       1.0 |     9.3059 |    2.6871425e-27 |    6.1683437e-25 |    11.22 s
 400 |  1 |    1.118800006e-49 |  0.39577 |       1.0 |      97.94 |    1.0076106e-23 |    2.1681125e-21 |           
 500 |  0 |    8.529899667e-57 |  0.54039 |       1.0 |      9.306 |    2.8306779e-27 |    7.1687995e-25 |    11.78 s
 500 |  1 |     1.14864062e-49 |  0.39577 |       1.0 |     97.945 |     9.592623e-24 |    2.2881842e-21 |           
 600 |  0 |    2.102582756e-50 |  0.45584 |       1.0 |     21.451 |    1.7827683e-24 |    4.5704055e-22 |    11.20 s
 600 |  1 |    1.489962953e-49 |  0.49077 |       1.0 |     85.811 |    9.2696148e-24 |    2.3767601e-21 |           
-----------------------------------------------------------------------------------------------------------
Total Module 4 runtime: 34.22 s

================================================================================
CELL 114 NUMERICAL SUMMARY OF COMPUTED METRICS
================================================================================
Fine transition span:               N in [40, 60] (Delta N = 2)
High-N evaluation span:             N in [64, 80, 96, 128, 192]
Finite-T evaluation points:         T in [400, 500, 600] at N = 48
Total script runtime:               1048.25 s

================================================================================
CELL 114 EXECUTION COMPLETE
================================================================================
