======================================================================
CELL 13 — CONTROLLED PARSEVAL / FOURIER-NORM AUDIT
======================================================================

Parameters:
c = 13
N = 6
T = 40
dps = 60
L = 2.5649493574615367360534874415653186048052679447602
omega = 2*pi/L = 2.4496332798546520107426711685334498888104129089189

----------------------------------------------------------------------
1. EXACT FINITE-DIMENSIONAL NORM
----------------------------------------------------------------------

lambda_min =
2.0913348992737637730450812016858762164473030416033e-19

||v_star||^2 =
1.0

v^T Q v - lambda_min =
6.23271298398889287573794132484e-64

----------------------------------------------------------------------
2. FULL FOURIER COEFFICIENT NORM
----------------------------------------------------------------------

sum |u_k|^2 =
0.68724391593623899306805627822192215831349084314326

|sum |u_k|^2 - ||v||^2| =
0.312756084063761006931943721778

----------------------------------------------------------------------
3. DIRECT / CLOSED FOURIER CHECK
----------------------------------------------------------------------

tau = 0.0
  direct = (-0.000020084759913612550197180180377682178 + 0.0j)
  closed = (-0.000020084759913612550197180180377682178 + 0.0j)
  error  = 1.4243351618639698121e-65

tau = 0.5
  direct = (-0.00061966931685417390816050499387513413 + 3.6390793035954890949494225700238508e-68j)
  closed = (-0.00061966931685417390816050499387513413 - 6.8023301748034603295984627384050326e-64j)
  error  = 8.6343872857447472063e-64

tau = 1.0
  direct = (-0.0019259631428650182305103149391305304 + 6.6846358232717191164158742585251593e-68j)
  closed = (-0.0019259631428650182305103149391305304 - 3.8359476160588771629315959430521092e-64j)
  error  = 3.968744145631399594e-63

tau = 2.4496332798546520107
  direct = (0.00088202821349565524938750794910522852 + 5.5180875661848952809391744745217715e-68j)
  closed = (0.00088202821349565524938750794910522852 - 1.0072706625270122098054346887580219e-64j)
  error  = 9.9266833728081646117e-64

tau = 3.0
  direct = (0.0060098716388924984455065288813156134 + 4.2708955418157549093321316703273794e-68j)
  closed = (0.0060098716388924984455065288813156134 + 7.2567314056109653213111341813924235e-64j)
  error  = 1.9622466271279734225e-63

tau = 5.0
  direct = (0.014547046135370622882836724544806971 + 7.8169042288630221209684973549874676e-68j)
  closed = (0.014547046135370622882836724544806971 + 1.1412114668530234185538298161577639e-63j)
  error  = 1.4629764610449334072e-62

tau = 7.5
  direct = (0.1006938031151539048923784757363927 - 1.0605263271885438926712459154123254e-67j)
  closed = (0.1006938031151539048923784757363927 + 2.4489668635821938999202212726098686e-63j)
  error  = 2.2365302102039569077e-61

tau = 10.0
  direct = (0.29962691819530238280356869903798263 + 8.1447436956641647028444405985289102e-68j)
  closed = (0.29962691819530238280356869903798263 - 2.7429945705641348597142444551511288e-62j)
  error  = 3.1235749432477455756e-61

Maximum direct/closed error = 3.12357494324774557561973674802e-61

----------------------------------------------------------------------
4. NAIVE CELL-12 QUADRATURE
----------------------------------------------------------------------

R = 20.0
naive spectral norm =
0.6823395815590624410107175493271515381357
naive error =
0.317660418440937558989282450673

----------------------------------------------------------------------
5. PIECEWISE QUADRATURE
----------------------------------------------------------------------

Interval width = 2.0

R = 10.0
  spectral norm = 0.03823198449189464837187250127350811041029
  error         = 0.9617680155081053516281275
R = 20.0
  spectral norm = 0.6823395815590624410107175493271515381357
  error         = 0.3176604184409375589892825
R = 40.0
  spectral norm = 0.6859226583458837062607942989921505941714
  error         = 0.3140773416541162937392057

Interval width = 1.0

R = 10.0
  spectral norm = 0.03823198449189464837187250127350811041029
  error         = 0.9617680155081053516281275
R = 20.0
  spectral norm = 0.6823395815590624410107175493271515381357
  error         = 0.3176604184409375589892825
R = 40.0
  spectral norm = 0.6859226583458837062607942989921505941714
  error         = 0.3140773416541162937392057

----------------------------------------------------------------------
6. FREQUENCY-ALIGNED QUADRATURE
----------------------------------------------------------------------

R = 10.0
  spectral norm = 0.03823198449189464837187250127350811041029
  error         = 0.9617680155081053516281275

R = 20.0
  spectral norm = 0.6823395815590624410107175493271515381357
  error         = 0.3176604184409375589892825

R = 40.0
  spectral norm = 0.6859226583458837062607942989921505941714
  error         = 0.3140773416541162937392057

----------------------------------------------------------------------
7. DIRECT TIME-DOMAIN NORM
----------------------------------------------------------------------

time-domain norm =
0.68724391593623899306805627822192215831349084314326

|time norm - coefficient norm| =
0.312756084063761006931943721778

----------------------------------------------------------------------
8. NORMALISATION CHECK
----------------------------------------------------------------------

Raw integral over [-20,20] =
4.287266033358968243572961130220488809622

Raw integral / (2*pi) =
0.6823395815590624410107175493271515381357

Raw integral / (2*pi)^2 =
0.1085977172723802588882713046220187495018

Raw integral =
4.287266033358968243572961130220488809622

Target coefficient norm =
1.0

======================================================================
CELL 13 SUMMARY
======================================================================

Coefficient-space norm = 1.0
Full Fourier coefficient norm = 0.687243915936238993068056278222
Direct time-domain norm = 0.687243915936238993068056278222
Maximum direct/closed Fourier error = 3.1235749432477455756e-61

The purpose of Cell 13 is to determine whether the
apparent Cell-12 Parseval discrepancy survives controlled
piecewise and frequency-aligned quadrature.

======================================================================
END CELL 13
======================================================================
