
========================================================================
CELL 19 — LINEAR VS QUADRATIC HOMOGENEITY AUDIT
========================================================================

Parameters:
  c   = 13.0
  N   = 8
  T   = 10.0
  dps = 50
  L   = 2.564949357461536736053487441565318604805

------------------------------------------------------------------------
1. HISTORICAL CELL-5 LINEAR QUANTITY
------------------------------------------------------------------------

A_linear(v) =
-1.720061034040003503214998771325366021346

A_linear(2v) =
-3.440122068080007006429997542650732042692

A_linear(2v) / A_linear(v) =
2.0

Expected = 2

------------------------------------------------------------------------
2. REQUIRED QUADRATIC ARCHIMEDEAN QUANTITY
------------------------------------------------------------------------

A_arch(v) =
(-2.853742873621178872639080862653029090371 + 0.0j)

A_arch(2v) =
(-11.41497149448471549055632345061211636149 + 0.0j)

A_arch(2v) / A_arch(v) =
(4.0 + 0.0j)

Expected = 4

------------------------------------------------------------------------
3. HOMOGENEITY ERRORS
------------------------------------------------------------------------

|A_linear(2v) - 2 A_linear(v)| =
0.0

|A_arch(2v) - 4 A_arch(v)| =
0.0

========================================================================
CELL 19 COMPLETE
========================================================================
