======================================================================
CELL5_CORRECTED2A — FULL CORRECTED ARCHIMEDEAN AUDIT
======================================================================

Parameters:
c = 13
N = 8
T = 60
dps = 80
L = 2.56494935746153673605348744156531860480526794476020711641905
2*pi/L = 2.44963327985465201074267116853344988881041290891894830654387

----------------------------------------------------------------------
1. BUILD REPOSITORY GALERKIN MATRIX
----------------------------------------------------------------------

lambda_min =
4.4304333247366268876285101534657031008754071896933e-23

||v_ground|| =
1.0

||u_ground|| =
1.0

----------------------------------------------------------------------
7. BUILD EXPLICIT ARCHIMEDEAN PSI DATA
----------------------------------------------------------------------

----------------------------------------------------------------------
9. MATRIX COMPARISON
----------------------------------------------------------------------

Maximum |Q_arch_repo - Q_arch_explicit| =
5.8727128256132497682347590276879888140480476338548

Location:
m = 0 n = 0

Selected entries:

(0,0)
repo     = -2.898537091612731285638152241717090352539
explicit = 2.974175734000518482596606785970898461509
error    = 5.872712825613249768234759

(0,1)
repo     = 0.2360720185542763910946757825501314924128
explicit = 0.4709541043086759781798028257672242038489
error    = 0.234882085754399587085127

(1,1)
repo     = -0.9705893063138556437169669238928375196004
explicit = -1.186682939151667703215569192674242721598
error    = 0.2160936328378120594986023

(1,2)
repo     = -0.01456445308647262247501048940490658898616
explicit = -0.1283737200207988022441736571129691013933
error    = 0.1138092669343261797691632

(8,8)
repo     = 1.122703353762904811790882718727174567236
explicit = 1.11888787876629698132301131045849973005
error    = 0.003815474996607830467871408

----------------------------------------------------------------------
10. GROUND-STATE QUADRATIC FORMS
----------------------------------------------------------------------

u^T Q_arch_repo u =
-1.6607005233394925659327632643945105402108987957946

u^T Q_arch_explicit u =
0.15586999290929760240801809550883558208707553448437

|difference| =
1.816570516248790168340781359903346122297974330279

----------------------------------------------------------------------
11. CANONICAL BASIS AUDIT
----------------------------------------------------------------------

k = 0
repo     = -2.8985370916127312856381522417170904
explicit = 2.9741757340005184825966067859708985
error    = 5.872712825613249768234759

k = 1
repo     = -0.73451728775957925262229114134270603
explicit = -0.71572883484299172503576636690701852
error    = 0.01878845291658752758652477

k = 2
repo     = -0.15297852961540331842035203332081981
explicit = -0.15173050098772156089116626433717806
error    = 0.001248028627681757529185769

k = 3
repo     = 0.21199123611512537340029236909281548
explicit = 0.21224060827566539882381880237559851
error    = 0.0002493721605400254235264333

k = 4
repo     = 0.47905849673887447936795923036461712
explicit = 0.47913771873336474347211419764919158
error    = 0.00007922199449026410415496728

----------------------------------------------------------------------
13. DIRECT SOURCE VALUES
----------------------------------------------------------------------
x = -8  S_direct(0,x) = 0.61215568909826214477465125735148718
x = -7  S_direct(0,x) = 0.48844759183367750629913729225863312
x = -6  S_direct(0,x) = 0.35718539413962501193699148258408503
x = -5  S_direct(0,x) = 1.1293066645142690908874527265938817
x = -4  S_direct(0,x) = 0.3819194053842166432371623450442469
x = -3  S_direct(0,x) = 1.5305089614787588782182634948947574
x = -2  S_direct(0,x) = 2.1397770305392433922920535895736018
x = -1  S_direct(0,x) = 2.063885696261744211118124017241107
x = 0  S_direct(0,x) = 0.0
x = 1  S_direct(0,x) = -2.063885696261744211118124017241107
x = 2  S_direct(0,x) = -2.1397770305392433922920535895736018
x = 3  S_direct(0,x) = -1.5305089614787588782182634948947574
x = 4  S_direct(0,x) = -0.3819194053842166432371623450442469
x = 5  S_direct(0,x) = -1.1293066645142690908874527265938817
x = 6  S_direct(0,x) = -0.35718539413962501193699148258408503
x = 7  S_direct(0,x) = -0.48844759183367750629913729225863312
x = 8  S_direct(0,x) = -0.61215568909826214477465125735148718

----------------------------------------------------------------------
14. DIRECT SOURCE-DERIVED MATRIX
----------------------------------------------------------------------

----------------------------------------------------------------------
15. DIRECT-SOURCE MATRIX COMPARISON
----------------------------------------------------------------------

Maximum |Q_source_direct - Q_arch_explicit| =
19459.567759827703912168361213088276790141649708782

Location:
m = 0 n = 0

----------------------------------------------------------------------
16. DIRECT-SOURCE GROUND-STATE FORM
----------------------------------------------------------------------

u^T Q_source_direct u =
6862.5379302263772362693539424348450435695681717427

|source - explicit| =
6862.3820602334679386669459243393362079874810962082

----------------------------------------------------------------------
17. ZERO-MODE DECOMPOSITION
----------------------------------------------------------------------

zero-zero =
1.0369063451610558636749409731625193124963329473071

zero-nonzero =
-0.22639529506351932095482577237264046751008320717655

nonzero-zero =
-0.22639529506351932095482577237264046751008320717655

nonzero-nonzero =
-0.42824576212471961935727133290840279538909099846962

sum =
0.15586999290929760240801809550883558208707553448437

full explicit quadratic form =
0.15586999290929760240801809550883558208707553448437

----------------------------------------------------------------------
18. SYMMETRY / PARITY
----------------------------------------------------------------------

Maximum matrix symmetry error =
0.0

Maximum psi parity error =
0.0

======================================================================
CELL5_CORRECTED2A SUMMARY
======================================================================

Maximum repository/explicit matrix error:
5.8727128256132497682347590276879888140480476338548

Ground-state repository/explicit difference:
1.816570516248790168340781359903346122297974330279

Maximum direct-source/explicit matrix error:
19459.567759827703912168361213088276790141649708782

Direct-source ground-state form:
6862.5379302263772362693539424348450435695681717427

Direct-source minus explicit:
6862.3820602334679386669459243393362079874810962082

Zero-zero contribution:
1.0369063451610558636749409731625193124963329473071

Zero/nonzero contribution:
-0.4527905901270386419096515447452809350201664143531

Nonzero/nonzero contribution:
-0.42824576212471961935727133290840279538909099846962

======================================================================
END CELL5_CORRECTED2A
======================================================================
