==============================================================================
CELL 47 — MULTI-c SCALING OF THE WEIL GROUND STATE, WKB TUNNELING,
         AND ARITHMETIC ENERGY DISTRIBUTION
==============================================================================
Cutoffs: [5, 7, 11, 13, 17]
Dimensions: [4, 8, 12, 16, 20]
T = 400, dps = 50

==============================================================================
1. MULTI-c GROUND-STATE EIGENVALUE SCALING LAW: lambda_min(N; c) ~ c^{-N}
==============================================================================

--- Cutoff c = 5 (L = 1.6094379) ---
  N        lambda_min(N)        b_eff           |T(0)|           A_0(N)     kappa_c(N)
-------------------------------------------------------------------------------------
  4    8.26283260513e-11          ---     4.4507776e-5     2.4616571e-9     0.03356614
  8    3.89062748122e-15      12.0719     4.8257678e-7    2.8939339e-13    0.013444079
 12    3.53697787601e-17      3.23852     5.9392937e-8     4.383544e-15   0.0080687633
 16    1.38661658301e-17      1.26377     4.2027917e-8    2.1949847e-15   0.0063172037
 20    1.31645267589e-17      1.01307     4.1779141e-8     2.169076e-15   0.0060691864

--- Cutoff c = 7 (L = 1.9459101) ---
  N        lambda_min(N)        b_eff           |T(0)|           A_0(N)     kappa_c(N)
-------------------------------------------------------------------------------------
  4    1.64988289687e-12          ---     6.9960684e-6     5.030548e-11    0.032797279
  8    1.94405802053e-18      30.3519      1.184961e-8    1.4431627e-16    0.013470816
 12    1.49650617389e-22       10.676    1.5609112e-10    2.5041688e-20   0.0059760594
 16    3.46889470979e-25      4.55745    9.5074314e-12    9.2903828e-23   0.0037338555
 20    6.85479522036e-27      2.66716    1.6661005e-12    2.8530515e-24   0.0024026188

--- Cutoff c = 11 (L = 2.3978953) ---
  N        lambda_min(N)        b_eff           |T(0)|           A_0(N)     kappa_c(N)
-------------------------------------------------------------------------------------
  4    7.15441810775e-15          ---     5.2071439e-7    2.2615122e-13    0.031635549
  8    7.67056191726e-22      55.2633    2.7545718e-10    6.3286048e-20    0.012120463
 12    7.92399287406e-28      31.3668    4.0270361e-13    1.3526045e-25    0.005858322
 16    3.03583781827e-33       22.603    1.1254638e-15    1.0564838e-30   0.0028735299
 20    1.38250576395e-36      6.84546     2.646283e-17    5.8408001e-34   0.0023669801

--- Cutoff c = 13 (L = 2.5649494) ---
  N        lambda_min(N)        b_eff           |T(0)|           A_0(N)     kappa_c(N)
-------------------------------------------------------------------------------------
  4    8.82740619837e-15          ---     6.0022806e-7    2.8092074e-13    0.031423121
  8    6.71093525013e-23      107.093    8.0504291e-11    5.0534649e-21    0.013279869
 12    1.78247657627e-29      44.0494     6.647104e-14    3.4452135e-27   0.0051737768
 16    7.11843015081e-35      22.3697    1.7826811e-16    2.4779842e-32   0.0028726697
 20    1.32323590811e-39      15.2295    8.3835218e-19    5.4802983e-37   0.0024145326

--- Cutoff c = 17 (L = 2.8332133) ---
  N        lambda_min(N)        b_eff           |T(0)|           A_0(N)     kappa_c(N)
-------------------------------------------------------------------------------------
  4    1.82172388737e-15          ---     2.8733129e-7    5.8279599e-14    0.031258346
  8    1.20186060183e-24      197.314    1.1813471e-11    9.8515771e-23    0.012199677
 12    7.74358620501e-32      62.7665    4.5025817e-15     1.431113e-29    0.005410884
 16    3.34040446417e-38      39.0199    4.1968103e-18    1.2433386e-35   0.0026866411
 20    1.15041082721e-43      23.2133    8.3521518e-21    4.9243337e-41   0.0023361756

==============================================================================
2. SCALING OF THE UNIVERSAL RATIO kappa_c(c) = lambda_min / A_0
==============================================================================
  c        L      kappa_c      C_c/100   ratio(C_c/100)    beta^3/pi  ratio(beta^3)
----------------------------------------------------------------------------------
  5  1.60944   0.00606919  0.000557114           10.894  0.000668718        9.07585
  7  1.94591   0.00240262   0.00100919          2.38074   0.00118192        2.03281
 11   2.3979   0.00236698   0.00196569          1.20415   0.00221162        1.07025
 13  2.56495   0.00241453   0.00244668         0.986862    0.0027068       0.892023
 17  2.83321   0.00233618   0.00339546          0.68803   0.00364803       0.640394

==============================================================================
3. MULTI-c WKB QUANTUM TUNNELING BARRIER PENETRATION (N = 20)
==============================================================================
  c   t_turn/L          S_WKB     Actual Suppr    Suppr/S_WKB      S_WKB/L   S_WKB/(NL/2)
----------------------------------------------------------------------------------------
  5   0.359643      15.815134        17.723695        1.12068       9.8265        0.98265
  7   0.382214      25.764906        27.936112        1.08427      13.2405        1.32405
 11   0.401884      36.749547        39.071358        1.06318      15.3258        1.53258
 13   0.407168      40.187839        42.548858        1.05875      15.6681        1.56681
 17   0.414046      44.790147        47.192834        1.05364       15.809         1.5809

==============================================================================
4. MULTI-c TRI-PARTITE WEIL ENERGY DISTRIBUTION (N = 20)
==============================================================================
  c         Q_pole        Q_prime         Q_arch          Q_total    f_prime (%)     f_arch (%)
--------------------------------------------------------------------------------------------
  5      1.4197395   -0.039560604     -1.3801789      8.74335e-18         2.7865         97.214
  7      1.4666299    -0.05019642     -1.4164334      4.00598e-27         3.4226         96.577
 11      1.5408672   -0.068933042     -1.4719341      9.18413e-37         4.4737         95.526
 13       1.572288   -0.077528669     -1.4947594      8.80707e-40         4.9309         95.069
 17      1.6285769   -0.093867542     -1.5347093       7.0342e-44         5.7638         94.236

==============================================================================
END OF CELL 47
==============================================================================
Conclusions to review in cell47.out:
  1. Does b_eff converge to c for every cutoff c in {5, 7, 11, 13, 17}?
  2. How does kappa_c scale with c and L = log(c)?
  3. Does WKB barrier action S_WKB predict actual boundary decay within 5-10% for all c?
  4. How does the prime energy share f_prime evolve as c increases from 5 to 17?
