lambda = 4.43043332473662688762851015347e-23
gamma1 = 14.1347251417346937904572519836
F(gamma1) = 9.56325501597313457497697002936e-21
repository gamma_detected = 14.1347251417346938157310943946
repository error = 2.527384241e-17
F'(gamma1) numerical = -0.0003783854809434482243502452265038763784526
F'(gamma1) analytic  = -0.0003783854809434482243502452265038763784526
difference            = 2.1104986116818918564e-83

Eigenvector symmetry and normalisation:
0 c_k = 0.59045452209175580501 v_k = 0.59045452209175580501
1 c_k = -0.4892359259017901148 v_k = -0.69188408161047016207
2 c_k = 0.27510321035856358615 v_k = 0.38905469114145915207
3 c_k = -0.10082651618653607697 v_k = -0.14259022663782971583
4 c_k = 0.021860166585575255688 v_k = 0.030914944061055680084
5 c_k = -0.0020739301521033277464 v_k = -0.0029329801485190219956
6 c_k = -0.000078077011547908630642 v_k = -0.00011041756864061314462
7 c_k = 0.000024413262195436877606 v_k = 0.000034525566498557194075
8 c_k = -6.0195014261343305128e-7 v_k = -8.5128605555633576233e-7
beta = 0.204112184510192193176554710756
P_N(v) = 13.34961948376998947315454691418578880819

Canonical v norm:
1.0

F(gamma1):
direct       = 9.563255015973134574976970029363052233501e-21
reconstructed= 9.563255015973134574976970029363052233501e-21
difference   = -4.58265919582664112365722467889e-83

F'(gamma1):
direct       = -0.0003783854809434482243502452265038763784526
reconstructed= -0.0003783854809434482243502452265038763784526
difference   = -9.67740826819989436610123008613e-83
gamma1 = 14.13472514173469379045725198356247027078
gamma2 = 21.02203963877155499262847959389690277733

Constraint row norms:
||a|| = 1.11312798243220855771233013182
||b|| = 0.721856704204480959642689203357
||p|| = 24.0445204047918215750990112608
||d|| = 0.863639735648652254154560404222

Ground-state checks:
F(gamma1) direct = 9.56325501597313457497697002936e-21
F(gamma1) row    = 9.56325501597313457497697002936e-21

F(gamma2) row    = -5.59238139536278115347203667244e-17

P(v) direct      = 13.3496194837699894731545469142
P(v) row         = 13.3496194837699894731545469142

F'(gamma1) direct = -0.000378385480943448224350245226504
F'(gamma1) row    = -0.000378385480943448224350245226504
C C^T =
['1.23905390527359920348571738966', '0.173428916332680931346714006139', '-1.5536778880103619368924249871']
['0.173428916332680931346714006139', '0.521077101404955519158669754919', '1.57856455600166357349005942703']
['-1.5536778880103619368924249871', '1.57856455600166357349005942703', '578.13896149645026325421817057']

determinant(C C^T) =
350.6860371995908653599953273892023569913

constraint-row cosine similarities:
a,b = 0.215836761316742125425516646241
a,p = -0.0580496713705678112598669474925
b,p = 0.0909484357530978146784784915822
D_max =
0.848726327096095877763669591987044657653672658277128165086134

||d_perp|| =
0.848726327096095877763669591987044657653672658277128165086134

||v_star|| =
1.0

Constraint residuals:
F(gamma1) = -2.6540328154027134121446601601886419146765239760502e-82
F(gamma2) = 2.3941885802525690687840110263922101700842399233629e-82
P(v)      = -4.6243198802827576056771463737650921483853790951555e-81

Derivative:
d . v_star = 0.848726327096095877763669591987044657653672658277128165086134

F around gamma1:
-0.1 -0.08475125296716328434963320451813474297791
-0.01 -0.008487314737435689438473701131076030796504
0 -3.294436857259538507608929391021880939909e-83
0.01 0.008486930689769081008191904453865687564252
0.1 0.08471306282490998730344360388418916643774

F around gamma2:
-0.1 -0.01122512404294141800248398510743149092063
-0.01 -0.001023289723003214941268181586268773188809
0 5.271098971615261612174287025635009503855e-82
0.01 0.00100111893174288552546737729835352808862
0.1 0.009011427091488157098284009225383980586395
C C^T =
['1.23905390527359920348571738966', '0.173428916332680931346714006139']
['0.173428916332680931346714006139', '0.521077101404955519158669754919']

determinant(C C^T) =
0.6155650284241293595585556316611849773101

constraint-row cosine similarities:
D_max =
0.853495254202157495074804548101184907916071820436733727739203
D_0 =
0.857549330939572397380572758475003409530290925075481543444592

constraint residual:
-4.385585817066696374679964941104474877157825587677e-81

norm:
1.0
D_3 =
0.604992427054504229029868047783649191987022373007295045511768

det(C3 C3^T) =
2.0259493113137547691120741583781439547195508416676
D_0 = 0.857549330939572397380572758475003409530290925075481543444592
det(G_0) = 578.1389614964502632542181705697881675424

D_1 = 0.857264591340603080317533531463603933215008636679778164302341
det(G_1) = 713.9314230533073629244523269167372535634

D_2 = 0.848726327096095877763669591987044657653672658277128165086134
det(G_2) = 350.6860371995908653599953273892023569913

D_3 = 0.604992427054504229029868047783649191987022373007295045511768
det(G_3) = 2.02594931131375476911207415837814395472

Constraint row norms:
0 24.044520404791821575099011260840199547621070708459
1 1.1131279824322085577123301318196071636665918877032
2 0.72185670420448095964268920335660213396844120869549
3 0.1912823704060664396597807662971865896273151828733

Normalised Gram matrix:
1.0  -0.0580496713705678112598669474925  0.0909484357530978146784784915822  0.180965918819365984431458547618  
-0.0580496713705678112598669474925  1.0  0.215836761316742125425516646241  0.232187406010734319697389427889  
0.0909484357530978146784784915822  0.215836761316742125425516646241  1.0  0.91128399591139817524811495769  
0.180965918819365984431458547618  0.232187406010734319697389427889  0.91128399591139817524811495769  1.0  

det(normalised Gram) =
0.14833862796541350527593624487295000998332469232923
||c3_perp|| =
0.0760072553649671483322701742023889420010985700672866619866982

||d_perp2|| =
0.848726327096095877763669591987044657653672658277128165086134

< c3_perp, dperp2 > =
0.0452431897262490276725305071398948023999089448947436533402897

cos(theta) =
0.701343040033713748276979568149987887772641682186320066530503

|cos(theta)|^2 =
0.491882059803731405413879841511282905147519409305927154425556
