==============================================================================
CELL 23 — OPTIMISED ANALYTIC ARCHIMEDEAN REDUCTION
==============================================================================

Parameters:
  c              = 13
  N              = 8
  T              = 60
  working_dps    = 20

Forensic ground state:
  c              = 13
  N              = 8
  T              = 400
  generation_dps = 150

L =
2.5649493574615367360535454505782171

------------------------------------------------------------------------------
1. FORENSIC GROUND STATE
------------------------------------------------------------------------------

GROUND STATE CACHE: HIT
  key            = 7f77f99cab98fbfd41bfc923f4e7a5c8daa05b4944fd7232e65374127943dd3a
  generation dps = 150
  working dps    = 20
  lookup         = 0.000663 s

GROUND STATE CACHE: RETURN
  generation dps = 150
  working dps    = 20
  decode         = 0.000958 s
  validation     = 0.000335 s
  total          = 0.001957 s

lambda_forensic =
6.7109352501259621034720980942780506e-23

||u_star|| =
1.0

ground-state retrieval elapsed = 0.002263 s

------------------------------------------------------------------------------
2. CANONICAL / FULL REPRESENTATIONS
------------------------------------------------------------------------------

||v_star|| =
0.9999999999999999999991529670527457

||u - u_star|| =
5.9894274089194300056178344632208083e-22

------------------------------------------------------------------------------
3. OPTIMISED ANALYTIC ARCHIMEDEAN
------------------------------------------------------------------------------

Computing:
  J_v(r) from the symmetric finite Fourier sum
  A_arch = (1/pi) int_0^T h_+(r) J_v(r) dr

No numerical y-integration is performed.

Analytic Archimedean =
-1.6590330874909356691144265549126002

analytic Archimedean elapsed = 2.805631 s

==============================================================================
CELL 23 COMPLETE
==============================================================================

Result:
  analytic Archimedean = -1.6590330874909356691144265549126002

Timing:
  ground state         = 0.002263 s
  analytic Archimedean = 2.805631 s

==============================================================================
CELL 23 COMPLETE
==============================================================================
