==============================================================================
CELL 37 — REORGANISE THE ARCHIMEDEAN TAIL COEFFICIENTS
==============================================================================
c=13, T=400, dps=50, N_max=8
K_MAX=5

==============================================================================
POLYNOMIAL STRUCTURE OF H_k
==============================================================================
H_0(m,n) = n^0
H_1(m,n) = n^2 + m^2
H_2(m,n) = n^4 + n^2 m^2 + m^4
H_3(m,n) = n^6 + n^4 m^2 + n^2 m^4 + m^6
H_4(m,n) = n^8 + n^6 m^2 + n^4 m^4 + n^2 m^6 + m^8
H_5(m,n) = n^10 + n^8 m^2 + n^6 m^4 + n^4 m^6 + n^2 m^8 + m^10

GROUND STATE CACHE: HIT
  key            = 7f242e706255090bac3bb5d242377e42beba6db7166a9be158e9f8c22982459b
  generation dps = 50
  working dps    = 50
  lookup         = 0.000642 s

GROUND STATE CACHE: RETURN
  generation dps = 50
  working dps    = 50
  decode         = 0.000242 s
  validation     = 0.000239 s
  total          = 0.001123 s

------------------------------------------------------------------------------
N = 1
------------------------------------------------------------------------------
  k                        A_k              D_k=T^(2k)(0)
  0       4.412826633420702e-5       0.007522857448463843
  1       -0.05712689155399495          4.869412480197766
  2          18.14581138900935         -29.21989908014629
  3          219.8323073344164          175.3399420825524
  4           1984.89452085857         -1052.162952554554
  5          15905.70760795549          6313.717602388077

Exact cross-term reorganisation:
  k                    cross                      Q_k           moment-product
  1                        0         0.65848947037588         0.65848947037588
  2                        0         0.98773420556382         0.98773420556382
  3                        0          1.3169789407518          1.3169789407518
  4                        0          1.6462236759397          1.6462236759397
  5                        0          1.9754684111276          1.9754684111276

Q_k - sum_j M_(2j) M_(2k-2j):
k=1: 0.0
k=2: 0.0
k=3: 0.0
k=4: 0.0
k=5: -2.6727647100921956461e-51

GROUND STATE CACHE: HIT
  key            = a7b6909c5628d910f787175f412afde2817543d650cb3eb9c4a19c40eb2f1b91
  generation dps = 50
  working dps    = 50
  lookup         = 0.000509 s

GROUND STATE CACHE: RETURN
  generation dps = 50
  working dps    = 50
  decode         = 0.000207 s
  validation     = 0.000147 s
  total          = 0.000863 s

------------------------------------------------------------------------------
N = 2
------------------------------------------------------------------------------
  k                        A_k              D_k=T^(2k)(0)
  0       5.620971502375728e-8      0.0002684912218614254
  1     -0.0002230206587485476         0.5326400351116296
  2         0.2585190142727711          89.08798291409268
  3         -72.84910124310628         -2749.670868117425
  4          3933.730438273498          69668.11718497818
  5          324855.5246750676         -1694243.048159706

Exact cross-term reorganisation:
  k                    cross                      Q_k           moment-product
  1        -0.50351763088849        0.064750362947158        0.064750362947158
  2         -2.1147740497316         -1.8008451829652         -1.8008451829652
  3         -8.5597997251043         -9.5025316713479         -9.5025316713479
  4         -34.339902426595         -37.264484011964         -37.264484011964
  5         -137.46031323256         -132.13110809093         -132.13110809093

Q_k - sum_j M_(2j) M_(2k-2j):
k=1: 2.1716213269499089625e-51
k=2: -5.3455294201843912923e-51
k=3: 2.1382117680737565169e-50
k=4: -1.7105694144590052135e-49
k=5: -3.4211388289180104271e-49

GROUND STATE CACHE: HIT
  key            = 5c1f1143dbb80318759362a4716a500e62cd12645396d7682d8427505ef82f09
  generation dps = 50
  working dps    = 50
  lookup         = 0.000454 s

GROUND STATE CACHE: RETURN
  generation dps = 50
  working dps    = 50
  decode         = 0.000176 s
  validation     = 0.000127 s
  total          = 0.000757 s

------------------------------------------------------------------------------
N = 3
------------------------------------------------------------------------------
  k                        A_k              D_k=T^(2k)(0)
  0      1.178658512365983e-10       1.229471307912409e-5
  1       -1.11318613172626e-6        0.05805881835002895
  2        0.00325877599309841          32.87881959504673
  3         -3.023482695672974          2429.059122098254
  4          1057.812667924273         -262528.3376412301
  5          -101113.626984441          17513344.58781477

Exact cross-term reorganisation:
  k                    cross                      Q_k           moment-product
  1        -0.71573824627233       0.0065843330007226       0.0065843330007226
  2         -2.5403249646063        -0.62133375749997        -0.62133375749997
  3         -5.9888933431729           7.641446552153           7.641446552153
  4          14.864839595483          138.31424780725          138.31424780725
  5          410.11182942641          1523.5015329401          1523.5015329401

Q_k - sum_j M_(2j) M_(2k-2j):
k=1: 2.2447047369914924372e-51
k=2: 5.3455294201843912923e-51
k=3: 3.2073176521106347754e-50
k=4: 0.0
k=5: -2.7369110631344083416e-48

GROUND STATE CACHE: HIT
  key            = bb0004ccab612450ababdfd845c4c07e009dcd566c8e17346bb5dedcc1e9d9e1
  generation dps = 50
  working dps    = 50
  lookup         = 0.000516 s

GROUND STATE CACHE: RETURN
  generation dps = 50
  working dps    = 50
  decode         = 0.000283 s
  validation     = 0.000216 s
  total          = 0.001015 s

------------------------------------------------------------------------------
N = 4
------------------------------------------------------------------------------
  k                        A_k              D_k=T^(2k)(0)
  0      2.809207351433455e-13       6.002280646152538e-7
  1      -5.540399035821148e-9       0.005918934728634824
  2       3.483986013456003e-5           8.03648702884244
  3       -0.07652343773860309          2502.787743386507
  4          73.41835965832119         -46325.00356920344
  5         -30922.72719197369         -17692029.68806994

Exact cross-term reorganisation:
  k                    cross                      Q_k           moment-product
  1         -0.8779827361169      0.00063959690495091      0.00063959690495091
  2         -3.4306752033357        -0.14471896363898        -0.14471896363898
  3         -14.644645680482          7.5105163938901          7.5105163938901
  4         -116.35200829134          23.203438469017          23.203438469017
  5         -1800.0075887007         -1477.0060640513         -1477.0060640513

Q_k - sum_j M_(2j) M_(2k-2j):
k=1: 5.8205715854546838778e-52
k=2: -3.3409558876152445577e-52
k=3: 0.0
k=4: 5.9869929506065182474e-49
k=5: -1.0947644252537633367e-47

GROUND STATE CACHE: HIT
  key            = 044a3e71235e127a463b7ea577aaf02989a34b4f41735a32e1e70b324c90e37c
  generation dps = 50
  working dps    = 50
  lookup         = 0.000553 s

GROUND STATE CACHE: RETURN
  generation dps = 50
  working dps    = 50
  decode         = 0.000341 s
  validation     = 0.000164 s
  total          = 0.001058 s

------------------------------------------------------------------------------
N = 5
------------------------------------------------------------------------------
  k                        A_k              D_k=T^(2k)(0)
  0      2.412168566674724e-15       5.561964677693148e-8
  1     -7.198091918479594e-11      0.0008298659876113609
  2        7.01150311251744e-7          1.892586297920337
  3      -0.002559061559199334          1265.251261160648
  4           4.44484294873364          166646.7142917618
  5         -3947.011315348138         -34531073.98876643

Exact cross-term reorganisation:
  k                    cross                      Q_k           moment-product
  1         -1.0092028527487       8.6681610743614e-5       8.6681610743614e-5
  2          -4.469682723607       -0.032943703915216       -0.032943703915216
  3         -26.441139911622          3.6702076169814          3.6702076169814
  4         -269.13614030865         -80.555928786511         -80.555928786511
  5         -3611.0342453251         -2782.0909679646         -2782.0909679646

Q_k - sum_j M_(2j) M_(2k-2j):
k=1: -1.1419282818997417922e-53
k=2: -1.5284873185839743851e-50
k=3: -1.4432929434497856489e-49
k=4: -4.1053665947016125125e-48
k=5: -1.0947644252537633367e-47

GROUND STATE CACHE: HIT
  key            = 73104989a3101e09f6b3ea46d34eb3df07bf969c28cdfc8e5da4fa193271c5dc
  generation dps = 50
  working dps    = 50
  lookup         = 0.000473 s

GROUND STATE CACHE: RETURN
  generation dps = 50
  working dps    = 50
  decode         = 0.000342 s
  validation     = 0.000239 s
  total          = 0.001054 s

------------------------------------------------------------------------------
N = 6
------------------------------------------------------------------------------
  k                        A_k              D_k=T^(2k)(0)
  0      2.413962217913749e-17       5.564032188878088e-9
  1     -1.084643221968063e-12      0.0001250017451742563
  2         1.6184130263505e-8         0.4610236595926508
  3      -9.451186145066251e-5          534.8230309194262
  4         0.2715955820601638          185478.5903829762
  5         -420.5702431870397         -11839378.25918578

Exact cross-term reorganisation:
  k                    cross                      Q_k           moment-product
  1         -1.1162796789382       1.2735530942122e-5       1.2735530942122e-5
  2         -5.4594099556006      -0.0078274812083747      -0.0078274812083747
  3         -37.655799076082          1.5132361548781          1.5132361548781
  4         -388.79090315989         -87.455607561922         -87.455607561922
  5         -4182.5539545713         -930.33095486913         -930.33095486913

Q_k - sum_j M_(2j) M_(2k-2j):
k=1: 2.3782287796679122453e-51
k=2: -6.3269352121713693811e-51
k=3: 2.6727647100921956461e-50
k=4: -2.907968004580308863e-48
k=5: -4.3790577010150533466e-47

GROUND STATE CACHE: HIT
  key            = 0ea78ad3e55c639874ef6768ef1f46e12e28785682314b6ec9b738051613d7e2
  generation dps = 50
  working dps    = 50
  lookup         = 0.000531 s

GROUND STATE CACHE: RETURN
  generation dps = 50
  working dps    = 50
  decode         = 0.000442 s
  validation     = 0.000215 s
  total          = 0.001187 s

------------------------------------------------------------------------------
N = 7
------------------------------------------------------------------------------
  k                        A_k              D_k=T^(2k)(0)
  0      2.458967592067417e-19      5.615659954667868e-10
  1     -1.559250496105243e-14        1.78046685090963e-5
  2      3.354881874425135e-10         0.1008331038592932
  3        -2.9676984567447e-6          191.7834668643196
  4         0.0133672392684949          130482.3899375728
  5         -33.79202209788524          13156797.14486191

Exact cross-term reorganisation:
  k                    cross                      Q_k           moment-product
  1          -1.210813626647       1.7775095669032e-6       1.7775095669032e-6
  2           -6.41798700055      -0.0016775637854957      -0.0016775637854957
  3         -48.705525185574         0.53172235381039         0.53172235381039
  4         -506.50072203123         -60.286971627905         -60.286971627905
  5         -5043.3680056309          1013.0210064057          1013.0210064057

Q_k - sum_j M_(2j) M_(2k-2j):
k=1: -1.4242063259230076522e-51
k=2: 1.5733814133238042339e-50
k=3: -1.2829270608442539101e-49
k=4: -6.9278061285589711148e-48
k=5: -1.2316099784104837537e-46

GROUND STATE CACHE: HIT
  key            = 73310fc216c9d6f409163894d343b820d350bd52b0bb898416e813840f9f55ec
  generation dps = 50
  working dps    = 50
  lookup         = 0.000507 s

GROUND STATE CACHE: RETURN
  generation dps = 50
  working dps    = 50
  decode         = 0.000457 s
  validation     = 0.000193 s
  total          = 0.001157 s

------------------------------------------------------------------------------
N = 8
------------------------------------------------------------------------------
  k                        A_k              D_k=T^(2k)(0)
  0      5.053464935460088e-21      8.050429069050531e-11
  1     -4.223167464035578e-16       3.363861286280508e-6
  2      1.212365581667294e-11        0.02628877795759835
  3      -1.468762468343727e-7          71.43384845120307
  4      0.0009232216326206593          76526.39016393718
  5         -3.332963625483164          23451986.82656137

Exact cross-term reorganisation:
  k                    cross                      Q_k           moment-product
  1         -1.2861250543861       3.3076426769778e-7       3.3076426769778e-7
  2         -7.2344862487046      -0.0004307732819645      -0.0004307732819645
  3         -58.427432641096         0.19506540823762         0.19506540823762
  4         -620.02897943144         -34.824531995829         -34.824531995829
  5         -6530.2464666219          1778.4902722391          1778.4902722391

Q_k - sum_j M_(2j) M_(2k-2j):
k=1: -5.382959433254830485e-51
k=2: 1.0199050883481693835e-51
k=3: -4.6673153749984966471e-49
k=4: -8.6383755430179763283e-48
k=5: -4.926439913641935015e-47

==============================================================================
END OF CELL 37
==============================================================================
Interpretation: do not infer an N->infinity law from this cell. The objective is to discover an exact endpoint-moment reorganisation of the finite-N coefficients.
