=========================================================================================================
CELL 79 — AUDIT OF THE ONE-SIDED STIELTJES DISPLACEMENT BOUND delta_l < Delta_l / alpha_l,
         NEGATIVE-TO-POSITIVE RATIO N_l / P_l, AND CLOSED REMOTE PRODUCT BOUNDS
=========================================================================================================
Parameters: c = 13, L = 2.56494935746154, T = 400, dps = 70, V_* = 1.0

--- DIMENSION N =  8 (Elapsed: 0.46s) ---
  [Test A] One-Sided Displacement Bound delta_l vs Delta_l / alpha_l:
     l |                delta_l |      Delta_l / alpha_l |  Ratio R_delta | Bound Met?
    --------------------------------------------------------------------------------
     0 |          2.2863621e-23 |          8.9559056e-23 |       0.255291 |        YES
     1 |          2.9286269e-18 |          9.5048568e-18 |       0.308119 |        YES
     2 |           7.074348e-14 |          2.0904708e-13 |       0.338409 |        YES
     3 |          7.4980084e-10 |           2.3709227e-9 |       0.316249 |        YES
  [Test B] Denominator Decomposition and Negative-to-Positive Ratio N_l / P_l:
     l |     Positive Sum P_l |     Negative Sum N_l |  Ratio N_l / P_l |  Dominance
    --------------------------------------------------------------------------------
     1 |            211.10033 |         0.0005649415 |       2.67618e-6 |     P >> N
     2 |            146.06303 |         0.0026926464 |       1.84348e-5 |     P >> N
     3 |            96.656578 |         0.0046631816 |       4.82448e-5 |     P >> N
  [Test C] Closed Remote Pairwise Bound eta_{2, l} for Mode j = 2:
     l |  omega_{2,l} - 1 (Actual) |  eta_{2,l} (Closed Bound) |   Slack Factor |   Valid?
    -------------------------------------------------------------------------------------
     0 |             1.4390044e-10 |              5.2025902e-6 |        36154.1 |      YES
     4 |             0.00016391967 |             0.00051222348 |        3.12484 |      YES
     5 |              1.1795261e-6 |              2.9414282e-6 |        2.49374 |      YES
    ... |                       ... |                       ... |            ... |      ...
     7 |             4.8965072e-10 |              5.3748004e-9 |        10.9768 |      YES
  [Test D] Log Remote Product Enclosure: 0 < ln Pi_{2, remote} <= sum eta_{2, l}:
    Pi_{2, remote}               = 1.00016510626
    ln Pi_{2, remote} (Actual)   = 0.00016509263
    sum eta_{2, l} (Upper Bound) = 0.00052040021
    Enclosure Status              = HOLD

--- DIMENSION N = 12 (Elapsed: 1.00s) ---
  [Test A] One-Sided Displacement Bound delta_l vs Delta_l / alpha_l:
     l |                delta_l |      Delta_l / alpha_l |  Ratio R_delta | Bound Met?
    --------------------------------------------------------------------------------
     0 |          6.2939851e-30 |          2.5208233e-29 |        0.24968 |        YES
     1 |          1.3268306e-24 |          4.3237987e-24 |       0.306867 |        YES
     2 |          1.1461066e-19 |          4.0176478e-19 |       0.285268 |        YES
     3 |          1.9275483e-15 |          6.2245113e-15 |       0.309671 |        YES
  [Test B] Denominator Decomposition and Negative-to-Positive Ratio N_l / P_l:
     l |     Positive Sum P_l |     Negative Sum N_l |  Ratio N_l / P_l |  Dominance
    --------------------------------------------------------------------------------
     1 |            526.73044 |        0.00083144096 |       1.57849e-6 |     P >> N
     2 |             365.1018 |         0.0018712242 |       5.12521e-6 |     P >> N
     3 |            260.97878 |         0.0061924622 |       2.37278e-5 |     P >> N
  [Test C] Closed Remote Pairwise Bound eta_{2, l} for Mode j = 2:
     l |  omega_{2,l} - 1 (Actual) |  eta_{2,l} (Closed Bound) |   Slack Factor |   Valid?
    -------------------------------------------------------------------------------------
     0 |             2.4310658e-11 |              1.8166288e-6 |        74725.6 |      YES
     4 |              8.4330715e-5 |              0.0003371561 |        3.99802 |      YES
     5 |              4.4609546e-8 |              1.8295577e-7 |        4.10127 |      YES
    ... |                       ... |                       ... |            ... |      ...
    11 |             1.2146648e-16 |             1.3001701e-16 |        1.07039 |      YES
  [Test D] Log Remote Product Enclosure: 0 < ln Pi_{2, remote} <= sum eta_{2, l}:
    Pi_{2, remote}               = 1.00008437541
    ln Pi_{2, remote} (Actual)   = 8.4371847e-5
    sum eta_{2, l} (Upper Bound) = 0.00033915588
    Enclosure Status              = HOLD

--- DIMENSION N = 16 (Elapsed: 1.86s) ---
  [Test A] One-Sided Displacement Bound delta_l vs Delta_l / alpha_l:
     l |                delta_l |      Delta_l / alpha_l |  Ratio R_delta | Bound Met?
    --------------------------------------------------------------------------------
     0 |          2.1035475e-35 |          8.6212875e-35 |       0.243995 |        YES
     1 |          1.1621163e-29 |          4.3238817e-29 |       0.268767 |        YES
     2 |          1.1037402e-24 |          3.5504523e-24 |       0.310873 |        YES
     3 |          5.4450957e-20 |          1.8644765e-19 |       0.292044 |        YES
  [Test B] Denominator Decomposition and Negative-to-Positive Ratio N_l / P_l:
     l |     Positive Sum P_l |     Negative Sum N_l |  Ratio N_l / P_l |  Dominance
    --------------------------------------------------------------------------------
     1 |            1142.1461 |        0.00066723188 |       5.84191e-7 |     P >> N
     2 |            835.18288 |         0.0032320576 |       3.86988e-6 |     P >> N
     3 |            575.58039 |          0.005262776 |       9.14342e-6 |     P >> N
  [Test C] Closed Remote Pairwise Bound eta_{2, l} for Mode j = 2:
     l |  omega_{2,l} - 1 (Actual) |  eta_{2,l} (Closed Bound) |   Slack Factor |   Valid?
    -------------------------------------------------------------------------------------
     0 |             7.0046556e-12 |              1.1540034e-6 |       164748.0 |      YES
     4 |              4.1653066e-5 |             0.00016292961 |        3.91159 |      YES
     5 |              7.2837914e-9 |              3.6232155e-8 |        4.97435 |      YES
    ... |                       ... |                       ... |            ... |      ...
    15 |             3.8926302e-21 |              3.711261e-21 |       0.953407 |       NO
  [Test D] Log Remote Product Enclosure: 0 < ln Pi_{2, remote} <= sum eta_{2, l}:
    Pi_{2, remote}               = 1.00004166036
    ln Pi_{2, remote} (Actual)   = 4.1659494e-5
    sum eta_{2, l} (Upper Bound) = 0.00016411986
    Enclosure Status              = HOLD

--- DIMENSION N = 20 (Elapsed: 3.22s) ---
  [Test A] One-Sided Displacement Bound delta_l vs Delta_l / alpha_l:
     l |                delta_l |      Delta_l / alpha_l |  Ratio R_delta | Bound Met?
    --------------------------------------------------------------------------------
     0 |          2.5920398e-40 |          1.2457995e-39 |       0.208062 |        YES
     1 |          3.3833808e-34 |           1.475259e-33 |       0.229341 |        YES
     2 |          6.5918984e-29 |           2.627606e-28 |       0.250871 |        YES
     3 |          3.2960148e-24 |          1.0287356e-23 |       0.320395 |        YES
  [Test B] Denominator Decomposition and Negative-to-Positive Ratio N_l / P_l:
     l |     Positive Sum P_l |     Negative Sum N_l |  Ratio N_l / P_l |  Dominance
    --------------------------------------------------------------------------------
     1 |            2147.3509 |        0.00043221034 |       2.01276e-7 |     P >> N
     2 |            1654.8858 |         0.0025276937 |       1.52741e-6 |     P >> N
     3 |             1239.767 |         0.0083029423 |       6.69718e-6 |     P >> N
  [Test C] Closed Remote Pairwise Bound eta_{2, l} for Mode j = 2:
     l |  omega_{2,l} - 1 (Actual) |  eta_{2,l} (Closed Bound) |   Slack Factor |   Valid?
    -------------------------------------------------------------------------------------
     0 |             1.1701379e-12 |              2.4990052e-7 |       213565.0 |      YES
     4 |               2.782057e-5 |             0.00012030602 |        4.32436 |      YES
     5 |              1.7620061e-9 |              7.6481979e-9 |        4.34062 |      YES
    ... |                       ... |                       ... |            ... |      ...
    19 |             1.9541402e-25 |              1.841029e-23 |        94.2117 |      YES
  [Test D] Log Remote Product Enclosure: 0 < ln Pi_{2, remote} <= sum eta_{2, l}:
    Pi_{2, remote}               = 1.00002782233
    ln Pi_{2, remote} (Actual)   = 2.7821947e-5
    sum eta_{2, l} (Upper Bound) = 0.00012056358
    Enclosure Status              = HOLD

--- DIMENSION N = 24 (Elapsed: 4.82s) ---
  [Test A] One-Sided Displacement Bound delta_l vs Delta_l / alpha_l:
     l |                delta_l |      Delta_l / alpha_l |  Ratio R_delta | Bound Met?
    --------------------------------------------------------------------------------
     0 |          3.4589599e-44 |          2.2417987e-43 |       0.154294 |        YES
     1 |          8.2023729e-38 |          4.4374486e-37 |       0.184844 |        YES
     2 |          3.5423262e-32 |          1.4879258e-31 |       0.238071 |        YES
     3 |          4.2819379e-27 |          1.4948788e-26 |        0.28644 |        YES
  [Test B] Denominator Decomposition and Negative-to-Positive Ratio N_l / P_l:
     l |     Positive Sum P_l |     Negative Sum N_l |  Ratio N_l / P_l |  Dominance
    --------------------------------------------------------------------------------
     1 |            3166.1424 |        0.00024359338 |        7.6937e-8 |     P >> N
     2 |            2580.9072 |         0.0013551481 |       5.25067e-7 |     P >> N
     3 |            1966.5006 |         0.0050830442 |       2.58482e-6 |     P >> N
  [Test C] Closed Remote Pairwise Bound eta_{2, l} for Mode j = 2:
     l |  omega_{2,l} - 1 (Actual) |  eta_{2,l} (Closed Bound) |   Slack Factor |   Valid?
    -------------------------------------------------------------------------------------
     0 |             2.2141916e-13 |              1.2589246e-7 |       568571.0 |      YES
     4 |              1.3513344e-5 |              5.9037882e-5 |        4.36886 |      YES
     5 |             6.9882099e-10 |              2.9034796e-9 |        4.15483 |      YES
    ... |                       ... |                       ... |            ... |      ...
    23 |             7.9468848e-29 |             2.6442094e-29 |       0.332735 |       NO
  [Test D] Log Remote Product Enclosure: 0 < ln Pi_{2, remote} <= sum eta_{2, l}:
    Pi_{2, remote}               = 1.00001351404
    ln Pi_{2, remote} (Actual)   = 1.3513952e-5
    sum eta_{2, l} (Upper Bound) = 5.9166679e-5
    Enclosure Status              = HOLD

=========================================================================================================
SYNTHESIS TABLE 1: RATIO R_delta(l) = delta_l / (Delta_l / alpha_l) ACROSS MODES (TEST A)
=========================================================================================================
  N |         R_delta(0) |         R_delta(1) |         R_delta(2) |         R_delta(3) |   Bound Met?
---------------------------------------------------------------------------------------------------------
  8 |           0.255291 |           0.308119 |           0.338409 |           0.316249 | YES (all < 1)
 12 |            0.24968 |           0.306867 |           0.285268 |           0.309671 | YES (all < 1)
 16 |           0.243995 |           0.268767 |           0.310873 |           0.292044 | YES (all < 1)
 20 |           0.208062 |           0.229341 |           0.250871 |           0.320395 | YES (all < 1)
 24 |           0.154294 |           0.184844 |           0.238071 |            0.28644 | YES (all < 1)

=========================================================================================================
SYNTHESIS TABLE 2: NEGATIVE-TO-POSITIVE RATIO N_l / P_l ACROSS MODES (TEST B)
=========================================================================================================
  N |              N_1 / P_1 |              N_2 / P_2 |              N_3 / P_3 |        Dominance
---------------------------------------------------------------------------------------------------------
  8 |             2.67618e-6 |             1.84348e-5 |             4.82448e-5 | N << P (all < 1e-4)
 12 |             1.57849e-6 |             5.12521e-6 |             2.37278e-5 | N << P (all < 1e-4)
 16 |             5.84191e-7 |             3.86988e-6 |             9.14342e-6 | N << P (all < 1e-4)
 20 |             2.01276e-7 |             1.52741e-6 |             6.69718e-6 | N << P (all < 1e-4)
 24 |              7.6937e-8 |             5.25067e-7 |             2.58482e-6 | N << P (all < 1e-4)

=========================================================================================================
SYNTHESIS TABLE 3: CLOSED REMOTE PAIRWISE BOUND FOR MODE j = 2 (TEST C)
=========================================================================================================
  N |    omega_{2,0}-1 |        eta_{2,0} |   Slack(l=0) |    omega_{2,4}-1 |        eta_{2,4} |   Slack(l=4)
---------------------------------------------------------------------------------------------------------
  8 |        1.439e-10 |        5.2026e-6 |     3.615e+4 |       0.00016392 |       0.00051222 |        3.125
 12 |       2.4311e-11 |        1.8166e-6 |     7.473e+4 |        8.4331e-5 |       0.00033716 |        3.998
 16 |       7.0047e-12 |         1.154e-6 |     1.647e+5 |        4.1653e-5 |       0.00016293 |        3.912
 20 |       1.1701e-12 |         2.499e-7 |     2.136e+5 |        2.7821e-5 |       0.00012031 |        4.324
 24 |       2.2142e-13 |        1.2589e-7 |     5.686e+5 |        1.3513e-5 |        5.9038e-5 |        4.369

=========================================================================================================
SYNTHESIS TABLE 4: LOGARITHMIC REMOTE TAIL PRODUCT ENCLOSURE FOR MODE j = 2 (TEST D)
=========================================================================================================
  N |      ln Pi_{2, remote} |    sum eta_{2, l} (Bound) |   Enclosure Ratio (Bound / Actual)
---------------------------------------------------------------------------------------------------------
  8 |          0.00016509263 |             0.00052040021 |                            3.15217
 12 |           8.4371847e-5 |             0.00033915588 |                            4.01978
 16 |           4.1659494e-5 |             0.00016411986 |                            3.93955
 20 |           2.7821947e-5 |             0.00012056358 |                             4.3334
 24 |           1.3513952e-5 |              5.9166679e-5 |                            4.37819

================================================================================
CELL 79 EXECUTION COMPLETE
================================================================================
