=======================================================================================================================================
CELL 93 — SPECTRAL PROJECTOR CONVERGENCE ||P_K^{(N+4)} - P_K^{(N)}||,
          BOUNDARY GAP PROMINENCE GAMMA_11, AND EXTENDED SWEEPS (N <= 64)
=======================================================================================================================================
Configuration: c = 13, L = log(c) = 2.56494935746, T = 400
Working Precision: 70 decimal digits
Dimensions Sweep: N in [44, 48, 52, 56, 60, 64]
Projector Cutoffs Focus: K in [10, 11, 12, 13]
=======================================================================================================================================

>>> Processing Dimension N = 44 (dim = 45) ...
   Completed N = 44 in 9.81s | E_11 = 0.00922593 | E_12 = 0.55085 | g_11 = 0.541624

>>> Processing Dimension N = 48 (dim = 49) ...
   Completed N = 48 in 12.54s | E_11 = 0.00818908 | E_12 = 0.46048 | g_11 = 0.452291

>>> Processing Dimension N = 52 (dim = 53) ...
   Completed N = 52 in 15.88s | E_11 = 0.00659387 | E_12 = 0.435999 | g_11 = 0.429406

>>> Processing Dimension N = 56 (dim = 57) ...
   Completed N = 56 in 19.57s | E_11 = 0.00626811 | E_12 = 0.433563 | g_11 = 0.427295

>>> Processing Dimension N = 60 (dim = 61) ...
   Completed N = 60 in 126.39s | E_11 = 0.00578352 | E_12 = 0.429196 | g_11 = 0.423412

>>> Processing Dimension N = 64 (dim = 65) ...
   Completed N = 64 in 130.40s | E_11 = 0.00529441 | E_12 = 0.425751 | g_11 = 0.420457

All dimensions processed in 314.60s.

=======================================================================================================================================
TEST A: Boundary Gaps g_j and Dimensionless Prominence Ratio Gamma_{11}(N) = g_{11} / max(g_{10}, g_{12})
Auditing Whether the 11|12 Boundary Remains the Structurally Distinguished Interface
=======================================================================================================================================
  N |       E_{10} |       E_{11} |       E_{12} |       E_{13} |       g_{10} |       g_{11} |       g_{12} |   Gamma_{11}
---------------------------------------------------------------------------------------------------------------------------------------
 44 |  9.649275e-6 |  0.009225934 |      0.55085 |    0.6982215 |  0.009216285 |    0.5416241 |    0.1473714 |      3.67523
 48 |  6.968332e-6 |  0.008189081 |      0.46048 |    0.6271499 |  0.008182113 |     0.452291 |    0.1666698 |      2.71369
 52 |  6.633526e-6 |  0.006593868 |    0.4359995 |    0.6007776 |  0.006587234 |    0.4294056 |    0.1647781 |      2.60596
 56 |   6.26521e-6 |  0.006268106 |    0.4335631 |    0.5876932 |  0.006261841 |     0.427295 |    0.1541301 |       2.7723
 60 |  6.208613e-6 |  0.005783524 |     0.429196 |    0.5792109 |  0.005777316 |    0.4234124 |    0.1500149 |      2.82247
 64 |  6.022314e-6 |  0.005294409 |    0.4257515 |    0.5757935 |  0.005288387 |    0.4204571 |     0.150042 |      2.80226

=======================================================================================================================================
TEST B: Spectral Projector Cauchy Differences ||P_K^{(N+4)} - P_K^{(N)}||_{op} and ||Delta P_K||_F
Auditing Subspace Stabilization across Cutoffs K in {10, 11, 12, 13}
=======================================================================================================================================
 Step (N -> N+4) | ||DP_10||_op |  ||DP_10||_F | ||DP_11||_op |  ||DP_11||_F | ||DP_12||_op |  ||DP_12||_F | ||DP_13||_op |  ||DP_13||_F
---------------------------------------------------------------------------------------------------------------------------------------
        44 -> 48 |    0.0038946 |   0.00550811 |    0.0239333 |    0.0339008 |     0.717894 |      1.01554 |     0.967069 |      1.36934
        48 -> 52 |   0.00095601 |   0.00135395 |    0.0348786 |    0.0493288 |     0.196694 |     0.278879 |     0.249334 |     0.360278
        52 -> 56 |  0.000719224 |   0.00101763 |    0.0121788 |    0.0172368 |    0.0495554 |    0.0707849 |     0.153163 |     0.220759
        56 -> 60 |  0.000286768 |  0.000406964 |    0.0175775 |     0.024859 |    0.0813541 |     0.115422 |     0.141672 |     0.201903
        60 -> 64 |   0.00118787 |   0.00167998 |    0.0189382 |    0.0267842 |    0.0693343 |    0.0983208 |    0.0936595 |     0.134274

=======================================================================================================================================
TEST C: Competing Boundary Hypotheses Audit: H_{gap}(10) vs H_{gap}(11)
Tracking the Collapse of g_{10} = E_{11} - E_{10} vs the Survival of g_{11} = E_{12} - E_{11}
=======================================================================================================================================
  N |         g_{10} |  g_{10} step ratio |         g_{11} |  g_{11} step ratio |  g_{11} / g_{10}
---------------------------------------------------------------------------------------------------------------------------------------
 44 |    0.009216285 |                  — |      0.5416241 |                  — |          58.7682
 48 |    0.008182113 |           0.887789 |       0.452291 |           0.835064 |           55.278
 52 |    0.006587234 |           0.805077 |      0.4294056 |           0.949401 |          65.1875
 56 |    0.006261841 |           0.950602 |       0.427295 |           0.995085 |          68.2379
 60 |    0.005777316 |           0.922623 |      0.4234124 |           0.990914 |          73.2888
 64 |    0.005288387 |           0.915371 |      0.4204571 |            0.99302 |          79.5057

=======================================================================================================================================
TEST D: Subspace Tilt sin theta_{max} = ||(I - P_K^{(N)}) P_K^{(N+4)}||_{op} and cos theta_{max} = sigma_{min}(U_K^T U_K)
Auditing Whether the Low-Energy Subspaces Stabilize as Invariant Geometric Objects
=======================================================================================================================================
 Step (N -> N+4) |  sin theta(K=10) |  cos theta(K=10) |  sin theta(K=11) |  cos theta(K=11) |  sin theta(K=12) |  cos theta(K=12)
---------------------------------------------------------------------------------------------------------------------------------------
        44 -> 48 |        0.0038946 |         0.999992 |        0.0239333 |         0.999714 |         0.717894 |         0.696152
        48 -> 52 |       0.00095601 |              1.0 |        0.0348786 |         0.999392 |         0.196694 |         0.980465
        52 -> 56 |      0.000719224 |              1.0 |        0.0121788 |         0.999926 |        0.0495554 |         0.998771
        56 -> 60 |      0.000286768 |              1.0 |        0.0175775 |         0.999846 |        0.0813541 |         0.996685
        60 -> 64 |       0.00118787 |         0.999999 |        0.0189382 |         0.999821 |        0.0693343 |         0.997593

================================================================================
CELL 93 EXECUTION COMPLETE
================================================================================
