================================================================================================
CELL 70 — AUDIT OF FIRST-MODE SPECTRAL CONCENTRATION, RELATIVE TAIL RATIO eps_N,
         AND MODE-BY-MODE SPECTRAL FILTERING IN THE COORDINATE WAVEPACKET
================================================================================================
Parameters: c = 13, L = 2.56494935746154, T = 400, dps = 50, V_* = 1.0

--- DIMENSION N =  8 (Elapsed: 0.18s) ---
  Excited gap:         mu_1 - lam_0           = 1.38723543e-15
  Dipole squared:      b_{01}^2               = 3.7372547e-5
  Excited norm:        ||v_exc||^2            = 3.73759357e-5
  Tail ratio:          eps_N = sum_{j>=2} T_j = 9.06752154e-5
  Bound tail:          eps_N^{bound} (< V_*)  = 9.06752154e-5
  High-energy tail:    eps_N^{high} (>= V_*)  = 5.42269371e-19
  First-mode share:    C_1 = b_{01}^2/||v||^2  = 99.9909333%
  Equiv residual:      |||v||^2 - b^2(1+eps)| = 0.0
  Max D_0 cancel err:  |T_dir - O_j * S_j|    = 3.225e-39
    Mode j = 2: T_2 = 9.0657945e-5  [O_2 = 16556.366, S_2 = 5.4757151e-9]
    Mode j = 3: T_3 = 1.7240703e-8  [O_3 = 79865058.0, S_3 = 2.1587292e-16]
    Mode j = 4: T_4 = 2.9247388e-11  [O_4 = 2.7241486e+10, S_4 = 1.0736341e-21]
    Mode j = 5: T_5 = 1.2505655e-13  [O_5 = 7.6441406e+12, S_5 = 1.6359791e-26]

--- DIMENSION N = 12 (Elapsed: 0.40s) ---
  Excited gap:         mu_1 - lam_0           = 1.18648486e-21
  Dipole squared:      b_{01}^2               = 2.56364484e-5
  Excited norm:        ||v_exc||^2            = 2.56370911e-5
  Tail ratio:          eps_N = sum_{j>=2} T_j = 2.50709324e-5
  Bound tail:          eps_N^{bound} (< V_*)  = 2.50709324e-5
  High-energy tail:    eps_N^{high} (>= V_*)  = 3.70221272e-22
  First-mode share:    C_1 = b_{01}^2/||v||^2  = 99.99749297%
  Equiv residual:      |||v||^2 - b^2(1+eps)| = 4.078e-56
  Max D_0 cancel err:  |T_dir - O_j * S_j|    = 2.326e-33
    Mode j = 2: T_2 = 2.5067044e-5  [O_2 = 43010.966, S_2 = 5.8280589e-10]
    Mode j = 3: T_3 = 3.8863849e-9  [O_3 = 4.6950959e+8, S_3 = 8.277541e-18]
    Mode j = 4: T_4 = 2.070011e-12  [O_4 = 9.9834741e+11, S_4 = 2.0734375e-24]
    Mode j = 5: T_5 = 1.111112e-15  [O_5 = 2.3963243e+15, S_5 = 4.6367347e-31]

--- DIMENSION N = 16 (Elapsed: 1.45s) ---
  Excited gap:         mu_1 - lam_0           = 1.27595595e-26
  Dipole squared:      b_{01}^2               = 1.02870815e-5
  Excited norm:        ||v_exc||^2            = 1.02873083e-5
  Tail ratio:          eps_N = sum_{j>=2} T_j = 2.20504948e-5
  Bound tail:          eps_N^{bound} (< V_*)  = 2.20504948e-5
  High-energy tail:    eps_N^{high} (>= V_*)  = 2.74085257e-27
  First-mode share:    C_1 = b_{01}^2/||v||^2  = 99.997795%
  Equiv residual:      |||v||^2 - b^2(1+eps)| = 0.0
  Max D_0 cancel err:  |T_dir - O_j * S_j|    = 1.353e-27
    Mode j = 2: T_2 = 2.2049026e-5  [O_2 = 79685.52, S_2 = 2.7670053e-10]
    Mode j = 3: T_3 = 1.4688983e-9  [O_3 = 1.8332275e+9, S_3 = 8.0126352e-19]
    Mode j = 4: T_4 = 3.3619144e-13  [O_4 = 1.176051e+13, S_4 = 2.8586467e-26]
    Mode j = 5: T_5 = 9.1971032e-17  [O_5 = 7.2485091e+16, S_5 = 1.2688269e-33]

--- DIMENSION N = 20 (Elapsed: 2.45s) ---
  Excited gap:         mu_1 - lam_0           = 6.39990962e-31
  Dipole squared:      b_{01}^2               = 4.29280108e-6
  Excited norm:        ||v_exc||^2            = 4.29284587e-6
  Tail ratio:          eps_N = sum_{j>=2} T_j = 1.0432784e-5
  Bound tail:          eps_N^{bound} (< V_*)  = 1.0432784e-5
  High-energy tail:    eps_N^{high} (>= V_*)  = 9.75213733e-32
  First-mode share:    C_1 = b_{01}^2/||v||^2  = 99.99895673%
  Equiv residual:      |||v||^2 - b^2(1+eps)| = 0.0
  Max D_0 cancel err:  |T_dir - O_j * S_j|    = 1.916e-24
    Mode j = 2: T_2 = 1.0432102e-5  [O_2 = 96944.56, S_2 = 1.0760895e-10]
    Mode j = 3: T_3 = 6.8158974e-10  [O_3 = 2.1770593e+9, S_3 = 3.1307817e-19]
    Mode j = 4: T_4 = 5.4664735e-14  [O_4 = 4.9712008e+13, S_4 = 1.0996284e-27]
    Mode j = 5: T_5 = 1.0752367e-17  [O_5 = 3.734347e+17, S_5 = 2.8793165e-35]

--- DIMENSION N = 24 (Elapsed: 4.40s) ---
  Excited gap:         mu_1 - lam_0           = 2.94860198e-34
  Dipole squared:      b_{01}^2               = 2.25258131e-6
  Excited norm:        ||v_exc||^2            = 2.2525915e-6
  Tail ratio:          eps_N = sum_{j>=2} T_j = 4.52375494e-6
  Bound tail:          eps_N^{bound} (< V_*)  = 4.52375494e-6
  High-energy tail:    eps_N^{high} (>= V_*)  = 2.2895882e-34
  First-mode share:    C_1 = b_{01}^2/||v||^2  = 99.99954763%
  Equiv residual:      |||v||^2 - b^2(1+eps)| = 5.098e-57
  Max D_0 cancel err:  |T_dir - O_j * S_j|    = 1.085e-20
    Mode j = 2: T_2 = 4.5236322e-6  [O_2 = 161699.35, S_2 = 2.7975575e-11]
    Mode j = 3: T_3 = 1.2269276e-10  [O_3 = 6.4214411e+9, S_3 = 1.9106732e-20]
    Mode j = 4: T_4 = 5.3267768e-15  [O_4 = 2.0046747e+14, S_4 = 2.6571776e-29]
    Mode j = 5: T_5 = 8.2807864e-19  [O_5 = 1.6764593e+18, S_5 = 4.9394496e-37]

==============================================================================================================
SYNTHESIS TABLE 1: RELATIVE TAIL RATIO eps_N, SECTOR DECOMPOSITION, AND FIRST-MODE CONCENTRATION
==============================================================================================================
  N |    ||v_exc||^2 |       b_{01}^2 |         eps_N | eps_N^{bound} |  eps_N^{high} |     C_1 (%) |   Equiv Res
-----------------------------------------------------------------------------------------------------------------
  8 |   3.7375936e-5 |   3.7372547e-5 |   9.067522e-5 |   9.067522e-5 |  5.422694e-19 |   99.990933 |         0.0
 12 |   2.5637091e-5 |   2.5636448e-5 |   2.507093e-5 |   2.507093e-5 |  3.702213e-22 |   99.997493 |   4.078e-56
 16 |   1.0287308e-5 |   1.0287081e-5 |   2.205049e-5 |   2.205049e-5 |  2.740853e-27 |   99.997795 |         0.0
 20 |   4.2928459e-6 |   4.2928011e-6 |   1.043278e-5 |   1.043278e-5 |  9.752137e-32 |   99.998957 |         0.0
 24 |   2.2525915e-6 |   2.2525813e-6 |   4.523755e-6 |   4.523755e-6 |  2.289588e-34 |   99.999548 |   5.098e-57

==============================================================================================================
SYNTHESIS TABLE 2: MODE-BY-MODE TAIL RATIOS T_j AND SPECTRAL SUPPRESSION FACTORS S_j (j = 2, 3, 4, 5)
==============================================================================================================
  N |          T_2 |          S_2 |          T_3 |          S_3 |          T_4 |          S_4 |          T_5 |          S_5
---------------------------------------------------------------------------------------------------------------------------
  8 |   9.06579e-5 |   5.47572e-9 |   1.72407e-8 |  2.15873e-16 |  2.92474e-11 |  1.07363e-21 |  1.25057e-13 |  1.63598e-26
 12 |    2.5067e-5 |  5.82806e-10 |   3.88638e-9 |  8.27754e-18 |  2.07001e-12 |  2.07344e-24 |  1.11111e-15 |  4.63673e-31
 16 |    2.2049e-5 |  2.76701e-10 |    1.4689e-9 |  8.01264e-19 |  3.36191e-13 |  2.85865e-26 |   9.1971e-17 |  1.26883e-33
 20 |   1.04321e-5 |  1.07609e-10 |   6.8159e-10 |  3.13078e-19 |  5.46647e-14 |  1.09963e-27 |  1.07524e-17 |  2.87932e-35
 24 |   4.52363e-6 |  2.79756e-11 |  1.22693e-10 |  1.91067e-20 |  5.32678e-15 |  2.65718e-29 |  8.28079e-19 |  4.93945e-37

================================================================================
CELL 70 EXECUTION COMPLETE
================================================================================
