=========================================================================================================
CELL 72 — TARGETED AUDIT OF SEMICLASSICAL ACTION COMPETITION AND EVEN-RESOLVENT
         POLE CANCELLATION IN THE FIRST EXCITED TAIL MODE (j = 2)
=========================================================================================================
Parameters: c = 13, L = 2.56494935746154, T = 400, dps = 50, V_* = 1.0

--- DIMENSION N =  8 (Elapsed: 0.13s) ---
  Tunneling gap:       mu_1 - lam_0                   = 1.38723543e-15
  Boundary squared:    D_0^2                          = 6.48094082e-21
  Num pole num:        D_0^2 + (mu_1-lam)^2*E_even(1) = 1.42778793e-15
  Num exc term:        (mu_1-lam)^2*E_even(1)         = 1.428e-15
  Mode 2 kinetic ratio:   K_2 = ||Ku_2||^2 / ||Ku_1||^2 = 1.43938
  Mode 2 Stieltjes ratio: G_2 = G'(1) / G'(2)           = 11502.4
  Mode 2 gap ratio:       S_2 = ((mu_1-lam)/(mu_2-lam))^2= 5.47572e-9
  Mode 2 product:         Q_2 = G_2 * S_2               = 6.2984e-5
  Mode 2 pole formula:    Q_2^{pole}                   = 6.2984e-5
  Pole id residual:       |Q_2 - Q_2^{pole}|           = 1.631e-55
  Mode 2 tail ratio:      T_2 = b_{02}^2 / b_{01}^2   = 9.06579e-5
  Denom D_0^2 term:       D_0^2                         = 6.481e-21
  Denom exc term:         (mu_2-lam)^2 * E_even(2)      = 2.267e-11

--- DIMENSION N = 12 (Elapsed: 0.38s) ---
  Tunneling gap:       mu_1 - lam_0                   = 1.18648486e-21
  Boundary squared:    D_0^2                          = 4.41839913e-27
  Num pole num:        D_0^2 + (mu_1-lam)^2*E_even(1) = 1.59066966e-21
  Num exc term:        (mu_1-lam)^2*E_even(1)         = 1.591e-21
  Mode 2 kinetic ratio:   K_2 = ||Ku_2||^2 / ||Ku_1||^2 = 1.50431
  Mode 2 Stieltjes ratio: G_2 = G'(1) / G'(2)           = 28591.9
  Mode 2 gap ratio:       S_2 = ((mu_1-lam)/(mu_2-lam))^2= 5.82806e-10
  Mode 2 product:         Q_2 = G_2 * S_2               = 1.66635e-5
  Mode 2 pole formula:    Q_2^{pole}                   = 1.66635e-5
  Pole id residual:       |Q_2 - Q_2^{pole}|           = 4.078e-56
  Mode 2 tail ratio:      T_2 = b_{02}^2 / b_{01}^2   = 2.5067e-5
  Denom D_0^2 term:       D_0^2                         = 4.418e-27
  Denom exc term:         (mu_2-lam)^2 * E_even(2)      = 9.546e-17

--- DIMENSION N = 16 (Elapsed: 0.86s) ---
  Tunneling gap:       mu_1 - lam_0                   = 1.27595595e-26
  Boundary squared:    D_0^2                          = 3.17795205e-32
  Num pole num:        D_0^2 + (mu_1-lam)^2*E_even(1) = 3.01331226e-26
  Num exc term:        (mu_1-lam)^2*E_even(1)         = 3.013e-26
  Mode 2 kinetic ratio:   K_2 = ||Ku_2||^2 / ||Ku_1||^2 = 1.61779
  Mode 2 Stieltjes ratio: G_2 = G'(1) / G'(2)           = 49255.8
  Mode 2 gap ratio:       S_2 = ((mu_1-lam)/(mu_2-lam))^2= 2.76701e-10
  Mode 2 product:         Q_2 = G_2 * S_2               = 1.36291e-5
  Mode 2 pole formula:    Q_2^{pole}                   = 1.36291e-5
  Pole id residual:       |Q_2 - Q_2^{pole}|           = 0.0
  Mode 2 tail ratio:      T_2 = b_{02}^2 / b_{01}^2   = 2.2049e-5
  Denom D_0^2 term:       D_0^2                         = 3.178e-32
  Denom exc term:         (mu_2-lam)^2 * E_even(2)      = 2.211e-21

--- DIMENSION N = 20 (Elapsed: 1.60s) ---
  Tunneling gap:       mu_1 - lam_0                   = 6.39990962e-31
  Boundary squared:    D_0^2                          = 7.02834385e-37
  Num pole num:        D_0^2 + (mu_1-lam)^2*E_even(1) = 1.64538314e-30
  Num exc term:        (mu_1-lam)^2*E_even(1)         = 1.645e-30
  Mode 2 kinetic ratio:   K_2 = ||Ku_2||^2 / ||Ku_1||^2 = 1.72748
  Mode 2 Stieltjes ratio: G_2 = G'(1) / G'(2)           = 56119.0
  Mode 2 gap ratio:       S_2 = ((mu_1-lam)/(mu_2-lam))^2= 1.07609e-10
  Mode 2 product:         Q_2 = G_2 * S_2               = 6.03891e-6
  Mode 2 pole formula:    Q_2^{pole}                   = 6.03891e-6
  Pole id residual:       |Q_2 - Q_2^{pole}|           = 0.0
  Mode 2 tail ratio:      T_2 = b_{02}^2 / b_{01}^2   = 1.04321e-5
  Denom D_0^2 term:       D_0^2                         = 7.028e-37
  Denom exc term:         (mu_2-lam)^2 * E_even(2)      = 2.725e-25

--- DIMENSION N = 24 (Elapsed: 2.73s) ---
  Tunneling gap:       mu_1 - lam_0                   = 2.94860198e-34
  Boundary squared:    D_0^2                          = 1.29495976e-40
  Num pole num:        D_0^2 + (mu_1-lam)^2*E_even(1) = 5.87448032e-34
  Num exc term:        (mu_1-lam)^2*E_even(1)         = 5.874e-34
  Mode 2 kinetic ratio:   K_2 = ||Ku_2||^2 / ||Ku_1||^2 = 1.78977
  Mode 2 Stieltjes ratio: G_2 = G'(1) / G'(2)           = 90346.4
  Mode 2 gap ratio:       S_2 = ((mu_1-lam)/(mu_2-lam))^2= 2.79756e-11
  Mode 2 product:         Q_2 = G_2 * S_2               = 2.52749e-6
  Mode 2 pole formula:    Q_2^{pole}                   = 2.52749e-6
  Pole id residual:       |Q_2 - Q_2^{pole}|           = 1.02e-56
  Mode 2 tail ratio:      T_2 = b_{02}^2 / b_{01}^2   = 4.52363e-6
  Denom D_0^2 term:       D_0^2                         = 1.295e-40
  Denom exc term:         (mu_2-lam)^2 * E_even(2)      = 2.324e-28

===================================================================================================================
SYNTHESIS TABLE 1: MODE j = 2 SEMICLASSICAL ACTION DECOMPOSITION (T_2 = K_2 * G_2 * S_2 = K_2 * Q_2)
===================================================================================================================
  N |      K_2 |    G_2 = G'(1)/G'(2) |  S_2 (gap ratio) |  Q_2 = G_2 * S_2 |   T_2 (direct) |     T_2 (fact)
-------------------------------------------------------------------------------------------------------------
  8 |   1.4394 |              11502.4 |       5.47572e-9 |        6.2984e-5 |     9.06579e-5 |     9.06579e-5
 12 |   1.5043 |              28591.9 |      5.82806e-10 |       1.66635e-5 |      2.5067e-5 |      2.5067e-5
 16 |   1.6178 |              49255.8 |      2.76701e-10 |       1.36291e-5 |      2.2049e-5 |      2.2049e-5
 20 |   1.7275 |              56119.0 |      1.07609e-10 |       6.03891e-6 |     1.04321e-5 |     1.04321e-5
 24 |   1.7898 |              90346.4 |      2.79756e-11 |       2.52749e-6 |     4.52363e-6 |     4.52363e-6

=============================================================================================================================
SYNTHESIS TABLE 2: EXACT EVEN-RESOLVENT POLE CANCELLATION: Q_2 = [D_0^2 + (mu_1-lam)^2*E_1] / [D_0^2 + (mu_2-lam)^2*E_2]
=============================================================================================================================
  N |          D_0^2 |   (mu_1-lam)^2*E_1 |      Numerator |   (mu_2-lam)^2*E_2 |    Denominator |     Q_2^{pole} | Pole Id Res
-------------------------------------------------------------------------------------------------------------------------------
  8 |     6.4809e-21 |         1.4278e-15 |     1.4278e-15 |         2.2669e-11 |     2.2669e-11 |      6.2984e-5 |   1.631e-55
 12 |     4.4184e-27 |         1.5907e-21 |     1.5907e-21 |         9.5458e-17 |     9.5458e-17 |      1.6664e-5 |   4.078e-56
 16 |      3.178e-32 |         3.0133e-26 |     3.0133e-26 |         2.2109e-21 |     2.2109e-21 |      1.3629e-5 |         0.0
 20 |     7.0283e-37 |         1.6454e-30 |     1.6454e-30 |         2.7246e-25 |     2.7246e-25 |      6.0389e-6 |         0.0
 24 |      1.295e-40 |         5.8745e-34 |     5.8745e-34 |         2.3242e-28 |     2.3242e-28 |      2.5275e-6 |    1.02e-56

===================================================================================================================
SYNTHESIS TABLE 3: CONSECUTIVE LOGARITHMIC SLOPES AND ACTION COMPETITION (tau_2 > gamma_2)
===================================================================================================================
  Interval |  gamma_2 (overlap) |      tau_2 (gap) |  Delta S_2 = tau-gamma |       sigma_Q2 |       sigma_T2
-------------------------------------------------------------------------------------------------------------
   N=8->12 |            0.22764 |          0.56006 |                0.33241 |        0.33241 |        0.32138
  N=12->16 |            0.13598 |          0.18623 |               0.050254 |       0.050254 |       0.032071
  N=16->20 |           0.032612 |          0.23611 |                 0.2035 |         0.2035 |         0.1871
  N=20->24 |            0.11904 |          0.33679 |                0.21775 |        0.21775 |        0.20889

===================================================================================================================
SYNTHESIS TABLE 4: HIGHER-MODE COMPARISON: MODE j = 3 (T_3 = K_3 * G_3 * S_3 = K_3 * Q_3)
===================================================================================================================
  N |      K_3 |            G_3 |              S_3 |              Q_3 |   T_3 (direct) | Pole Id Res
----------------------------------------------------------------------------------------------------
  8 |   2.1556 |       3.705e+7 |       2.1587e-16 |        7.9981e-9 |      1.7241e-8 |         0.0
 12 |   3.2432 |      1.4477e+8 |       8.2775e-18 |        1.1983e-9 |      3.8864e-9 |   2.489e-60
 16 |    3.589 |      5.1078e+8 |       8.0126e-19 |       4.0927e-10 |      1.4689e-9 |         0.0
 20 |   3.6601 |       5.948e+8 |       3.1308e-19 |       1.8622e-10 |     6.8159e-10 |   6.223e-61
 24 |   3.6517 |      1.7585e+9 |       1.9107e-20 |       3.3599e-11 |     1.2269e-10 |   1.556e-61

================================================================================
CELL 72 EXECUTION COMPLETE
================================================================================
