======================================================================
CELL 9 — FINITE-DIMENSIONAL WEIL DICTIONARY AUDIT
======================================================================

Parameters:
c = 13
N = 6
T = 40
dps = 70
L = 2.56494935746153673605348744156531860480526794476020711641905
2*pi/L = 2.44963327985465201074267116853344988881041290891894830654387

----------------------------------------------------------------------
1. FOURIER TRANSFORM DICTIONARY
----------------------------------------------------------------------

basis k=0
  tau=0.0
    direct = (1.6015459273656615109108198247141916 + 0.0j)
    closed = (1.6015459273656615109108198247141916 + 0.0j)
    error  = 0.0
  tau=0.3
    direct = (1.448111835756918143840917281664888 + 0.58637257296256801888289340827568918j)
    closed = (1.448111835756918143840917281664888 + 0.58637257296256801888289340827568918j)
    error  = 2.02491140026792e-71
  tau=1.0
    direct = (0.3404292614509139845893278831042423 + 1.1478268944520401579176966909794404j)
    closed = (0.3404292614509139845893278831042423 + 1.1478268944520401579176966909794404j)
    error  = 4.52783953941336e-72
  tau=2.44963327985
    direct = (-2.7885348597232616865731325264659188e-72 + 3.1936470409702843086075550435114655e-78j)
    closed = (-4.1617440090197521484057804152548574e-72 + 0.0j)
    error  = 1.3732091493002e-72
  tau=3.0
    direct = (0.20550247427344364840505863687187298 + 0.17515102342441410517982898384903505j)
    closed = (0.20550247427344364840505863687187298 + 0.17515102342441410517982898384903505j)
    error  = 0.0
  tau=7.0
    direct = (-0.069589284265999826700370293847265922 + 0.033397311225701836054161704643547154j)
    closed = (-0.069589284265999826700370293847265922 + 0.033397311225701836054161704643547154j)
    error  = 1.40586501185738e-71

basis k=1
  tau=0.0
    direct = (-9.6016587883319153119484310279774263e-76 + 0.0j)
    closed = (-5.8855948206807098982994514482833682e-72 + 0.0j)
    error  = 5.88463465480188e-72
  tau=0.3
    direct = (-0.031183184030703237289406036980487114 - 0.012626762244292613251337373675051393j)
    closed = (-0.031183184030703237289406036980487114 - 0.012626762244292613251337373675051393j)
    error  = 4.31269659891013e-72
  tau=1.0
    direct = (-0.09627439557238570306335575795488675 - 0.32460881891914711386551971542986664j)
    closed = (-0.09627439557238570306335575795488675 - 0.32460881891914711386551971542986664j)
    error  = 5.0622785006698e-72
  tau=2.44963327985
    direct = (1.1324639856219571488800648374436562 - 6.1930604847075576684701228695283051e-72j)
    closed = (1.1324639856219571488800648374436562 + 0.0j)
    error  = 1.91409323827771e-71
  tau=3.0
    direct = (0.8720775753175708569523502878207227 + 0.74327708394941129338906397516749468j)
    closed = (0.8720775753175708569523502878207227 + 0.74327708394941129338906397516749468j)
    error  = 1.2806664169775e-71
  tau=7.0
    direct = (-0.11214814497345743383944005554501352 + 0.053822173062550811508557815452247806j)
    closed = (-0.11214814497345743383944005554501352 + 0.053822173062550811508557815452247806j)
    error  = 3.20166604244376e-72

basis k=2
  tau=0.0
    direct = (-7.6881308336241331196749533263274003e-75 + 0.0j)
    closed = (-5.8855948206807098982994514482833682e-72 + 0.0j)
    error  = 5.87790668984709e-72
  tau=0.3
    direct = (-0.0077077735346340600958260974944852722 - 0.003121048311129770653331235003566635j)
    closed = (-0.0077077735346340600958260974944852722 - 0.003121048311129770653331235003566635j)
    error  = 8.0727353511771e-72
  tau=1.0
    direct = (-0.020929600317808152314881230449713064 - 0.070568428908030537149262685816746189j)
    closed = (-0.020929600317808152314881230449713064 - 0.070568428908030537149262685816746189j)
    error  = 7.47114962329793e-72
  tau=2.44963327985
    direct = (1.3065303666914654091748402195377851e-72 - 4.4331599858820592645755084485307035e-78j)
    closed = (-1.8942959734496843359471061541139198e-71 + 0.0j)
    error  = 2.02494901011888e-71
  tau=3.0
    direct = (-0.17434193886254173159020811947616032 - 0.14859270734102737188537596649195591j)
    closed = (-0.17434193886254173159020811947616032 - 0.14859270734102737188537596649195591j)
    error  = 9.05567907882671e-72
  tau=7.0
    direct = (-0.19291336007154567602709976166964426 + 0.092583040533628999878330255785832868j)
    closed = (-0.19291336007154567602709976166964426 + 0.092583040533628999878330255785832868j)
    error  = 1.53963189909043e-71

basis k=3
  tau=0.0
    direct = (-7.6601217749192523810088472670834188e-75 + 0.0j)
    closed = (2.8193151218633790758149552802871852e-72 + 0.0j)
    error  = 2.8269752436383e-72
  tau=0.3
    direct = (-0.0034185292237269292726933099929507169 - 0.0013842382384898710585816026881447198j)
    closed = (-0.0034185292237269292726933099929507169 - 0.0013842382384898710585816026881447198j)
    error  = 1.9311668264526e-71
  tau=1.0
    direct = (-0.0090826829361696101202535478080071172 - 0.03062412350654914976715323773156675j)
    closed = (-0.0090826829361696101202535478080071172 - 0.03062412350654914976715323773156675j)
    error  = 2.04321894814917e-71
  tau=2.44963327985
    direct = (4.8515632217534167006427120639141583e-73 - 1.3513833543660216281940662714020689e-77j)
    closed = (7.1717700931354235628721586445724618e-72 + 0.0j)
    error  = 6.68661377097374e-72
  tau=3.0
    direct = (-0.058116703643462350975708985788726659 - 0.049533224148246805436803150244581534j)
    closed = (-0.058116703643462350975708985788726659 - 0.049533224148246805436803150244581534j)
    error  = 1.04361544822775e-71
  tau=7.0
    direct = (0.963239034679904966219873976880773 - 0.46227798094579515252095316154081509j)
    closed = (0.963239034679904966219873976880773 - 0.46227798094579515252095316154081509j)
    error  = 4.174461792911e-71

generic vector
  tau=0.0
    direct = (1.1691285269769329029648984720413599 + 0.0j)
    closed = (1.1691285269769329029648984720413599 + 0.0j)
    error  = 1.81113581576534e-71
  tau=0.3
    direct = (1.0681648757796800417329078065167815 + 0.43252362911030822230247099771720022j)
    closed = (1.0681648757796800417329078065167815 + 0.43252362911030822230247099771720022j)
    error  = 9.05567907882671e-72
  tau=1.0
    direct = (0.28327047871860625838492611409540976 + 0.95510436585781807456527525455959652j)
    closed = (0.28327047871860625838492611409540976 + 0.95510436585781807456527525455959652j)
    error  = 9.05567907882671e-72
  tau=2.44963327985
    direct = (-0.46431023410500243104082658335189903 + 2.5391535019037258310861070621724525e-72j)
    closed = (-0.46431023410500243104082658335189903 + 0.0j)
    error  = 9.40492552256156e-72
  tau=3.0
    direct = (-0.24549693623364005486531189698402064 - 0.20923854946712336312872240760193192j)
    closed = (-0.24549693623364005486531189698402064 - 0.20923854946712336312872240760193192j)
    error  = 9.60499812733127e-72
  tau=7.0
    direct = (0.058823609065763453605152357760112218 - 0.028230644992395257383932456310311212j)
    closed = (0.058823609065763453605152357760112218 - 0.028230644992395257383932456310311212j)
    error  = 1.44546667831987e-71

Maximum |F_direct - F_closed| = 4.17446179291099877785217382812e-71

----------------------------------------------------------------------
2. BASIS ORTHONORMALITY
----------------------------------------------------------------------

Maximum orthonormality error = 6.81700045051651633606689690231e-75

----------------------------------------------------------------------
3. GALERKIN MATRIX
----------------------------------------------------------------------

Matrix dimension = 13 x 13

----------------------------------------------------------------------
4. CANONICAL / FULL QUADRATIC-FORM DICTIONARY
----------------------------------------------------------------------

basis k=0
  full-space Q form = 0.0275432763532952160111970944525147297492029406
  canonical Q form = 0.0275432763532952160111970944525147297492029406
  error             = 0.0

basis k=1
  full-space Q form = 0.0565835959295365850808496906426812224035321601
  canonical Q form = 0.0565835959295365850808496906426812224035321601
  error             = 0.0

basis k=2
  full-space Q form = 0.0617520985887470283975363332694200417130604301
  canonical Q form = 0.0617520985887470283975363332694200417130604301
  error             = 0.0

basis k=3
  full-space Q form = 0.0736654833262548435591115925456616150457670995
  canonical Q form = 0.0736654833262548435591115925456616150457670995
  error             = 0.0

generic vector
  full-space Q form = 0.0161988183403262845984089717592786947946316306
  canonical Q form = 0.0161988183403262845984089717592786947946316306
  error             = 2.8298997121333476148466e-73

Maximum Q dictionary error = 2.8298997121333476148465997784e-73

----------------------------------------------------------------------
5. GROUND-STATE RECONSTRUCTION
----------------------------------------------------------------------

lambda_min = 2.0913348992737637730450812016858762164473081734325e-19
||v_star|| = 1.0

Canonical coefficients:
  v[0] = 0.6119541092863728667717003086752721696772
  v[1] = -0.6965015935205597822127776083631048031226
  v[2] = 0.3574645406946851969741047406539110288127
  v[3] = -0.1108243002035661427451604897484533271157
  v[4] = 0.01826366415085692606728975775553872913404
  v[5] = -0.001101471020498898837507334220913486037386
  v[6] = -0.00001773545134204145083376135799763217946733

----------------------------------------------------------------------
6. GROUND-STATE FOURIER RESPONSE
----------------------------------------------------------------------

tau = 0.0
  F(tau)   = (0.9800726114622714055912703276636370549747 + 0.0j)
  F(-tau)  = (0.9800726114622714055912703276636370549747 + 0.0j)
  F(-tau)-conj(F(tau)) = (0.0 + 0.0j)

tau = 0.5
  F(tau)   = (0.7783518162844532045960535980567415876841 + 0.5810153848235088725432251753472314859889j)
  F(-tau)  = (0.7783518162844532045960535980567415876841 - 0.5810153848235088725432251753472314859889j)
  F(-tau)-conj(F(tau)) = (0.0 - 9.0556790788267123675e-72j)

tau = 1.0
  F(tau)   = (0.2688184003262640701497439396630046448254 + 0.9063762271873664533800119311147770537792j)
  F(-tau)  = (0.2688184003262640701497439396630046448254 - 0.9063762271873664533800119311147770537792j)
  F(-tau)-conj(F(tau)) = (4.5278395394133561838e-72 + 9.0556790788267123675e-72j)

tau = 2.0
  F(tau)   = (-0.711064052478232107619282338644491471356 + 0.4624628367277745747585838966566636710835j)
  F(-tau)  = (-0.711064052478232107619282338644491471356 - 0.4624628367277745747585838966566636710835j)
  F(-tau)-conj(F(tau)) = (-9.0556790788267123675e-72 - 9.0556790788267123675e-72j)

tau = 3.0
  F(tau)   = (-0.5380540196154202616183526816578862872353 - 0.4585867519427673951478312690775845990151j)
  F(-tau)  = (-0.5380540196154202616183526816578862872353 + 0.4585867519427673951478312690775845990151j)
  F(-tau)-conj(F(tau)) = (-9.0556790788267123675e-72 - 4.5278395394133561838e-72j)

tau = 5.0
  F(tau)   = (0.3866005006435542974524265174961928134289 + 0.05022389521191031554671417266544674413171j)
  F(-tau)  = (0.3866005006435542974524265174961928134289 - 0.05022389521191031554671417266544674413171j)
  F(-tau)-conj(F(tau)) = (4.5278395394133561838e-72 - 1.1319598848533390459e-72j)

tau = 10.0
  F(tau)   = (0.0166331621488205353448851832904876860287 + 0.004395871137018524580655211410926272511005j)
  F(-tau)  = (0.0166331621488205353448851832904876860287 - 0.004395871137018524580655211410926272511005j)
  F(-tau)-conj(F(tau)) = (2.8298997121333476148e-73 - 7.0747492803333690371e-74j)

----------------------------------------------------------------------
7. REPOSITORY SPECTRAL-FUNCTION DICTIONARY
----------------------------------------------------------------------

tau=0.0
  centred direct = 0.6119541092863728667717003086752721696772
  repository     = 0.9800726114622714055912703276636370549747
  error          = 0.36811850217589853882

tau=0.5
  centred direct = 0.1724464760393894263136950014807045964109
  repository     = 0.9712931726903660765296767482097951802295
  error          = 0.79884669665097665022

tau=1.0
  centred direct = -0.4948509114793313085974046409478891362865
  repository     = 0.9454000198669217808542153902901703455253
  error          = 1.4402509313462530895

tau=2.0
  centred direct = 0.2147565097247462311518343661745292164986
  repository     = 0.8482240046597751815254510792804658284608
  error          = 0.63346749493502895037

tau=3.0
  centred direct = 0.06994999645601543442278857765376179180227
  repository     = 0.7069681301740046095797849313413282710744
  error          = 0.63701813371798917516

tau=5.0
  centred direct = 0.235340483231065553288299982436714546841
  repository     = 0.3898491846190059362741714532130801415833
  error          = 0.15450870138794038299

tau=10.0
  centred direct = 0.009339632458213292240379270436827113213511
  repository     = 0.01720423686544185850223742660273197264971
  error          = 0.0078646044072285662619

Maximum spectral dictionary error = 1.44025093134625308945162003124

======================================================================
CELL 9 SUMMARY
======================================================================

Maximum Fourier-transform error = 4.17446179291099877785217382812e-71
Maximum basis orthonormality error = 6.81700045051651633606689690231e-75
Maximum full/canonical Q-form error = 2.8298997121333476148465997784e-73
Maximum spectral-function dictionary error = 1.44025093134625308945162003124

The purpose of Cell 9 is dictionary validation, not an RH
claim.  A successful run establishes exactly what finite
coefficient vectors represent on the Fourier/Weil side.

======================================================================
END CELL 9
======================================================================
