================================================================================
CELL 132 — GEOMETRIC DISSECTION OF THE COMPETITION MINIMUM & COUPLED CANCELLATION
Parameters: c = 13, L = 2.56494935746, T = 600, dps = 50
Bound-State Cutoff: N_bound = 11 (continuum subspace dimension q = N - 10)
================================================================================
Loaded 9 prime powers up to c = 13.
--------------------------------------------------------------------------------
Completed N = 16 (dim = 17, q =  6) in 3.49s | ||R||_op = 2.44e-49, mu_0 = +1.725597, R_arch = +0.194056, R_net = +2.027353, |Delta_Rayleigh| = 3.21e-50
Completed N = 20 (dim = 21, q = 10) in 5.81s | ||R||_op = 2.45e-49, mu_0 = +0.878704, R_arch = +0.328636, R_net = +1.309479, |Delta_Rayleigh| = 5.61e-50
Completed N = 24 (dim = 25, q = 14) in 8.87s | ||R||_op = 4.94e-49, mu_0 = -0.008071, R_arch = +0.389944, R_net = +0.511625, |Delta_Rayleigh| = 2.54e-50
Completed N = 28 (dim = 29, q = 18) in 12.91s | ||R||_op = 4.97e-49, mu_0 = -0.284453, R_arch = +0.381364, R_net = +0.249599, |Delta_Rayleigh| = 9.02e-51
Completed N = 32 (dim = 33, q = 22) in 18.00s | ||R||_op = 4.96e-49, mu_0 = -0.386627, R_arch = +0.395356, R_net = +0.186461, |Delta_Rayleigh| = 1.84e-50
Completed N = 40 (dim = 41, q = 30) in 31.90s | ||R||_op = 5.14e-49, mu_0 = -0.457559, R_arch = +0.424750, R_net = +0.172178, |Delta_Rayleigh| = 5.01e-51
Completed N = 48 (dim = 49, q = 38) in 52.12s | ||R||_op = 1.01e-48, mu_0 = -0.478034, R_arch = +0.435069, R_net = +0.167773, |Delta_Rayleigh| = 1.80e-50
Completed N = 64 (dim = 65, q = 54) in 119.07s | ||R||_op = 1.03e-48, mu_0 = -0.486979, R_arch = +0.439820, R_net = +0.164940, |Delta_Rayleigh| = 2.17e-50

--------------------------------------------------------------------------------
TABLE 1: FULL MATRIX RESIDUAL AUDIT ON PHI^PERP
Residual: R = Q_hat - (Omega_hat + Delta_Q_hat_arch - K_hat_neg + Q_hat_pole)
--------------------------------------------------------------------------------
   N |  dim |   q |      ||R||_max |        ||R||_F |       ||R||_op
--------------------------------------------------------------------------------
  16 |   17 |   6 |     1.2829e-49 |     3.0076e-49 |     2.4375e-49
  20 |   21 |  10 |     1.2829e-49 |     3.6786e-49 |     2.4545e-49
  24 |   25 |  14 |     3.1539e-49 |     6.8854e-49 |     4.9381e-49
  28 |   29 |  18 |     3.7419e-49 |     7.4822e-49 |     4.9747e-49
  32 |   33 |  22 |     1.9244e-49 |     8.8977e-49 |     4.9643e-49
  40 |   41 |  30 |     2.8732e-49 |     1.2095e-48 |     5.1447e-49
  48 |   49 |  38 |     3.5280e-49 |     1.8014e-48 |     1.0140e-48
  64 |   65 |  54 |     3.8488e-49 |     2.5563e-48 |     1.0319e-48
--------------------------------------------------------------------------------
VERIFICATION STATUS: PASSED (max ||R||_op = 1.0319e-48 < 1e-45).
--------------------------------------------------------------------------------

--------------------------------------------------------------------------------
TABLE 2: SPECTRUM OF COMPETITION OPERATOR Q_hat_comp = Omega_hat - K_hat_neg
--------------------------------------------------------------------------------
   N |   q | k_neg |   mu_0 (Floor) |           mu_1 |           mu_2
--------------------------------------------------------------------------------
  16 |   6 |     0 |       1.725597 |       2.120419 |       2.488284
  20 |  10 |     0 |       0.878704 |       1.752100 |       2.044677
  24 |  14 |     1 |      -0.008071 |       1.225795 |       1.766595
  28 |  18 |     1 |      -0.284453 |       0.635955 |       1.213316
  32 |  22 |     1 |      -0.386627 |       0.493214 |       0.802178
  40 |  30 |     1 |      -0.457559 |       0.458163 |       0.724594
  48 |  38 |     1 |      -0.478034 |       0.372578 |       0.608305
  64 |  54 |     1 |      -0.486979 |       0.348278 |       0.542426
--------------------------------------------------------------------------------

--------------------------------------------------------------------------------
TABLE 3: RAYLEIGH QUOTIENT BUDGET ALONG PRINCIPAL VULNERABLE STATE w_bad
Net: R_net = R_comp + R_arch + R_pole | Restoring Ratio: rho = (R_arch + R_pole) / |R_comp|
--------------------------------------------------------------------------------
   N |     R_comp |    R_Omega |      R_neg |     R_arch |     R_pole |      R_net | rho_restore
--------------------------------------------------------------------------------
  16 |   1.725597 |   9.984493 |   8.258896 |   0.194056 |   0.107700 |   2.027353 |   N/A (pos)
  20 |   0.878704 |   8.130614 |   7.251910 |   0.328636 |   0.102139 |   1.309479 |   N/A (pos)
  24 |  -0.008071 |   9.079674 |   9.087745 |   0.389944 |   0.129753 |   0.511625 |   64.389575
  28 |  -0.284453 |   9.057323 |   9.341776 |   0.381364 |   0.152688 |   0.249599 |    1.877471
  32 |  -0.386627 |   9.011805 |   9.398432 |   0.395356 |   0.177732 |   0.186461 |    1.482275
  40 |  -0.457559 |   8.954977 |   9.412536 |   0.424750 |   0.204988 |   0.172178 |    1.376297
  48 |  -0.478034 |   8.943553 |   9.421588 |   0.435069 |   0.210738 |   0.167773 |    1.350965
  64 |  -0.486979 |   8.944068 |   9.431047 |   0.439820 |   0.212100 |   0.164940 |    1.338700
--------------------------------------------------------------------------------
RAYLEIGH IDENTITY AUDIT: PASSED (max |Delta_Rayleigh| = 5.6128e-50 < 1e-45).
--------------------------------------------------------------------------------

--------------------------------------------------------------------------------
TABLE 4: PHYSICAL MODAL ANATOMY OF VULNERABLE STATE v_bad = U_cont * w_bad
--------------------------------------------------------------------------------
   N |    |v_0|^2 | Low (1..3) | Mid (4..10) | Tail (>=11) | Peak m* | |v_{m*}|^2
--------------------------------------------------------------------------------
  16 |   0.014430 |   0.100843 |    0.765509 |    0.119218 |       8 |   0.206162
  20 |   0.013652 |   0.086837 |    0.156445 |    0.743066 |      16 |   0.333757
  24 |   0.017393 |   0.106731 |    0.152137 |    0.723740 |      22 |   0.226242
  28 |   0.020524 |   0.124238 |    0.165059 |    0.690179 |      22 |   0.162908
  32 |   0.023935 |   0.143661 |    0.182068 |    0.650336 |      26 |   0.139055
  40 |   0.027642 |   0.164818 |    0.201546 |    0.605993 |      26 |   0.131861
  48 |   0.028421 |   0.169330 |    0.206430 |    0.595820 |      26 |   0.124668
  64 |   0.028603 |   0.170426 |    0.207992 |    0.592979 |      26 |   0.120390
--------------------------------------------------------------------------------

SYNTHESIS AT MAXIMAL RESOLUTION N = 64:
  Operator Norm Residual ||R||_op:     1.0319e-48 (Max norm: 3.8488e-49)
  Negative Eigenspace Dimension k_neg: 1 / 54
  Lowest Competition Eigenvalue mu_0:  -0.48697922
  Second Competition Eigenvalue mu_1:  +0.34827844
  Third Competition Eigenvalue mu_2:   +0.54242632
  Competition Deficit R_comp:          -0.48697922
  Archimedean Form Contribution R_arch:+0.43981971
  Pole Regularization R_pole:          +0.21209958
  Net Quadratic Form R_net:            +0.16494006
  Algebraic Residual |Delta_Rayleigh|: 2.1716e-50
  Restoring Force Efficiency rho:      1.338700 (> 1 confirms net positivity restoration)
  Physical Modal Distribution:         Zero: 0.0286, Low: 0.1704, Mid: 0.2080, Tail: 0.5930
  Peak Modal Concentration:            m* = 26 (weight = 0.120390)

Total execution time: 252.19s
================================================================================
CELL 132 EXECUTION COMPLETE
================================================================================
