==============================================================================
CELL 25 — FINITE-T ARCHIMEDEAN CONVERGENCE
==============================================================================

Ground-state parameters:
  c              = 13
  N              = 8
  ground T       = 60
  generation dps = 80
  working dps    = 80

L =
2.5649493574615367360534874415653186048052679447602071164190455106634646673244102

T values:
  [20, 30, 40, 50, 60, 70, 80, 90, 100, 120, 150, 200, 250, 300, 400, 600, 800, 1200, 1600, 2000]

The ground state is held fixed.
Only the upper limit of the Archimedean r-integral
is varied.
No Galerkin matrix is rebuilt as T changes.

------------------------------------------------------------------------------
1. FIXED GROUND STATE
------------------------------------------------------------------------------

GROUND STATE CACHE: MISS
  generation dps = 80
  working dps    = 80

GROUND STATE CACHE: GENERATED
  Q build        = 175.618672 s
  eigensolve     = 0.082747 s
  validation     = 0.000198 s
  save           = 0.003868 s
  generation     = 175.705831 s

GROUND STATE CACHE: RETURN
  generation dps = 80
  working dps    = 80
  decode         = 0.000528 s
  validation     = 0.000245 s
  final lookup   = 0.000487 s
  total          = 175.711397 s

lambda_ground =
0.000000000000000000000044304333247366268876285101534657031008754071896932805252953772180776656469092549

||v_star|| =
1.0

ground-state retrieval wall = 175.708005 s
ground-state retrieval CPU  = 175.688209 s

------------------------------------------------------------------------------
2. FINITE-T ARCHIMEDEAN CONVERGENCE
------------------------------------------------------------------------------

Columns:
  T              A_arch(T)                          delta                 wall_s          cpu_s
    20    -1.6607005233395013705346180202328916012361818046019374529851538723477592377045483                                                                                   0.0     15.486298     15.485859
    30    -1.6607005233394925659327817201408033734330268208847659533691935406863056026570925  0.0000000000000088046018363000920882278031549837171714996159603316614536350474557824198530479116     15.259942     15.259537
    40    -1.6607005233394925659327712572181770420741341832428067275088430234308335749910285  0.000000000000000000000010462922626331358892637641959225860350517255472027666064052651879955633007146317     14.736151     14.735854
    50    -1.6607005233394925659327675591334060875537637174271163128478036481997970375682346  0.0000000000000000000000036980847709545203704658156904146610393752310365374227938597410511598157048335632     14.629876     14.629496
    60    -1.6607005233394925659327632643945105402108987957946158063280604962611184266400187  0.0000000000000000000000042947388955473428649216325005065197431519386786109282158667863996249147832749374     14.664121     14.663602
    70    -1.6607005233394925659327624181450159602759182104208469580512872195725874106466351  0.00000000000000000000000084624949457993498058537376884827677327668853101599338364730227271488125200311784     14.492925     14.492327
    80    -1.6607005233394925659327569317006756315593808965900209404570553739611054313761259  0.0000000000000000000000054864443403287165373138308260175942318456114819792705092235210889439642540332522     14.659188     14.658749
    90    -1.6607005233394925659327486120060835436077438237856944331709446224989717647051175  0.0000000000000000000000083196945920879516370728043265072861107514621336666710083246667680831319021746578     14.371542     14.371218
   100    -1.6607005233394925659327408059848343950233879433303698614350539785101624778741853  0.0000000000000000000000078060212491485843558804553245717358906439888092868309322262353284771599499251068     13.961761     13.961464
   120    -1.6607005233394925659327307901757848399879330905547283434396641127939905976949112  0.000000000000000000000010015809049555035454852775641517995389865716171880179274081993241980617324894806     14.543867     14.543560
   150    -1.6607005233394925659327258286990828915485750561735980489931937405209379633235759  0.0000000000000000000000049614767019484393580343811302944464703722730526343713353595517133087580400055137     27.410437     27.409247
   200    -1.6607005233394925659327251706968200697808904213950918946734739946489171465756065  0.00000000000000000000000065800226282176768463477850615431971974587202081674796934388998972829239839059804     26.430463     26.429649
   250    -1.6607005233394925659327246317092556483256052728589164856921180815919164289900644  0.00000000000000000000000053898756442145528514853617540898135591305700071758554213491366594530423883396072     28.230748     28.229948
   300    -1.6607005233394925659327232658643638972388722545229439628372576883295845121817805  0.000000000000000000000001365844891751086733018335972522854860393262331916808283893865848066209416565481     27.425052     27.424292
   400    -1.6607005233394925659327197602032798864208459035327001457819611485965401417018452  0.0000000000000000000000035056610840108180263509902438170552965397330443704799353319535802979049916622083     52.662399     52.661169
   600    -1.6607005233394925659327137475628132011134094484386032151257116206213171389985838  0.0000000000000000000000060126404666853074364550940969306562495279752230027032613720471606992576324906845     51.348042     51.346828
   800    -1.6607005233394925659327097300003107701210145886302303121802259751324638533548898  0.0000000000000000000000040175625024309923948598083729029454856454888532856436939842633531636461736169672     51.067553     51.066324
  1200    -1.6607005233394925659327049883577193576971878818570373307650497909283645444757373  0.0000000000000000000000047416425914124238267067731929814151761842040993088791524709225477591015400884641     50.425960     50.424810
  1600    -1.6607005233394925659326997197471170190685333555027551781496724464466710472448145  0.00000000000000000000000526861060233862865452635428215261537734448169349723092285230051079041396326444     49.559342     49.558061
  2000    -1.6607005233394925659327010033832233602708101228186646486306822174006077842188252  -0.0000000000000000000000012836361063412022767673159094704810097709539367369740107420339178481868347679543     49.339070     49.337717

------------------------------------------------------------------------------
3. CELL5_CORRECTED CROSS-CHECK
------------------------------------------------------------------------------

The reference values below were obtained from the
older direct finite-T Archimedean calculation in
cell5_corrected.

T                  analytic A_arch(T)                         cell5 reference                         difference
------------------------------------------------------------------------------------------------------------------------
    20     -1.6607005233395013705346180202328916012361818046019374529851538723477592377045483                                0.71258751930252739459348276795935817062854766845703125     -2.3732880426420287651281007881922497718647294730589687029851538723477592377045483
    40     -1.6607005233394925659327712572181770420741341832428067275088430234308335749910285                                 0.7421874519938487235748425518977455794811248779296875     -2.4028879753333412895076138091159226215552590611724942275088430234308335749910285

------------------------------------------------------------------------------
4. CONVERGENCE SUMMARY
------------------------------------------------------------------------------

T                  A_arch(T)
    20   -1.6607005233395013705346180202328916012361818046019374529851538723477592377045483
    30   -1.6607005233394925659327817201408033734330268208847659533691935406863056026570925
    40   -1.6607005233394925659327712572181770420741341832428067275088430234308335749910285
    50   -1.6607005233394925659327675591334060875537637174271163128478036481997970375682346
    60   -1.6607005233394925659327632643945105402108987957946158063280604962611184266400187
    70   -1.6607005233394925659327624181450159602759182104208469580512872195725874106466351
    80   -1.6607005233394925659327569317006756315593808965900209404570553739611054313761259
    90   -1.6607005233394925659327486120060835436077438237856944331709446224989717647051175
   100   -1.6607005233394925659327408059848343950233879433303698614350539785101624778741853
   120   -1.6607005233394925659327307901757848399879330905547283434396641127939905976949112
   150   -1.6607005233394925659327258286990828915485750561735980489931937405209379633235759
   200   -1.6607005233394925659327251706968200697808904213950918946734739946489171465756065
   250   -1.6607005233394925659327246317092556483256052728589164856921180815919164289900644
   300   -1.6607005233394925659327232658643638972388722545229439628372576883295845121817805
   400   -1.6607005233394925659327197602032798864208459035327001457819611485965401417018452
   600   -1.6607005233394925659327137475628132011134094484386032151257116206213171389985838
   800   -1.6607005233394925659327097300003107701210145886302303121802259751324638533548898
  1200   -1.6607005233394925659327049883577193576971878818570373307650497909283645444757373
  1600   -1.6607005233394925659326997197471170190685333555027551781496724464466710472448145
  2000   -1.6607005233394925659327010033832233602708101228186646486306822174006077842188252

Final T = 2000

A_arch(final) =
-1.6607005233394925659327010033832233602708101228186646486306822174006077842188252

finite-T scan wall = 560.707632 s
finite-T scan CPU  = 560.692526 s

==============================================================================
CELL 25 COMPLETE
==============================================================================
