================================================================================
CELL 51 — OPERATOR RESOLVENT ANATOMY & POLE ACCUMULATION OF D_N(z)
================================================================================
Parameters: c = 13, L = ln(13) = 2.564949357, kappa = 2.44963328
Working precision: 50 decimal digits

Loading ground states via persistent cache (.cell_cache)...
  Fetching ground state for N = 8 (dps = 50)...
    N =  8 [cache hit (0.00s)]: lambda_min = 6.7109353e-23, v_0 = 0.59004163, T_N(0) = 8.05043e-11
  Fetching ground state for N = 12 (dps = 50)...
    N = 12 [cache hit (0.00s)]: lambda_min = 1.7824766e-29, v_0 = 0.56766354, T_N(0) = 6.6471e-14
  Fetching ground state for N = 16 (dps = 50)...
    N = 16 [cache hit (0.00s)]: lambda_min = 7.1184302e-35, v_0 = 0.5567347, T_N(0) = 1.78268e-16
  Fetching ground state for N = 20 (dps = 50)...
    N = 20 [cache hit (0.00s)]: lambda_min = 1.3232359e-39, v_0 = 0.55039684, T_N(0) = 8.38352e-19
  Fetching ground state for N = 24 (dps = 50)...
    N = 24 [cache hit (0.00s)]: lambda_min = 2.5334849e-43, v_0 = 0.54685862, T_N(0) = 1.13796e-20

================================================================================
1. POSITIVE-AXIS RESOLVENT D_N(x) = [(I + x L)^(-1) T_N](0)  (x > 0)
================================================================================
Evaluating along the positive real axis (away from all negative poles)...

   N  x = 1.0e-6    x = 0.0001    x = 0.01      x = 0.1       x = 1.0       x = 10.0    
---------------------------------------------------------------------------
   8  8.38945e-11  7.59093e-10  0.000742375    0.112923    0.469079     0.57596
  12  7.30127e-14  3.76414e-12  0.000472889    0.103873     0.44925    0.553865
  16  2.10943e-16  7.54931e-14  0.000381495   0.0998103    0.439696     0.54309
  20  1.11765e-18  3.59479e-15  0.000337499   0.0975521    0.434192    0.536846
  24  1.80536e-20  4.44304e-16  0.000315412   0.0963211    0.431131    0.533362
---------------------------------------------------------------------------

--- Large-x Asymptotic Check at x = 10.0: D_N(x) vs v_0 + (sqrt(2)/x) * sum(v_m / a_m^2) ---
   N         D_N(10.0)      Asymptotic v_0 + C/x        Difference
--------------------------------------------------------------
   8        0.57596035                0.57570199        0.00025836
  12        0.55386523                0.55361045       0.000254784
  16        0.54309036                0.54283768       0.000252679
  20        0.53684623                0.53659487       0.000251356
  24        0.53336172                0.53311113       0.000250585
--------------------------------------------------------------

================================================================================
2. NEGATIVE-AXIS APPROACH D_N(-1/r^2), delta-SAMPLING & LOCAL EXPONENT gamma_eff
================================================================================
--- 2A. Sensitivity to Pole Distance: r = kappa * (m + delta) (N = 24) ---
   m      delta=0.10      delta=0.25   delta=0.50 (half)      delta=0.75      delta=0.90
--------------------------------------------------------------------------------
   2          6.3077          2.6893          1.7782          2.2791          4.8441
   4          1.7589          0.6369         0.31625         0.29536         0.50714
   6        0.050309        0.025879        0.019055        0.023901        0.048242
   8       0.0047804       0.0011676      0.00013831       0.0002603      0.00084316
  12       6.1334e-6       1.0741e-6       2.0643e-7       6.2109e-7        1.281e-6
  16       8.8455e-9       2.5276e-9      5.6592e-10      1.1091e-10      7.5359e-10
  20      1.3466e-12      1.6567e-13      2.1254e-13      4.0876e-13       8.229e-13
--------------------------------------------------------------------------------

--- 2B. Local Scaling Exponent gamma_eff(r) = d(log[-log|D|]) / d(log r) (N = 24) ---
Reference: gamma_eff -> 1.0 (pure exponential e^{-Cr}), 2.0 (Gaussian), 0.5 (stretched exp)
   k   r = kappa*(k+1/2)          |D_24|       -log|D|     -log|D| / r      gamma_eff(r)
------------------------------------------------------------------------------------
   2             6.12408          1.7782     -0.575599      -0.0939893                 —
   3             8.57372         0.99574    0.00427199     0.000498265  (1.1793 - 5.3448j)
   4             11.0233         0.31625       1.15121        0.104434            14.917
   5              13.473        0.026788       3.61982        0.268672              3.36
   6             15.9226        0.019055       3.96042        0.248729            1.0648
   7             18.3722       0.0064979       5.03628        0.274124            3.0124
   8             20.8219      0.00013831       8.88602        0.426763            2.2824
   9             23.2715      0.00017719       8.63829        0.371196           0.83907
  10             25.7211       2.4672e-5       10.6098        0.412495             1.398
  11             28.1708       1.2583e-5       11.2831        0.400526            2.1345
  12             30.6204       2.0643e-7       15.3933        0.502714            2.6779
  13               33.07       2.9635e-8       17.3343        0.524169           0.40809
  14             35.5197       7.8948e-8       16.3545        0.460434           0.87343
  15             37.9693       3.2088e-9       19.5574        0.515083             2.042
  16             40.4189      5.6592e-10       21.2926        0.526797            1.4112
  17             42.8686      8.3127e-11       23.2107        0.541437           0.86162
  18             45.3182      6.2336e-11       23.4985        0.518522            1.6135
  19             47.7678      9.9241e-13       27.6386        0.578603            2.1094
  20             50.2175      2.1254e-13       29.1797        0.581066            1.2939
  21             52.6671      2.4002e-14       31.3606         0.59545            1.1288
  22             55.1167      8.3818e-15       32.4127        0.588074                 —
------------------------------------------------------------------------------------

================================================================================
3. MODULATED COEFFICIENT SEQUENCE b_{N, m} = (-1)^m * v_{N, m} (N = 24)
================================================================================
Inspecting positivity and successive decay of b_{24, m} for m = 1, ..., 20...

   m           v_{24, m}    b_{24, m} = (-1)^m v_m     Ratio b_m / b_{m-1}
--------------------------------------------------------------------------
   1           -0.674292                  0.674292                       —
   2          0.44300773                0.44300773                0.656997
   3         -0.21252162                0.21252162                0.479724
   4         0.068722456               0.068722456                0.323367
   5        -0.011412996               0.011412996                0.166074
   6      -0.00093041435            -0.00093041435              -0.0815224
   7       0.00086510773            -0.00086510773                0.929809
   8       -0.0001143187             -0.0001143187                0.132144
   9       -1.3935754e-5              1.3935754e-5               -0.121903
  10        1.5838209e-6              1.5838209e-6                0.113652
  11        1.0851947e-6             -1.0851947e-6               -0.685175
  12       -1.1075243e-7             -1.1075243e-7                0.102058
  13       -1.1453382e-8              1.1453382e-8               -0.103414
  14       -4.3877089e-9             -4.3877089e-9               -0.383093
  15        5.447065e-10             -5.447065e-10                0.124144
  16       9.4991952e-11             9.4991952e-11               -0.174391
  17       7.0750542e-12            -7.0750542e-12              -0.0744806
  18       1.8336376e-12             1.8336376e-12               -0.259169
  19      -4.4661591e-13             4.4661591e-13                0.243568
  20      -1.3778326e-14            -1.3778326e-14              -0.0308505
--------------------------------------------------------------------------

--- Verification of Discrete Cauchy Transform Identity: D_N(-1/r^2) = v_0 + sqrt(2)*w*F_N(w) ---
  Test frequency r = 8.57372, w = -12.25
  D_24 direct:        -0.995737125842
  v_0 + sqrt(2)*w*F:  -0.995737125842
  Difference:         2.67276e-51  (Identical to machine precision)

================================================================================
4. HEAT-KERNEL BOUNDARY DYNAMICS H_N(u) = [e^{-u L} T_N](0)
================================================================================
At finite N, lim_{u -> 0+} H_N(u) = H_N(0) = T_N(0) != 0.
Tracking heat evolution from u = 1.0 down to u = 10^-6, and testing approach to T_N(0)...

   Diffusion u          H_8(u)         H_12(u)         H_16(u)         H_20(u)         H_24(u)
--------------------------------------------------------------------------------------
           1.0         0.58762         0.56527         0.55436         0.54803          0.5445
           0.1         0.10223        0.089437        0.083798        0.080699        0.079022
          0.01       5.6639e-5       1.2712e-5       5.1799e-6       2.8586e-6       1.9915e-6
         0.001        3.187e-8      5.2541e-10      2.5576e-11      2.3533e-12      4.4152e-13
        0.0001      5.6056e-10      1.6078e-12      1.5249e-14      2.9271e-16       1.534e-17
        1.0e-5      1.1547e-10      1.3759e-13      5.6392e-16       4.552e-18      1.1296e-19
        1.0e-6      8.3881e-11      7.2943e-14      2.1024e-16      1.1069e-18      1.7663e-20
--------------------------------------------------------------------------------------

--- Boundary Limit at u = 0: H_N(0) = T_N(0) across dimensions N ---
   N                T_N(0)             H_N(1e-6)      |H_N(1e-6) - T_N(0)|
------------------------------------------------------------------------
   8         8.0504291e-11         8.3881308e-11               3.37702e-12
  12          6.647104e-14         7.2942663e-14               6.47162e-15
  16         1.7826811e-16         2.1023503e-16               3.19669e-17
  20         8.3835218e-19         1.1069355e-18               2.68583e-19
  24          1.137963e-20         1.7662662e-20               6.28303e-21
------------------------------------------------------------------------

================================================================================
5. CROSS-DIMENSION SCALING COLLAPSE: -(1/N) * log|D_N(-1/r^2)| vs xi = r / (kappa*N)
================================================================================
Spectral edge occurs at r = kappa * N (xi = 1.0). Continuum window is xi << 1.

xi = r/(kappa*N)         N = 8        N = 12        N = 16        N = 20        N = 24
--------------------------------------------------------------------------------
             0.2       -0.2115      -0.11813     0.0063604      0.061153       0.10998
             0.4      0.078393       0.27485       0.22298       0.45908       0.41009
             0.6       0.52359       0.56698       0.69751       0.80714       0.67707
             0.8       0.76197        1.0903        1.1742        1.1501        1.1664
             1.0        1.8882        1.8848        1.7747        1.7231        1.6811
             1.2        2.5034        2.2992        2.3342        2.1357        1.9495
--------------------------------------------------------------------------------

--- Alternative Scaling: -(1/sqrt(N)) * log|D_N| vs r / sqrt(N) ---
   r / sqrt(N)         N = 8        N = 12        N = 16        N = 20        N = 24
------------------------------------------------------------------------------
           1.0      -0.44978      -0.18478       -0.1855      -0.29668       -1.7522
           2.0      -0.22024      -0.27592     -0.094562      0.014308       -1.3719
           3.0       0.18701        0.2347       0.23444       0.80963      -0.49344
           4.0       0.84159        1.5309        1.1093        1.0531     -0.065965
------------------------------------------------------------------------------

================================================================================
END OF CELL 51
================================================================================
