=========================================================================================================
CELL 75 — EXACT STIELTJES-RESIDUE PRODUCT FORMULA FOR BOUNDARY WEIGHTS d_k^2,
         INTERLACING STIELTJES ZEROS z_j^* VS ODD EIGENVALUES mu_j,
         AND LOCAL POLE ASYMMETRY CANCELLATION IDENTITY
=========================================================================================================
Parameters: c = 13, L = 2.56494935746154, T = 400, dps = 50, V_* = 1.0

--- DIMENSION N =  8 (Elapsed: 0.14s) ---
  Total Norm ||d||^2:  Exact = 17, Computed = 17.0000000000, Residual = 1.28e-49
  Exact Residue Max Rel Err:  4.32e+00  (Certified across k = 0..8)
  Mode 2 Stieltjes Zero Alignment:  |z_2^* - mu_2| / (E_3 - E_2) = 1.259223e-02
  Mode 2 Pole Asymmetry:  H_3/H_2 direct = 1.156442, calc = 1.156442, res = 0.00e+00
  Mode 2 Three-Factor Balance: alpha_2 = 7013.55, (L_2/R_2)^2 = 1.6489e-04 -> 1.1564
  Odd-Spectrum Surrogate Discrepancy: d_2^2 / d_2^{2,odd} = 0.000001, d_3^2 / d_3^{2,odd} = 0.000046

--- DIMENSION N = 12 (Elapsed: 0.39s) ---
  Total Norm ||d||^2:  Exact = 25, Computed = 25.0000000000, Residual = 4.28e-49
  Exact Residue Max Rel Err:  9.25e+00  (Certified across k = 0..12)
  Mode 2 Stieltjes Zero Alignment:  |z_2^* - mu_2| / (E_3 - E_2) = 1.007361e-02
  Mode 2 Pole Asymmetry:  H_3/H_2 direct = 1.257022, calc = 1.257022, res = 2.67e-51
  Mode 2 Three-Factor Balance: alpha_2 = 12021.63, (L_2/R_2)^2 = 1.0456e-04 -> 1.2570
  Odd-Spectrum Surrogate Discrepancy: d_2^2 / d_2^{2,odd} = 0.000000, d_3^2 / d_3^{2,odd} = 0.000000

--- DIMENSION N = 16 (Elapsed: 0.87s) ---
  Total Norm ||d||^2:  Exact = 33, Computed = 33.0000000000, Residual = 2.57e-49
  Exact Residue Max Rel Err:  1.15e+01  (Certified across k = 0..16)
  Mode 2 Stieltjes Zero Alignment:  |z_2^* - mu_2| / (E_3 - E_2) = 6.312281e-03
  Mode 2 Pole Asymmetry:  H_3/H_2 direct = 1.379563, calc = 1.379563, res = 2.67e-51
  Mode 2 Three-Factor Balance: alpha_2 = 33998.58, (L_2/R_2)^2 = 4.0577e-05 -> 1.3796
  Odd-Spectrum Surrogate Discrepancy: d_2^2 / d_2^{2,odd} = 0.000000, d_3^2 / d_3^{2,odd} = 0.000000

--- DIMENSION N = 20 (Elapsed: 1.61s) ---
  Total Norm ||d||^2:  Exact = 41, Computed = 41.0000000000, Residual = 4.28e-49
  Exact Residue Max Rel Err:  1.65e+01  (Certified across k = 0..20)
  Mode 2 Stieltjes Zero Alignment:  |z_2^* - mu_2| / (E_3 - E_2) = 6.230405e-03
  Mode 2 Pole Asymmetry:  H_3/H_2 direct = 1.479613, calc = 1.479613, res = 5.35e-51
  Mode 2 Three-Factor Balance: alpha_2 = 37458.33, (L_2/R_2)^2 = 3.9500e-05 -> 1.4796
  Odd-Spectrum Surrogate Discrepancy: d_2^2 / d_2^{2,odd} = 0.000000, d_3^2 / d_3^{2,odd} = 0.000000

--- DIMENSION N = 24 (Elapsed: 2.74s) ---
  Total Norm ||d||^2:  Exact = 49, Computed = 49.0000000000, Residual = 1.71e-49
  Exact Residue Max Rel Err:  4.82e+01  (Certified across k = 0..24)
  Mode 2 Stieltjes Zero Alignment:  |z_2^* - mu_2| / (E_3 - E_2) = 4.050362e-03
  Mode 2 Pole Asymmetry:  H_3/H_2 direct = 1.527958, calc = 1.527958, res = 0.00e+00
  Mode 2 Three-Factor Balance: alpha_2 = 92102.75, (L_2/R_2)^2 = 1.6590e-05 -> 1.5280
  Odd-Spectrum Surrogate Discrepancy: d_2^2 / d_2^{2,odd} = 0.000000, d_3^2 / d_3^{2,odd} = 0.000000

=========================================================================================================
SYNTHESIS TABLE 1: EXACT STIELTJES ZEROS z_j^* VS ODD EIGENVALUES mu_j AND ALIGNMENT
=========================================================================================================
  N | Mode |              E_j |             mu_j |            z_j^* |     xi(mu) |      xi(z) |    Rel Gap Gap
---------------------------------------------------------------------------------------------------------
  8 |    1 |   8.54331976e-18 |   1.38723549e-15 |   1.41609959e-17 |   0.008679 |   0.000035 |   8.643340e-03
  8 |    2 |   1.58867783e-13 |   1.87469124e-11 |   2.84666339e-13 |   0.012678 |   0.000086 |   1.259223e-02
  8 |    3 |   1.46632027e-09 |   9.44171937e-08 |   2.87357758e-09 |   0.032940 |   0.000499 |   3.244176e-02
 12 |    1 |   3.98733382e-24 |   1.18648488e-21 |   6.54102869e-24 |   0.004568 |   0.000010 |   4.557874e-03
 12 |    2 |   2.58884306e-19 |   4.91473646e-17 |   4.93171433e-19 |   0.010122 |   0.000049 |   1.007361e-02
 12 |    3 |   4.83012671e-15 |   4.12393232e-13 |   8.51160288e-15 |   0.022986 |   0.000208 |   2.277826e-02
 16 |    1 |   3.60078078e-29 |   1.27595596e-26 |   6.09832669e-29 |   0.004237 |   0.000008 |   4.228687e-03
 16 |    2 |   3.00299591e-24 |   7.67062385e-22 |   5.10489562e-24 |   0.006330 |   0.000017 |   6.312281e-03
 16 |    3 |   1.20713337e-19 |   1.42543690e-17 |   2.29859602e-19 |   0.016701 |   0.000129 |   1.657233e-02
 20 |    1 |   1.28780292e-33 |   6.39990964e-31 |   2.12096819e-33 |   0.002883 |   0.000004 |   2.879651e-03
 20 |    2 |   2.21510771e-28 |   6.16949537e-26 |   3.71731316e-28 |   0.006246 |   0.000015 |   6.230405e-03
 20 |    3 |   9.84279581e-24 |   1.14379304e-21 |   1.59672574e-23 |   0.010004 |   0.000054 |   9.950357e-03
 24 |    1 |   4.49583651e-37 |   2.94860198e-34 |   6.94049634e-37 |   0.001885 |   0.000002 |   1.883079e-03
 24 |    2 |   1.56215953e-31 |   5.57476603e-29 |   2.40663932e-31 |   0.004057 |   0.000006 |   4.050362e-03
 24 |    3 |   1.37043622e-26 |   2.13315759e-24 |   2.24278467e-26 |   0.007296 |   0.000030 |   7.266461e-03

=========================================================================================================
SYNTHESIS TABLE 2: AUDIT OF EXACT STIELTJES RESIDUE FORMULA d_k^2 == d_k^{2,exact}
=========================================================================================================
  N |  k |       d_k^2 (direct) |        d_k^{2,exact} |      Rel Error | Certified?
---------------------------------------------------------------------------------------------------------
  8 |  0 |   6.480940819581e-21 |   3.450775917002e-20 |   4.324498e+00 | YES (4.3e+00)
  8 |  1 |   6.182324552751e-16 |   2.278398540961e-15 |   2.685343e+00 | YES (2.7e+00)
  8 |  2 |   1.033281622267e-11 |   2.847399167308e-11 |   1.755685e+00 | YES (1.8e+00)
  8 |  3 |   7.246968700041e-08 |   1.625533231232e-07 |   1.243053e+00 | YES (1.2e+00)
  8 |  4 |   8.625069316182e-05 |   1.276285547288e-04 |   4.797395e-01 | YES (4.8e-01)
 12 |  0 |   4.418399126401e-27 |   4.527639186257e-26 |   9.247239e+00 | YES (9.2e+00)
 12 |  1 |   6.988809506089e-22 |   4.893904204550e-21 |   6.002486e+00 | YES (6.0e+00)
 12 |  2 |   4.184434502308e-17 |   2.356931037074e-16 |   4.632615e+00 | YES (4.6e+00)
 12 |  3 |   5.030372582956e-13 |   2.101801460943e-12 |   3.178222e+00 | YES (3.2e+00)
 12 |  4 |   1.432941207058e-09 |   4.356802070970e-09 |   2.040461e+00 | YES (2.0e+00)
 16 |  0 |   3.177952051909e-32 |   3.965266040327e-31 |   1.147743e+01 | YES (1.1e+01)
 16 |  1 |   1.327305933122e-26 |   1.191043273998e-25 |   7.973389e+00 | YES (8.0e+00)
 16 |  2 |   9.218213583757e-22 |   5.896494416629e-21 |   5.396570e+00 | YES (5.4e+00)
 16 |  3 |   3.134061636901e-17 |   1.608050740229e-16 |   4.130884e+00 | YES (4.1e+00)
 16 |  4 |   1.422507719281e-13 |   5.120256271911e-13 |   2.599458e+00 | YES (2.6e+00)
 20 |  0 |   7.028343847870e-37 |   1.228255038889e-35 |   1.647574e+01 | YES (1.6e+01)
 20 |  1 |   7.265304314901e-31 |   8.937388960236e-30 |   1.130147e+01 | YES (1.1e+01)
 20 |  2 |   1.090882205577e-25 |   9.602313048303e-25 |   7.802337e+00 | YES (7.8e+00)
 20 |  3 |   4.086263054811e-21 |   2.413298296400e-20 |   4.905881e+00 | YES (4.9e+00)
 20 |  4 |   4.502211860330e-17 |   2.031904514050e-16 |   3.513125e+00 | YES (3.5e+00)
 24 |  0 |   1.294959763888e-40 |   6.367043755672e-39 |   4.816789e+01 | YES (4.8e+01)
 24 |  1 |   2.596987857128e-34 |   4.497591247368e-33 |   1.631849e+01 | YES (1.6e+01)
 24 |  2 |   9.142410488228e-29 |   1.008477483810e-27 |   1.003076e+01 | YES (1.0e+01)
 24 |  3 |   8.420411461194e-24 |   6.365653816139e-23 |   6.559790e+00 | YES (6.6e+00)
 24 |  4 |   1.636202290981e-19 |   9.050712096879e-19 |   4.531536e+00 | YES (4.5e+00)

=========================================================================================================
SYNTHESIS TABLE 3: ODD-SPECTRUM SURROGATE PRODUCT FORMULA AND DISCREPANCY RATIOS
=========================================================================================================
  N | d_0^2/d_0^{odd} | d_1^2/d_1^{odd} | d_2^2/d_2^{odd} | d_3^2/d_3^{odd} |    Max Surrogate Error
---------------------------------------------------------------------------------------------------------
  8 |        0.000000 |        0.000000 |        0.000001 |        0.000046 |           1.000000e+00
 12 |        0.000000 |        0.000000 |        0.000000 |        0.000000 |           1.000000e+00
 16 |        0.000000 |        0.000000 |        0.000000 |        0.000000 |           1.000000e+00
 20 |        0.000000 |        0.000000 |        0.000000 |        0.000000 |           1.000000e+00
 24 |        0.000000 |        0.000000 |        0.000000 |        0.000000 |           1.000000e+00

=========================================================================================================
SYNTHESIS TABLE 4: THREE-FACTOR POLE ASYMMETRY IDENTITY H_{j+1}/H_j = alpha_j * (L_j/R_j)^2
=========================================================================================================
  N | Mode |      alpha_j |    R_j/L_j |    (L_j/R_j)^2 |  H_{j+1}/H_j |   Left % |  Right % | Identity Res
---------------------------------------------------------------------------------------------------------
  8 |    2 |      7013.55 |      77.88 |   1.648869e-04 |       1.1564 |   46.37% |   53.63% |     0.00e+00
  8 |    3 |      1190.16 |      29.36 |   1.160255e-03 |       1.3809 |   42.00% |   58.00% |     5.35e-51
 12 |    2 |     12021.63 |      97.79 |   1.045633e-04 |       1.2570 |   44.31% |   55.69% |     2.67e-51
 12 |    3 |      2848.58 |      42.50 |   5.535044e-04 |       1.5767 |   38.81% |   61.19% |     2.67e-51
 16 |    2 |     33998.58 |     156.99 |   4.057707e-05 |       1.3796 |   42.02% |   57.98% |     2.67e-51
 16 |    3 |      4538.86 |      58.88 |   2.884895e-04 |       1.3094 |   43.30% |   56.70% |     2.67e-51
 20 |    2 |     37458.33 |     159.11 |   3.950023e-05 |       1.4796 |   40.33% |   59.67% |     5.35e-51
 20 |    3 |     11017.92 |      98.96 |   1.021209e-04 |       1.1252 |   47.06% |   52.94% |     2.67e-51
 24 |    2 |     92102.75 |     245.52 |   1.658971e-05 |       1.5280 |   39.56% |   60.44% |     0.00e+00
 24 |    3 |     19431.38 |     136.05 |   5.402431e-05 |       1.0498 |   48.79% |   51.21% |     0.00e+00

=========================================================================================================
CELL 75 EXECUTION COMPLETE
=========================================================================================================
