=========================================================================================================
CELL 82 — FINITE-CORE + TAIL ARCHITECTURE, CUMULATIVE SPECTRAL MASS, DIRECT DISPLACEMENT TAIL,
         AND UNIFORM ASYMPTOTIC SUMMABILITY
=========================================================================================================
Parameters: c = 13, L = 2.56494935746154, T = 400, dps = 70, V_* = 1.0

--- DIMENSION N =  8 (Elapsed: 0.45s) ---
  Total Remote Modes: 6, Total S_2 = 0.000411952, Total dev = 0.00018354
  [Test A] Core vs Tail Decomposition across Core Thresholds L:
     L |           S_core |           S_tail |   Tail Share |         dev_tail |   dev_tail Share
    ----------------------------------------------------------------------------------------
     4 |      0.000410365 |       1.58654e-6 |      0.3851% |       1.18625e-6 |          0.6463%
     6 |      0.000411948 |       3.50731e-9 |   0.0008514% |      4.89651e-10 |       0.0002668%
  [Test B] Direct Displacement Tail T_{2, tail} vs B-Bound Tail S_{tail}:
     L |     Exact T_{tail} |     Bound S_{tail} |    Slack S/T |    Agreement |T - dev|
    --------------------------------------------------------------------------------
     4 |         1.18625e-6 |         1.58654e-6 |        1.337 |             9.5392e-72
     6 |        4.89651e-10 |         3.50731e-9 |        7.163 |            1.39611e-71

--- DIMENSION N = 12 (Elapsed: 1.00s) ---
  Total Remote Modes: 10, Total S_2 = 0.000249557, Total dev = 8.95004e-5
  [Test A] Core vs Tail Decomposition across Core Thresholds L:
     L |           S_core |           S_tail |   Tail Share |         dev_tail |   dev_tail Share
    ----------------------------------------------------------------------------------------
     4 |       0.00024944 |       1.16847e-7 |     0.04682% |       4.46639e-8 |          0.0499%
     6 |      0.000249557 |      6.15211e-13 |    2.465e-7% |      4.66165e-13 |        5.209e-7%
     8 |      0.000249557 |      2.02773e-15 |   8.125e-10% |      5.72309e-16 |       6.394e-10%
  [Test B] Direct Displacement Tail T_{2, tail} vs B-Bound Tail S_{tail}:
     L |     Exact T_{tail} |     Bound S_{tail} |    Slack S/T |    Agreement |T - dev|
    --------------------------------------------------------------------------------
     4 |         4.46639e-8 |         1.16847e-7 |        2.616 |            2.90255e-71
     6 |        4.66165e-13 |        6.15211e-13 |         1.32 |             1.5763e-71

--- DIMENSION N = 16 (Elapsed: 1.88s) ---
  Total Remote Modes: 14, Total S_2 = 0.000129764, Total dev = 4.55302e-5
  [Test A] Core vs Tail Decomposition across Core Thresholds L:
     L |           S_core |           S_tail |   Tail Share |         dev_tail |   dev_tail Share
    ----------------------------------------------------------------------------------------
     4 |      0.000129741 |       2.31639e-8 |     0.01785% |       7.28827e-9 |         0.01601%
     6 |      0.000129764 |      2.90187e-14 |    2.236e-8% |      1.26968e-14 |        2.789e-8%
     8 |      0.000129764 |      2.48687e-18 |   1.916e-12% |      1.00239e-18 |       2.202e-12%
  [Test B] Direct Displacement Tail T_{2, tail} vs B-Bound Tail S_{tail}:
     L |     Exact T_{tail} |     Bound S_{tail} |    Slack S/T |    Agreement |T - dev|
    --------------------------------------------------------------------------------
     4 |         7.28827e-9 |         2.31639e-8 |        3.178 |            6.81641e-71
     6 |        1.26968e-14 |        2.90187e-14 |        2.286 |            3.90997e-71

--- DIMENSION N = 20 (Elapsed: 3.16s) ---
  Total Remote Modes: 18, Total S_2 = 8.8423e-5, Total dev = 2.93497e-5
  [Test A] Core vs Tail Decomposition across Core Thresholds L:
     L |           S_core |           S_tail |   Tail Share |         dev_tail |   dev_tail Share
    ----------------------------------------------------------------------------------------
     4 |        8.8418e-5 |       5.04811e-9 |    0.005709% |       1.76277e-9 |        0.006006%
     6 |        8.8423e-5 |      1.10417e-15 |    1.249e-9% |      4.20852e-16 |        1.434e-9%
     8 |        8.8423e-5 |      4.57313e-21 |   5.172e-15% |      3.03433e-21 |       1.034e-14%
  [Test B] Direct Displacement Tail T_{2, tail} vs B-Bound Tail S_{tail}:
     L |     Exact T_{tail} |     Bound S_{tail} |    Slack S/T |    Agreement |T - dev|
    --------------------------------------------------------------------------------
     4 |         1.76277e-9 |         5.04811e-9 |        2.864 |            2.91211e-72
     6 |        4.20852e-16 |        1.10417e-15 |        2.624 |            1.81277e-72

--- DIMENSION N = 24 (Elapsed: 4.86s) ---
  Total Remote Modes: 22, Total S_2 = 4.49688e-5, Total dev = 1.40391e-5
  [Test A] Core vs Tail Decomposition across Core Thresholds L:
     L |           S_core |           S_tail |   Tail Share |         dev_tail |   dev_tail Share
    ----------------------------------------------------------------------------------------
     4 |       4.49669e-5 |       1.97286e-9 |    0.004387% |      6.99048e-10 |        0.004979%
     6 |       4.49688e-5 |      1.98218e-16 |   4.408e-10% |      7.46398e-17 |       5.317e-10%
     8 |       4.49688e-5 |      3.53056e-22 |   7.851e-16% |      2.08437e-22 |       1.485e-15%
  [Test B] Direct Displacement Tail T_{2, tail} vs B-Bound Tail S_{tail}:
     L |     Exact T_{tail} |     Bound S_{tail} |    Slack S/T |    Agreement |T - dev|
    --------------------------------------------------------------------------------
     4 |        6.99048e-10 |         1.97286e-9 |        2.822 |            1.74827e-71
     6 |        7.46398e-17 |        1.98218e-16 |        2.656 |            2.26918e-71
  [Test C] Cumulative Spectral Mass M(k) & Stieltjes Denominator S_l at N = 24:
     l |          d_l^2 |   M(l) [Cumul] |      P_l [Pos] |      N_l [Neg] |  S_l = P_l-N_l |        delta_l |  delta/Delta
    --------------------------------------------------------------------------------------------------------
     0 |      1.295e-40 |      1.295e-40 |         3744.0 |            0.0 |         3744.0 |      3.459e-44 |     7.694e-8
     1 |      2.597e-34 |      2.597e-34 |         3166.0 |      0.0002436 |         3166.0 |      8.202e-38 |     5.251e-7
     4 |      1.636e-19 |      1.636e-19 |         1403.0 |        0.02069 |         1403.0 |      1.166e-22 |     1.854e-5
     5 |      2.831e-15 |      2.831e-15 |          953.2 |        0.01767 |          953.2 |       2.97e-18 |    0.0001391
     8 |       8.101e-6 |       8.116e-6 |          242.1 |         0.1743 |          241.9 |       3.348e-8 |      0.00118
    12 |          3.794 |          21.13 |           26.9 |          14.25 |          12.65 |         0.2999 |       0.6062
    16 |          3.715 |          27.22 |          40.62 |           19.0 |          21.62 |         0.1718 |       0.5926
    20 |          1.541 |           33.8 |          36.23 |          29.39 |          6.834 |         0.2255 |       0.9993
    22 |          10.41 |          44.21 |           59.8 |          17.65 |          42.15 |          0.247 |        0.928
    23 |          0.691 |           44.9 |          55.41 |           46.7 |          8.707 |        0.07936 |       0.5175

=========================================================================================================
SYNTHESIS TABLE 1: CORE VS TAIL DECOMPOSITION ACROSS THRESHOLDS L (TEST A)
=========================================================================================================
   N |  L |           S_core |           S_tail |        Total S_2 |   Tail Share % |   dev_tail Share %
---------------------------------------------------------------------------------------------------------
   8 |  4 |      0.000410365 |       1.58654e-6 |      0.000411952 |        0.3851% |            0.6463%
   8 |  6 |      0.000411948 |       3.50731e-9 |      0.000411952 |     0.0008514% |         0.0002668%
  12 |  4 |       0.00024944 |       1.16847e-7 |      0.000249557 |       0.04682% |            0.0499%
  12 |  6 |      0.000249557 |      6.15211e-13 |      0.000249557 |      2.465e-7% |          5.209e-7%
  12 |  8 |      0.000249557 |      2.02773e-15 |      0.000249557 |     8.125e-10% |         6.394e-10%
  16 |  4 |      0.000129741 |       2.31639e-8 |      0.000129764 |       0.01785% |           0.01601%
  16 |  6 |      0.000129764 |      2.90187e-14 |      0.000129764 |      2.236e-8% |          2.789e-8%
  16 |  8 |      0.000129764 |      2.48687e-18 |      0.000129764 |     1.916e-12% |         2.202e-12%
  20 |  4 |        8.8418e-5 |       5.04811e-9 |        8.8423e-5 |      0.005709% |          0.006006%
  20 |  6 |        8.8423e-5 |      1.10417e-15 |        8.8423e-5 |      1.249e-9% |          1.434e-9%
  20 |  8 |        8.8423e-5 |      4.57313e-21 |        8.8423e-5 |     5.172e-15% |         1.034e-14%
  24 |  4 |       4.49669e-5 |       1.97286e-9 |       4.49688e-5 |      0.004387% |          0.004979%
  24 |  6 |       4.49688e-5 |      1.98218e-16 |       4.49688e-5 |     4.408e-10% |         5.317e-10%
  24 |  8 |       4.49688e-5 |      3.53056e-22 |       4.49688e-5 |     7.851e-16% |         1.485e-15%

=========================================================================================================
SYNTHESIS TABLE 2: DIRECT DISPLACEMENT TAIL VS B-BOUND TAIL ENVELOPE (TEST B)
=========================================================================================================
   N |  L |     Exact T_{tail} |     Bound S_{tail} |  Slack Ratio S/T |    |T - dev| Error
---------------------------------------------------------------------------------------------------------
   8 |  4 |         1.18625e-6 |         1.58654e-6 |            1.337 |          9.539e-72
   8 |  6 |        4.89651e-10 |         3.50731e-9 |            7.163 |          1.396e-71
  12 |  4 |         4.46639e-8 |         1.16847e-7 |            2.616 |          2.903e-71
  12 |  6 |        4.66165e-13 |        6.15211e-13 |             1.32 |          1.576e-71
  16 |  4 |         7.28827e-9 |         2.31639e-8 |            3.178 |          6.816e-71
  16 |  6 |        1.26968e-14 |        2.90187e-14 |            2.286 |           3.91e-71
  20 |  4 |         1.76277e-9 |         5.04811e-9 |            2.864 |          2.912e-72
  20 |  6 |        4.20852e-16 |        1.10417e-15 |            2.624 |          1.813e-72
  24 |  4 |        6.99048e-10 |         1.97286e-9 |            2.822 |          1.748e-71
  24 |  6 |        7.46398e-17 |        1.98218e-16 |            2.656 |          2.269e-71

=========================================================================================================
SYNTHESIS TABLE 3: CUMULATIVE SPECTRAL MASS M(k) & TAIL DENOMINATOR S_l AT N = 24 (TEST C)
=========================================================================================================
   l |          d_l^2 |   M(l) [Cumul] |      P_l [Pos] |      N_l [Neg] |  S_l = P_l - N_l |        delta_l |  delta/Delta
---------------------------------------------------------------------------------------------------------
   0 |      1.295e-40 |      1.295e-40 |         3744.0 |            0.0 |           3744.0 |      3.459e-44 |     7.694e-8
   1 |      2.597e-34 |      2.597e-34 |         3166.0 |      0.0002436 |           3166.0 |      8.202e-38 |     5.251e-7
   4 |      1.636e-19 |      1.636e-19 |         1403.0 |        0.02069 |           1403.0 |      1.166e-22 |     1.854e-5
   5 |      2.831e-15 |      2.831e-15 |          953.2 |        0.01767 |            953.2 |       2.97e-18 |    0.0001391
   8 |       8.101e-6 |       8.116e-6 |          242.1 |         0.1743 |            241.9 |       3.348e-8 |      0.00118
  12 |          3.794 |          21.13 |           26.9 |          14.25 |            12.65 |         0.2999 |       0.6062
  16 |          3.715 |          27.22 |          40.62 |           19.0 |            21.62 |         0.1718 |       0.5926
  20 |          1.541 |           33.8 |          36.23 |          29.39 |            6.834 |         0.2255 |       0.9993
  22 |          10.41 |          44.21 |           59.8 |          17.65 |            42.15 |          0.247 |        0.928
  23 |          0.691 |           44.9 |          55.41 |           46.7 |            8.707 |        0.07936 |       0.5175

=========================================================================================================
SYNTHESIS TABLE 4: ASYMPTOTIC SCALING & UNIFORM SUMMABILITY OF THE TAIL (TEST D, L = 4)
=========================================================================================================
   N |     S_core (L=4) |     S_tail (L=4) |     Exact T_{tail} |   Step Ratio T(N)/T(N-4) |   Bounded?
---------------------------------------------------------------------------------------------------------
   8 |      0.000410365 |       1.58654e-6 |         1.18625e-6 |             — (Baseline) |        YES
  12 |       0.00024944 |       1.16847e-7 |         4.46639e-8 |                  0.03765 |        YES
  16 |      0.000129741 |       2.31639e-8 |         7.28827e-9 |                   0.1632 |        YES
  20 |        8.8418e-5 |       5.04811e-9 |         1.76277e-9 |                   0.2419 |        YES
  24 |       4.49669e-5 |       1.97286e-9 |        6.99048e-10 |                   0.3966 |        YES

================================================================================
CELL 82 EXECUTION COMPLETE
================================================================================
