=========================================================================================================
CELL 80 — SPECTRAL-WIDE AUDIT OF SIGN RATIO epsilon_l = N_l / P_l, UPPER-EDGE FORENSICS,
         CORRECTED CLOSED REMOTE PAIRWISE BOUNDS, AND WEIGHT LADDER GEOMETRIC DECAY
=========================================================================================================
Parameters: c = 13, L = 2.56494935746154, T = 400, dps = 70, V_* = 1.0

--- DIMENSION N =  8 (Elapsed: 0.45s) ---
  [Test A] Full Spectral Sweep of Sign Ratio epsilon_l across l in {1, ..., N-1}:
     l |     Positive Sum P_l |     Negative Sum N_l |  epsilon_l = N_l/P_l |   (1 - eps)^{-1}
    ----------------------------------------------------------------------------------------
     1 |                211.1 |          0.000564941 |           2.67618e-6 |              1.0
     2 |              146.063 |           0.00269265 |           1.84348e-5 |          1.00002
    ... |                  ... |                  ... |                  ... |              ...
     4 |              66.3042 |            0.0175796 |          0.000265135 |          1.00027
     6 |              13.2495 |            0.0382102 |            0.0028839 |          1.00289
     7 |              11.5979 |              1.81785 |             0.156739 |          1.18587
  [Test B] Upper-Edge Mode Forensics for l = N - 1 = 7:
    Delta_{N-1} = E_N - E_{N-1}      = 1.279186
    delta_{N-1} = z_{N-1}^* - E_{N-1}  = 1.1006008
    d_{N-1}^2, d_N^2                = 10.764, 2.07122
    alpha_{N-1} = d_N^2 / d_{N-1}^2     = 0.19242169
    epsilon_{N-1} = N_{N-1} / P_{N-1} = 0.15673942
    (1 - epsilon_{N-1})^{-1}          = 1.1858731
    delta_{N-1} / (Delta / alpha)      = 0.165558  (Bare ratio)
    delta_{N-1} / [Delta / (alpha(1-eps))] = 0.139609  (Corrected ratio)
  [Test C] Corrected Closed Remote Pairwise Bound Audit for Mode j = 2:
     l |   omega - 1 (Actual) |         eta (Bare) |    eta (Corrected) |  Bare? |  Corr? |   Corr Slack
    -----------------------------------------------------------------------------------------------
     0 |            1.439e-10 |         5.20259e-6 |         5.20259e-6 |    YES |    YES |     3.615e+4
     4 |           0.00016392 |        0.000512223 |        0.000512359 |    YES |    YES |        3.126
     5 |           1.17953e-6 |         2.94143e-6 |         2.94807e-6 |    YES |    YES |        2.499
    ... |                  ... |                ... |                ... |    ... |    ... |          ...
     7 |          4.89651e-10 |          5.3748e-9 |         6.37383e-9 |    YES |    YES |        13.02
  [Test D] Boundary-Weight Ladder Ratio r_l and Geometric Decay Rate q_l:
     l |              d_l^2 |  r_l = d_{l-1}^2 / d_l^2 |     Max Rate q_l
    --------------------------------------------------------------------
     1 |        6.18232e-16 |                1.0483e-5 |        1.0483e-5
     2 |        1.03328e-11 |               5.98319e-5 |       5.98319e-5
     3 |         7.24697e-8 |              0.000142581 |      0.000142581
     4 |         8.62507e-5 |              0.000840222 |      0.000840222
     8 |            2.07122 |                  5.19692 |          5.19692

--- DIMENSION N = 12 (Elapsed: 0.98s) ---
  [Test A] Full Spectral Sweep of Sign Ratio epsilon_l across l in {1, ..., N-1}:
     l |     Positive Sum P_l |     Negative Sum N_l |  epsilon_l = N_l/P_l |   (1 - eps)^{-1}
    ----------------------------------------------------------------------------------------
     1 |               526.73 |          0.000831441 |           1.57849e-6 |              1.0
     2 |              365.102 |           0.00187122 |           5.12521e-6 |          1.00001
    ... |                  ... |                  ... |                  ... |              ...
     6 |              71.3843 |            0.0464262 |          0.000650369 |          1.00065
    10 |              18.8272 |              12.1922 |             0.647584 |          2.83755
    11 |              24.3929 |              10.0765 |             0.413092 |          1.70384
  [Test B] Upper-Edge Mode Forensics for l = N - 1 = 11:
    Delta_{N-1} = E_N - E_{N-1}      = 0.4989266
    delta_{N-1} = z_{N-1}^* - E_{N-1}  = 0.20499946
    d_{N-1}^2, d_N^2                = 2.93485, 7.16973
    alpha_{N-1} = d_N^2 / d_{N-1}^2     = 2.4429624
    epsilon_{N-1} = N_{N-1} / P_{N-1} = 0.41309176
    (1 - epsilon_{N-1})^{-1}          = 1.7038438
    delta_{N-1} / (Delta / alpha)      = 1.00377  (Bare ratio)
    delta_{N-1} / [Delta / (alpha(1-eps))] = 0.589119  (Corrected ratio)
  [Test C] Corrected Closed Remote Pairwise Bound Audit for Mode j = 2:
     l |   omega - 1 (Actual) |         eta (Bare) |    eta (Corrected) |  Bare? |  Corr? |   Corr Slack
    -----------------------------------------------------------------------------------------------
     0 |          2.43107e-11 |         1.81663e-6 |         1.81663e-6 |    YES |    YES |     7.473e+4
     4 |           8.43307e-5 |        0.000337156 |        0.000337193 |    YES |    YES |        3.998
     5 |           4.46095e-8 |         1.82956e-7 |         1.82993e-7 |    YES |    YES |        4.102
    ... |                  ... |                ... |                ... |    ... |    ... |          ...
    11 |          1.21466e-16 |        1.30017e-16 |        2.21529e-16 |    YES |    YES |        1.824
  [Test D] Boundary-Weight Ladder Ratio r_l and Geometric Decay Rate q_l:
     l |              d_l^2 |  r_l = d_{l-1}^2 / d_l^2 |     Max Rate q_l
    --------------------------------------------------------------------
     1 |        6.98881e-22 |               6.32211e-6 |       6.32211e-6
     2 |        4.18443e-17 |               1.67019e-5 |       1.67019e-5
     3 |        5.03037e-13 |               8.31834e-5 |       8.31834e-5
    ... |                ... |                      ... |              ...
     6 |         0.00149962 |               0.00170641 |       0.00170641
    12 |            7.16973 |                 0.409339 |          1.02645

--- DIMENSION N = 16 (Elapsed: 1.86s) ---
  [Test A] Full Spectral Sweep of Sign Ratio epsilon_l across l in {1, ..., N-1}:
     l |     Positive Sum P_l |     Negative Sum N_l |  epsilon_l = N_l/P_l |   (1 - eps)^{-1}
    ----------------------------------------------------------------------------------------
     1 |              1142.15 |          0.000667232 |           5.84191e-7 |              1.0
     2 |              835.183 |           0.00323206 |           3.86988e-6 |              1.0
    ... |                  ... |                  ... |                  ... |              ...
     8 |              62.4669 |             0.114364 |           0.00183079 |          1.00183
    14 |              259.129 |              15.8991 |            0.0613561 |          1.06537
    15 |              28.7036 |              16.3319 |             0.568985 |           2.3201
  [Test B] Upper-Edge Mode Forensics for l = N - 1 = 15:
    Delta_{N-1} = E_N - E_{N-1}      = 0.54029563
    delta_{N-1} = z_{N-1}^* - E_{N-1}  = 0.2720641
    d_{N-1}^2, d_N^2                = 3.3659, 7.69922
    alpha_{N-1} = d_N^2 / d_{N-1}^2     = 2.28742
    epsilon_{N-1} = N_{N-1} / P_{N-1} = 0.56898473
    (1 - epsilon_{N-1})^{-1}          = 2.3201034
    delta_{N-1} / (Delta / alpha)      = 1.15182  (Bare ratio)
    delta_{N-1} / [Delta / (alpha(1-eps))] = 0.496453  (Corrected ratio)
  [Test C] Corrected Closed Remote Pairwise Bound Audit for Mode j = 2:
     l |   omega - 1 (Actual) |         eta (Bare) |    eta (Corrected) |  Bare? |  Corr? |   Corr Slack
    -----------------------------------------------------------------------------------------------
     0 |          7.00466e-12 |           1.154e-6 |           1.154e-6 |    YES |    YES |     1.647e+5
     4 |           4.16531e-5 |         0.00016293 |         0.00016294 |    YES |    YES |        3.912
     5 |           7.28379e-9 |         3.62322e-8 |         3.62343e-8 |    YES |    YES |        4.975
    ... |                  ... |                ... |                ... |    ... |    ... |          ...
    15 |          3.89263e-21 |        3.71126e-21 |        8.61051e-21 |     NO |    YES |        2.212
  [Test D] Boundary-Weight Ladder Ratio r_l and Geometric Decay Rate q_l:
     l |              d_l^2 |  r_l = d_{l-1}^2 / d_l^2 |     Max Rate q_l
    --------------------------------------------------------------------
     1 |        1.32731e-26 |               2.39429e-6 |       2.39429e-6
     2 |        9.21821e-22 |               1.43987e-5 |       1.43987e-5
     3 |        3.13406e-17 |                2.9413e-5 |        2.9413e-5
    ... |                ... |                      ... |              ...
     8 |          0.0615175 |               0.00422509 |       0.00422509
    16 |            7.69922 |                 0.437174 |          1.09165

--- DIMENSION N = 20 (Elapsed: 3.19s) ---
  [Test A] Full Spectral Sweep of Sign Ratio epsilon_l across l in {1, ..., N-1}:
     l |     Positive Sum P_l |     Negative Sum N_l |  epsilon_l = N_l/P_l |   (1 - eps)^{-1}
    ----------------------------------------------------------------------------------------
     1 |              2147.35 |           0.00043221 |           2.01276e-7 |              1.0
     2 |              1654.89 |           0.00252769 |           1.52741e-6 |              1.0
    ... |                  ... |                  ... |                  ... |              ...
    10 |              26.1476 |             0.344903 |            0.0131906 |          1.01337
    18 |              28.1432 |              27.7836 |             0.987222 |          78.2617
    19 |              49.4062 |              17.8933 |             0.362168 |          1.56781
  [Test B] Upper-Edge Mode Forensics for l = N - 1 = 19:
    Delta_{N-1} = E_N - E_{N-1}      = 0.24331763
    delta_{N-1} = z_{N-1}^* - E_{N-1}  = 0.24155222
    d_{N-1}^2, d_N^2                = 7.61201, 0.0872221
    alpha_{N-1} = d_N^2 / d_{N-1}^2     = 0.011458484
    epsilon_{N-1} = N_{N-1} / P_{N-1} = 0.36216759
    (1 - epsilon_{N-1})^{-1}          = 1.5678099
    delta_{N-1} / (Delta / alpha)      = 0.0113753  (Bare ratio)
    delta_{N-1} / [Delta / (alpha(1-eps))] = 0.00725556  (Corrected ratio)
  [Test C] Corrected Closed Remote Pairwise Bound Audit for Mode j = 2:
     l |   omega - 1 (Actual) |         eta (Bare) |    eta (Corrected) |  Bare? |  Corr? |   Corr Slack
    -----------------------------------------------------------------------------------------------
     0 |          1.17014e-12 |         2.49901e-7 |         2.49901e-7 |    YES |    YES |     2.136e+5
     4 |           2.78206e-5 |        0.000120306 |         0.00012031 |    YES |    YES |        4.324
     5 |           1.76201e-9 |          7.6482e-9 |         7.64841e-9 |    YES |    YES |        4.341
    ... |                  ... |                ... |                ... |    ... |    ... |          ...
    19 |          1.95414e-25 |        1.84103e-23 |        2.88638e-23 |    YES |    YES |        147.7
  [Test D] Boundary-Weight Ladder Ratio r_l and Geometric Decay Rate q_l:
     l |              d_l^2 |  r_l = d_{l-1}^2 / d_l^2 |     Max Rate q_l
    --------------------------------------------------------------------
     1 |         7.2653e-31 |               9.67385e-7 |       9.67385e-7
     2 |        1.09088e-25 |               6.66003e-6 |       6.66003e-6
     3 |        4.08626e-21 |               2.66963e-5 |       2.66963e-5
    ... |                ... |                      ... |              ...
    10 |            5.47266 |                0.0209288 |        0.0209288
    20 |          0.0872221 |                  87.2716 |          87.2716

--- DIMENSION N = 24 (Elapsed: 4.82s) ---
  [Test A] Full Spectral Sweep of Sign Ratio epsilon_l across l in {1, ..., N-1}:
     l |     Positive Sum P_l |     Negative Sum N_l |  epsilon_l = N_l/P_l |   (1 - eps)^{-1}
    ----------------------------------------------------------------------------------------
     1 |              3166.14 |          0.000243593 |            7.6937e-8 |              1.0
     2 |              2580.91 |           0.00135515 |           5.25067e-7 |              1.0
    ... |                  ... |                  ... |                  ... |              ...
    12 |              26.8984 |              14.2497 |             0.529759 |          2.12657
    22 |              59.7999 |              17.6475 |              0.29511 |          1.41866
    23 |              55.4058 |               46.699 |             0.842854 |           6.3635
  [Test B] Upper-Edge Mode Forensics for l = N - 1 = 23:
    Delta_{N-1} = E_N - E_{N-1}      = 0.15336683
    delta_{N-1} = z_{N-1}^* - E_{N-1}  = 0.079363187
    d_{N-1}^2, d_N^2                = 0.691001, 4.10023
    alpha_{N-1} = d_N^2 / d_{N-1}^2     = 5.9337603
    epsilon_{N-1} = N_{N-1} / P_{N-1} = 0.84285376
    (1 - epsilon_{N-1})^{-1}          = 6.3634992
    delta_{N-1} / (Delta / alpha)      = 3.07056  (Bare ratio)
    delta_{N-1} / [Delta / (alpha(1-eps))] = 0.482527  (Corrected ratio)
  [Test C] Corrected Closed Remote Pairwise Bound Audit for Mode j = 2:
     l |   omega - 1 (Actual) |         eta (Bare) |    eta (Corrected) |  Bare? |  Corr? |   Corr Slack
    -----------------------------------------------------------------------------------------------
     0 |          2.21419e-13 |         1.25892e-7 |         1.25892e-7 |    YES |    YES |     5.686e+5
     4 |           1.35133e-5 |         5.90379e-5 |         5.90388e-5 |    YES |    YES |        4.369
     5 |          6.98821e-10 |         2.90348e-9 |         2.90353e-9 |    YES |    YES |        4.155
    ... |                  ... |                ... |                ... |    ... |    ... |          ...
    23 |          7.94688e-29 |        2.64421e-29 |        1.68264e-28 |     NO |    YES |        2.117
  [Test D] Boundary-Weight Ladder Ratio r_l and Geometric Decay Rate q_l:
     l |              d_l^2 |  r_l = d_{l-1}^2 / d_l^2 |     Max Rate q_l
    --------------------------------------------------------------------
     1 |        2.59699e-34 |               4.98639e-7 |       4.98639e-7
     2 |        9.14241e-29 |               2.84059e-6 |       2.84059e-6
     3 |        8.42041e-24 |               1.08574e-5 |       1.08574e-5
    ... |                ... |                      ... |              ...
    12 |            3.79394 |                  4.46089 |          4.46089
    24 |            4.10023 |                 0.168527 |          1.59353

=========================================================================================================
SYNTHESIS TABLE 1: SPECTRAL-WIDE SIGN RATIO epsilon_l = N_l / P_l AUDIT (TEST A)
=========================================================================================================
  N |        epsilon_1 |    epsilon_{mid} |    epsilon_{N-1} |    max_l epsilon_l |  at l |   All eps < 1?
---------------------------------------------------------------------------------------------------------
  8 |         2.676e-6 |        0.0002651 |           0.1567 |             0.1567 |     7 |            YES
 12 |         1.578e-6 |        0.0006504 |           0.4131 |             0.6476 |    10 |            YES
 16 |         5.842e-7 |         0.001831 |            0.569 |             0.7018 |    13 |            YES
 20 |         2.013e-7 |          0.01319 |           0.3622 |             0.9872 |    18 |            YES
 24 |         7.694e-8 |           0.5298 |           0.8429 |             0.9993 |    21 |            YES

=========================================================================================================
SYNTHESIS TABLE 2: UPPER-EDGE MODE FORENSICS FOR l = N - 1 (TEST B)
=========================================================================================================
  N |      alpha_{N-1} |    epsilon_{N-1} |   (1 - eps)^{-1} |       Bare Ratio |       Corr Ratio
---------------------------------------------------------------------------------------------------------
  8 |           0.1924 |           0.1567 |            1.186 |           0.1656 |           0.1396
 12 |            2.443 |           0.4131 |            1.704 |            1.004 |           0.5891
 16 |            2.287 |            0.569 |             2.32 |            1.152 |           0.4965
 20 |          0.01146 |           0.3622 |            1.568 |          0.01138 |         0.007256
 24 |            5.934 |           0.8429 |            6.363 |            3.071 |           0.4825

=========================================================================================================
SYNTHESIS TABLE 3: UPPER-EDGE CLOSED REMOTE BOUND VALIDITY FOR MODE j = 2 (TEST C)
=========================================================================================================
  N | l_edge |   omega - 1 (Actual) |         eta (Bare) |         eta (Corr) |  Bare Valid? |  Corr Valid?
---------------------------------------------------------------------------------------------------------
  8 |      7 |            4.897e-10 |           5.375e-9 |           6.374e-9 |          YES | YES (RESTORED)
 12 |     11 |            1.215e-16 |            1.3e-16 |          2.215e-16 |          YES | YES (RESTORED)
 16 |     15 |            3.893e-21 |          3.711e-21 |          8.611e-21 |  NO (FAILED) | YES (RESTORED)
 20 |     19 |            1.954e-25 |          1.841e-23 |          2.886e-23 |          YES | YES (RESTORED)
 24 |     23 |            7.947e-29 |          2.644e-29 |          1.683e-28 |  NO (FAILED) | YES (RESTORED)

=========================================================================================================
SYNTHESIS TABLE 4: BOUNDARY-WEIGHT LADDER GEOMETRIC DECAY RATIOS (TEST D)
=========================================================================================================
  N |  r_1 = d_0^2/d_1^2 |  r_2 = d_1^2/d_2^2 |          r_{mid} |              r_N |     Max Rate q_l
---------------------------------------------------------------------------------------------------------
  8 |           1.048e-5 |           5.983e-5 |        0.0008402 |            5.197 |            5.197
 12 |           6.322e-6 |            1.67e-5 |         0.001706 |           0.4093 |            1.841
 16 |           2.394e-6 |            1.44e-5 |         0.004225 |           0.4372 |            10.28
 20 |           9.674e-7 |            6.66e-6 |          0.02093 |            87.27 |            87.27
 24 |           4.986e-7 |           2.841e-6 |            4.461 |           0.1685 |           2465.0

================================================================================
CELL 80 EXECUTION COMPLETE
================================================================================
