============================================================
CELL 25a — HISTORICAL CELL-5 MAXIMISER
============================================================

c = 13
N = 8
m = 2
dps = 80
L = 2.5649493574615367360534874415653186048052679447602

------------------------------------------------------------
RECONSTRUCTED HISTORICAL VECTOR
------------------------------------------------------------

D_m2 =
0.8487263270960958777636695919870446576536726582771281650861339898721855

Historical Cell-5 D_m2 =
0.848726327096095877763669591987044657653672658277128165086134

D_m2 difference =
-1.0127814484195029395799882246876795801192754244177e-62

||v_maximiser_m2|| =
1.0

Constraint residuals:
P(v) =
-4.6243198802827576056771463737650921483853790951555e-81
F(gamma1) =
-2.6540328154027134121446601601886419146765239760502e-82
F(gamma2) =
2.3941885802525690687840110263922101700842399233629e-82

F'(gamma1) =
0.848726327096095877763669591987044657653672658277128165086134

============================================================
ARCHIMEDEAN INTEGRAL — HISTORICAL m=2 VECTOR
============================================================

 T    A_arch(T)                                      historical difference
------------------------------------------------------------
  20  0.712587519302527383137768027170690659964190554     -2.930934003580944640945845677304606224517e-29    (14.980 s)
  40  0.742187451993848747106402545780820908787858967     -1.917909121214103307919064984050856843087e-29    (14.347 s)
  60  0.758599027814106628870430056233882245985129713         (13.832 s)
  80  0.768027099029123400468695144862105072131111953         (13.549 s)
 120  0.778446168560664605741300142402729819481882145         (26.615 s)
 200  0.788225388277365967497683087503435504975505786         (25.715 s)
 300  0.793779792905442938344643322239719113336378043         (51.275 s)
 400  0.796832748248065090718052042203622236577296001         (50.276 s)
 600  0.800160761605801097652648699954692331301768521         (49.402 s)
 800  0.80195344367098760075328524889434491149598957          (49.459 s)
1200  0.803875879033390715149194442397637163801732403         (50.712 s)
1600  0.805999037618422337374177180559298088241198487         (50.784 s)
2000  0.805313385809105849086551697927134906921682089         (49.368 s)

============================================================
HISTORICAL CELL-5 CROSS-CHECK
============================================================

T = 20
current analytic A_arch(T) =
0.712587519302527383137768027170690659964190553590541543226954
historical Cell-5 A_arch(T) =
0.7125875193025273831377680272
difference =
-2.9309340035809446409458456773046062245167851839156e-29

T = 40
current analytic A_arch(T) =
0.742187451993848747106402545780820908787858966920809350159491
historical Cell-5 A_arch(T) =
0.7421874519938487471064025458
difference =
-1.9179091212141033079190649840508568430866800795994e-29

Total Archimedean scan time =
460.316 s
