==============================================================================
CELL 45 — CONTINUOUS RESOLVENT R_infty(r) & SUPER-POLYNOMIAL SUPPRESSION
==============================================================================
c = 13, L = 2.5649493574615367361, T = 400, dps = 50

==============================================================================
1. EXTINCTION OF THE ASYMPTOTIC TAIL HIERARCHY A_k(N) AS N -> infty
==============================================================================
   N            A_0            A_1            A_2            A_3            A_4
------------------------------------------------------------------------------
   4    2.80921e-13      5.5404e-9     3.48399e-5      0.0765234        73.4184
   8    5.05346e-21    4.22317e-16    1.21237e-11     1.46876e-7    0.000923222
  12    3.44521e-27    6.63674e-22    4.62794e-17    1.49804e-12     2.67967e-8
  16    2.47798e-32    8.69484e-27    1.14478e-21    7.38499e-17    2.72904e-12
  20     5.4803e-37    3.37722e-31    7.85873e-26    9.04737e-21    6.02326e-16
  24    1.00974e-40    1.05005e-34    4.00768e-29    7.28392e-24    7.53454e-19

==============================================================================
2. SPECTRAL RESOLVENT R_{v_N}(r) ACROSS FREQUENCY REGIMES
==============================================================================
       r             R(N=8)            R(N=16)            R(N=24)    |R_24 - R_16|
------------------------------------------------------------------------------
     0.2          6.9202392          6.1642652          5.9483495         0.215916
     0.5            1.22853          1.0973575          1.0597095        0.0376479
     1.0         0.45645405         0.41177156         0.39870431        0.0130673
     1.5          0.4407428          0.4042206           0.393134        0.0110866
     2.0           1.170291          1.0984915          1.0750282        0.0234633
     3.0         0.60380352         0.60581227         0.60352286       0.00228941
     5.0          5.4980884           6.854726          7.2317632         0.377037
     7.5         0.30372853         0.58964189         0.69688845         0.107247
    10.0        0.007003776        0.026469305        0.036808898        0.0103396
    15.0       7.3770143e-8       2.7772716e-6       6.3040326e-6       3.52676e-6
    20.0      3.0732033e-13       2.2651574e-9       1.0970435e-8       8.70528e-9
    30.0      1.1769142e-23      1.3031876e-17      1.0740175e-15      1.06099e-15
    50.0      1.3056368e-24      7.8256968e-37      5.3976591e-30      5.39766e-30

==============================================================================
3. EFFECTIVE POWER DECAY EXPONENT: gamma_eff(r) = -r R'(r) / R(r)
==============================================================================
       r     gamma_eff(N=8)    gamma_eff(N=16)    gamma_eff(N=24)
------------------------------------------------------------------------------
     1.0           0.885311            0.85891           0.851811
     2.0           -7.38676           -7.49291           -7.52136
     3.0            10.1644            9.92343            9.85924
     5.0            101.965            101.276            101.096
     7.0           -30.7403           -32.1504           -32.5084
    10.0            112.676            109.495            108.742
    12.0           -65.3944           -70.4306           -71.5459
    15.0            90.0437            80.3969            78.5613
    20.0            194.382            157.681            154.001
    30.0            137.158            283.048            270.346

==============================================================================
4. CONTINUUM ENTIRE AMPLITUDE Phi_infty(r) AND ZERO STRUCTURE
==============================================================================
       r          Phi_24(r)      K_Fourier = Phi^2   Sign
------------------------------------------------------------------------------
     0.5          1.2315746              1.5167759      +
     1.0          1.2107329              1.4658743      +
     1.5          1.1767221               1.384675      +
     2.0          1.1305928                1.27824      +
     2.5          1.0737438              1.1529257      +
     3.0          1.0078561              1.0157739      +
     3.5         0.93481453             0.87387821      +
     4.0         0.85662343              0.7338037      +
     4.5         0.77532023             0.60112146      +
     5.0          0.6928925             0.48010001      +
     5.5         0.61120257             0.37356858      +
     6.0          0.5319237             0.28294283      +
     6.5         0.45649034             0.20838343      +
     7.0         0.38606424             0.14904559      +
     7.5         0.32151695             0.10337315      +
     8.0         0.26342806            0.069394342      +
     8.5         0.21209768            0.044985427      +
     9.0         0.16757097            0.028080032      +
     9.5         0.12967185            0.016814789      +
    10.0        0.098042853           0.0096124011      +

Zeros of the continuum amplitude Phi_infty(r):

==============================================================================
END OF CELL 45
==============================================================================
Conclusions to review in cell45.out:
  1. Do all asymptotic coefficients A_k decay to zero across the hierarchy?
  2. Does R_v(r) stabilize to a smooth continuum profile in the bulk?
  3. Does gamma_eff(r) exceed 2, confirming super-polynomial high-frequency decay?
  4. What are the locations of the double zeros of K_Fourier, infty(r)?
