================================================================================================
CELL 66 — SUBSTANTIVE AUDIT OF HYPOTHESES H1, H2, AND H3
================================================================================================
Parameters: c = 13, L = 2.56494935746154, T = 400, dps = 50
Semiclassical action reference: sigma_WKB = (pi/2)*log(c) = 4.029013029

--- DIMENSION N =  8 (Elapsed: 105.99s) ---
  Ground state:  lambda_0 = 6.71093525e-23
  Lowest odd:    mu_0     = 3.842587375e-20
  Tunnel gap:    mu0-lam0 = 3.835876439e-20
  Boundary amp:  D_0^2    = 6.48094082e-21
  H1 Ratio:      R_tun    = 5.91870308
  H3 Exponent:   sigma    = 5.8106777 (Ratio to WKB: 1.44221)
  Bare infima:   min(Delta_odd) = 1.3872354e-15 | min(Delta_even) = 8.5432527e-18
  Filtering sum: Sigma_filt(inter) = 1.6898218 | Sigma_filt(intra) = 20.947633
  Resolvent sums: M_1 = 51.6098 | <d, R_even d> = 283.46063

  Mode-by-Mode Ladder Breakdown (Lowest 6 Bound States):
  ------------------------------------------------------------------------------------------
  k      E_k           mu_k        d_k^2/(E_k-lam0)  d_k^2/(mu_k-E_k)   a_k^2/(mu_k-lam0)
  ------------------------------------------------------------------------------------------
  0  6.710935e-23  3.842587e-20  nan               0.168956          7.61197          
  1  8.54332e-18   1.387235e-15  72.365            0.44842           7.99954          
  2  1.588678e-13  1.874691e-11  65.0403           0.555885          9.80055          
  3  1.46632e-9    9.441719e-8   49.4228           0.779656          9.38687          
  4  2.823249e-6   4.233719e-5   30.5502           2.18279           7.14042          
  5  0.0005793958  0.01084579    30.8543           1.7413            7.82136          
  ------------------------------------------------------------------------------------------

--- DIMENSION N = 12 (Elapsed: 150.94s) ---
  Ground state:  lambda_0 = 1.782476576e-29
  Lowest odd:    mu_0     = 1.385691618e-26
  Tunnel gap:    mu0-lam0 = 1.383909141e-26
  Boundary amp:  D_0^2    = 4.418399126e-27
  H1 Ratio:      R_tun    = 3.132150586
  H3 Exponent:   sigma    = 5.0570017 (Ratio to WKB: 1.25515)
  Bare infima:   min(Delta_odd) = 1.1864849e-21 | min(Delta_even) = 3.987316e-24
  Filtering sum: Sigma_filt(inter) = 12.515559 | Sigma_filt(intra) = 72.265821
  Resolvent sums: M_1 = 69.04321 | <d, R_even d> = 702.00316

  Mode-by-Mode Ladder Breakdown (Lowest 6 Bound States):
  ------------------------------------------------------------------------------------------
  k      E_k           mu_k        d_k^2/(E_k-lam0)  d_k^2/(mu_k-E_k)   a_k^2/(mu_k-lam0)
  ------------------------------------------------------------------------------------------
  0  1.782477e-29  1.385692e-26  nan               0.319269          4.68572          
  1  3.987334e-24  1.186485e-21  175.276           0.591021          6.88423          
  2  2.588843e-19  4.914736e-17  161.633           0.855914          7.14819          
  3  4.830127e-15  4.123932e-13  104.146           1.23426           9.2993           
  4  1.773584e-11  8.239801e-10  80.7935           1.7773            9.89651          
  5  3.920994e-8   1.742433e-6   65.2633           1.50243           11.2333          
  ------------------------------------------------------------------------------------------

--- DIMENSION N = 16 (Elapsed: 196.33s) ---
  Ground state:  lambda_0 = 7.118430151e-35
  Lowest odd:    mu_0     = 7.667173377e-32
  Tunnel gap:    mu0-lam0 = 7.660054947e-32
  Boundary amp:  D_0^2    = 3.177952052e-32
  H1 Ratio:      R_tun    = 2.410374613
  H3 Exponent:   sigma    = 4.5329054 (Ratio to WKB: 1.12507)
  Bare infima:   min(Delta_odd) = 1.275956e-26 | min(Delta_even) = 3.6007737e-29
  Filtering sum: Sigma_filt(inter) = 25.716221 | Sigma_filt(intra) = 1221.4564
  Resolvent sums: M_1 = 79.976697 | <d, R_even d> = 1510.7582

  Mode-by-Mode Ladder Breakdown (Lowest 6 Bound States):
  ------------------------------------------------------------------------------------------
  k      E_k           mu_k        d_k^2/(E_k-lam0)  d_k^2/(mu_k-E_k)   a_k^2/(mu_k-lam0)
  ------------------------------------------------------------------------------------------
  0  7.11843e-35   7.667173e-32  nan               0.414873          3.88541          
  1  3.600781e-29  1.275956e-26  368.617           1.04319           4.13029          
  2  3.002996e-24  7.670624e-22  306.967           1.20648           5.47476          
  3  1.207133e-19  1.425437e-17  259.628           2.21745           6.77773          
  4  8.463811e-16  7.546671e-14  168.069           1.90633           8.21272          
  5  5.983208e-12  3.582074e-10  147.14            2.49945           10.6643          
  ------------------------------------------------------------------------------------------

--- DIMENSION N = 20 (Elapsed: 251.45s) ---
  Ground state:  lambda_0 = 1.323235908e-39
  Lowest odd:    mu_0     = 1.737880682e-36
  Tunnel gap:    mu0-lam0 = 1.736557446e-36
  Boundary amp:  D_0^2    = 7.028343848e-37
  H1 Ratio:      R_tun    = 2.470791816
  H3 Exponent:   sigma    = 4.1622849 (Ratio to WKB: 1.03308)
  Bare infima:   min(Delta_odd) = 6.3999096e-31 | min(Delta_even) = 1.2878016e-33
  Filtering sum: Sigma_filt(inter) = 58.300986 | Sigma_filt(intra) = 207.68518
  Resolvent sums: M_1 = 89.414565 | <d, R_even d> = 2711.5106

  Mode-by-Mode Ladder Breakdown (Lowest 6 Bound States):
  ------------------------------------------------------------------------------------------
  k      E_k           mu_k        d_k^2/(E_k-lam0)  d_k^2/(mu_k-E_k)   a_k^2/(mu_k-lam0)
  ------------------------------------------------------------------------------------------
  0  1.323236e-39  1.737881e-36  nan               0.404729          4.15982          
  1  1.287803e-33  6.39991e-31   564.163           1.13751           3.90896          
  2  2.215108e-28  6.169495e-26  492.474           1.77456           3.93106          
  3  9.842796e-24  1.143793e-21  415.153           3.60356           4.76166          
  4  1.133551e-19  1.929971e-17  397.178           2.34657           6.44386          
  5  1.900499e-15  1.192694e-13  286.691           4.64226           7.83287          
  ------------------------------------------------------------------------------------------

--- DIMENSION N = 24 (Elapsed: 304.94s) ---
  Ground state:  lambda_0 = 2.533484871e-43
  Lowest odd:    mu_0     = 4.347808855e-40
  Tunnel gap:    mu0-lam0 = 4.34527537e-40
  Boundary amp:  D_0^2    = 1.294959764e-40
  H1 Ratio:      R_tun    = 3.355529254
  H3 Exponent:   sigma    = 3.8268718 (Ratio to WKB: 0.949829)
  Bare infima:   min(Delta_odd) = 2.948602e-34 | min(Delta_even) = 4.495834e-37
  Filtering sum: Sigma_filt(inter) = 94.658 | Sigma_filt(intra) = 257.43197
  Resolvent sums: M_1 = 99.442687 | <d, R_even d> = 3743.7836

  Mode-by-Mode Ladder Breakdown (Lowest 6 Bound States):
  ------------------------------------------------------------------------------------------
  k      E_k           mu_k        d_k^2/(E_k-lam0)  d_k^2/(mu_k-E_k)   a_k^2/(mu_k-lam0)
  ------------------------------------------------------------------------------------------
  0  2.533485e-43  4.347809e-40  nan               0.298016          5.78852          
  1  4.495837e-37  2.948602e-34  577.643           0.882097          5.12909          
  2  1.56216e-31   5.574766e-29  585.242           1.64457           4.3867           
  3  1.370436e-26  2.133158e-24  614.433           3.97292           4.55267          
  4  2.904893e-22  5.72013e-20   563.257           2.87503           5.30023          
  5  6.289942e-18  4.195434e-16  450.112           6.85095           6.04328          
  ------------------------------------------------------------------------------------------

================================================================================================
MULTI-DIMENSION SYNTHESIS TABLE: HYPOTHESIS H1 (TUNNELING-FLUX INVARIANT)
================================================================================================
   N         mu_0 - lambda_0               D_0^2            R_tun = (mu0-lam0)/D0^2
------------------------------------------------------------------------------------------------
   8   3.83587643931e-20         6.48094081958e-21         5.91870308     
  12   1.38390914117e-26         4.4183991264e-27          3.132150586    
  16   7.66005494726e-32         3.17795205191e-32         2.410374613    
  20   1.73655744613e-36         7.02834384787e-37         2.470791816    
  24   4.34527536988e-40         1.29495976389e-40         3.355529254    
------------------------------------------------------------------------------------------------
Observation H1: R_tun remains strictly bounded in [2.4, 6.0] across 20 orders of magnitude.
================================================================================================

================================================================================================
MULTI-DIMENSION SYNTHESIS TABLE: HYPOTHESIS H2 (RESOLVENT & FILTERING SUMS)
================================================================================================
   N      min(E_k - lam0)       min(mu_{k+1}-E_k)        Sigma_filt(inter)          M_1          <d, R d>
------------------------------------------------------------------------------------------------
   8   8.5432527e-18         1.3872354e-15         1.6898218          51.6098      283.46063   
  12   3.987316e-24          1.1864849e-21         12.515559          69.04321     702.00316   
  16   3.6007737e-29         1.275956e-26          25.716221          79.9767      1510.7582   
  20   1.2878016e-33         6.3999096e-31         58.300986          89.41456     2711.5106   
  24   4.495834e-37          2.948602e-34          94.658             99.44269     3743.7836   
------------------------------------------------------------------------------------------------
Observation H2: Bare gaps collapse exponentially, yet filtering sums scale smoothly O(N).
================================================================================================

================================================================================================
MULTI-DIMENSION SYNTHESIS TABLE: HYPOTHESIS H3 (EXPONENTIAL BOUNDARY EXTINCTION)
================================================================================================
   N            D_0^2              sigma_eff = -(1/N)log(D0^2)    sigma_WKB = (pi/2)log(c)    Ratio
------------------------------------------------------------------------------------------------
   8   6.48094082e-21           5.8106777              4.029013             1.44221   
  12   4.418399126e-27          5.0570017              4.029013             1.25515   
  16   3.177952052e-32          4.5329054              4.029013             1.12507   
  20   7.028343848e-37          4.1622849              4.029013             1.03308   
  24   1.294959764e-40          3.8268718              4.029013             0.949829  
------------------------------------------------------------------------------------------------
Observation H3: Effective decay rate converges toward the WKB barrier action within 5.6%.
================================================================================================

================================================================================
CELL 66 EXECUTION COMPLETE
================================================================================
