
======================================================================
CELL_6B — ARCHIMEDEAN QUADRATURE / BREAKPOINT AUDIT
======================================================================

Parameters:
c = 13
T = 40
dps = 80
L = 2.56494935746153673605348744156531860480526794476020711641905

2*pi/L = 2.44963327985465201074267116853344988881041290891894830654387

----------------------------------------------------------------------
QUADRATURE COMPARISON
----------------------------------------------------------------------


x = 1
alpha_x = 2.4496332798546520107426711685334498888104129089189
alpha_x / 5 = 0.489926655970930402148534233707

  Fixed-step Cell-6 style:
     0.231745052333582023997434787190260304847568632945242882150449

  Breakpoint positive:
     0.231745052333582023997434787190260304847568632945242882150449

  Repository-style full:
     0.231745052333582023997434787190260304847568632945242882150449

  Fixed - breakpoint:
     -2.6355494858076308060871435128175047519274903455921e-82

  Breakpoint - repository:
     2.6355494858076308060871435128175047519274903455921e-82

  Fixed - repository:
     0.0


x = 2
alpha_x = 4.8992665597093040214853423370668997776208258178379
alpha_x / 5 = 0.979853311941860804297068467413

  Fixed-step Cell-6 style:
     0.212784510845982923488197627800104755665954219905766346578818

  Breakpoint positive:
     0.212784510845982923488197627800104755665954219905766346578818

  Repository-style full:
     0.212784510845982923488197627800104755665954219905766346578818

  Fixed - breakpoint:
     5.2710989716152616121742870256350095038549806911843e-82

  Breakpoint - repository:
     0.0

  Fixed - repository:
     5.2710989716152616121742870256350095038549806911843e-82


x = 4
alpha_x = 9.7985331194186080429706846741337995552416516356758
alpha_x / 5 = 1.95970662388372160859413693483

  Fixed-step Cell-6 style:
     0.176799505415874524745958178568112753979720391874153546406675

  Breakpoint positive:
     0.176799505415874524745958178568112753979720391874153546406675

  Repository-style full:
     0.176799505415874524745958178568112753979720391874153546406675

  Fixed - breakpoint:
     0.0

  Breakpoint - repository:
     0.0

  Fixed - repository:
     0.0


x = 8
alpha_x = 19.597066238837216085941369348267599110483303271352
alpha_x / 5 = 3.91941324776744321718827386965

  Fixed-step Cell-6 style:
     0.0968761292345491318271889289207630336956089086960398136469754

  Breakpoint positive:
     0.0968761292345491318271889289207630336956089086960398136469754

  Repository-style full:
     0.0968761292345491318271889289207630336956089086960398136469754

  Fixed - breakpoint:
     0.0

  Breakpoint - repository:
     0.0

  Fixed - repository:
     0.0

----------------------------------------------------------------------
PARITY / FULL-INTEGRAL CHECK
----------------------------------------------------------------------

x = 1
  full integral = 4.5744639768844097638756514269114939446941453625122
  2 * positive  = 4.5744639768844097638756514269114939446941453625122
  absolute error = 8.43375835458441857947885924102e-81

x = 2
  full integral = 4.2001978894583188496570627660044018796526238450551
  2 * positive  = 4.2001978894583188496570627660044018796526238450551
  absolute error = 0.0

x = 4
  full integral = 3.4898823535258742086221518100051945377440925850462
  2 * positive  = 3.4898823535258742086221518100051945377440925850462
  absolute error = 0.0

x = 8
  full integral = 1.9122581429076151796775679811141731522005061357498
  2 * positive  = 1.9122581429076151796775679811141731522005061357498
  absolute error = 0.0

======================================================================
CELL_6B SUMMARY
======================================================================

The important quantities are:

  Fixed-step Cell-6 result
  Breakpoint-split result
  Repository-style full result

If all three agree to high precision, the outer
quadrature splitting is NOT responsible for the
Archimedean discrepancy.

If Fixed differs substantially from Breakpoint,
while Breakpoint agrees with Repository, then Cell 6's
5-unit subdivision was inadequate.

Maximum |full - 2*positive| =
8.4337583545844185794788592410160152061679691058948e-81

======================================================================
END CELL_6B
======================================================================
