============================================================
GROUND STATE
============================================================
lambda = 4.430433324736626887628510153465703100875e-23

Canonical ground-state norm =
1.0

First few zeta zeros:
1 14.13472514173469379045725198356247
2 21.022039638771554992628479593896903
3 25.010857580145688763213790992562822
4 30.424876125859513210311897530584091
5 32.935061587739189690662368964074903

============================================================
GROUND-STATE FUNCTIONAL CHECKS
============================================================
F(gamma1) = 9.56325501597313457497697002936e-21
F(gamma2) = -5.59238139536278115347203667244e-17
F(gamma3) = 1.65582090582311345303456126236e-14
P(v)       = 13.3496194837699894731545469142
F'(gamma1) = -0.000378385480943448224350245226504

============================================================
CONSTRAINED DERIVATIVE BOUND
============================================================

m    constraints       D_m                         det(G_m)
------------------------------------------------------------
0   1                 0.857549330939572397380572758475578.13896149645026325
1   2                 0.857264591340603080317533531464713.93142305330736292
2   3                 0.848726327096095877763669591987350.68603719959086536
3   4                 0.6049924270545042290298680477842.0259493113137547691
4   5                 0.5636015718946106159871388842980.00015701432614178218552
5   6                 0.2021166252129722978613522007157.159794379340831988e-12
6   7                 0.04315629830879567094786411558472.1269424677062812811e-22
7   8                 0.005112094776114513369417405361263.0298744086590382741e-37

============================================================
INCREMENTAL CONSTRAINT GEOMETRY
============================================================

Adding F(gamma_1) = 0
||new constraint_perp|| = 1.111250910281089508791167811151914892684
||d_perp(previous)||    = 0.8575493309395723973805727584750034095303
cos(theta)              = 0.02576756157317153103687778103297346399605
|cos(theta)|^2          = 0.0006639672294271861074378869357821229202635
D_previous              = 0.8575493309395723973805727584750034095303
D_new                   = 0.857264591340603080317533531463603933215
D_new / D_previous     = 0.9996679612604241173758800659178131444634

Adding F(gamma_2) = 0
||new constraint_perp|| = 0.7008595387838708567493146053583086657005
||d_perp(previous)||    = 0.857264591340603080317533531463603933215
cos(theta)              = 0.1407856101114408405579617733720465300335
|cos(theta)|^2          = 0.01982058801445063344614983818599571309455
D_previous              = 0.857264591340603080317533531463603933215
D_new                   = 0.8487263270960958777636695919870446576537
D_new / D_previous     = 0.990040106251029290368381529581767811298

Adding F(gamma_3) = 0
||new constraint_perp|| = 0.0760072553649671483322701742023889420011
||d_perp(previous)||    = 0.8487263270960958777636695919870446576537
cos(theta)              = 0.7013430400337137482769795681499878877726
|cos(theta)|^2          = 0.4918820598037314054138798415112829051475
D_previous              = 0.8487263270960958777636695919870446576537
D_new                   = 0.604992427054504229029868047783649191987
D_new / D_previous     = 0.7128239194894266415228006125987118553083

Adding F(gamma_4) = 0
||new constraint_perp|| = 0.00880349966858658825546684222353524370671
||d_perp(previous)||    = 0.604992427054504229029868047783649191987
cos(theta)              = 0.363524835909159483555684282009538889329
|cos(theta)|^2          = 0.1321503063227813283231016503984607447336
D_previous              = 0.604992427054504229029868047783649191987
D_new                   = 0.563601571894610615987138884297845764489
D_new / D_previous     = 0.9315845069972013396079860509646439555888

Adding F(gamma_5) = 0
||new constraint_perp|| = 0.0002135406868054216389983178900036955206904
||d_perp(previous)||    = 0.563601571894610615987138884297845764489
cos(theta)              = 0.933485113842620618250435594374026443065
|cos(theta)|^2          = 0.8713944577657703757972849725276667916031
D_previous              = 0.563601571894610615987138884297845764489
D_new                   = 0.2021166252129722978613522007148563276557
D_new / D_previous     = 0.3586161488754091567515998132741448043436

Adding F(gamma_6) = 0
||new constraint_perp|| = 0.000005450390215809337016761901886044387529383
||d_perp(previous)||    = 0.2021166252129722978613522007148563276557
cos(theta)              = -0.976938307358094335328281924143392903105
|cos(theta)|^2          = 0.9544084563836983965320356173769013957355
D_previous              = 0.2021166252129722978613522007148563276557
D_new                   = 0.04315629830879567094786411558470327797729
D_new / D_previous     = 0.213521763800090419419728431560069241612

Adding F(gamma_7) = 0
||new constraint_perp|| = 0.00000003774282836397579880788439474313268738698
||d_perp(previous)||    = 0.04315629830879567094786411558470327797729
cos(theta)              = -0.9929593788802457687462107612154768746
|cos(theta)|^2          = 0.9859683281062434668175711680224604365012
D_previous              = 0.04315629830879567094786411558470327797729
D_new                   = 0.005112094776114513369417405361256711411135
D_new / D_previous     = 0.1184553582315149354781810149443524753181

============================================================
MAXIMISING VECTOR FOR m = 2
============================================================
D_m =
0.848726327096095877763669591987044657653672658277128165086134

||v_star|| =
1.0

Constraint residuals:
P(v) = -4.624319880282757605677146373765092148385e-81
F(gamma1) = -2.654032815402713412144660160188641914677e-82
F(gamma2) = 2.394188580252569068784011026392210170084e-82

Derivative:
F'(gamma1) = 0.84872632709609587776366959198704465765367265827713

============================================================
LOCAL F(tau) FOR v_star
============================================================

Around gamma_1 = 14.1347251417346937904572519836
-0.01 -0.00848731473743568943847370113108
0 -3.29443685725953850760892939102e-83
0.01 0.00848693068976908100819190445387

Around gamma_2 = 21.0220396387715549926284795939
-0.01 -0.00102328972300321494126818158627
0 5.27109897161526161217428702564e-82
0.01 0.00100111893174288552546737729835

============================================================
DIAGNOSTICS FOR v_star (m = 2)
============================================================

Canonical coefficients v_star:
v[0] = -0.01370305874752100801062486085815610438916
v[1] = 0.1303557935218857916253291769062976528356
v[2] = 0.1514495733369037720402569305249421524168
v[3] = 0.19045321076621581890504965744500662946
v[4] = 0.2881490727148499300159763387298236586131
v[5] = 0.7357775578065990185251715420943540787431
v[6] = 0.399807496217111185365364562254734279865
v[7] = -0.2722543089035038230747761558068054733915
v[8] = -0.255427580920619765812832269160895631072

F'(gamma_j):
j=1  gamma=14.1347251417346937904572519836
     F'(gamma_j) = 0.8487263270960958777636695919870446576537
j=2  gamma=21.0220396387715549926284795939
     F'(gamma_j) = 0.1012208122528213693417420550415520459654
j=3  gamma=25.0108575801456887632137909926
     F'(gamma_j) = 0.08871970606544431898204104245682875891087
j=4  gamma=30.4248761258595132103118975306
     F'(gamma_j) = 0.02310415534934336752468258720434476386473
j=5  gamma=32.9350615877391896906623689641
     F'(gamma_j) = -0.01426057349017346781250286710227923710959

F(gamma_j):
j=1  gamma=14.1347251417346937904572519836
     F(gamma_j) = -3.294436857259538507608929391021880939909e-83
j=2  gamma=21.0220396387715549926284795939
     F(gamma_j) = 5.271098971615261612174287025635009503855e-82
j=3  gamma=25.0108575801456887632137909926
     F(gamma_j) = 0.05330715954228485878608390131084026353326
j=4  gamma=30.4248761258595132103118975306
     F(gamma_j) = 0.0767445444608726584177601692415669726906
j=5  gamma=32.9350615877391896906623689641
     F(gamma_j) = -0.07273461919594998768836086080323158102906

Pole functional:
P(v_star) = -5.2710989716152616121742870256350095038549806911843e-81

Norm:
||v_star|| = 1.0

First unconstrained zero:
gamma_3 = 25.01085758014568876321379099256282181866
F(gamma_3) = 0.053307159542284858786083901310840263533260919615444

============================================================
CELL_2 — ZERO-SIDE GUINAND--WEIL CHECK
============================================================

Parameters:
N = 8
c = 13
L = 2.56494935746153673605348744157

||v_star|| =
1.0

------------------------------------------------------------
1. QUADRATIC FORM
------------------------------------------------------------
||u_star|| =
1.0

<v_star, Q v_star> =
0.0681996348276903043946975963640488334725382822385907777229656

------------------------------------------------------------
2. FIRST 50 POSITIVE ZERO CONTRIBUTIONS
------------------------------------------------------------
  1  gamma = 14.13472514173469379  g(gamma) = -3.29443685725953850760892939102e-83  S_M = -6.58887371451907701521785878204e-83
  2  gamma = 21.022039638771554993  g(gamma) = 5.27109897161526161217428702564e-82  S_M = 9.88331057177861552282678817307e-82
  3  gamma = 25.010857580145688763  g(gamma) = 0.0533071595422848587860839013108  S_M = 0.106614319084569717572167802622
  4  gamma = 30.42487612585951321  g(gamma) = 0.0767445444608726584177601692416  S_M = 0.260103408006315034407688141105
  5  gamma = 32.935061587739189691  g(gamma) = -0.0727346191959499876883608608032  S_M = 0.114634169614415059030966419498
  6  gamma = 37.586178158825671257  g(gamma) = -0.0572966572984479073124724883735  S_M = 0.0000408550175192444060214427513922
  7  gamma = 40.918719012147495187  g(gamma) = 0.0478364909502846570006720114122  S_M = 0.0957138369180885584073654655758
  8  gamma = 43.327073280914999519  g(gamma) = -0.0468645947140759729845675442167  S_M = 0.00198464748993661243823037714248
  9  gamma = 48.005150881167159728  g(gamma) = -0.0484127557476848996540252030373  S_M = -0.0948408640054331868698200289321
 10  gamma = 49.773832477672302182  g(gamma) = 0.041202118870790661103470241871  S_M = -0.0124366262638518646628795451901
 11  gamma = 52.970321477714460644  g(gamma) = -0.0424729321917184958875751156022  S_M = -0.0973824906472888564380297763945
 12  gamma = 56.446247697063394804  g(gamma) = -0.00575824212827949886993707063391  S_M = -0.108898974903847854177903917662
 13  gamma = 59.34704400260235308  g(gamma) = 0.0267351138000832329405471141915  S_M = -0.0554287473036813882968096892794
 14  gamma = 60.831778524609809844  g(gamma) = 0.0199666249510951496929246447853  S_M = -0.0154954974014910889109603997089
 15  gamma = 65.112544048081606661  g(gamma) = 0.0360161060679923022656632120087  S_M = 0.0565367147344935156203660243086
 16  gamma = 67.079810529494173714  g(gamma) = -0.0337061560216800092126582670376  S_M = -0.0108755973088665028049505097665
 17  gamma = 69.546401711173979253  g(gamma) = 0.0327555739501506308481578400923  S_M = 0.0546355505914347588913651704181
 18  gamma = 72.067157674481907583  g(gamma) = -0.0324927268499463449080228383147  S_M = -0.0103499031084579309246805062113
 19  gamma = 75.704690699083933168  g(gamma) = 0.00943501899373900246729680222069  S_M = 0.00852013487902007400991309823003
 20  gamma = 77.144840068874805373  g(gamma) = -0.0313118657968075818813760875512  S_M = -0.0541035967145950897528390768724
 21  gamma = 79.337375020249367923  g(gamma) = 0.0285611630767005090734137015902  S_M = 0.00301872943880592839398832630799
 22  gamma = 82.910380854086030183  g(gamma) = -0.0135409419268644362590740620794  S_M = -0.0240631544149229441241597978508
 23  gamma = 84.735492980517050106  g(gamma) = 0.0273249487668486719668993999316  S_M = 0.0305867431187743998096390020124
 24  gamma = 87.425274613125229407  g(gamma) = -0.0228680619061379290541493704265  S_M = -0.0151493806935014582986597388405
 25  gamma = 88.809111207634465424  g(gamma) = 0.0194498733061189980119897335607  S_M = 0.0237503659187365377253197282808
 26  gamma = 92.491899270558484296  g(gamma) = -0.0179990174259756835307546692031  S_M = -0.0122476689332148293361896101254
 27  gamma = 94.651344040519886967  g(gamma) = 0.023081546741712727173847753227  S_M = 0.0339154245502106250115058963286
 28  gamma = 95.870634228245309759  g(gamma) = -0.0104716357839971797337346396233  S_M = 0.012972152982216265544036617082
 29  gamma = 98.831194218193692233  g(gamma) = 0.0215612901473348895266052187059  S_M = 0.0560947332768860445972470544939
 30  gamma = 101.31785100573139123  g(gamma) = -0.0215313625898521782869018461452  S_M = 0.0130320080971816880234433622035
 31  gamma = 103.72553804047833942  g(gamma) = 0.0204670455351810886147387791265  S_M = 0.0539660991675438652529209204565
 32  gamma = 105.44662305232609449  g(gamma) = -0.00328124025329462405011683730987  S_M = 0.0474036186609546171526872458368
 33  gamma = 107.16861118427640752  g(gamma) = -0.015949084708525978040031605626  S_M = 0.0155054492439026610726240345849
 34  gamma = 111.02953554316967452  g(gamma) = -0.0184896002913700814386855916919  S_M = -0.021473751338837501804747148799
 35  gamma = 111.87465917699263709  g(gamma) = -0.0185259975574832751392035675682  S_M = -0.0585257464538040520831542839353
 36  gamma = 114.32022091545271277  g(gamma) = 0.0181828312635001727178838603256  S_M = -0.0221600839268037066473865632841
 37  gamma = 116.22668032085755438  g(gamma) = -0.0204196466013188131452726354466  S_M = -0.0629993771294413329379318341773
 38  gamma = 118.79078286597621732  g(gamma) = 0.0202565620010323313613422947582  S_M = -0.0224862531273766702152472446609
 39  gamma = 121.37012500242064592  g(gamma) = -0.0196191098486759877551842339641  S_M = -0.0617244728247286457256157125891
 40  gamma = 122.9468292935525882  g(gamma) = 0.0109957412115217707562198053433  S_M = -0.0397329904016851042131761019025
 41  gamma = 124.25681855434576718  g(gamma) = 0.0147384665822601688002434864741  S_M = -0.0102560572371647666126891289543
 42  gamma = 127.51668387959649512  g(gamma) = 0.00326819927380178588382604924482  S_M = -0.00371965868956119484503703046461
 43  gamma = 129.57870419995605099  g(gamma) = 0.00589294047805562354976775514649  S_M = 0.00806622226655005225449847982837
 44  gamma = 131.08768853093265672  g(gamma) = -0.0183348108134103103142687173543  S_M = -0.0286033993602705683740389548802
 45  gamma = 133.49773720299758645  g(gamma) = 0.0180168876220476165370813850915  S_M = 0.00743037588382466470012381530288
 46  gamma = 134.75650975337387133  g(gamma) = -0.000610580482936283338757736653426  S_M = 0.00620921491795209802260834199602
 47  gamma = 138.1160420545334432  g(gamma) = 0.0162362501020973659861836043674  S_M = 0.0386817151221468299949755507309
 48  gamma = 139.73620895212138895  g(gamma) = -0.00235663651563786094100889178787  S_M = 0.0339684420908711081129577671551
 49  gamma = 141.12370740402112376  g(gamma) = -0.0160298775068640602348894751483  S_M = 0.00190868707714298764317881685859
 50  gamma = 143.11184580762063274  g(gamma) = 0.0162967767170190529361344445397  S_M = 0.034502240511181093515447705938

------------------------------------------------------------
3. ZERO-SUM CONVERGENCE
------------------------------------------------------------
Target <v_star,Q v_star> = 0.068199634827690304394697596364048833472538282238591

M= 1   S_M = -6.588873714519077015217858782043761879819e-83   S_M - Q = -0.068199634827690304394697596364
M= 2   S_M = 9.883310571778615522826788173065642819728e-82   S_M - Q = -0.068199634827690304394697596364
M= 3   S_M = 0.1066143190845697175721678026216805270665   S_M - Q = 0.0384146842568794131774702062576
M= 5   S_M = 0.1146341696144150590309664194983513103896   S_M - Q = 0.0464345347867247546362688231343
M=10   S_M = -0.01243662626385186466287954519010159210977   S_M - Q = -0.0806362610915421690575771415542
M=20   S_M = -0.05410359671459508975283907687241198168247   S_M - Q = -0.122303231542285394147536673236
M=30   S_M = 0.01303200809718168802344336220348098412337   S_M - Q = -0.0551676267305086163712542341606
M=40   S_M = -0.03973299040168510421317610190245970230068   S_M - Q = -0.107932625229375408607873698267
M=50   S_M = 0.03450224051118109351544770593797037732169   S_M - Q = -0.0336973943165092108792498904261

------------------------------------------------------------
4. FIRST ZERO CONTRIBUTIONS
------------------------------------------------------------
j=1
  gamma_j = 14.13472514173469379045725198356247027078
  g(gamma_j) = -3.2944368572595385076089293910218809399093629319902e-83
  pair contribution = -6.5888737145190770152178587820437618798187258639803e-83
j=2
  gamma_j = 21.02203963877155499262847959389690277733
  g(gamma_j) = 5.2710989716152616121742870256350095038549806911843e-82
  pair contribution = 1.0542197943230523224348574051270019007709961382369e-81
j=3
  gamma_j = 25.01085758014568876321379099256282181866
  g(gamma_j) = 0.053307159542284858786083901310840263533260919615444
  pair contribution = 0.10661431908456971757216780262168052706652183923089
j=4
  gamma_j = 30.42487612585951321031189753058409132018
  g(gamma_j) = 0.076744544460872658417760169241566972690602828566697
  pair contribution = 0.15348908892174531683552033848313394538120565713339
j=5
  gamma_j = 32.93506158773918969066236896407490348881
  g(gamma_j) = -0.072734619195949987688360860803231581029064951567438
  pair contribution = -0.14546923839189997537672172160646316205812990313488

------------------------------------------------------------
5. IMPLIED REMAINING ZERO TAIL
------------------------------------------------------------
Partial sum through gamma_50 =
0.0345022405111810935154477059379703773216930399114294759468735

Target quadratic form =
0.0681996348276903043946975963640488334725382822385907777229656

Implied tail = Q - S_50 =
0.0336973943165092108792498904260784561508452423271613017760921

------------------------------------------------------------
6. SIGN STRUCTURE
------------------------------------------------------------
positive g(gamma_j) : 24
negative g(gamma_j) : 24
|g| < 1e-30         : 2

------------------------------------------------------------
7. LARGEST ABSOLUTE ZERO CONTRIBUTIONS
------------------------------------------------------------
j=  4  gamma=30.42487612585951321  g=0.0767445444608726584177601692415669726906
j=  5  gamma=32.935061587739189691  g=-0.07273461919594998768836086080323158102906
j=  6  gamma=37.586178158825671257  g=-0.05729665729844790731247248837347954769993
j=  3  gamma=25.010857580145688763  g=0.05330715954228485878608390131084026353326
j=  9  gamma=48.005150881167159728  g=-0.04841275574768489965402520303726645396599
j=  7  gamma=40.918719012147495187  g=0.04783649095028465700067201141219893074174
j=  8  gamma=43.327073280914999519  g=-0.0468645947140759729845675442166565879424
j= 11  gamma=52.970321477714460644  g=-0.04247293219171849588757511560221511291468
j= 10  gamma=49.773832477672302182  g=0.0412021188707906611034702418709772076169
j= 15  gamma=65.112544048081606661  g=0.03601610606799230226566321200874289414897

============================================================
END CELL_2
============================================================
