
======================================================================
CELL_6C — ARCHIMEDEAN / WEIL DICTIONARY AUDIT
======================================================================

Parameters:
c = 13
N = 8
T = 40
dps = 80
L = 2.56494935746153673605348744156531860480526794476020711641905
2*pi/L = 2.44963327985465201074267116853344988881041290891894830654387

----------------------------------------------------------------------
1. GROUND STATE
----------------------------------------------------------------------

lambda_min =
2.9337422241322740408178302295588281413977173077664e-23

||v_star|| =
1.0

||u_star|| =
1.0

----------------------------------------------------------------------
2. SOURCE-LEVEL RESPONSE COMPARISON
----------------------------------------------------------------------

For each r we compare:
  D_source(r) = quadratic-form kernel generated from S
  G_response(r) = Re G_v(r)

If the dictionary is correct, these should have a
precisely identifiable relationship, potentially involving
a constant factor, sign, or an additional simple term.

r =
0.0
  D_source(r) =
2.8094128186422251498315319694860509913316049028141
  Re G_v(r) =
0.94565526199841410854131756402597154425921242825628
  ratio D_source / Re(G) =
2.9708636239227489404882319638523274645002271452467

r =
0.5
  D_source(r) =
2.7659349817754471360162956105801673608783290709238
  Re G_v(r) =
0.93830935689713107709321487102386047381435896784932
  ratio D_source / Re(G) =
2.9477857824225903828581796212658407548659821173887

r =
1.0
  D_source(r) =
2.6393978961285822936289200932624141198126481466236
  Re G_v(r) =
0.91659502721235924399488726082803988372182207750752
  ratio D_source / Re(G) =
2.8795682038072844211893042848023353018999251958636

r =
1.5
  D_source(r) =
2.440928278512695009197041528050788285132865806827
  Re G_v(r) =
0.88145992677839418919185033241087025981774962535552
  ratio D_source / Re(G) =
2.7691880304008002486926826318115029671776734618665

r =
2.0
  D_source(r) =
2.1873055261269611219212544629247274074178506772828
  Re G_v(r) =
0.83441055426609350130506915690547474974933976825067
  ratio D_source / Re(G) =
2.621378067360146853719059696606408389314773394764

r =
2.4496332798546520107426711685
  D_source(r) =
1.9287275233772662739902649217090617345874659003883
  Re G_v(r) =
0.78353879192147346381428589186410172703137269537638
  ratio D_source / Re(G) =
2.4615597125031226684018950279012028727728052902435

r =
3.0
  D_source(r) =
1.5959579826180378498582185808059411554975544777744
  Re G_v(r) =
0.71274764384125451762158643815467505875482114929522
  ratio D_source / Re(G) =
2.239162761755119631930787229612541693397473362966

r =
5.0
  D_source(r) =
0.5715064336302645011770588999185011071467079503001
  Re G_v(r) =
0.42651629258699322369614936009780494817137126124718
  ratio D_source / Re(G) =
1.3399404514276527003865714047880025465699488085174

r =
7.5
  D_source(r) =
0.070117363766050690036614220273805605013283589836398
  Re G_v(r) =
0.14939561599953006381658539457245647415052141812584
  ratio D_source / Re(G) =
0.4693401697026454241112901511858138940145516306173

r =
10.0
  D_source(r) =
0.0028211450484907725596719058150803882235613600692062
  Re G_v(r) =
0.0299666207519810686526063290896920701144577078488
  ratio D_source / Re(G) =
0.09414291560733517077320942097494805196026278438678

r =
15.0
  D_source(r) =
0.000000063148582658170404282963053091181576610485394359627
  Re G_v(r) =
-0.0001417773541810888738144106579296852039700636890185
  ratio D_source / Re(G) =
-0.00044540669434070696237852620854032523100983494532894

r =
20.0
  D_source(r) =
0.00000000000042655284699087538071897061638597840825729119566079
  Re G_v(r) =
-0.00000036847793445067700508295831722813485440286180304223
  ratio D_source / Re(G) =
-0.0000011576075718801882643063559252872763297361359663129

----------------------------------------------------------------------
3. RATIO STABILITY
----------------------------------------------------------------------
r = 0.0  ratio = 2.9708636239227489404882319638523274645002271452467
r = 0.5  ratio = 2.9477857824225903828581796212658407548659821173887
r = 1.0  ratio = 2.8795682038072844211893042848023353018999251958636
r = 1.5  ratio = 2.7691880304008002486926826318115029671776734618665
r = 2.0  ratio = 2.621378067360146853719059696606408389314773394764
r = 2.449633279854652010742671  ratio = 2.4615597125031226684018950279012028727728052902435
r = 3.0  ratio = 2.239162761755119631930787229612541693397473362966
r = 5.0  ratio = 1.3399404514276527003865714047880025465699488085174
r = 7.5  ratio = 0.4693401697026454241112901511858138940145516306173
r = 10.0  ratio = 0.09414291560733517077320942097494805196026278438678
r = 15.0  ratio = -0.00044540669434070696237852620854032523100983494532894
r = 20.0  ratio = -0.0000011576075718801882643063559252872763297361359663129

Minimum ratio =
-0.00044540669434070696237852620854032523100983494532894

Maximum ratio =
2.9708636239227489404882319638523274645002271452467

Ratio spread =
2.9713090306170896474506104900608677897312369801921

----------------------------------------------------------------------
4. SIMPLE NORMALISATION TESTS
----------------------------------------------------------------------

D_source - (1) Re(G):
1.8637575566438110412902144054600794470723924745578

D_source - (2) Re(G):
0.9181022946453969327488968414341079028131800463015

D_source - (1/2) Re(G):
2.3365851876430180955608731874730652192019986886859

D_source - (pi) Re(G):
0.76843401779738819920951250486950143942324085821735

D_source - (1/pi) Re(G):
2.5084013998264072071150415280481613973932944096409

D_source - (2*pi) Re(G):
3.1323144292032727311449319582186039376688493876794

D_source - (1/(2*pi)) Re(G):
2.6589071092343161784732867487671061943624496562275

D_source - (4*pi) Re(G):
9.0740416770487706121213958859232588666693036781729

D_source - (1/(4*pi)) Re(G):
2.7341599639382706641524093591265785928470272795208

D_source - (pi^2) Re(G):
6.5238305170906332389540945588174314308779946085221

D_source - (1/pi^2) Re(G):
2.7135979081789407946839959954275689195959783547201

----------------------------------------------------------------------
5. BASIS-BY-BASIS DICTIONARY TEST
----------------------------------------------------------------------

Canonical basis k = 0
  r = 0.5  D_source = 7.01238340146450403933849204859  Re(G_k) = 1.49402508760638593509645888415
       ratio = 4.69361823950306930434537492815
  r = 1.0  D_source = 4.50315470519753778570813807733  Re(G_k) = 1.1972462828004226830898132681
       ratio = 3.76126012658349592885972777512
  r = 2.0  D_source = 0.364085713583835069775569725841  Re(G_k) = 0.340429261450913984589327883104
       ratio = 1.06949006684119037069936818208
  r = 3.0  D_source = 0.229050843545052882186845013371  Re(G_k) = -0.270016940096592878830071321164
       ratio = -0.848283235352251464004014395517
  r = 5.0  D_source = 0.00325250958135591578721234632551  Re(G_k) = 0.032176170602684996949052412932
       ratio = 0.101084421186047056349554564052

Canonical basis k = 1
  r = 0.5  D_source = 0.0265053630774098076391485956661  Re(G_k) = -0.0918527033049673695026901886476
       ratio = -0.288563777915248409778172812154
  r = 1.0  D_source = 0.360151065168988923542732932508  Re(G_k) = -0.338584767174945188954698258703
       ratio = -1.06369541717421837762400783705
  r = 2.0  D_source = 2.91063857100242018056371938249  Re(G_k) = -0.962540924978222155056485266345
       ratio = -3.02391149869110703662301482714
  r = 3.0  D_source = 4.12484870211666929228468250962  Re(G_k) = -1.14585344651753510099960324362
       ratio = -3.5998047696700333239951248723
  r = 5.0  D_source = 0.0112629859795059937795815493435  Re(G_k) = 0.0598758698076794786948565101716
       ratio = 0.188105592715104756406270133234

Canonical basis k = 2
  r = 0.5  D_source = 0.00155362275414202796557928395397  Re(G_k) = -0.0222381087784797095328841567824
       ratio = -0.0698630791682025461718270153334
  r = 1.0  D_source = 0.0170209960895862807056891568117  Re(G_k) = -0.0736067342572060800441419195262
       ratio = -0.231242375597174787543822937424
  r = 2.0  D_source = 0.0291186659451615671698888767912  Re(G_k) = -0.0962743955723857030633557579549
       ratio = -0.302454933859004641971748982002
  r = 3.0  D_source = 0.164854773913580802633968079881  Re(G_k) = 0.229074014941211629216292084599
       ratio = 0.71965724246762898638388052461
  r = 5.0  D_source = 4.08860567662647977036029780798  Re(G_k) = 1.14080831324871367420651990742
       ratio = 3.5839550160563224701239031008

Canonical basis k = 3
  r = 0.5  D_source = 0.000303330766110520671290876460923  Re(G_k) = -0.00982614785339004877528216810979
       ratio = -0.0308697539092972939398017757673
  r = 1.0  D_source = 0.00320546773490480825033725923838  Re(G_k) = -0.0319426371776558674702703237748
       ratio = -0.100350754293607880432989830155
  r = 2.0  D_source = 0.00465911758461073977698782942242  Re(G_k) = -0.0385102997660929962597695199183
       ratio = -0.120983674832698489977659569497
  r = 3.0  D_source = 0.0183189143347424810966788861561  Re(G_k) = 0.0763615841696758577970060899943
       ratio = 0.239896991843932326268117944956
  r = 5.0  D_source = 0.00483217957015385937886320014896  Re(G_k) = -0.0392190072413276864875311915508
       ratio = -0.123210145030439963124867885316

Canonical basis k = 4
  r = 0.5  D_source = 0.0000955863859464669323214187252584  Re(G_k) = -0.00551598510071771109320570703804
       ratio = -0.0173289782697255169132556364071
  r = 1.0  D_source = 0.000997692683767904890186461896388  Re(G_k) = -0.0178206465824493153936426035704
       ratio = -0.0559852123856428248449084262086
  r = 2.0  D_source = 0.00137616891110403056114911240958  Re(G_k) = -0.0209296003178081523148812304497
       ratio = -0.0657522786009966931271046564667
  r = 3.0  D_source = 0.00490112841496617688496218531649  Re(G_k) = 0.0394978180149236362951100387381
       ratio = 0.124086054908510686139991785458
  r = 5.0  D_source = 0.000806258426668132948231758021359  Re(G_k) = -0.0160199883903658162499667399799
       ratio = -0.0503282778377670251461313262149

Canonical basis k = 5
  r = 0.5  D_source = 0.0000390786939339195773068023725765  Re(G_k) = -0.00352691573734291695604419533076
       ratio = -0.0110801325702667367052099087316
  r = 1.0  D_source = 0.000405575628205239401816236622978  Re(G_k) = -0.0113621622965406173457872548575
       ratio = -0.0356952855997069372664244364704
  r = 2.0  D_source = 0.000546441056676378160889669963664  Re(G_k) = -0.013188540122273133534770344098
       ratio = -0.0414330207597075097614324112311
  r = 3.0  D_source = 0.00186595168423367944900398794722  Re(G_k) = 0.0243711072426526205189416357103
       ratio = 0.0765640914733664751190685623575
  r = 5.0  D_source = 0.000260127592073541759263365972411  Re(G_k) = -0.00909951560393148651916172183458
       ratio = -0.0285869713725368487404511166838

Canonical basis k = 6
  r = 0.5  D_source = 0.0000188266108558314152161850968025  Re(G_k) = -0.00244799843928590274431426693432
       ratio = -0.00769061391285987155526816779147
  r = 1.0  D_source = 0.000194790456887524659285104674918  Re(G_k) = -0.00787424460894862968313552567686
       ratio = -0.0247376690160420492953151087129
  r = 2.0  D_source = 0.000259166092225468296815922867498  Re(G_k) = -0.00908268293616961012025354780801
       ratio = -0.0285340899871558200985158571237
  r = 3.0  D_source = 0.000865764950912509856097823078991  Re(G_k) = 0.0166006488724650799413110644014
       ratio = 0.0521524765425599796017529200104
  r = 5.0  D_source = 0.000111415790698540783321480172635  Re(G_k) = -0.00595522859815889520130407350901
       ratio = -0.018708902414423828051707316101

Canonical basis k = 7
  r = 0.5  D_source = 0.0000101558911012211775910296788336  Re(G_k) = -0.00179797679087486709007486599844
       ratio = -0.00564851067753743444670144702012
  r = 1.0  D_source = 0.000104884057853311524495270961072  Re(G_k) = -0.00577803015895397585722777931091
       ratio = -0.0181522170995900758375904559659
  r = 2.0  D_source = 0.000138501482796027751384726990856  Re(G_k) = -0.0066397583709868415156795405221
       ratio = -0.0208594161199035942575680035965
  r = 3.0  D_source = 0.000456722263360226166429428099473  Re(G_k) = 0.0120573302048088929104914087109
       ratio = 0.0378792199933339350653712803858
  r = 5.0  D_source = 0.0000561710813217426107261910592096  Re(G_k) = -0.0042284524949849372168152560947
       ratio = -0.0132840752942981107967156870561

Canonical basis k = 8
  r = 0.5  D_source = 0.00000595082295093112080760107745041  Re(G_k) = -0.00137630148449050740841645400981
       ratio = -0.0043237786328001048321618022014
  r = 1.0  D_source = 0.0000613828792558268980012468297036  Re(G_k) = -0.00442026891823966128001572347968
       ratio = -0.013886684360433022290670307862
  r = 2.0  D_source = 0.0000806647065195764418205261095124  Re(G_k) = -0.00506718595980996680697811555776
       ratio = -0.015919034185712337014105075212
  r = 3.0  D_source = 0.000263803247911709186437497521612  Re(G_k) = 0.00916357909431082857435273904212
       ratio = 0.0287882327632759101374711894036
  r = 5.0  D_source = 0.0000315377581706683224695105543263  Re(G_k) = -0.00316840341714835107928460814059
       ratio = -0.00995383289892205687390117701638

----------------------------------------------------------------------
6. INTERNAL SOURCE QUADRATIC-FORM CONSISTENCY
----------------------------------------------------------------------

r =
1.0
  direct double sum =
2.6393978961285822936289200932624141198126481466236
  matrix quadratic form =
2.6393978961285822936289200932624141198126481466236
  difference =
8.4337583545844185794788592410160152061679691058948e-81

r =
2.0
  direct double sum =
2.1873055261269611219212544629247274074178506772828
  matrix quadratic form =
2.1873055261269611219212544629247274074178506772828
  difference =
-1.686751670916883715895771848203203041233593821179e-80

r =
5.0
  direct double sum =
0.5715064336302645011770588999185011071467079503001
  matrix quadratic form =
0.5715064336302645011770588999185011071467079503001
  difference =
-1.0542197943230523224348574051270019007709961382369e-81

======================================================================
CELL_6C SUMMARY
======================================================================

Cell 6C does NOT attempt to explain the discrepancy by fitting
a correction factor.

It asks a more fundamental question:

    What is the exact pointwise relationship between the
    repository source kernel and Re G_v(r)?

The important outputs are:

  * D_source(r)
  * Re G_v(r)
  * their ratios
  * basis-by-basis ratios
  * tests against simple constants

Interpretation:

  1. If the ratio is constant, we have likely found a
     normalization factor.

  2. If the ratio is not constant, the difference is not
     merely a scalar normalization.

  3. If the basis-by-basis behaviour differs from the
     ground-state behaviour, cancellation in the ground
     state was hiding the underlying structure.

  4. The internal matrix check should remain at essentially
     machine-independent high precision. If it does not,
     there is an indexing or construction problem in this
     diagnostic itself.


======================================================================
END CELL_6C
======================================================================
