=======================================================================================================================================
CELL 91 — BOUNDARY CLUSTER DYNAMICS, INDIVIDUAL EIGENVECTOR OVERLAPS,
          BOUNDARY GAPS, AND PROJECTOR ENCLOSURE
=======================================================================================================================================
Configuration: c = 13, L = log(c) = 2.56494935746, T = 400
Working Precision: 70 decimal digits
Dimensions Sweep: N in [20, 24, 28, 32, 36, 40, 44]
Boundary Modes Focus: j in [10, 11, 12, 13, 14]
Projector Cutoffs: K in [10, 11, 12, 13]
=======================================================================================================================================

>>> Processing Dimension N = 20 (dim = 21) ...
   Completed N = 20 in 0.86s | E_11 = 1.19869 | E_12 = 1.9597

>>> Processing Dimension N = 24 (dim = 25) ...
   Completed N = 24 in 1.43s | E_11 = 0.39657 | E_12 = 1.3064

>>> Processing Dimension N = 28 (dim = 29) ...
   Completed N = 28 in 2.22s | E_11 = 0.126111 | E_12 = 0.664921

>>> Processing Dimension N = 32 (dim = 33) ...
   Completed N = 32 in 3.33s | E_11 = 0.0386853 | E_12 = 0.58886

>>> Processing Dimension N = 36 (dim = 37) ...
   Completed N = 36 in 4.79s | E_11 = 0.0165406 | E_12 = 0.585805

>>> Processing Dimension N = 40 (dim = 41) ...
   Completed N = 40 in 6.53s | E_11 = 0.0112179 | E_12 = 0.572442

>>> Processing Dimension N = 44 (dim = 45) ...
   Completed N = 44 in 103.88s | E_11 = 0.00922593 | E_12 = 0.55085

All dimensions processed in 123.05s.

=======================================================================================================================================
TEST A: Boundary Spectral Gaps & Energy Trajectories for Modes j in {10, 11, 12, 13, 14}
Auditing the Stabilization of E_{12} and the Massive Barrier Gap g_{11} = E_{12} - E_{11}
=======================================================================================================================================
  N |         E_10 |         E_11 |         E_12 |         E_13 |         E_14
---------------------------------------------------------------------------------------------------------------------------------------
 20 |    0.1233244 |      1.19869 |     1.959704 |     2.062474 |     2.459594
 24 |  0.005011652 |    0.3965702 |     1.306395 |     1.801201 |     1.978857
 28 | 0.0006884758 |    0.1261108 |    0.6649208 |     1.310219 |     1.735417
 32 | 0.0001237309 |   0.03868533 |    0.5888598 |    0.8132349 |     1.317387
 36 |  3.344425e-5 |   0.01654061 |     0.585805 |      0.78161 |     0.894889
 40 |  1.469987e-5 |   0.01121791 |    0.5724423 |    0.7261128 |     0.782958
 44 |  9.649275e-6 |  0.009225934 |      0.55085 |    0.6982215 |    0.7824097
---------------------------------------------------------------------------------------------------------------------------------------
Boundary Spectral Gaps g_j = E_{j+1} - E_j across Dimensions:
---------------------------------------------------------------------------------------------------------------------------------------
  N |   g_10 (E_11-E_10) |   g_11 (E_12-E_11) |   g_12 (E_13-E_12) |   g_13 (E_14-E_13)
---------------------------------------------------------------------------------------------------------------------------------------
 20 |           1.075366 |          0.7610139 |          0.1027699 |          0.3971207
 24 |          0.3915586 |          0.9098249 |          0.4948056 |          0.1776558
 28 |          0.1254223 |            0.53881 |          0.6452978 |          0.4251981
 32 |          0.0385616 |          0.5501745 |          0.2243751 |          0.5041524
 36 |         0.01650716 |          0.5692644 |          0.1958051 |           0.113279
 40 |         0.01120321 |          0.5612243 |          0.1536706 |         0.05684521
 44 |        0.009216285 |          0.5416241 |          0.1473714 |         0.08418822
---------------------------------------------------------------------------------------------------------------------------------------
Step Decrements Delta E_j = E_j^{(N)} - E_j^{(N-4)} across Dimension Steps:
---------------------------------------------------------------------------------------------------------------------------------------
 20->24 |   -0.1183128 |   -0.8021198 |   -0.6533087 |   -0.2612731 |   -0.4807379
 24->28 | -0.004323176 |   -0.2704594 |   -0.6414743 |   -0.4909821 |   -0.2434398
 28->32 | -0.000564745 |  -0.08742548 |  -0.07606096 |   -0.4969837 |   -0.4180294
 32->36 |  -9.02866e-5 |  -0.02214472 | -0.003054874 |  -0.03162488 |   -0.4224983
 36->40 | -1.874438e-5 | -0.005322696 |  -0.01336271 |  -0.05549721 |    -0.111931
 40->44 | -5.050599e-6 | -0.001991979 |  -0.02159221 |  -0.02789133 | -0.0005483287
---------------------------------------------------------------------------------------------------------------------------------------
Key Diagnostic Summary for Test A:
1. Gap Isolation: Confirms whether the massive gap g_{11} remains stable around ~ 0.56.
2. E_{12} Stabilization: Measures whether the decrement of E_{12} continues to contract.

=======================================================================================================================================
TEST B: Boundary Projector Cauchy Differences: Operator Norm ||Delta P_K||_{op} & Frobenius Norm ||Delta P_K||_F
Testing the Boundary Dichotomy: Rapid Convergence for K in {10, 11, 12} vs Instability for K = 13
=======================================================================================================================================
 Step (N -> N+4) | K=10 ||Delta P||_op | K=10 ||Delta P||_F | K=11 ||Delta P||_op | K=11 ||Delta P||_F | K=12 ||Delta P||_op | K=12 ||Delta P||_F | K=13 ||Delta P||_op | K=13 ||Delta P||_F
---------------------------------------------------------------------------------------------------------------------------------------
        20 -> 24 |        0.4577786 |        0.6483933 |        0.9120982 |         1.304289 |        0.9947095 |         1.470946 |        0.9997074 |         1.885415
        24 -> 28 |        0.1592228 |        0.2252148 |        0.5864647 |        0.8297464 |        0.9962714 |         1.439634 |        0.9994226 |         1.443746
        28 -> 32 |       0.09580454 |        0.1354895 |        0.3071717 |        0.4344952 |        0.6173589 |        0.8845646 |        0.9933701 |         1.414332
        32 -> 36 |       0.05529229 |       0.07819523 |        0.1440853 |        0.2037789 |        0.1661874 |        0.2384404 |        0.5191887 |        0.7377792
        36 -> 40 |       0.02241792 |       0.03170374 |       0.07470239 |         0.105656 |        0.1217452 |        0.2019031 |        0.9855579 |         1.404627
        40 -> 44 |      0.008575567 |       0.01212772 |       0.03597041 |       0.05088163 |        0.2257227 |        0.3211702 |        0.3112848 |        0.4460617
---------------------------------------------------------------------------------------------------------------------------------------
Key Diagnostic Summary for Test B:
1. Boundary Enclosure: Verifies whether ||Delta P_{11}|| and ||Delta P_{12}|| continue to decay.
2. Boundary Dichotomy: Confirms whether ||Delta P_{13}|| remains stubbornly unstable near 1.0.

=======================================================================================================================================
TEST C: Individual Eigenvector Overlaps |<u_j^{(N)}, u_j^{(N+4)}>| for Modes j in {10, 11, 12, 13, 14}
Auditing Mode-by-Mode Directional Stabilization vs Collective Subspace Rotation
=======================================================================================================================================
 Step (N -> N+4) | |<u_10, u_10>| | |<u_11, u_11>| | |<u_12, u_12>| | |<u_13, u_13>| | |<u_14, u_14>|
---------------------------------------------------------------------------------------------------------------------------------------
        20 -> 24 |     0.82464222 |     0.39637039 |    0.055663244 |     0.32209154 |    0.040032564
        24 -> 28 |     0.97748872 |     0.80481931 |    0.088238878 |   0.0066692129 |   0.0080490294
        28 -> 32 |     0.99119794 |     0.94763373 |      0.8095552 |     0.10486472 |    0.032816663
        32 -> 36 |     0.99714483 |     0.98813964 |     0.99598839 |     0.86405023 |     0.09677959
        36 -> 40 |     0.99941454 |     0.99697366 |     0.99256867 |     0.16963103 |    0.055595528
        40 -> 44 |     0.99992022 |     0.99931927 |     0.97444589 |     0.94870161 |     0.99605946
---------------------------------------------------------------------------------------------------------------------------------------
Cross-Mode Boundary Overlaps between Modes 11 and 12 across Steps:
---------------------------------------------------------------------------------------------------------------------------------------
 Step (N -> N+4) | |<u_{11}, u_{11}>| | |<u_{11}, u_{12}>| | |<u_{12}, u_{11}>| | |<u_{12}, u_{12}>|
---------------------------------------------------------------------------------------------------------------------------------------
        20 -> 24 |         0.39637039 |         0.86503289 |        0.082611841 |        0.055663244
        24 -> 28 |         0.80481931 |         0.54558872 |        0.023011404 |        0.088238878
        28 -> 32 |         0.94763373 |          0.2106021 |        0.058002329 |          0.8095552
        32 -> 36 |         0.98813964 |        0.017599673 |       0.0057162594 |         0.99598839
        36 -> 40 |         0.99697366 |       0.0015720581 |       0.0019667545 |         0.99256867
        40 -> 44 |         0.99931927 |        0.011638317 |       0.0061925922 |         0.97444589
---------------------------------------------------------------------------------------------------------------------------------------
Key Diagnostic Summary for Test C:
1. Individual Convergence: Distinguishes whether u_{11} and u_{12} converge individually (|s_{jj}| -> 1)
   or rotate into each other (|s_{11, 12}| > 0).
2. Cluster Autonomy: Measures the independence of mode 12 from transition mode 11.

=======================================================================================================================================
TEST D: Fine-Grained Low-Energy Counting Function N(E; N) = #{l : E_l < E} & Mode 11 Limit Audit
Tracking the Deceleration Trajectory and Potential Floor of Transition Mode E_{11}
=======================================================================================================================================
  N |   E < 0.001 |   E < 0.005 |    E < 0.01 |   E < 0.015 |    E < 0.02 |    E < 0.05 |     E < 0.1 |     E < 0.5 |     E < 1.0
---------------------------------------------------------------------------------------------------------------------------------------
 20 |           9 |          10 |          10 |          10 |          10 |          10 |          10 |          11 |          11
 24 |          10 |          10 |          11 |          11 |          11 |          11 |          11 |          12 |          12
 28 |          11 |          11 |          11 |          11 |          11 |          11 |          11 |          12 |          13
 32 |          11 |          11 |          11 |          11 |          11 |          12 |          12 |          12 |          14
 36 |          11 |          11 |          11 |          11 |          12 |          12 |          12 |          12 |          15
 40 |          11 |          11 |          11 |          12 |          12 |          12 |          12 |          12 |          16
 44 |          11 |          11 |          12 |          12 |          12 |          12 |          12 |          12 |          16
---------------------------------------------------------------------------------------------------------------------------------------
Trajectory and Step Ratios of Mode 11 (E_{11}(N) / E_{11}(N-4)):
---------------------------------------------------------------------------------------------------------------------------------------
Step 20 -> 24: E_11 = 0.39657021 | Ratio = 0.330836 | Decrement = -0.80212
Step 24 -> 28: E_11 = 0.12611081 | Ratio = 0.318004 | Decrement = -0.270459
Step 28 -> 32: E_11 = 0.038685327 | Ratio = 0.306757 | Decrement = -0.0874255
Step 32 -> 36: E_11 = 0.016540609 | Ratio = 0.427568 | Decrement = -0.0221447
Step 36 -> 40: E_11 = 0.011217913 | Ratio = 0.678204 | Decrement = -0.0053227
Step 40 -> 44: E_11 = 0.0092259338 | Ratio = 0.822429 | Decrement = -0.00199198

================================================================================
CELL 91 EXECUTION COMPLETE
================================================================================
