======================================================================
CELL 14 — CORRECTED FULL/CANONICAL PARSEVAL AUDIT
======================================================================

Parameters:
c = 13
N = 8
T = 40
dps = 80
L = 2.56494935746153673605348744156531860480526794476020711641905
2*pi/L = 2.44963327985465201074267116853344988881041290891894830654387

----------------------------------------------------------------------
1. GROUND STATE
----------------------------------------------------------------------

lambda_min =
2.933742224132274040817830229558828141397717307766426132074101726120236e-23

full dimension = 17

||full_star||^2 =
1.0

| ||full_star||^2 - 1 | =
2.10843958864610464486971481025e-81

----------------------------------------------------------------------
2. CORRECT FULL -> CANONICAL CONVERSION
----------------------------------------------------------------------

canonical dimension = 9

||v_star||^2 =
1.0

| ||v_star||^2 - 1 | =
2.10843958864610464486971481025e-81

| ||full_star||^2 - ||v_star||^2 | =
0.0

----------------------------------------------------------------------
3. CANONICAL -> FULL ROUND TRIP
----------------------------------------------------------------------

max |full_star - canonical_to_full(full_to_canonical(full_star))| =
5.2710989716152616121742870256350095038549806911843e-82

----------------------------------------------------------------------
4. COORDINATE CHECK
----------------------------------------------------------------------

 k       canonical v_k                  full u_+k                 

 0    0.59046402968530301741893068662    0.59046402968530301741893068662
 1   -0.691888485523138710689654756491   -0.489239039938301798868043034679
 2   0.389041080669815812186295491451   0.275093586301769433307135302388
 3   -0.14256935207699186153862420362   -0.100811755643013339061169477918
 4   0.0309025989269752890363314304188   0.0218514372575523540244043393457
 5   -0.00293030660637385800878601128657   -0.00207203967232269426229822887095
 6   -0.000110210924270527179410615118354   -0.0000779308919125268220906453126989
 7   0.0000344018571013333286131885084555   0.0000243257864417633820807322603766
 8   -0.000000845707171699731299603890450058   -0.000000598005276006975877076478248391

----------------------------------------------------------------------
5. FUNCTION RECONSTRUCTION
----------------------------------------------------------------------

t = 0.0    f(t) = 0.00000000004694051265259167888384403023540188302461
t = 0.3206186696826920920066859    f(t) = 0.0002532142038796786352551338549480633075892
t = 0.6412373393653841840133719    f(t) = 0.05253324049753117973027518357956517077806
t = 0.9618560090480762760200578    f(t) = 0.6825370196784499926262865271297712230129
t = 1.282474678730768368026744    f(t) = 1.478817433502932598079025545240719588148
t = 1.60309334841346046003343    f(t) = 0.6825370196784499926262865271297712230129
t = 1.923712018096152552040116    f(t) = 0.05253324049753117973027518357956517077806
t = 2.244330687778844644046802    f(t) = 0.0002532142038796786352551338549480633075892

----------------------------------------------------------------------
6. DIRECT CONTINUOUS L2 NORM
----------------------------------------------------------------------

integral_0^L |f(t)|^2 dt =
1.0

difference from canonical norm =
2.108439588646104644869714810254003801542e-81

difference from 1 =
4.216879177292209289739429620508007603084e-81

----------------------------------------------------------------------
7. DIRECT FOURIER COEFFICIENTS
----------------------------------------------------------------------

Comparing direct Fourier coefficients against
canonical_to_full(v_star, N).

k = -8   expected = -0.000000598005276006975877076478248391   direct = (-0.000000598005276006975877076478248391 - 1.59887123044917748070800561601e-86j)   |error| = 2.89457434742e-86
k = -7   expected = 0.0000243257864417633820807322603766   direct = (0.0000243257864417633820807322603766 + 5.37751264397730479163140272544e-85j)   |error| = 6.81249094512e-85
k = -6   expected = -0.0000779308919125268220906453126989   direct = (-0.0000779308919125268220906453126989 - 1.47518732884605696894498769597e-84j)   |error| = 1.79890845255e-84
k = -5   expected = -0.00207203967232269426229822887095   direct = (-0.00207203967232269426229822887095 - 3.26910645477718375703323162537e-83j)   |error| = 4.35851186783e-83
k = -4   expected = 0.0218514372575523540244043393457   direct = (0.0218514372575523540244043393457 + 2.75807866340147732626165614399e-82j)   |error| = 3.05671853244e-82
k = -3   expected = -0.100811755643013339061169477918   direct = (-0.100811755643013339061169477918 - 9.54330176380927326978060989572e-82j)   |error| = 9.63385378902e-82
k = -2   expected = 0.275093586301769433307135302388   direct = (0.275093586301769433307135302388 + 1.73610810301335397853360110317e-81j)   |error| = 1.73610810301e-81
k = -1   expected = -0.489239039938301798868043034679   direct = (-0.489239039938301798868043034679 - 1.54378727080040325167699158023e-81j)   |error| = 1.63129518517e-81
k =  0   expected = 0.59046402968530301741893068662   direct = (0.59046402968530301741893068662 + 0.0j)   |error| = 1.05421979432e-81
k =  1   expected = -0.489239039938301798868043034679   direct = (-0.489239039938301798868043034679 + 1.54378727080040325167699158023e-81j)   |error| = 1.63129518517e-81
k =  2   expected = 0.275093586301769433307135302388   direct = (0.275093586301769433307135302388 - 1.73610810301335397853360110317e-81j)   |error| = 1.73610810301e-81
k =  3   expected = -0.100811755643013339061169477918   direct = (-0.100811755643013339061169477918 + 9.54330176380927326978060989572e-82j)   |error| = 9.63385378902e-82
k =  4   expected = 0.0218514372575523540244043393457   direct = (0.0218514372575523540244043393457 - 2.75807866340147732626165614399e-82j)   |error| = 3.05671853244e-82
k =  5   expected = -0.00207203967232269426229822887095   direct = (-0.00207203967232269426229822887095 + 3.26910645477718375703323162537e-83j)   |error| = 4.35851186783e-83
k =  6   expected = -0.0000779308919125268220906453126989   direct = (-0.0000779308919125268220906453126989 + 1.47518732884605696894498769597e-84j)   |error| = 1.79890845255e-84
k =  7   expected = 0.0000243257864417633820807322603766   direct = (0.0000243257864417633820807322603766 - 5.37751264397730479163140272544e-85j)   |error| = 6.81249094512e-85
k =  8   expected = -0.000000598005276006975877076478248391   direct = (-0.000000598005276006975877076478248391 + 1.59887123044917748070800561601e-86j)   |error| = 2.89457434742e-86

Maximum Fourier coefficient error =
1.736108103013353978533601103165330785445e-81

----------------------------------------------------------------------
8. PARSEVAL — FULL FOURIER COORDINATES
----------------------------------------------------------------------

sum_{k=-N}^N |u_k|^2 =
1.0

continuous norm =
1.0

|Fourier norm - continuous norm| =
0.0

|Fourier norm - 1| =
4.216879177292209289739429620508007603084e-81

----------------------------------------------------------------------
9. PARSEVAL — CANONICAL REAL COORDINATES
----------------------------------------------------------------------

sum_{k=0}^N |v_k|^2 =
1.0

continuous norm =
1.0

|canonical norm - continuous norm| =
2.108439588646104644869714810254003801542e-81

----------------------------------------------------------------------
10. REPRODUCE THE CELL-13 COORDINATE MISTAKE
----------------------------------------------------------------------

Incorrectly treating full_star[0:N+1] as canonical:

wrong coefficient norm =
0.6743238851761032014858591069349176877028153087093381908239786091882398

correct canonical norm =
1.0

|wrong - correct| =
0.3256761148238967985141408930650823122972

======================================================================
CELL 14 SUMMARY
======================================================================

Ground-state full-vector normalization error:
2.1084395886461046449e-81

Full -> canonical norm error:
2.1084395886461046449e-81

Full -> canonical -> full round-trip error:
5.2710989716152616122e-82

Direct Fourier coefficient maximum error:
1.7361081030133539785e-81

Continuous-vs-Fourier Parseval error:
0.0

Canonical-vs-continuous Parseval error:
2.1084395886461046449e-81

Incorrect Cell-13 coefficient norm:
0.674323885176103201485859106935

Correct coefficient norm:
1.0

======================================================================
END CELL 14
======================================================================
