======================================================================
CELL 11 — EXACT FOURIER / EXTRACTION DICTIONARY AUDIT
======================================================================

Parameters:
c = 13
N = 6
T = 40
dps = 70
L = 2.56494935746153673605348744156531860480526794476020711641905
2*pi/L = 2.44963327985465201074267116853344988881041290891894830654387

----------------------------------------------------------------------
1. DIRECT / CLOSED FOURIER TRANSFORMS
----------------------------------------------------------------------

basis k=0
 tau=0.0
   F+ direct  = (1.60154592736566151091081982471 + 0.0j)
   F+ closed  = (1.60154592736566151091081982471 + 0.0j)
   |error|    = 0.0
   F- direct  = (1.60154592736566151091081982471 + 0.0j)
   F- closed  = (1.60154592736566151091081982471 + 0.0j)
   |error|    = 0.0
 tau=0.5
   F+ direct  = (1.1972462828004226830898132681 + 0.893707055313898414838593546077j)
   F+ closed  = (1.1972462828004226830898132681 + 0.893707055313898414838593546077j)
   |error|    = 9.05567907883e-72
   F- direct  = (1.1972462828004226830898132681 - 0.893707055313898414838593546077j)
   F- closed  = (1.1972462828004226830898132681 - 0.893707055313898414838593546077j)
   |error|    = 9.05567907883e-72
 tau=1.0
   F+ direct  = (0.340429261450913984589327883104 + 1.14782689445204015791769669098j)
   F+ closed  = (0.340429261450913984589327883104 + 1.14782689445204015791769669098j)
   |error|    = 4.52783953941e-72
   F- direct  = (0.340429261450913984589327883104 - 1.14782689445204015791769669098j)
   F- closed  = (0.340429261450913984589327883104 - 1.14782689445204015791769669098j)
   |error|    = 4.52783953941e-72
 tau=2.44963327985
   F+ direct  = (-2.78853485972326168657313252647e-72 + 3.19364704097028430860755504351e-78j)
   F+ closed  = (-4.16174400901975214840578041525e-72 + 0.0j)
   |error|    = 1.3732091493e-72
   F- direct  = (-2.78853485972326168657313252647e-72 - 3.19364704097028430860755504351e-78j)
   F- closed  = (-4.16174400901975214840578041525e-72 + 0.0j)
   |error|    = 1.3732091493e-72
 tau=3.0
   F+ direct  = (0.205502474273443648405058636872 + 0.175151023424414105179828983849j)
   F+ closed  = (0.205502474273443648405058636872 + 0.175151023424414105179828983849j)
   |error|    = 0.0
   F- direct  = (0.205502474273443648405058636872 - 0.175151023424414105179828983849j)
   F- closed  = (0.205502474273443648405058636872 - 0.175151023424414105179828983849j)
   |error|    = 0.0
 tau=5.0
   F+ direct  = (0.0319080407361816291485375723832 + 0.00414522508813018711769114136065j)
   F+ closed  = (0.0319080407361816291485375723832 + 0.00414522508813018711769114136065j)
   |error|    = 5.70384522026e-73
   F- direct  = (0.0319080407361816291485375723832 - 0.00414522508813018711769114136065j)
   F- closed  = (0.0319080407361816291485375723832 - 0.00414522508813018711769114136065j)
   |error|    = 5.70384522026e-73

basis k=1
 tau=0.0
   F+ direct  = (-9.60165878833191531194843102798e-76 + 0.0j)
   F+ closed  = (-5.88559482068070989829945144828e-72 + 0.0j)
   |error|    = 5.8846346548e-72
   F- direct  = (-9.60165878833191531194843102798e-76 + 0.0j)
   F- closed  = (-5.88559482068070989829945144828e-72 + 0.0j)
   |error|    = 5.8846346548e-72
 tau=0.5
   F+ direct  = (-0.0736067342572060800441419195262 - 0.0549451342378868742727969144504j)
   F+ closed  = (-0.0736067342572060800441419195262 - 0.0549451342378868742727969144504j)
   |error|    = 2.0406697033e-72
   F- direct  = (-0.0736067342572060800441419195262 + 0.0549451342378868742727969144504j)
   F- closed  = (-0.0736067342572060800441419195262 + 0.0549451342378868742727969144504j)
   |error|    = 2.0406697033e-72
 tau=1.0
   F+ direct  = (-0.0962743955723857030633557579549 - 0.32460881891914711386551971543j)
   F+ closed  = (-0.0962743955723857030633557579549 - 0.32460881891914711386551971543j)
   |error|    = 5.06227850067e-72
   F- direct  = (-0.0962743955723857030633557579549 + 0.32460881891914711386551971543j)
   F- closed  = (-0.0962743955723857030633557579549 + 0.32460881891914711386551971543j)
   |error|    = 5.06227850067e-72
 tau=2.44963327985
   F+ direct  = (1.13246398562195714888006483744 - 6.19306048470755766847012286953e-72j)
   F+ closed  = (1.13246398562195714888006483744 + 0.0j)
   |error|    = 1.91409323828e-71
   F- direct  = (1.13246398562195714888006483744 + 6.19306048470755766847012286953e-72j)
   F- closed  = (1.13246398562195714888006483744 + 0.0j)
   |error|    = 1.91409323828e-71
 tau=3.0
   F+ direct  = (0.872077575317570856952350287821 + 0.743277083949411293389063975167j)
   F+ closed  = (0.872077575317570856952350287821 + 0.743277083949411293389063975167j)
   |error|    = 1.28066641698e-71
   F- direct  = (0.872077575317570856952350287821 - 0.743277083949411293389063975167j)
   F- closed  = (0.872077575317570856952350287821 - 0.743277083949411293389063975167j)
   |error|    = 1.28066641698e-71
 tau=5.0
   F+ direct  = (0.0593769133228774484419772899496 + 0.00771375067484563809561853202077j)
   F+ closed  = (0.0593769133228774484419772899496 + 0.00771375067484563809561853202077j)
   |error|    = 4.66719016921e-72
   F- direct  = (0.0593769133228774484419772899496 - 0.00771375067484563809561853202077j)
   F- closed  = (0.0593769133228774484419772899496 - 0.00771375067484563809561853202077j)
   |error|    = 4.66719016921e-72

basis k=2
 tau=0.0
   F+ direct  = (-7.68813083362413311967495332633e-75 + 0.0j)
   F+ closed  = (-5.88559482068070989829945144828e-72 + 0.0j)
   |error|    = 5.87790668985e-72
   F- direct  = (-7.68813083362413311967495332633e-75 + 0.0j)
   F- closed  = (-5.88559482068070989829945144828e-72 + 0.0j)
   |error|    = 5.87790668985e-72
 tau=0.5
   F+ direct  = (-0.0178206465824493153936426035704 - 0.013302557552100041729793037398j)
   F+ closed  = (-0.0178206465824493153936426035704 - 0.013302557552100041729793037398j)
   |error|    = 6.86360074812e-72
   F- direct  = (-0.0178206465824493153936426035704 + 0.013302557552100041729793037398j)
   F- closed  = (-0.0178206465824493153936426035704 + 0.013302557552100041729793037398j)
   |error|    = 6.86360074812e-72
 tau=1.0
   F+ direct  = (-0.0209296003178081523148812304497 - 0.0705684289080305371492626858167j)
   F+ closed  = (-0.0209296003178081523148812304497 - 0.0705684289080305371492626858167j)
   |error|    = 7.4711496233e-72
   F- direct  = (-0.0209296003178081523148812304497 + 0.0705684289080305371492626858167j)
   F- closed  = (-0.0209296003178081523148812304497 + 0.0705684289080305371492626858167j)
   |error|    = 7.4711496233e-72
 tau=2.44963327985
   F+ direct  = (1.30653036669146540917484021954e-72 - 4.43315998588205926457550844853e-78j)
   F+ closed  = (-1.89429597344968433594710615411e-71 + 0.0j)
   |error|    = 2.02494901012e-71
   F- direct  = (1.30653036669146540917484021954e-72 + 4.43315998588205926457550844853e-78j)
   F- closed  = (-1.89429597344968433594710615411e-71 + 0.0j)
   |error|    = 2.02494901012e-71
 tau=3.0
   F+ direct  = (-0.174341938862541731590208119476 - 0.148592707341027371885375966492j)
   F+ closed  = (-0.174341938862541731590208119476 - 0.148592707341027371885375966492j)
   |error|    = 9.05567907883e-72
   F- direct  = (-0.174341938862541731590208119476 + 0.148592707341027371885375966492j)
   F- closed  = (-0.174341938862541731590208119476 + 0.148592707341027371885375966492j)
   |error|    = 9.05567907883e-72
 tau=5.0
   F+ direct  = (1.13130175062774768821833203121 + 0.146969236930619621323930718589j)
   F+ closed  = (1.13130175062774768821833203121 + 0.146969236930619621323930718589j)
   |error|    = 3.65046094097e-71
   F- direct  = (1.13130175062774768821833203121 - 0.146969236930619621323930718589j)
   F- closed  = (1.13130175062774768821833203121 - 0.146969236930619621323930718589j)
   |error|    = 3.65046094097e-71

basis k=3
 tau=0.0
   F+ direct  = (-7.66012177491925238100884726708e-75 + 0.0j)
   F+ closed  = (-3.2000324648312976820642671634e-71 + 0.0j)
   |error|    = 3.19926645265e-71
   F- direct  = (-7.66012177491925238100884726708e-75 + 0.0j)
   F- closed  = (-3.2000324648312976820642671634e-71 + 0.0j)
   |error|    = 3.19926645265e-71
 tau=0.5
   F+ direct  = (-0.00787424460894862968313552567686 - 0.00587787831407943537065004625128j)
   F+ closed  = (-0.00787424460894862968313552567686 - 0.00587787831407943537065004625128j)
   |error|    = 1.55813221945e-71
   F- direct  = (-0.00787424460894862968313552567686 + 0.00587787831407943537065004625128j)
   F- closed  = (-0.00787424460894862968313552567686 + 0.00587787831407943537065004625128j)
   |error|    = 1.55813221945e-71
 tau=1.0
   F+ direct  = (-0.00908268293616961012025354780801 - 0.0306241235065491497671532377316j)
   F+ closed  = (-0.00908268293616961012025354780801 - 0.0306241235065491497671532377316j)
   |error|    = 1.47725101921e-71
   F- direct  = (-0.00908268293616961012025354780801 + 0.0306241235065491497671532377316j)
   F- closed  = (-0.00908268293616961012025354780801 + 0.0306241235065491497671532377316j)
   |error|    = 1.47725101921e-71
 tau=2.44963327985
   F+ direct  = (4.85156322175341670064271206391e-73 - 1.3513833543660216281940662714e-77j)
   F+ closed  = (-1.89429597344968433594710615411e-71 + 0.0j)
   |error|    = 1.94281160567e-71
   F- direct  = (4.85156322175341670064271206391e-73 + 1.3513833543660216281940662714e-77j)
   F- closed  = (-1.89429597344968433594710615411e-71 + 0.0j)
   |error|    = 1.94281160567e-71
 tau=3.0
   F+ direct  = (-0.0581167036434623509757089857887 - 0.0495332241482468054368031502446j)
   F+ closed  = (-0.0581167036434623509757089857887 - 0.0495332241482468054368031502446j)
   |error|    = 1.85396231294e-71
   F- direct  = (-0.0581167036434623509757089857887 + 0.0495332241482468054368031502446j)
   F- closed  = (-0.0581167036434623509757089857887 + 0.0495332241482468054368031502446j)
   |error|    = 1.85396231294e-71
 tau=5.0
   F+ direct  = (-0.0388921881395190237947063915219 - 0.00505254695332653826785539009212j)
   F+ closed  = (-0.0388921881395190237947063915219 - 0.00505254695332653826785539009212j)
   |error|    = 2.78712798581e-71
   F- direct  = (-0.0388921881395190237947063915219 + 0.00505254695332653826785539009212j)
   F- closed  = (-0.0388921881395190237947063915219 + 0.00505254695332653826785539009212j)
   |error|    = 2.78712798581e-71

generic vector
 tau=0.0
   F+ direct  = (1.16912852697693290296489847204 + 0.0j)
   F+ closed  = (1.16912852697693290296489847204 + 0.0j)
   |error|    = 1.81113581577e-71
   F- direct  = (1.16912852697693290296489847204 + 0.0j)
   F- closed  = (1.16912852697693290296489847204 + 0.0j)
   |error|    = 1.81113581577e-71
 tau=0.5
   F+ direct  = (0.900143412327453026263613593773 + 0.671929017402908170446374522548j)
   F+ closed  = (0.900143412327453026263613593773 + 0.671929017402908170446374522548j)
   |error|    = 9.05567907883e-72
   F- direct  = (0.900143412327453026263613593773 - 0.671929017402908170446374522548j)
   F- closed  = (0.900143412327453026263613593773 - 0.671929017402908170446374522548j)
   |error|    = 0.0
 tau=1.0
   F+ direct  = (0.283270478718606258384926114095 + 0.95510436585781807456527525456j)
   F+ closed  = (0.283270478718606258384926114095 + 0.95510436585781807456527525456j)
   |error|    = 9.05567907883e-72
   F- direct  = (0.283270478718606258384926114095 - 0.95510436585781807456527525456j)
   F- closed  = (0.283270478718606258384926114095 - 0.95510436585781807456527525456j)
   |error|    = 4.52783953941e-72
 tau=2.44963327985
   F+ direct  = (-0.464310234105002431040826583352 + 2.53915350190372583108610706217e-72j)
   F+ closed  = (-0.464310234105002431040826583352 + 0.0j)
   |error|    = 9.40492552256e-72
   F- direct  = (-0.464310234105002431040826583352 - 2.53915350190372583108610706217e-72j)
   F- closed  = (-0.464310234105002431040826583352 + 0.0j)
   |error|    = 5.19120712368e-72
 tau=3.0
   F+ direct  = (-0.245496936233640054865311896984 - 0.209238549467123363128722407602j)
   F+ closed  = (-0.245496936233640054865311896984 - 0.209238549467123363128722407602j)
   |error|    = 1.13195988485e-71
   F- direct  = (-0.245496936233640054865311896984 + 0.209238549467123363128722407602j)
   F- closed  = (-0.245496936233640054865311896984 + 0.209238549467123363128722407602j)
   |error|    = 9.33438033842e-72
 tau=5.0
   F+ direct  = (0.210455565256882193091335148594 + 0.0273406222667322716358563621433j)
   F+ closed  = (0.210455565256882193091335148594 + 0.0273406222667322716358563621433j)
   |error|    = 6.095790535e-72
   F- direct  = (0.210455565256882193091335148594 - 0.0273406222667322716358563621433j)
   F- closed  = (0.210455565256882193091335148594 - 0.0273406222667322716358563621433j)
   |error|    = 6.095790535e-72

Maximum F+ direct/closed error = 3.65046094096878671876225738845e-71
Maximum F- direct/closed error = 3.65046094096878671876225738845e-71

----------------------------------------------------------------------
2. REPOSITORY EXPRESSION VS CENTRED F_-
----------------------------------------------------------------------

tau = 0.0
  repository expression = (1.1691285269769329029648984720413599 + 0.0j)
  exp(+i*tau*L/2) F_-   = (1.1691285269769329029648984720413599 + 0.0j)
  error = 1.81113581576534e-71

tau = 0.5
  repository expression = (1.123275018499275974951040552232018 - 1.8687162407854800302990361184406397e-71j)
  exp(+i*tau*L/2) F_-   = (1.123275018499275974951040552232018 + 6.6604740620266581220123282158390413e-72j)
  error = 2.53476364698815e-71

tau = 1.0
  repository expression = (0.99622613587183766559763295673216872 - 1.0882635587726692046228243980469678e-71j)
  exp(+i*tau*L/2) F_-   = (0.99622613587183766559763295673216872 - 1.3918462306641599623155605237287245e-72j)
  error = 1.31179421480212e-71

tau = 2.4496332798546520107
  repository expression = (0.46431023410500243104082658335189903 - 3.790478997384614214502484976970023e-72j)
  exp(+i*tau*L/2) F_-   = (0.46431023410500243104082658335189903 - 1.2513254954808883834163779147975705e-72j)
  error = 2.53915350190373e-72

tau = 3.0
  repository expression = (0.32256707253408516785970147854878958 + 5.4195524265010064757875423957680011e-73j)
  exp(+i*tau*L/2) F_-   = (0.32256707253408516785970147854878958 + 3.3000140856725731874579278014736507e-74j)
  error = 9.06997016942952e-72

tau = 5.0
  repository expression = (0.21222406690459481376110615152084003 - 1.3851570841300635206810622995635863e-73j)
  exp(+i*tau*L/2) F_-   = (0.21222406690459481376110615152084003 - 6.1327825705007871774961684554866119e-74j)
  error = 1.58476263657686e-71

Maximum repository-vs-centred-F_- error = 2.53476364698814584250026894002e-71

----------------------------------------------------------------------
3. CENTRED TRANSFORM IDENTITIES
----------------------------------------------------------------------

tau = 0.0
  centred minus error = 0.0
  centred plus error  = 0.0
tau = 0.5
  centred minus error = 6.66047521983327e-72
  centred plus error  = 6.66047521983327e-72
tau = 1.0
  centred minus error = 1.39184380723991e-72
  centred plus error  = 1.39184380723991e-72
tau = 2.4496332798546520107
  centred minus error = 1.25132056397177e-72
  centred plus error  = 1.25132056397177e-72
tau = 3.0
  centred minus error = 3.30064280419409e-74
  centred plus error  = 3.30064280419409e-74
tau = 5.0
  centred minus error = 6.13230044883887e-74
  centred plus error  = 6.13230044883887e-74

Maximum centred-minus identity error = 6.66047521983327298410729856661e-72
Maximum centred-plus identity error = 6.66047521983327298410729856661e-72

----------------------------------------------------------------------
4. CRITICAL REPOSITORY DICTIONARY TEST
----------------------------------------------------------------------

tau = 0.0
  |repo - centred F_-| = 1.8111358157653424735e-71
  |repo - centred F_+| = 1.8111358157653424735e-71

tau = 0.5
  |repo - centred F_-| = 1.8687161250048185441e-71
  |repo - centred F_+| = 1.8687163565661415165e-71

tau = 1.0
  |repo - centred F_-| = 1.4157578471174907202e-71
  |repo - centred F_+| = 1.4157582196845869594e-71

tau = 2.4496332798546520107
  |repo - centred F_-| = 3.7904740658754999246e-72
  |repo - centred F_+| = 3.7904839288937285044e-72

tau = 3.0
  |repo - centred F_-| = 9.0718821574423711114e-72
  |repo - centred F_+| = 9.0718814062480608596e-72

tau = 5.0
  |repo - centred F_-| = 1.5848043687649277498e-71
  |repo - centred F_+| = 1.5848043771926459817e-71

Maximum |repo - centred F_-| = 1.86871612500481854408953908336e-71
Maximum |repo - centred F_+| = 1.86871635656614151650853315352e-71

----------------------------------------------------------------------
5. CENTRED EVENNESS / REALITY CHECK
----------------------------------------------------------------------

tau = 0.0
  |Im centred F_-| = 0.0
  |F_-(tau)-F_-(-tau)| = 0.0
tau = 0.5
  |Im centred F_-| = 1.15780661486209e-78
  |F_-(tau)-F_-(-tau)| = 2.31561322972419e-78
tau = 1.0
  |Im centred F_-| = 2.42342424879284e-78
  |F_-(tau)-F_-(-tau)| = 4.84684849758568e-78
tau = 2.4496332798546520107
  |Im centred F_-| = 4.93150911428993e-78
  |F_-(tau)-F_-(-tau)| = 9.86301822857986e-78
tau = 3.0
  |Im centred F_-| = 6.28718521521727e-78
  |F_-(tau)-F_-(-tau)| = 1.25743704304345e-77
tau = 5.0
  |Im centred F_-| = 4.82121661914489e-78
  |F_-(tau)-F_-(-tau)| = 9.64243323828978e-78

Maximum imaginary part = 6.28718521521727324008882487918e-78
Maximum evenness error = 1.25743704304345464801776497584e-77

======================================================================
CELL 11 SUMMARY
======================================================================

The repository extract_zeros expression is mathematically
the centred NEGATIVE-frequency Fourier transform if
the corresponding errors above are at numerical precision.

This cell therefore distinguishes a genuine repository
dictionary error from a Cell-9 implementation error.

======================================================================
END CELL 11
======================================================================
