==============================================================================================================
CELL 27 — ARCHIMEDEAN TAIL ANATOMY
==============================================================================================================

Purpose:
Inspect the large-r analytic Archimedean integrand for the fixed forensic ground state.

Parameters:
 c = 13
 N = 8
 working_dps = 80
 L = 2.56494935746153673605348744156531860480526794476020711641905

No long-range integration is performed in this cell.

--------------------------------------------------------------------------------------------------------------
1. FIXED FORENSIC GROUND STATE
--------------------------------------------------------------------------------------------------------------

GROUND STATE CACHE: HIT
  key            = 7f77f99cab98fbfd41bfc923f4e7a5c8daa05b4944fd7232e65374127943dd3a
  generation dps = 150
  working dps    = 80
  lookup         = 0.000673 s

GROUND STATE CACHE: RETURN
  generation dps = 150
  working dps    = 80
  decode         = 0.000582 s
  validation     = 0.000242 s
  total          = 0.001497 s

lambda_forensic =
6.71093525012596210347095894861212485227853949505914682374613e-23

||v_star|| =
1.0

ground-state retrieval wall = 0.001784 s

--------------------------------------------------------------------------------------------------------------
2. ORDINARY LARGE-r SAMPLE
--------------------------------------------------------------------------------------------------------------

J(r) = K_fourier(v,r,L)
I(r) = h_+(r) K_fourier(v,r,L)

The scaled columns are diagnostic only; no asymptotic power is assumed.

 r             J(r)             h_+(r)             I(r)           r^2 J           r^3 J           r^2 I           r^3 I
--------------------------------------------------------------------------------------------------------------
    20 1.500303688878490050137404444e-13  1.1577509948448335999 1.736978088368445567139946612e-13 6.0012147555139602005e-11 1.2002429511027920401e-9 6.9479123534737822686e-11 1.3895824706947564537e-9
    25 3.953317824172427945919839068e-24  1.3809320731097487276 5.459263378596152033763117053e-24 2.4708236401077674662e-21 6.1770591002694186655e-20 3.4120396116225950211e-21 8.5300990290564875528e-20
    30 1.15274291304274689664345983e-23  1.5632740099491763543 1.802053036112829645166621746e-23 1.037468621738472207e-20 3.1124058652154166209e-19 1.6218477325015466806e-20 4.8655431975046400419e-19
    35 4.893053492593550112277200818e-25  1.7174369766134464536 8.403510996727731414230745069e-25 5.9939905284270988875e-22 2.0978966849494846106e-20 1.0294300970991470982e-21 3.6030053398470148439e-20
    40 4.333505992048402484497323399e-24  1.8509763431886776928 8.021217074347975022024653692e-24 6.9336095872774439752e-21 2.7734438349109775901e-19 1.2833947318956760035e-20 5.1335789275827040141e-19
    50 2.413345931363774391068946837e-24  2.0741292711852211041 5.005591437737364011461233289e-24 6.0333648284094359777e-21 3.0166824142047179888e-19 1.2513978594343410029e-20 6.2569892971717050143e-19
    60 1.437012951904816953949418132e-24  2.2564559211759701062 3.24255638413218376593617982e-24 5.1732466268573410342e-21 3.1039479761144046205e-19 1.1673202982875861557e-20 7.0039217897255169344e-19
    80 1.982951747518518897107682281e-25  2.5441430576698355892 5.044912922143508483180894223e-25 1.2690891184118520941e-21 1.0152712947294816753e-19 3.2287442701718454292e-21 2.5829954161374763434e-19
   100 1.420537532381964521424282949e-25  2.7672889528391587065 3.931037820454009102376836499e-25 1.4205375323819645214e-21 1.4205375323819645214e-19 3.9310378204540091024e-21 3.9310378204540091024e-19
   150 1.652341811252511243487569089e-26  3.1727563758206547849 5.242478016686453996249186526e-26 3.7177690753181502978e-22 5.5766536129772254468e-20 1.1795575537544521492e-21 1.7693363306316782237e-19
   200 4.343846915732595345393614588e-27  3.4604392584674671755 1.503161839997389661189208412e-26 1.7375387662930381382e-22 3.4750775325860762763e-20 6.0126473599895586448e-22 1.202529471997911729e-19
   300 3.671775445908759131852855679e-26  3.8659049452829924019 1.419473485430733649921956273e-25 3.3045979013178832187e-21 9.913793703953649656e-19 1.2775261368876602849e-20 3.8325784106629808548e-18
   400 2.223896565685900508718882222e-26   4.153587220281685005 9.237148354461285202376281e-26 3.558234505097440814e-21 1.4232938020389763256e-18 1.4779437367138056324e-20 5.9117749468552225295e-18
   500 3.383031254381275171367757725e-27  4.3767308653460629255 1.480661730948093521352144054e-26 8.4575781359531879284e-22 4.2287890679765939642e-19 3.7016543273702338034e-21 1.8508271636851169017e-18
   600 9.17618947854771691540115028e-28  4.5590524730660038816 4.183472933549521337558682024e-27 3.3034282122771780895e-22 1.9820569273663068537e-19 1.5060502560778276815e-21 9.0363015364669660891e-19
   800 1.297650801537822735045343377e-26  4.8467345961543973441 6.289369033540849289818874624e-26 8.3049651298420655043e-21 6.6439721038736524034e-18 4.0251961814661435455e-20 3.2201569451729148364e-17
  1000 3.898605402680480117662491038e-27  5.0698781709061176102 1.976545442802642064407473673e-26 3.8986054026804801177e-21 3.8986054026804801177e-18 1.9765454428026420644e-20 1.9765454428026420644e-17
  1200 1.055562476398740791155228661e-27  5.2521997404315574931 5.544024964550758415747193471e-27 1.5200099660141867393e-21 1.8240119592170240871e-18 7.9833959489530921187e-21 9.5800751387437105424e-18
  1600 8.764942429307233529902984762e-28  5.5398818255424843429 4.855674526604533440728511858e-27 2.2438252619026517837e-21 3.5901204190442428538e-18 1.2430526788107605608e-20 1.9888842860972168973e-17
  2000 2.410701370655447215169585451e-27  5.7630253827160697555 1.389293318923576261868762283e-26 9.6428054826217888607e-21 1.9285610965243577721e-17 5.5571732756943050475e-20 1.1114346551388610095e-16
  3000 8.147306454007942442300388938e-28  6.1684904966112715402 5.02565824345276706287802548e-27 7.3325758086071481981e-21 2.1997727425821444594e-17 4.5230924191074903566e-20 1.356927725732247107e-16
  4000 6.296640071809588239791331814e-29  6.4561725710885154922 4.065219492163388412356915331e-28 1.0074624114895341184e-21 4.0298496459581364735e-18 6.5043511874614214598e-21 2.6017404749845685839e-17
  5000 5.621162978931928167141424463e-29  6.6793161233402252648 3.754552451710319878903594409e-28 1.4052907447329820418e-21 7.0264537236649102089e-18 9.3863811292757996973e-21 4.6931905646378998486e-17
  6000 2.196486419756457205261583957e-28  6.8616376806434391563 1.50714939828225085516215965e-27 7.9073511111232459389e-21 4.7444106666739475634e-17 5.4257378338161030786e-20 3.2554427002896618472e-16
  8000 5.68795990208971612567218291e-29  7.1493197536015858283 4.066504408570374954445608805e-28 3.6402943373374183204e-21 2.9122354698699346563e-17 2.6025628214850399708e-20 2.0820502571880319767e-16
 10000 4.849115054938699870814586671e-29  7.3724633051501705851 3.574992280498681826708117429e-28 4.8491150549386998708e-21 4.8491150549386998708e-17 3.5749922804986818267e-20 3.5749922804986818267e-16

--------------------------------------------------------------------------------------------------------------
3. PHASE-LOCKED SAMPLE
--------------------------------------------------------------------------------------------------------------

First sample family: r L = k pi

 k          r             J(r)             I(r)             r^2 I
--------------------------------------------------------------------------------------------------------------
  20  24.4963327985465201074267 -1.0788952257428128671091891886542e-162 -1.4679199234696386471635211269725e-162 -8.80855179058005664401749e-160
  40  48.9926655970930402148534 3.393651343470980895952745595145e-162 6.9698002872309245073648429776827e-162 1.67294811708693801588794e-158
  80  97.9853311941860804297068 2.6265884477458518697052873503979e-161 7.2150713611336568714899760692054e-161 6.92728029545993362246153e-157
 120   146.97799679127912064456 2.5533568973432838107082912741521e-161 8.0492122378861991507051271429097e-161 1.73883361247346894438266e-156
 160  195.970662388372160859414 3.4517987571968727346755705471982e-161 1.1874487392592267430679456137954e-160 4.5603375720717569773853e-156
 200  244.963327985465201074267 1.0805518942367643851221711162481e-161 3.9583109333675394208819463950634e-161 2.37526491072988132312382e-156
 300  367.444991978197801611401 -6.7603675067856406891379101160677e-162 -2.7505881928496361171255825556708e-161 -3.71372926198273602844201e-156
 400  489.926655970930402148534 1.0914072155664724840484479313178e-160 4.754582883027683050736486370752e-160 1.14123362993161310463349e-154
 600  734.889983956395603222801 -2.8120637175924070139601285924921e-160 -1.3390607792885206282015097683824e-159 -7.23177567989950949122123e-154
 800  979.853311941860804297068 1.1202726705608147823738540386632e-160 5.6568457182609036643915902448361e-160 5.43120835777964176515756e-154

Second sample family: r L = (k + 1/2) pi

 k          r             J(r)             I(r)             r^2 I
--------------------------------------------------------------------------------------------------------------
  20  25.1087411185101831101124 3.578589690102999731129993734953e-22 4.9573231819307209032085369346043e-22 3.12533885060433539172836e-19
  40  49.6050739170567032175391 1.2232549862675251291316192088337e-24 2.527488381662159421883596242543e-24 6.2192980493271474188193e-21
  80  98.5977395141497434323925 2.5888514085079621722136958344962e-25 7.1275402218305713935102687345811e-25 6.92904837434551958887251e-21
 120  147.590405111242783647246 2.254250369576114971238876853128e-26 7.1156808855574714383843120819289e-26 1.55000362130466277512172e-21
 160  196.583070708335823862099 1.9608782266552077611647212546293e-27 6.7517095362876599891196033005096e-27 2.60919164766739968369995e-22
 200  245.575736305428864076953 1.2938633694359378850753744276937e-26 4.7429507164136206587773547509063e-26 2.86035226481405569464608e-21
 300  368.057400298161464614086 1.8751509946161560680199007093263e-26 7.6325424734653569404140149899417e-26 1.03395190619151771088281e-20
 400   490.53906429089406515122 1.4534931954588493824001954570698e-26 6.3337821783781084719676926807009e-26 1.52408897104700030486693e-20
 600  735.502392276359266225487 7.9733647334742883659044038976843e-27 3.7974558031584513851349466140178e-26 2.05428600405554576506842e-20
 800  980.465720261824467299754 4.8133201428625152774155380341082e-27 2.4307991481289039905492855436776e-26 2.33675889102685143997557e-20

--------------------------------------------------------------------------------------------------------------
4. LARGE-r RATIOS
--------------------------------------------------------------------------------------------------------------

For consecutive ordinary sample points, inspect

 |J(r_i)| / |J(r_{i-1})|
and
 |I(r_i)| / |I(r_{i-1})|

These are only empirical diagnostics.

 r          |J_i|/|J_prev|          |I_i|/|I_prev|
--------------------------------------------------------------------------------------------------------------
    25 2.63501173360949330409737e-11 3.14296617507942914181673e-11
    30     2.9158872732021174610682    3.30090876944689019828674
    35  0.0424470490100692742284668  0.0466329837597608481993827
    40    8.85644515966948697851565    9.54507833389089515096065
    50   0.556903794708499127830228   0.624043881538295883804752
    60   0.595444247436489694615066   0.647786864842067421952947
    80   0.137991223035953759898732   0.155584431679626611611647
   100   0.716375239165368567335594   0.779208260106850285668197
   150   0.116318067885320575405918   0.133361169648603944161705
   200   0.262890334563395472450401   0.286727352067653291333977
   300    8.45281962541147585664867     9.4432512032982333986975
   400    0.60567335841952320516571    0.65074469155429901114152
   500   0.152121789591319011848406   0.160294246030267032954088
   600     0.2712416406636466706772   0.282540761749192415490849
   800     14.141499634150943253416    15.0338465993242446075307
  1000   0.300435633227391579130088   0.314267684446855801228252
  1200   0.270753863849106257926848   0.280490640108411054255504
  1600   0.830357522674599070777629   0.875839224688267045272625
  2000     2.7503904219550989584426    2.86117471694520383974503
  3000   0.337964152390752813036469   0.361742057994394189265529
  4000  0.0772849297783815746577389  0.0808892944015721510316028
  5000   0.892724201292398939853265   0.923579270184070476326069
  6000    3.90753021748145345786639    4.01419188482956374021732
  8000   0.258957207790084481683284   0.269814287369593722320237
 10000   0.852522721399138097370355   0.879131539354585451858939

--------------------------------------------------------------------------------------------------------------
5. CELL-26 TAIL-SCALE CHECK
--------------------------------------------------------------------------------------------------------------

Cell 26 showed finite-T changes at roughly the 1e-24 level at large T.

This section reports the magnitude of the integrand itself at comparable r.

 r             |J(r)|             |I(r)|
--------------------------------------------------------------------------------------------------------------
   400 2.2238965656859005087188822220193e-26 9.2371483544612852023762810003593e-26
   500 3.3830312543812751713677577252114e-27 1.4806617309480935213521440543698e-26
   600 9.1761894785477169154011502798409e-28 4.1834729335495213375586820238728e-27
   800 1.2976508015378227350453433769212e-26 6.2893690335408492898188746237517e-26
  1000 3.8986054026804801176624910383994e-27 1.9765454428026420644074736732796e-26
  1200 1.0555624763987407911552286611217e-27 5.5440249645507584157471934706313e-27
  1600 8.764942429307233529902984761913e-28 4.8556745266045334407285118583655e-27
  2000 2.410701370655447215169585450618e-27 1.3892933189235762618687622833398e-26
  3000 8.1473064540079424423003889378043e-28 5.0256582434527670628780254796931e-27
  4000 6.2966400718095882397913318139428e-29 4.0652194921633884123569153314563e-28
  5000 5.6211629789319281671414244630806e-29 3.7545524517103198789035944086957e-28
  6000 2.1964864197564572052615839570461e-28 1.5071493982822508551621596498553e-27
  8000 5.6879599020897161256721829103207e-29 4.0665044085703749544456088050498e-28
 10000 4.8491150549386998708145866706068e-29 3.5749922804986818267081174291693e-28

==============================================================================================================
CELL 27 COMPLETE
==============================================================================================================

No asymptotic extrapolation has been performed.
No finite-T Archimedean integral has been extended.

The purpose of this cell is to expose the actual large-r structure before choosing the next experiment.
