==============================================================================
CELL 24 — FINITE-T ARCHIMEDEAN CONVERGENCE MAP
==============================================================================

Parameters:
  c              = 13
  N              = 8
  working_dps    = 40

T values:
  [5, 10, 15, 20, 25, 30, 35, 40, 45, 50, 55, 60, 65, 70, 75, 80, 85, 90, 95, 100, 120, 150, 200, 250, 300, 350, 400]

Forensic ground state:
  c              = 13
  N              = 8
  T              = 400
  generation_dps = 150

L =
2.564949357461536736053487441565318604805

------------------------------------------------------------------------------
1. GROUND STATE
------------------------------------------------------------------------------

GROUND STATE CACHE: HIT
  key            = 7f77f99cab98fbfd41bfc923f4e7a5c8daa05b4944fd7232e65374127943dd3a
  generation dps = 150
  working dps    = 40
  lookup         = 0.001140 s

GROUND STATE CACHE: RETURN
  generation dps = 150
  working dps    = 40
  decode         = 0.000927 s
  validation     = 0.000492 s
  total          = 0.002559 s

lambda_forensic =
6.710935250125962103470958948612124852279e-23

ground-state retrieval wall = 0.003073 s
ground-state retrieval CPU  = 0.003073 s

||v_star|| =
1.0

------------------------------------------------------------------------------
3. FINITE-T ARCHIMEDEAN CONVERGENCE
------------------------------------------------------------------------------

The ground state is held fixed while only the upper limit T of the Archimedean r-integral is varied.

No Galerkin matrix is rebuilt as T changes.

Columns:
  T              A_arch(T)                          delta                 wall_s          cpu_s
     5    -1.655566839849499535420206566348479426457                                           0.0      8.065727      8.065186
    10    -1.659119804919238186879088193319157593922  -0.003552965069738651458881626970678167464419      7.963453      7.963215
    15    -1.659033094643493807004957501198085345516  0.00008671027574437987413069212107224840599527      7.889506      7.889259
    20    -1.659033087490945274551172588671228323075  0.000000007152548532453784912526857022440560785093      7.851377      7.850932
    25    -1.659033087490935669120301654824600568399  9.605430870933846627754676165730012525328e-15      7.789661      7.789368
    30    -1.659033087490935669113017648698715670741  7.284006125884897657339241485775930569646e-21      7.659039      7.658647
    35    -1.659033087490935669113011310448499903625  6.338250215767116057727274549156675774746e-24      7.562967      7.562728
    40    -1.659033087490935669113002905687006235596  8.404761493668029390502497338300916711269e-24      7.511717      7.511485
    45    -1.659033087490935669112999556670331375668  3.349016674859927586664241840408706800499e-24      7.480606      7.480194
    50    -1.659033087490935669112997639436798719584  1.917233532656084830436813152728490810797e-24      7.476787      7.476560
    55    -1.659033087490935669112992546559580710185  5.092877218009398688217062858102558843854e-24      7.473140      7.472774
    60    -1.659033087490935669112988625892145556527  3.920667435153657829109194733874096182969e-24      7.381094      7.379897
    65    -1.659033087490935669112987068994604750052  1.556897540806474624958316798760300083469e-24      7.364700      7.364201
    70    -1.659033087490935669112986811465759743277  2.575288450067752884437238626020488630081e-25      7.298948      7.298706
    75    -1.659033087490935669112986763454098894358  4.801166084891876094740712065936304293244e-26      7.330847      7.330599
    80    -1.659033087490935669112986413791294621214  3.496628042731444278761000320281380038798e-25      7.210191      7.209975
    85    -1.659033087490935669112985681878626992233  7.319126676289809214192036943076782631842e-25      7.231090      7.230843
    90    -1.659033087490935669112984677036355780082  1.004842271212151277336051738787054322986e-24      7.234700      7.234339
    95    -1.659033087490935669112983547687143624445  1.129349212155636688116877863201519157393e-24     14.553245     14.552771
   100    -1.659033087490935669112982416577561968573  1.131109581655872546701818464358597037985e-24     14.585461     14.584340
   120    -1.659033087490935669112978994145899970079  3.422431661998493926374085359714492259457e-24     14.372336     14.371601
   150    -1.659033087490935669112977227216665201949  1.76692923476813010249147603936394014574e-24     14.284158     14.283648
   200    -1.659033087490935669112977033598269841945  1.936183953600033587000929904854024532655e-25     28.427931     28.426778
   250    -1.659033087490935669112976548684544086504  4.849137257554411445845648408037883203825e-25     27.929912     27.928948
   300    -1.659033087490935669112975547668322328271  1.00101622175823297847458914288155252534e-24     27.854525     27.852167
   350    -1.659033087490935669112974343035313504283  1.204633008823988310942549458550070928169e-24     27.746449     27.745130
   400    -1.659033087490935669112973152386975292205  1.190648338212077925841589395293289708167e-24     27.544111     27.543034

------------------------------------------------------------------------------
4. FINITE-T SUMMARY
------------------------------------------------------------------------------

T                  A_arch(T)
     5   -1.655566839849499535420206566348479426457
    10   -1.659119804919238186879088193319157593922
    15   -1.659033094643493807004957501198085345516
    20   -1.659033087490945274551172588671228323075
    25   -1.659033087490935669120301654824600568399
    30   -1.659033087490935669113017648698715670741
    35   -1.659033087490935669113011310448499903625
    40   -1.659033087490935669113002905687006235596
    45   -1.659033087490935669112999556670331375668
    50   -1.659033087490935669112997639436798719584
    55   -1.659033087490935669112992546559580710185
    60   -1.659033087490935669112988625892145556527
    65   -1.659033087490935669112987068994604750052
    70   -1.659033087490935669112986811465759743277
    75   -1.659033087490935669112986763454098894358
    80   -1.659033087490935669112986413791294621214
    85   -1.659033087490935669112985681878626992233
    90   -1.659033087490935669112984677036355780082
    95   -1.659033087490935669112983547687143624445
   100   -1.659033087490935669112982416577561968573
   120   -1.659033087490935669112978994145899970079
   150   -1.659033087490935669112977227216665201949
   200   -1.659033087490935669112977033598269841945
   250   -1.659033087490935669112976548684544086504
   300   -1.659033087490935669112975547668322328271
   350   -1.659033087490935669112974343035313504283
   400   -1.659033087490935669112973152386975292205

Final T = 400

A_arch(final) =
-1.659033087490935669112973152386975292205

finite-T scan wall = 333.079355 s
finite-T scan CPU  = 333.062910 s

==============================================================================
CELL 24 COMPLETE
==============================================================================
