==============================================================================================================
CELL 71 — AUDIT OF THE EXACT STIELTJES DERIVATIVE OVERLAP FACTORIZATION
         a_j^2 / a_1^2 = (||Ku_j||^2 / ||Ku_1||^2) * (G_d'(mu_1) / G_d'(mu_j))
         AND THREE-FACTOR BOUND-STATE TAIL FILTERING T_j = K_j * G_j * S_j
==============================================================================================================
Parameters: c = 13, L = 2.56494935746154, T = 400, dps = 50, V_* = 1.0

--- DIMENSION N =  8 (Elapsed: 0.22s) ---
  Excited gap:         mu_1 - lam_0         = 1.38723543e-15
  Mode 1 KE:           ||K u_1||^2          = 8.23338356
  Mode 1 Stieltjes:    G_d'(mu_1)           = 7.4193074e+14
  Max Stieltjes res:   |||Ku_j||^2 - a^2*G'| = 8.186e-37
  Max factor err:      |a_j^2/a_1^2 - K*G|  = 1.229e-23
  Max tail factor err: |T_j - K*G*S|        = 3.234e-39
    Mode j = 2: O_2 = 16556.37 = K_2 (1.4394) * G_2 (11502.0)  |  S_2 = 5.47572e-9  ==>  T_2 = 9.06579e-5
    Mode j = 3: O_3 = 7.986506e+7 = K_3 (2.1556) * G_3 (3.705e+7)  |  S_3 = 2.15873e-16  ==>  T_3 = 1.72407e-8
    Mode j = 4: O_4 = 2.724149e+10 = K_4 (4.3119) * G_4 (6.3177e+9)  |  S_4 = 1.07363e-21  ==>  T_4 = 2.92474e-11
    Mode j = 5: O_5 = 7.644141e+12 = K_5 (3.8258) * G_5 (1.998e+12)  |  S_5 = 1.63598e-26  ==>  T_5 = 1.25057e-13

--- DIMENSION N = 12 (Elapsed: 0.66s) ---
  Excited gap:         mu_1 - lam_0         = 1.18648486e-21
  Mode 1 KE:           ||K u_1||^2          = 9.22938815
  Mode 1 Stieltjes:    G_d'(mu_1)           = 1.12994055e+21
  Max Stieltjes res:   |||Ku_j||^2 - a^2*G'| = 9.067e-31
  Max factor err:      |a_j^2/a_1^2 - K*G|  = 4.602e-11
  Max tail factor err: |T_j - K*G*S|        = 2.328e-33
    Mode j = 2: O_2 = 43010.97 = K_2 (1.5043) * G_2 (28592.0)  |  S_2 = 5.82806e-10  ==>  T_2 = 2.5067e-5
    Mode j = 3: O_3 = 4.695096e+8 = K_3 (3.2432) * G_3 (1.4477e+8)  |  S_3 = 8.27754e-18  ==>  T_3 = 3.88638e-9
    Mode j = 4: O_4 = 9.983474e+11 = K_4 (3.4839) * G_4 (2.8656e+11)  |  S_4 = 2.07344e-24  ==>  T_4 = 2.07001e-12
    Mode j = 5: O_5 = 2.396324e+15 = K_5 (4.9111) * G_5 (4.8794e+14)  |  S_5 = 4.63673e-31  ==>  T_5 = 1.11111e-15

--- DIMENSION N = 16 (Elapsed: 1.23s) ---
  Excited gap:         mu_1 - lam_0         = 1.27595595e-26
  Mode 1 KE:           ||K u_1||^2          = 9.75413984
  Mode 1 Stieltjes:    G_d'(mu_1)           = 1.85085661e+26
  Max Stieltjes res:   |||Ku_j||^2 - a^2*G'| = 1.004e-25
  Max factor err:      |a_j^2/a_1^2 - K*G|  = 0.548
  Max tail factor err: |T_j - K*G*S|        = 1.352e-27
    Mode j = 2: O_2 = 79685.52 = K_2 (1.6178) * G_2 (49256.0)  |  S_2 = 2.76701e-10  ==>  T_2 = 2.2049e-5
    Mode j = 3: O_3 = 1.833228e+9 = K_3 (3.589) * G_3 (5.1078e+8)  |  S_3 = 8.01264e-19  ==>  T_3 = 1.4689e-9
    Mode j = 4: O_4 = 1.176051e+13 = K_4 (3.227) * G_4 (3.6444e+12)  |  S_4 = 2.85865e-26  ==>  T_4 = 3.36191e-13
    Mode j = 5: O_5 = 7.248509e+16 = K_5 (6.8988) * G_5 (1.0507e+16)  |  S_5 = 1.26883e-33  ==>  T_5 = 9.1971e-17

--- DIMENSION N = 20 (Elapsed: 2.33s) ---
  Excited gap:         mu_1 - lam_0         = 6.39990962e-31
  Mode 1 KE:           ||K u_1||^2          = 10.0497396
  Mode 1 Stieltjes:    G_d'(mu_1)           = 4.01716214e+30
  Max Stieltjes res:   |||Ku_j||^2 - a^2*G'| = 2.128e-20
  Max factor err:      |a_j^2/a_1^2 - K*G|  = 3.335e+9
  Max tail factor err: |T_j - K*G*S|        = 1.894e-24
    Mode j = 2: O_2 = 96944.56 = K_2 (1.7275) * G_2 (56119.0)  |  S_2 = 1.07609e-10  ==>  T_2 = 1.04321e-5
    Mode j = 3: O_3 = 2.177059e+9 = K_3 (3.6601) * G_3 (5.948e+8)  |  S_3 = 3.13078e-19  ==>  T_3 = 6.8159e-10
    Mode j = 4: O_4 = 4.971201e+13 = K_4 (3.4194) * G_4 (1.4538e+13)  |  S_4 = 1.09963e-27  ==>  T_4 = 5.46647e-14
    Mode j = 5: O_5 = 3.734347e+17 = K_5 (7.9132) * G_5 (4.7191e+16)  |  S_5 = 2.87932e-35  ==>  T_5 = 1.07524e-17

--- DIMENSION N = 24 (Elapsed: 3.83s) ---
  Excited gap:         mu_1 - lam_0         = 2.94860198e-34
  Mode 1 KE:           ||K u_1||^2          = 10.2186531
  Mode 1 Stieltjes:    G_d'(mu_1)           = 6.75673908e+33
  Max Stieltjes res:   |||Ku_j||^2 - a^2*G'| = 7.827e-18
  Max factor err:      |a_j^2/a_1^2 - K*G|  = 1.628e+15
  Max tail factor err: |T_j - K*G*S|        = 1.086e-20
    Mode j = 2: O_2 = 161699.4 = K_2 (1.7898) * G_2 (90346.0)  |  S_2 = 2.79756e-11  ==>  T_2 = 4.52363e-6
    Mode j = 3: O_3 = 6.421441e+9 = K_3 (3.6517) * G_3 (1.7585e+9)  |  S_3 = 1.91067e-20  ==>  T_3 = 1.22693e-10
    Mode j = 4: O_4 = 2.004675e+14 = K_4 (3.6617) * G_4 (5.4747e+13)  |  S_4 = 2.65718e-29  ==>  T_4 = 5.32678e-15
    Mode j = 5: O_5 = 1.676459e+18 = K_5 (8.1948) * G_5 (2.0458e+17)  |  S_5 = 4.93945e-37  ==>  T_5 = 8.28079e-19

===================================================================================================================
SYNTHESIS TABLE 1: OVERLAP RATIO FACTORIZATION a_j^2 / a_1^2 = K_j * G_j FOR BOUND MODES (j = 2, 3)
===================================================================================================================
  N |  O_2 = a_2^2/a_1^2 | K_2 = ||Ku_2||^2/||Ku_1||^2 |    G_2 = G'(1)/G'(2) |  O_3 = a_3^2/a_1^2 |        K_3 |        G_3
----------------------------------------------------------------------------------------------------------------------------
  8 |            16556.4 |                     1.43938 |              11502.4 |         7.98651e+7 |     2.1556 |   3.705e+7
 12 |            43011.0 |                     1.50431 |              28591.9 |          4.6951e+8 |    3.24317 | 1.44769e+8
 16 |            79685.5 |                     1.61779 |              49255.8 |         1.83323e+9 |    3.58905 | 5.10784e+8
 20 |            96944.6 |                     1.72748 |              56119.0 |         2.17706e+9 |    3.66013 | 5.94805e+8
 24 |           161699.0 |                     1.78977 |              90346.4 |         6.42144e+9 |    3.65171 | 1.75848e+9

===================================================================================================================
SYNTHESIS TABLE 2: THREE-FACTOR TAIL TERM DECOMPOSITION T_j = K_j * G_j * S_j (j = 2, 3)
===================================================================================================================
  N |   T_2 (direct) |  K_2 * G_2 * S_2 |  S_2 (gap ratio) |   T_3 (direct) |  K_3 * G_3 * S_3 |  S_3 (gap ratio)
-----------------------------------------------------------------------------------------------------------------
  8 |     9.06579e-5 |       9.06579e-5 |       5.47572e-9 |     1.72407e-8 |       1.72407e-8 |      2.15873e-16
 12 |      2.5067e-5 |        2.5067e-5 |      5.82806e-10 |     3.88638e-9 |       3.88638e-9 |      8.27754e-18
 16 |      2.2049e-5 |        2.2049e-5 |      2.76701e-10 |      1.4689e-9 |        1.4689e-9 |      8.01264e-19
 20 |     1.04321e-5 |       1.04321e-5 |      1.07609e-10 |     6.8159e-10 |       6.8159e-10 |      3.13078e-19
 24 |     4.52363e-6 |       4.52363e-6 |      2.79756e-11 |    1.22693e-10 |      1.22693e-10 |      1.91067e-20

================================================================================
CELL 71 EXECUTION COMPLETE
================================================================================
