
========================================================================
CELL 100 — COUPLING-WEIGHTED SPECTRAL MEASURE
========================================================================

C=13, N=192, T=600, dps=50


GALERKIN MATRIX CACHE: GENERATION PRECISION PROMOTED
  requested dps = 50
  working dps   = 70
  generation dps = 70

GALERKIN MATRIX CACHE: HIT
  key            = 03fee50a84601d980ddfbdb58f963f612eb947677ab4571e0e08b8d08d88690c
  N              = 192 (dim = 385)
  generation dps = 70
  lookup         = 0.000905 s

GALERKIN MATRIX CACHE: RETURN
  decode         = 1.323722 s
  validation     = 0.374036 s
  total          = 1.698663 s

Full Galerkin matrix loaded in 1.699 s

Canonical matrix:
  dimension = 193
  conversion = 0.261 s

FULL CANONICAL SPECTRUM
  E11 = -1.06311187849184059e-51
  eigensolve = 531.468 s

========================================================================
COUPLING-WEIGHTED SPECTRAL MEASURE SWEEP
========================================================================

------------------------------------------------------------------------
M = 24  |  dim(P) = 25  |  dim(Q) = 168
------------------------------------------------------------------------
  high-sector eigensolve = 370.795 s

  SPECTRAL / COUPLING SUMMARY
    high spectrum = [0.3044434989, 6.466907369]
    delta_M = 0.3044434989
    ||B||_op = 1.007996547
    ||B||_F^2 = 1.82794122355
    Parseval error = 6.33898e-70

    coupling-weighted mu moments:
      mean = 2.5167617083
      std  = 1.39781793366
      quantiles 10/25/50/75/90% = 0.80235958 / 0.96515272 / 3.0771554 / 3.4236353 / 4.2601257

  COUPLING MASS BY FIXED ENERGY WINDOW
            [0.0, 1.0) : 0.4808929904 (26.3079%)
            [1.0, 2.0) : 0.1931372413 (10.5658%)
            [2.0, 3.0) : 0.1825783342 (9.9882%)
            [3.0, 4.0) : 0.7607865089 (41.6199%)
            [4.0, 5.0) : 0.09216283459 (5.04189%)
            [5.0, inf) : 0.1183833142 (6.47632%)

  RESOLVENT-WEIGHTED SPECTRAL MEASURE
    S_M(E11) = 1.33308262247
    mean mu under resolvent weights = 1.3712137513
    mean 1/(mu-E11) under coupling weights = 0.72928090099
    effective denominator ||B||_F^2 / S_M = 1.3712137513

  RESOLVENT CONTRIBUTION BY FIXED ENERGY WINDOW
            [0.0, 1.0) : 0.8311227142 (62.3459%)
            [1.0, 2.0) : 0.1537301997 (11.5319%)
            [2.0, 3.0) : 0.0726813199 (5.45212%)
            [3.0, 4.0) : 0.2316766903 (17.379%)
            [4.0, 5.0) : 0.02128963751 (1.59702%)
            [5.0, inf) : 0.02258206094 (1.69397%)

  INDEX-QUARTILE COUPLING MASS
    modes    0--  41: 0.7855701376 (42.9757%)
    modes   42--  83: 0.805828583 (44.0839%)
    modes   84-- 125: 0.1080541232 (5.91125%)
    modes  126-- 167: 0.1284883797 (7.02913%)

  INDEX-QUARTILE RESOLVENT CONTRIBUTION
    modes    0--  41: 1.031891646 (77.4064%)
    modes   42--  83: 0.2504281666 (18.7856%)
    modes   84-- 125: 0.02608757484 (1.95694%)
    modes  126-- 167: 0.02467523526 (1.85099%)

  TOP 10 RESOLVENT CONTRIBUTORS
  rank    j           mu_j     ||Bu_j||^2        contrib   cumul_frac
     1    0   0.3044434989     0.12533687     0.41169174     0.308827
     2    6   0.9651527182     0.26761315     0.27727545     0.516823
     3    1   0.5174993287    0.046127959    0.089136268     0.583687
     4    8    1.045912938    0.089960851    0.086011797     0.648208
     5   75    3.423635338     0.22263507     0.06502885     0.696989
     6   61    3.103197066     0.17562317    0.056594269     0.739443
     7    4   0.8023595806     0.03237025    0.040343819     0.769706
     8   60    3.091800104    0.076214409    0.024650497     0.788198
     9   59     3.07715541    0.055268053    0.017960761     0.801671
    10   74    3.412540674    0.054791292    0.016055865     0.813715

  ISOTROPIC COUPLING COMPARISON
    isotropic trace bound = 0.671792294545
    actual coupling trace bound = 1.33308262247
    actual / isotropic = 1.984367242

  FESHBACH COMPARISON
    crude envelope ||B||^2/delta = 3.33742399968
    trace bound S_M(E11) = 1.33308262247
    actual ||R(E11)|| = 0.909138321521
    actual / trace bound = 0.6819819764
    effective spectral rank trace(R)/||R|| = 1.466314411

  section elapsed = 1484.454 s

------------------------------------------------------------------------
M = 32  |  dim(P) = 33  |  dim(Q) = 160
------------------------------------------------------------------------
  high-sector eigensolve = 330.066 s

  SPECTRAL / COUPLING SUMMARY
    high spectrum = [0.5047432531, 6.466814442]
    delta_M = 0.5047432531
    ||B||_op = 0.8815132029
    ||B||_F^2 = 1.0742000369
    Parseval error = 5.43341e-71

    coupling-weighted mu moments:
      mean = 2.33186105432
      std  = 1.58025044395
      quantiles 10/25/50/75/90% = 0.95340292 / 0.95340292 / 1.7179664 / 3.4753032 / 5.0228307

  COUPLING MASS BY FIXED ENERGY WINDOW
            [0.0, 1.0) : 0.3801511671 (35.3892%)
            [1.0, 2.0) : 0.2175483334 (20.2521%)
            [2.0, 3.0) : 0.1371067098 (12.7636%)
            [3.0, 4.0) : 0.1134958604 (10.5656%)
            [4.0, 5.0) : 0.09040846677 (8.41635%)
            [5.0, inf) : 0.1354894995 (12.6131%)

  RESOLVENT-WEIGHTED SPECTRAL MEASURE
    S_M(E11) = 0.727923588973
    mean mu under resolvent weights = 1.47570439147
    mean 1/(mu-E11) under coupling weights = 0.677642491126
    effective denominator ||B||_F^2 / S_M = 1.47570439147

  RESOLVENT CONTRIBUTION BY FIXED ENERGY WINDOW
            [0.0, 1.0) : 0.4427410156 (60.8225%)
            [1.0, 2.0) : 0.1479506091 (20.325%)
            [2.0, 3.0) : 0.05789631719 (7.95363%)
            [3.0, 4.0) : 0.03293983034 (4.52518%)
            [4.0, 5.0) : 0.02047634321 (2.81298%)
            [5.0, inf) : 0.02591947349 (3.56074%)

  INDEX-QUARTILE COUPLING MASS
    modes    0--  39: 0.6892709436 (64.166%)
    modes   40--  79: 0.1455121966 (13.5461%)
    modes   80-- 119: 0.09305120745 (8.66237%)
    modes  120-- 159: 0.1463656892 (13.6256%)

  INDEX-QUARTILE RESOLVENT CONTRIBUTION
    modes    0--  39: 0.6322231989 (86.853%)
    modes   40--  79: 0.04579623081 (6.29135%)
    modes   80-- 119: 0.02174983264 (2.98793%)
    modes  120-- 159: 0.02815432664 (3.86776%)

  TOP 10 RESOLVENT CONTRIBUTORS
  rank    j           mu_j     ||Bu_j||^2        contrib   cumul_frac
     1    4   0.9534029212     0.29463764     0.30903791     0.424547
     2    0   0.5047432531     0.03335977    0.066092552     0.515343
     3   15    1.717966376    0.086425476     0.05030685     0.584453
     4    1   0.6988726984    0.021112465    0.030209315     0.625954
     5    5    1.036922276     0.02726881    0.026297835     0.662081
     6    2   0.7907223355    0.019487148    0.024644743     0.695937
     7   11    1.482033661    0.035383064    0.023874669     0.728736
     8   21    2.088896939     0.04101279    0.019633707     0.755708
     9    3   0.9057453821     0.01155414    0.012756499     0.773232
    10    6    1.039307462    0.011768279    0.011323193     0.788788

  ISOTROPIC COUPLING COMPARISON
    isotropic trace bound = 0.370931950282
    actual coupling trace bound = 0.727923588973
    actual / isotropic = 1.962418143

  FESHBACH COMPARISON
    crude envelope ||B||^2/delta = 1.53952632756
    trace bound S_M(E11) = 0.727923588973
    actual ||R(E11)|| = 0.594124075773
    actual / trace bound = 0.8161901672
    effective spectral rank trace(R)/||R|| = 1.225204665

  section elapsed = 1532.879 s

------------------------------------------------------------------------
M = 48  |  dim(P) = 49  |  dim(Q) = 144
------------------------------------------------------------------------
  high-sector eigensolve = 237.036 s

  SPECTRAL / COUPLING SUMMARY
    high spectrum = [0.8233690183, 6.466555654]
    delta_M = 0.8233690183
    ||B||_op = 0.9559453174
    ||B||_F^2 = 1.29250427926
    Parseval error = 1.99225e-70

    coupling-weighted mu moments:
      mean = 2.7141717855
      std  = 1.48468881425
      quantiles 10/25/50/75/90% = 1.083172 / 1.2874075 / 2.3518298 / 3.9343415 / 5.0930917

  COUPLING MASS BY FIXED ENERGY WINDOW
            [0.0, 1.0) : 0.103599621 (8.01542%)
            [1.0, 2.0) : 0.4724253631 (36.5512%)
            [2.0, 3.0) : 0.1829787052 (14.1569%)
            [3.0, 4.0) : 0.2201909674 (17.036%)
            [4.0, 5.0) : 0.1706787442 (13.2053%)
            [5.0, inf) : 0.1426308784 (11.0352%)

  RESOLVENT-WEIGHTED SPECTRAL MEASURE
    S_M(E11) = 0.662175303272
    mean mu under resolvent weights = 1.951906501
    mean 1/(mu-E11) under coupling weights = 0.512319621604
    effective denominator ||B||_F^2 / S_M = 1.951906501

  RESOLVENT CONTRIBUTION BY FIXED ENERGY WINDOW
            [0.0, 1.0) : 0.1144587316 (17.2853%)
            [1.0, 2.0) : 0.3450864637 (52.1141%)
            [2.0, 3.0) : 0.07412759775 (11.1946%)
            [3.0, 4.0) : 0.06276325504 (9.47834%)
            [4.0, 5.0) : 0.03911242558 (5.90666%)
            [5.0, inf) : 0.02662682954 (4.02111%)

  INDEX-QUARTILE COUPLING MASS
    modes    0--  35: 0.7275102094 (56.2869%)
    modes   36--  71: 0.2244708838 (17.3671%)
    modes   72-- 107: 0.1890530547 (14.6269%)
    modes  108-- 143: 0.1514701313 (11.7191%)

  INDEX-QUARTILE RESOLVENT CONTRIBUTION
    modes    0--  35: 0.5228104193 (78.9535%)
    modes   36--  71: 0.06668407939 (10.0705%)
    modes   72-- 107: 0.0442585774 (6.68382%)
    modes  108-- 143: 0.02842222718 (4.29225%)

  TOP 10 RESOLVENT CONTRIBUTORS
  rank    j           mu_j     ||Bu_j||^2        contrib   cumul_frac
     1    3    1.083172027    0.085577453    0.079006336     0.119313
     2    5    1.287407521    0.090869754     0.07058352     0.225907
     3    1   0.9595432249      0.0659395    0.068719677     0.329685
     4    9    1.669854374    0.088305342    0.052882061     0.409547
     5    4    1.231330851    0.057883602    0.047008976     0.480538
     6    0   0.8233690183     0.03766012    0.045739055     0.549612
     7    6    1.302843109     0.04951544    0.038005682     0.607007
     8   11    1.705356349    0.035227752     0.02065712     0.638203
     9   10    1.697591069    0.031360833    0.018473726     0.666102
    10   53    3.312061537    0.054384189    0.016420042     0.690899

  ISOTROPIC COUPLING COMPARISON
    isotropic trace bound = 0.412937260769
    actual coupling trace bound = 0.662175303272
    actual / isotropic = 1.603573633

  FESHBACH COMPARISON
    crude envelope ||B||^2/delta = 1.10986863666
    trace bound S_M(E11) = 0.662175303272
    actual ||R(E11)|| = 0.527468666929
    actual / trace bound = 0.7965695252
    effective spectral rank trace(R)/||R|| = 1.255383201

  section elapsed = 1450.225 s

------------------------------------------------------------------------
M = 64  |  dim(P) = 65  |  dim(Q) = 128
------------------------------------------------------------------------
  high-sector eigensolve = 167.750 s

  SPECTRAL / COUPLING SUMMARY
    high spectrum = [0.8922619374, 6.466263054]
    delta_M = 0.8922619374
    ||B||_op = 0.9587482803
    ||B||_F^2 = 1.37451974436
    Parseval error = 1.99225e-70

    coupling-weighted mu moments:
      mean = 3.54519145835
      std  = 1.16098579447
      quantiles 10/25/50/75/90% = 2.1165885 / 2.9391977 / 3.6361551 / 4.1911561 / 5.1746241

  COUPLING MASS BY FIXED ENERGY WINDOW
            [0.0, 1.0) : 0.03194951269 (2.32441%)
            [1.0, 2.0) : 0.09907491638 (7.20797%)
            [2.0, 3.0) : 0.3960729255 (28.8154%)
            [3.0, 4.0) : 0.468888553 (34.1129%)
            [4.0, 5.0) : 0.1932939884 (14.0627%)
            [5.0, inf) : 0.1852398483 (13.4767%)

  RESOLVENT-WEIGHTED SPECTRAL MEASURE
    S_M(E11) = 0.459686276604
    mean mu under resolvent weights = 2.99012568858
    mean 1/(mu-E11) under coupling weights = 0.334434102158
    effective denominator ||B||_F^2 / S_M = 2.99012568858

  RESOLVENT CONTRIBUTION BY FIXED ENERGY WINDOW
            [0.0, 1.0) : 0.03580732446 (7.78951%)
            [1.0, 2.0) : 0.07436441397 (16.1772%)
            [2.0, 3.0) : 0.1453247129 (31.6139%)
            [3.0, 4.0) : 0.126526212 (27.5245%)
            [4.0, 5.0) : 0.04347189036 (9.45686%)
            [5.0, inf) : 0.03419172284 (7.43806%)

  INDEX-QUARTILE COUPLING MASS
    modes    0--  31: 0.3980695083 (28.9606%)
    modes   32--  63: 0.4951816044 (36.0258%)
    modes   64--  95: 0.2917418338 (21.225%)
    modes   96-- 127: 0.1895267979 (13.7886%)

  INDEX-QUARTILE RESOLVENT CONTRIBUTION
    modes    0--  31: 0.2119846563 (46.1151%)
    modes   32--  63: 0.1439859927 (31.3227%)
    modes   64--  95: 0.06866089977 (14.9365%)
    modes   96-- 127: 0.03505472777 (7.62579%)

  TOP 10 RESOLVENT CONTRIBUTORS
  rank    j           mu_j     ||Bu_j||^2        contrib   cumul_frac
     1   32    2.962462356     0.11688063     0.03945388    0.0858278
     2    2    1.073467721    0.040675204    0.037891409     0.168257
     3    0   0.8922619374    0.031949513    0.035807324     0.246152
     4   59    3.825699237     0.13518086    0.035334942     0.323019
     5   53    3.636155067     0.10209672    0.028078208     0.384101
     6   31    2.939197744    0.072303976    0.024599902     0.437615
     7   65    3.948997298    0.085869817    0.021744714     0.484918
     8   27     2.69742479     0.04679495    0.017348009     0.522657
     9    3     1.29816865    0.014971577    0.011532844     0.547746
    10   17    2.238417155    0.025788748    0.011520975     0.572809

  ISOTROPIC COUPLING COMPARISON
    isotropic trace bound = 0.420980081169
    actual coupling trace bound = 0.459686276604
    actual / isotropic = 1.091943057

  FESHBACH COMPARISON
    crude envelope ||B||^2/delta = 1.03018881168
    trace bound S_M(E11) = 0.459686276604
    actual ||R(E11)|| = 0.317263529536
    actual / trace bound = 0.6901740289
    effective spectral rank trace(R)/||R|| = 1.448909924

  section elapsed = 1264.301 s

================================================================================
CELL 100 EXECUTION COMPLETE
================================================================================
