=======================================================================================================================================
CELL 90 — NESTED-N SPECTRAL SUBSPACE OVERLAP, PROJECTOR CONVERGENCE,
          AND TRANSITION CLUSTER DYNAMICS
=======================================================================================================================================
Configuration: c = 13, L = log(c) = 2.56494935746, T = 400
Working Precision: 70 decimal digits
Dimensions Sweep: N in [16, 20, 24, 28, 32, 36, 40]
Subspace Cutoffs K in [8, 9, 10, 11, 12, 13, 14, 15] (Subspace Dimensions 9 ... 16)
=======================================================================================================================================

>>> Processing Dimension N = 16 (dim = 17) ...
   Completed N = 16 in 0.45s | E_13 = 2.49019

>>> Processing Dimension N = 20 (dim = 21) ...
   Completed N = 20 in 0.85s | E_13 = 2.06247

>>> Processing Dimension N = 24 (dim = 25) ...
   Completed N = 24 in 1.41s | E_13 = 1.8012

>>> Processing Dimension N = 28 (dim = 29) ...
   Completed N = 28 in 2.23s | E_13 = 1.31022

>>> Processing Dimension N = 32 (dim = 33) ...
   Completed N = 32 in 3.34s | E_13 = 0.813235

>>> Processing Dimension N = 36 (dim = 37) ...
   Completed N = 36 in 4.75s | E_13 = 0.78161

>>> Processing Dimension N = 40 (dim = 41) ...
   Completed N = 40 in 6.53s | E_13 = 0.726113

All dimensions processed in 19.56s.

=======================================================================================================================================
TEST A: Nested-N Spectral Subspace Overlap: Minimum Principal Cosine sigma_{min}((U_K^{(N)})^T U_K^{(N+4)})
Zero-Padded Embedding U_K^{(N)} into R^{(N+5) x (K+1)} across Dimension Steps N -> N+4
=======================================================================================================================================
 Step (N -> N+4) | K= 8 (d= 9) | K= 9 (d=10) | K=10 (d=11) | K=11 (d=12) | K=12 (d=13) | K=13 (d=14) | K=14 (d=15) | K=15 (d=16)
---------------------------------------------------------------------------------------------------------------------------------------
        16 -> 20 |   0.9292558 |   0.8772666 |    0.462172 |  0.01671893 |  0.03657787 |  0.02084589 |  0.05032477 |  0.01059852
        20 -> 24 |   0.9776362 |   0.9290599 |   0.8890662 |   0.4099719 |   0.1027274 |  0.02418713 | 0.001293525 | 0.002891444
        24 -> 28 |   0.9945955 |   0.9900956 |   0.9872427 |   0.8099748 |  0.08627451 |  0.03397873 |  0.01591933 |  0.02043102
        28 -> 32 |   0.9975145 |   0.9957693 |   0.9954002 |   0.9516541 |   0.7866816 |   0.1149599 |   0.1291781 |  0.07597422
        32 -> 36 |    0.999123 |   0.9986693 |   0.9984702 |   0.9895653 |   0.9860942 |   0.8546597 |   0.1078391 |   0.1065042
        36 -> 40 |   0.9996829 |   0.9996653 |   0.9997487 |   0.9972059 |   0.9925614 |   0.1693385 |   0.1466101 |  0.03866627
---------------------------------------------------------------------------------------------------------------------------------------
Subspace Tilt / Gap: sin(theta_{max}) = sqrt(1 - sigma_{min}^2) across Dimension Steps:
---------------------------------------------------------------------------------------------------------------------------------------
        16 -> 20 |    0.369437 |   0.4800035 |   0.8867903 |   0.9998602 |   0.9993308 |   0.9997827 |   0.9987329 |   0.9999438
        20 -> 24 |   0.2103033 |   0.3699294 |   0.4577786 |   0.9120982 |   0.9947095 |   0.9997074 |   0.9999992 |   0.9999958
        24 -> 28 |   0.1038262 |   0.1403947 |   0.1592228 |   0.5864647 |   0.9962714 |   0.9994226 |   0.9998733 |   0.9997913
        28 -> 32 |   0.0704614 |  0.09188848 |  0.09580454 |   0.3071717 |   0.6173589 |   0.9933701 |   0.9916214 |   0.9971098
        32 -> 36 |  0.04187269 |  0.05157198 |  0.05529229 |   0.1440853 |   0.1661874 |   0.5191887 |   0.9941684 |   0.9943122
        36 -> 40 |  0.02517972 |  0.02586947 |  0.02241792 |  0.07470239 |   0.1217452 |   0.9855579 |   0.9891944 |   0.9992522
---------------------------------------------------------------------------------------------------------------------------------------
Key Diagnostic Summary for Test A:
1. Subspace Convergence: Tracks whether the low-energy spectral subspace stabilizes as N increases.
2. Mode Boundary Sensitivity: Compares whether K <= 11/12 converges faster than K >= 13.

=======================================================================================================================================
TEST B: Spectral Projector Difference Norms: Operator Norm ||Delta P_K||_{op} and Frobenius Norm ||Delta P_K||_F
Delta P_K = P_K^{(N+4)} - tilde{P}_K^{(N)} in R^{(N+5) x (N+5)} across Canonical Cutoffs K in {10, 12, 14}
=======================================================================================================================================
 Step (N -> N+4) | K=10 ||Delta P||_op | K=10 ||Delta P||_F | K=12 ||Delta P||_op | K=12 ||Delta P||_F | K=14 ||Delta P||_op | K=14 ||Delta P||_F
---------------------------------------------------------------------------------------------------------------------------------------
        16 -> 20 |         0.88679028 |          1.2726239 |         0.99933081 |          1.4907274 |         0.99873291 |          1.6711084
        20 -> 24 |         0.45777861 |         0.64839334 |         0.99470955 |          1.4709458 |         0.99999916 |          1.9386718
        24 -> 28 |         0.15922275 |          0.2252148 |          0.9962714 |          1.4396337 |         0.99987328 |          1.5538734
        28 -> 32 |        0.095804539 |         0.13548954 |         0.61735893 |         0.88456456 |         0.99162141 |          1.4119432
        32 -> 36 |        0.055292288 |        0.078195228 |         0.16618737 |         0.23844037 |         0.99416836 |          1.4093236
        36 -> 40 |        0.022417918 |        0.031703741 |         0.12174516 |         0.20190307 |         0.98919436 |          1.4075473
---------------------------------------------------------------------------------------------------------------------------------------
Key Diagnostic Summary for Test B:
1. Cauchy Convergence Rate: ||Delta P_K|| measures the absolute distance between embedded spectral projectors.
2. Geometric Stabilization: The observed projector differences decrease rapidly over the computed sequence,
   providing numerical evidence consistent with convergence of the corresponding spectral subspaces.

=======================================================================================================================================
TEST C: Transition Cluster Energy Tracking: Ritz Energies E_j^{(N)} for Modes j in {7, ..., 16}
Tracking Downward Monotonic Drift and Investigating the Emergence of a Stabilizing Plateau
=======================================================================================================================================
  N |         E_7 |         E_8 |         E_9 |        E_10 |        E_11 |        E_12 |        E_13 |        E_14 |        E_15 |        E_16
---------------------------------------------------------------------------------------------------------------------------------------
 16 |  3.72594e-6 |  0.00129593 |    0.083584 |     1.03121 |     1.97535 |     2.17022 |     2.49019 |     2.75323 |     2.77175 |     3.31205
 20 |  9.54016e-9 |  7.02334e-6 |   0.0016811 |    0.123324 |     1.19869 |      1.9597 |     2.06247 |     2.45959 |     2.54822 |     2.63433
 24 | 6.80136e-11 |  5.55304e-8 |  2.84335e-5 |  0.00501165 |     0.39657 |      1.3064 |      1.8012 |     1.97886 |     2.05403 |     2.19182
 28 | 1.00934e-12 |  1.58651e-9 |  1.84022e-6 | 0.000688476 |    0.126111 |    0.664921 |     1.31022 |     1.73542 |     1.96037 |     1.97943
 32 | 2.36812e-14 | 7.14923e-11 |   1.6259e-7 | 0.000123731 |   0.0386853 |     0.58886 |    0.813235 |     1.31739 |     1.74759 |     1.96521
 36 |  1.8236e-15 | 8.25577e-12 |  2.53599e-8 |  3.34443e-5 |   0.0165406 |    0.585805 |     0.78161 |    0.894889 |     1.31982 |     1.73581
 40 | 2.79516e-16 | 1.53809e-12 |  6.91349e-9 |  1.46999e-5 |   0.0112179 |    0.572442 |    0.726113 |    0.782958 |    0.868439 |     1.31909
---------------------------------------------------------------------------------------------------------------------------------------
Step Decrements Delta E_j = E_j^{(N)} - E_j^{(N-4)} across the Dimension Steps:
---------------------------------------------------------------------------------------------------------------------------------------
 16->20 |  -3.7164e-6 |  -0.0012889 |   -0.081903 |   -0.907886 |    -0.77666 |    -0.21052 |   -0.427711 |   -0.293632 |   -0.223532 |   -0.677719
 20->24 | -9.47215e-9 | -6.96781e-6 | -0.00165266 |   -0.118313 |    -0.80212 |   -0.653309 |   -0.261273 |   -0.480738 |   -0.494193 |   -0.442509
 24->28 | -6.70043e-11 | -5.39439e-8 | -2.65933e-5 | -0.00432318 |   -0.270459 |   -0.641474 |   -0.490982 |    -0.24344 |  -0.0936513 |   -0.212385
 28->32 | -9.85657e-13 | -1.51502e-9 | -1.67763e-6 | -0.000564745 |  -0.0874255 |   -0.076061 |   -0.496984 |   -0.418029 |   -0.212781 |  -0.0142284
 32->36 | -2.18576e-14 | -6.32366e-11 |  -1.3723e-7 | -9.02866e-5 |  -0.0221447 | -0.00305487 |  -0.0316249 |   -0.422498 |    -0.42777 |   -0.229396
 36->40 | -1.54408e-15 | -6.71768e-12 | -1.84464e-8 | -1.87444e-5 |  -0.0053227 |  -0.0133627 |  -0.0554972 |   -0.111931 |   -0.451385 |   -0.416724
---------------------------------------------------------------------------------------------------------------------------------------
Key Diagnostic Summary for Test C:
1. Downward Deceleration Audit: Confirms whether the deceleration observed at N = 36 continues into N = 40.
2. Mode 13 Drift & Mode 12 Stabilization: Quantifies the ongoing drift of E_{13} (0.7816 -> 0.7261)
   in contrast to the emerging stability of E_{12} (0.5858 -> 0.5724).

=======================================================================================================================================
TEST D: Extended Low-Energy Mode Counting Function N(E; N) = #{l in {0, ..., N} : E_l(N) < E}
Auditing Whether Deep Tunneling (E < 0.01) Remains Saturated at 11 Modes up to N = 40
=======================================================================================================================================
  N |    E < 0.001 |     E < 0.01 |      E < 0.1 |     E < 0.25 |      E < 0.5 |     E < 0.75 |      E < 1.0 |      E < 1.5
---------------------------------------------------------------------------------------------------------------------------------------
 16 |            8 |            9 |           10 |           10 |           10 |           10 |           10 |           11
 20 |            9 |           10 |           10 |           11 |           11 |           11 |           11 |           12
 24 |           10 |           11 |           11 |           11 |           12 |           12 |           12 |           13
 28 |           11 |           11 |           11 |           12 |           12 |           13 |           13 |           14
 32 |           11 |           11 |           12 |           12 |           12 |           13 |           14 |           15
 36 |           11 |           11 |           12 |           12 |           12 |           13 |           15 |           16
 40 |           11 |           11 |           12 |           12 |           12 |           14 |           16 |           17
---------------------------------------------------------------------------------------------------------------------------------------
Key Diagnostic Summary for Test D:
1. Deep Tunneling Sector: Tests whether N(E < 0.001) and N(E < 0.01) remain strictly locked at 11 modes at N = 40.
2. Transition Sector Growth: Tracks the growth of N(E < 1.0) and N(E < 1.5) as N increases to 40.

================================================================================
CELL 90 EXECUTION COMPLETE
================================================================================
