================================================================================================
CELL 67 — AUDIT OF RELATIVE TUNNELING-SCALE ORDERING, BARRIER THINNING,
         AND THE EXCITED SECOND RESOLVENT MOMENT D_0^2 M_{2,exc}
================================================================================================
Parameters: c = 13, L = 2.56494935746154, T = 400, dps = 50

--- DIMENSION N =  8 (Elapsed: 121.38s) ---
  Ground scale:    D_0^2          = 6.48094082e-21
  Ground gap:      mu0 - lam0     = 3.83587644e-20
  Mode 1 gap:      mu1 - lam0     = 1.38723543e-15
  Ratio R_gap:     D0^2/gap_1     = 4.67183918e-6
  Gap Action:      -(1/N)logR_gap = 1.53424
  Excited M_1:     M_1^exc        = 43.9978281
  Excited M_2:     D0^2*M2_exc    = 3.73759357e-5
  Ratio rho_2^exc: D0^2*M2/M1_exc = 8.49495017e-7
  Ground b00^2:    b00^2          = 1.28608784 (<= N^2 = 64)
  Total D0^2*M2:   D0^2 * M_2     = 1.28612522
  Actions:         sigma_0 = 5.58841, sigma_1 = 4.27643, Delta_sigma = 1.31198

  Excited Odd Modes (Barrier Thinning Progression):
  ----------------------------------------------------------------------------------------
   j       mu_j - lam0     D_0^2 / (mu_j-lam0)       sigma_j    aj^2/(mu_j-lam0)
  ----------------------------------------------------------------------------------------
   1   1.387235426e-15          4.671839182e-6       4.27643           7.9995363
   2   1.874691236e-11         3.457071061e-10        3.0875           9.8005458
   3     9.44171937e-8         6.864153196e-14       2.02194           9.3868679
   4    4.233718919e-5         1.530791473e-16       1.25873           7.1404199
   5     0.01084579245         5.975534615e-19      0.565497           7.8213616
  ----------------------------------------------------------------------------------------

--- DIMENSION N = 12 (Elapsed: 170.86s) ---
  Ground scale:    D_0^2          = 4.41839913e-27
  Ground gap:      mu0 - lam0     = 1.38390914e-26
  Mode 1 gap:      mu1 - lam0     = 1.18648486e-21
  Ratio R_gap:     D0^2/gap_1     = 3.72394059e-6
  Gap Action:      -(1/N)logR_gap = 1.04173
  Excited M_1:     M_1^exc        = 64.3574874
  Excited M_2:     D0^2*M2_exc    = 2.56370911e-5
  Ratio rho_2^exc: D0^2*M2/M1_exc = 3.98354444e-7
  Ground b00^2:    b00^2          = 1.49600802 (<= N^2 = 144)
  Total D0^2*M2:   D0^2 * M_2     = 1.49603366
  Actions:         sigma_0 = 4.96186, sigma_1 = 4.01527, Delta_sigma = 0.946584

  Excited Odd Modes (Barrier Thinning Progression):
  ----------------------------------------------------------------------------------------
   j       mu_j - lam0     D_0^2 / (mu_j-lam0)       sigma_j    aj^2/(mu_j-lam0)
  ----------------------------------------------------------------------------------------
   1   1.186484859e-21          3.723940591e-6       4.01527           6.8842259
   2    4.91473646e-17         8.990103868e-11       3.12931            7.148193
   3   4.123932324e-13         1.071404373e-14        2.3764           9.2992999
   4   8.239801027e-10         5.362264346e-18       1.74307            9.896515
   5     1.74243296e-6         2.535764203e-21       1.10502           11.233286
  ----------------------------------------------------------------------------------------

--- DIMENSION N = 16 (Elapsed: 200.27s) ---
  Ground scale:    D_0^2          = 3.17795205e-32
  Ground gap:      mu0 - lam0     = 7.66005495e-32
  Mode 1 gap:      mu1 - lam0     = 1.27595595e-26
  Ratio R_gap:     D0^2/gap_1     = 2.49064401e-6
  Gap Action:      -(1/N)logR_gap = 0.806436
  Excited M_1:     M_1^exc        = 76.0912887
  Excited M_2:     D0^2*M2_exc    = 1.02873083e-5
  Ratio rho_2^exc: D0^2*M2/M1_exc = 1.35196925e-7
  Ground b00^2:    b00^2          = 1.61195217 (<= N^2 = 256)
  Total D0^2*M2:   D0^2 * M_2     = 1.61196246
  Actions:         sigma_0 = 4.47792, sigma_1 = 3.72647, Delta_sigma = 0.751449

  Excited Odd Modes (Barrier Thinning Progression):
  ----------------------------------------------------------------------------------------
   j       mu_j - lam0     D_0^2 / (mu_j-lam0)       sigma_j    aj^2/(mu_j-lam0)
  ----------------------------------------------------------------------------------------
   1   1.275955953e-26          2.490644011e-6       3.72647           4.1302898
   2   7.670623846e-22         4.143016416e-11       3.03872            5.474758
   3   1.425436904e-17         2.229458241e-15       2.42434           6.7777347
   4    7.54667142e-14         4.211064554e-19       1.88844           8.2127183
   5   3.582073523e-10          8.87182251e-23       1.35937           10.664252
  ----------------------------------------------------------------------------------------

--- DIMENSION N = 20 (Elapsed: 251.24s) ---
  Ground scale:    D_0^2          = 7.02834385e-37
  Ground gap:      mu0 - lam0     = 1.73655745e-36
  Mode 1 gap:      mu1 - lam0     = 6.39990962e-31
  Ratio R_gap:     D0^2/gap_1     = 1.09819423e-6
  Gap Action:      -(1/N)logR_gap = 0.686092
  Excited M_1:     M_1^exc        = 85.2547483
  Excited M_2:     D0^2*M2_exc    = 4.29284587e-6
  Ratio rho_2^exc: D0^2*M2/M1_exc = 5.03531586e-8
  Ground b00^2:    b00^2          = 1.68359656 (<= N^2 = 400)
  Total D0^2*M2:   D0^2 * M_2     = 1.68360086
  Actions:         sigma_0 = 4.11706, sigma_1 = 3.47619, Delta_sigma = 0.640865

  Excited Odd Modes (Barrier Thinning Progression):
  ----------------------------------------------------------------------------------------
   j       mu_j - lam0     D_0^2 / (mu_j-lam0)       sigma_j    aj^2/(mu_j-lam0)
  ----------------------------------------------------------------------------------------
   1   6.399909625e-31          1.098194234e-6       3.47619           3.9089634
   2   6.169495373e-26         1.139208869e-11       2.90238           3.9310561
   3   1.143793037e-21         6.144768869e-16         2.411           4.7616586
   4   1.929971386e-17         3.641682928e-20       1.92432           6.4438569
   5   1.192694282e-13         5.892829333e-24       1.48787           7.8328712
  ----------------------------------------------------------------------------------------

--- DIMENSION N = 24 (Elapsed: 307.26s) ---
  Ground scale:    D_0^2          = 1.29495976e-40
  Ground gap:      mu0 - lam0     = 4.34527537e-40
  Mode 1 gap:      mu1 - lam0     = 2.94860198e-34
  Ratio R_gap:     D0^2/gap_1     = 4.3917754e-7
  Gap Action:      -(1/N)logR_gap = 0.609932
  Excited M_1:     M_1^exc        = 93.654166
  Excited M_2:     D0^2*M2_exc    = 2.2525915e-6
  Ratio rho_2^exc: D0^2*M2/M1_exc = 2.40522296e-8
  Ground b00^2:    b00^2          = 1.72506931 (<= N^2 = 576)
  Total D0^2*M2:   D0^2 * M_2     = 1.72507156
  Actions:         sigma_0 = 3.77643, sigma_1 = 3.21694, Delta_sigma = 0.55949

  Excited Odd Modes (Barrier Thinning Progression):
  ----------------------------------------------------------------------------------------
   j       mu_j - lam0     D_0^2 / (mu_j-lam0)       sigma_j    aj^2/(mu_j-lam0)
  ----------------------------------------------------------------------------------------
   1   2.948601979e-34          4.391775401e-7       3.21694           5.1290904
   2   5.574766034e-29         2.322895268e-12        2.7107           4.3867021
   3   2.133157593e-24         6.070623981e-17       2.27102            4.552669
   4   5.720129538e-20         2.263864403e-21       1.84615           5.3002281
   5   4.195433809e-16         3.086593241e-25       1.47531           6.0432792
  ----------------------------------------------------------------------------------------

================================================================================================================
SYNTHESIS TABLE 1: RELATIVE TUNNELING GAP, DECAY ACTION & EXCITED SECOND-MOMENT BOUNDS
================================================================================================================
   N |            D_0^2 |     mu_1 - lam_0 |    D_0^2/gap_1 |  -(1/N)logRgap |    M_1^exc |  D_0^2*M_{2,exc} |    rho_2^exc
----------------------------------------------------------------------------------------------------------------
   8 |    6.4809408e-21 |    1.3872354e-15 |     4.67184e-6 |        1.53424 |    43.9978 |     3.7375936e-5 |   8.49495e-7
  12 |    4.4183991e-27 |    1.1864849e-21 |     3.72394e-6 |        1.04173 |    64.3575 |     2.5637091e-5 |   3.98354e-7
  16 |    3.1779521e-32 |     1.275956e-26 |     2.49064e-6 |       0.806436 |    76.0913 |     1.0287308e-5 |   1.35197e-7
  20 |    7.0283438e-37 |    6.3999096e-31 |     1.09819e-6 |       0.686092 |    85.2547 |     4.2928459e-6 |   5.03532e-8
  24 |    1.2949598e-40 |     2.948602e-34 |     4.39178e-7 |       0.609932 |    93.6542 |     2.2525915e-6 |   2.40522e-8
================================================================================================================

================================================================================================
SYNTHESIS TABLE 2: SEMICLASSICAL BARRIER THINNING & TOTAL SECOND MOMENT D_0^2 M_2
================================================================================================
   N |    sigma_0 |    sigma_1 |  Delta sigma |     b_{00}^2 |      D_0^2*M_2 |      N^2
------------------------------------------------------------------------------------------------
   8 |    5.58841 |    4.27643 |      1.31198 |      1.28609 |        1.28613 |       64
  12 |    4.96186 |    4.01527 |     0.946584 |      1.49601 |        1.49603 |      144
  16 |    4.47792 |    3.72647 |     0.751449 |      1.61195 |        1.61196 |      256
  20 |    4.11706 |    3.47619 |     0.640865 |       1.6836 |         1.6836 |      400
  24 |    3.77643 |    3.21694 |      0.55949 |      1.72507 |        1.72507 |      576
================================================================================================

================================================================================
CELL 67 EXECUTION COMPLETE
================================================================================
