========================================================================
CELL 32 — ANALYTICAL TAIL STRUCTURE
========================================================================

c              = 13
N              = 8
T_ground       = 400
ground dps     = 150
working dps    = 100

GROUND STATE CACHE: HIT
  key            = 7f77f99cab98fbfd41bfc923f4e7a5c8daa05b4944fd7232e65374127943dd3a
  generation dps = 150
  working dps    = 100
  lookup         = 0.000663 s

GROUND STATE CACHE: RETURN
  generation dps = 150
  working dps    = 100
  decode         = 0.000683 s
  validation     = 0.000346 s
  total          = 0.001693 s

GROUND STATE
------------------------------------------------------------------------
lambda_min     = 6.71093525012596210347095894861e-23
L              = 2.56494935746153673605348744157
||v||          = 1.0
norm error     = 0.0

LEADING COEFFICIENT
------------------------------------------------------------------------
T_v(0)         = 0.00000000008050429069050530561039398958598994670077
A              = 5.053464935460087806760270731034912545611e-21

Predicted form:
  K_fourier(r) = (1-cos(rL)) * [ A/r^2 + O(r^-4) ]

EXACT FACTORISATION TEST
------------------------------------------------------------------------
           r                  K_fourier              reconstructed  relative error
------------------------------------------------------------------------
        17.3  1.17221077323973251639522e-9  1.17221077323973251639522e-9  3.8944129e-94
        37.1  1.47128301802991379374033e-24  1.47128301802991379374033e-24  2.3780826e-79
       103.7  3.510841383662181719224812e-25  3.510841383662181719224812e-25  2.5221534e-79
       317.2  3.808198964849001271842699e-26  3.808198964849001271842699e-26  1.4553751e-78

LARGE-r TEST
------------------------------------------------------------------------
           r                        r^2 R(r)     difference from A      relative
------------------------------------------------------------------------
       100.0  2.53478713681876527176633299402e-21  -2.518677798641322535e-21    0.49840611
       300.0  1.66984828023667876492480050976e-21  -3.3836166552234090418e-21     0.6695637
      1000.0  4.64312588852226662615591872611e-21  -4.103390469378211806e-22   0.081199544
      3000.0  5.00669032595385198453738356519e-21  -4.6774609506235822223e-23  0.0092559482
     10000.0  5.04924298021476688130854218187e-21  -4.2219552453209254517e-24  0.00083545751
     30000.0  5.05299570959802536229284919644e-21  -4.6922586206244446742e-25  9.2852304e-5
    100000.0  5.05342270390668386227289979227e-21  -4.2231553403944487371e-26  8.3569499e-6

NEXT-ORDER COEFFICIENT PROBE
------------------------------------------------------------------------
           r                   r^4 [R-A/r^2]     successive change
------------------------------------------------------------------------
       100.0  -2.51867779864132253499393773702e-17                   nan
       300.0  -3.04525498970106813765192319915e-16  -2.7933872098369358842e-16
      1000.0  -4.10339046937821180604352004923e-16  -1.0581354796771436684e-16
      3000.0  -4.20971485556122400005984492633e-16  -1.0632438618301219402e-17
     10000.0  -4.2219552453209254517285491619e-16  -1.2240389759701451669e-18
     30000.0  -4.223032758562000206793811346e-16  -1.0775132410747550653e-19
    100000.0  -4.22315534039444873709387621259e-16  -1.2258183244853030006e-20

TAIL-SCALE SUMMARY
------------------------------------------------------------------------
r              = 100000.0
R(r)           = 5.053422703906683862272899792272786686994e-31
A/r^2          = 5.053464935460087806760270731034912545611e-31
residual        = -4.223155340394448737093876212585861654151e-36
residual/lead  = 8.3569499231322076265e-6

========================================================================
Elapsed time: 0.089 s
========================================================================
