
========================================================================
CELL 99 — SPECTRAL DECOMPOSITION OF FESHBACH CORRECTION
========================================================================

C=13, N=192, T=600, dps=50


GALERKIN MATRIX CACHE: GENERATION PRECISION PROMOTED
  requested dps = 50
  working dps   = 70
  generation dps = 70

GALERKIN MATRIX CACHE: HIT
  key            = 03fee50a84601d980ddfbdb58f963f612eb947677ab4571e0e08b8d08d88690c
  N              = 192 (dim = 385)
  generation dps = 70
  lookup         = 0.000952 s

GALERKIN MATRIX CACHE: RETURN
  decode         = 1.330071 s
  validation     = 0.376289 s
  total          = 1.707311 s

Full Galerkin matrix loaded in 1.708 s

Canonical matrix:
  dimension = 193
  conversion = 0.263 s

FULL CANONICAL SPECTRUM
  E11 = -1.06311187849184059e-51
  eigensolve = 544.079 s

========================================================================
SPECTRAL DECOMPOSITION SWEEP
========================================================================

------------------------------------------------------------------------
M = 24  |  dim(P) = 25  |  dim(Q) = 168
------------------------------------------------------------------------
  high-sector eigensolve = 381.196 s
  min(sigma(C)) = 0.304443498866
  dist(E11, sigma(C)) = 0.304443498866
  ||B||_op = 1.00799654744
  ||B||_F  = 1.35201376604

  PARSEVAL CHECK
    sum_j ||B u_j||^2 = 1.82794122354863
    ||B||_F^2         = 1.82794122354863
    absolute error    = 6.33898e-70

  COUPLING PROFILE
    isotropic baseline ||B||_F^2/q = 0.010880603
    closest mode to E11: j=0, mu_j = 0.304443498866, ||B u_j||^2 = 0.12533687
    ratio to isotropic: 11.5193

  TOP 10 CONTRIBUTORS to sum_j ||B u_j||^2 / |mu_j - E11|
  rank     j              mu_j        ||Bu_j||^2          |mu_j-E|           contrib    cumul_frac
     1     0    0.304443498866        0.12533687         0.3044435        0.41169174      0.308827
     2     6    0.965152718205        0.26761315        0.96515272        0.27727545      0.516823
     3     1    0.517499328738       0.046127959        0.51749933       0.089136268      0.583687
     4     8     1.04591293781       0.089960851         1.0459129       0.086011797      0.648208
     5    75     3.42363533764        0.22263507         3.4236353        0.06502885      0.696989
     6    61     3.10319706589        0.17562317         3.1031971       0.056594269      0.739443
     7     4    0.802359580639        0.03237025        0.80235958       0.040343819      0.769706
     8    60     3.09180010378       0.076214409         3.0918001       0.024650497      0.788198
     9    59     3.07715540977       0.055268053         3.0771554       0.017960761      0.801671
    10    74     3.41254067364       0.054791292         3.4125407       0.016055865      0.813715

  COUPLING STRENGTH BY EIGENVALUE QUARTILE
    modes    0--  41  mu in [0.304443, 2.51986]  sum ||Bu_j||^2 = 0.78557014  (42.98%)
    modes   42--  83  mu in [2.52975, 3.66295]  sum ||Bu_j||^2 = 0.80582858  (44.08%)
    modes   84-- 125  mu in [3.67386, 4.65138]  sum ||Bu_j||^2 = 0.10805412  (5.911%)
    modes  126-- 167  mu in [4.6644, 6.46691]  sum ||Bu_j||^2 = 0.12848838  (7.029%)

  COMPARISON
    crude envelope ||B||^2/delta_M = 3.337424
    trace bound sum ||Bu_j||^2/|mu_j-E| = 1.3330826
    actual ||R(E11)||                 = 0.90913832
    ratio actual/envelope        = 0.272407
    ratio actual/trace_bound     = 0.681982
  section elapsed = 1517.335 s

------------------------------------------------------------------------
M = 32  |  dim(P) = 33  |  dim(Q) = 160
------------------------------------------------------------------------
  high-sector eigensolve = 331.319 s
  min(sigma(C)) = 0.504743253123
  dist(E11, sigma(C)) = 0.504743253123
  ||B||_op = 0.881513202875
  ||B||_F  = 1.03643621941

  PARSEVAL CHECK
    sum_j ||B u_j||^2 = 1.0742000369006
    ||B||_F^2         = 1.0742000369006
    absolute error    = 5.43341e-71

  COUPLING PROFILE
    isotropic baseline ||B||_F^2/q = 0.0067137502
    closest mode to E11: j=0, mu_j = 0.504743253123, ||B u_j||^2 = 0.03335977
    ratio to isotropic: 4.96887

  TOP 10 CONTRIBUTORS to sum_j ||B u_j||^2 / |mu_j - E11|
  rank     j              mu_j        ||Bu_j||^2          |mu_j-E|           contrib    cumul_frac
     1     4    0.953402921236        0.29463764        0.95340292        0.30903791      0.424547
     2     0    0.504743253123        0.03335977        0.50474325       0.066092552      0.515343
     3    15     1.71796637571       0.086425476         1.7179664        0.05030685      0.584453
     4     1    0.698872698378       0.021112465         0.6988727       0.030209315      0.625954
     5     5     1.03692227592        0.02726881         1.0369223       0.026297835      0.662081
     6     2    0.790722335451       0.019487148        0.79072234       0.024644743      0.695937
     7    11      1.4820336608       0.035383064         1.4820337       0.023874669      0.728736
     8    21      2.0888969388        0.04101279         2.0888969       0.019633707      0.755708
     9     3    0.905745382142        0.01155414        0.90574538       0.012756499      0.773232
    10     6     1.03930746187       0.011768279         1.0393075       0.011323193      0.788788

  COUPLING STRENGTH BY EIGENVALUE QUARTILE
    modes    0--  39  mu in [0.504743, 2.56072]  sum ||Bu_j||^2 = 0.68927094  (64.17%)
    modes   40--  79  mu in [2.58497, 3.73747]  sum ||Bu_j||^2 = 0.1455122  (13.55%)
    modes   80-- 119  mu in [3.7739, 4.67557]  sum ||Bu_j||^2 = 0.093051207  (8.662%)
    modes  120-- 159  mu in [4.72373, 6.46681]  sum ||Bu_j||^2 = 0.14636569  (13.63%)

  COMPARISON
    crude envelope ||B||^2/delta_M = 1.5395263
    trace bound sum ||Bu_j||^2/|mu_j-E| = 0.72792359
    actual ||R(E11)||                 = 0.59412408
    ratio actual/envelope        = 0.385914
    ratio actual/trace_bound     = 0.81619
  section elapsed = 1544.230 s

------------------------------------------------------------------------
M = 48  |  dim(P) = 49  |  dim(Q) = 144
------------------------------------------------------------------------
  high-sector eigensolve = 240.283 s
  min(sigma(C)) = 0.823369018315
  dist(E11, sigma(C)) = 0.823369018315
  ||B||_op = 0.955945317383
  ||B||_F  = 1.13688358211

  PARSEVAL CHECK
    sum_j ||B u_j||^2 = 1.29250427926149
    ||B||_F^2         = 1.29250427926149
    absolute error    = 1.99225e-70

  COUPLING PROFILE
    isotropic baseline ||B||_F^2/q = 0.0089757242
    closest mode to E11: j=0, mu_j = 0.823369018315, ||B u_j||^2 = 0.03766012
    ratio to isotropic: 4.19578

  TOP 10 CONTRIBUTORS to sum_j ||B u_j||^2 / |mu_j - E11|
  rank     j              mu_j        ||Bu_j||^2          |mu_j-E|           contrib    cumul_frac
     1     3     1.08317202729       0.085577453          1.083172       0.079006336      0.119313
     2     5     1.28740752061       0.090869754         1.2874075        0.07058352      0.225907
     3     1    0.959543224895         0.0659395        0.95954322       0.068719677      0.329685
     4     9     1.66985437355       0.088305342         1.6698544       0.052882061      0.409547
     5     4     1.23133085133       0.057883602         1.2313309       0.047008976      0.480538
     6     0    0.823369018315        0.03766012        0.82336902       0.045739055      0.549612
     7     6     1.30284310926        0.04951544         1.3028431       0.038005682      0.607007
     8    11     1.70535634876       0.035227752         1.7053563        0.02065712      0.638203
     9    10     1.69759106878       0.031360833         1.6975911       0.018473726      0.666102
    10    53     3.31206153656       0.054384189         3.3120615       0.016420042      0.690899

  COUPLING STRENGTH BY EIGENVALUE QUARTILE
    modes    0--  35  mu in [0.823369, 2.80363]  sum ||Bu_j||^2 = 0.72751021  (56.29%)
    modes   36--  71  mu in [2.87389, 3.86686]  sum ||Bu_j||^2 = 0.22447088  (17.37%)
    modes   72-- 107  mu in [3.88972, 4.80913]  sum ||Bu_j||^2 = 0.18905305  (14.63%)
    modes  108-- 143  mu in [4.83081, 6.46656]  sum ||Bu_j||^2 = 0.15147013  (11.72%)

  COMPARISON
    crude envelope ||B||^2/delta_M = 1.1098686
    trace bound sum ||Bu_j||^2/|mu_j-E| = 0.6621753
    actual ||R(E11)||                 = 0.52746867
    ratio actual/envelope        = 0.475253
    ratio actual/trace_bound     = 0.79657
  section elapsed = 1473.213 s

------------------------------------------------------------------------
M = 64  |  dim(P) = 65  |  dim(Q) = 128
------------------------------------------------------------------------
  high-sector eigensolve = 170.092 s
  min(sigma(C)) = 0.892261937369
  dist(E11, sigma(C)) = 0.892261937369
  ||B||_op = 0.958748280292
  ||B||_F  = 1.17239914038

  PARSEVAL CHECK
    sum_j ||B u_j||^2 = 1.37451974436278
    ||B||_F^2         = 1.37451974436278
    absolute error    = 1.99225e-70

  COUPLING PROFILE
    isotropic baseline ||B||_F^2/q = 0.010738436
    closest mode to E11: j=0, mu_j = 0.892261937369, ||B u_j||^2 = 0.031949513
    ratio to isotropic: 2.97525

  TOP 10 CONTRIBUTORS to sum_j ||B u_j||^2 / |mu_j - E11|
  rank     j              mu_j        ||Bu_j||^2          |mu_j-E|           contrib    cumul_frac
     1    32     2.96246235608        0.11688063         2.9624624        0.03945388     0.0858278
     2     2     1.07346772088       0.040675204         1.0734677       0.037891409      0.168257
     3     0    0.892261937369       0.031949513        0.89226194       0.035807324      0.246152
     4    59     3.82569923668        0.13518086         3.8256992       0.035334942      0.323019
     5    53     3.63615506709        0.10209672         3.6361551       0.028078208      0.384101
     6    31     2.93919774436       0.072303976         2.9391977       0.024599902      0.437615
     7    65     3.94899729772       0.085869817         3.9489973       0.021744714      0.484918
     8    27     2.69742478963        0.04679495         2.6974248       0.017348009      0.522657
     9     3     1.29816864965       0.014971577         1.2981686       0.011532844      0.547746
    10    17     2.23841715519       0.025788748         2.2384172       0.011520975      0.572809

  COUPLING STRENGTH BY EIGENVALUE QUARTILE
    modes    0--  31  mu in [0.892262, 2.9392]  sum ||Bu_j||^2 = 0.39806951  (28.96%)
    modes   32--  63  mu in [2.96246, 3.89642]  sum ||Bu_j||^2 = 0.4951816  (36.03%)
    modes   64--  95  mu in [3.91453, 4.92095]  sum ||Bu_j||^2 = 0.29174183  (21.23%)
    modes   96-- 127  mu in [4.96747, 6.46626]  sum ||Bu_j||^2 = 0.1895268  (13.79%)

  COMPARISON
    crude envelope ||B||^2/delta_M = 1.0301888
    trace bound sum ||Bu_j||^2/|mu_j-E| = 0.45968628
    actual ||R(E11)||                 = 0.31726353
    ratio actual/envelope        = 0.307966
    ratio actual/trace_bound     = 0.690174
  section elapsed = 1292.258 s

================================================================================
CELL 99 EXECUTION COMPLETE
================================================================================
