================================================================================
CELL 121 — CORE-SIZE (L) INVARIANT PRODUCT MAPPING & CONTINUUM TRANSITION
  Configuration: c = 13, Primary T = 600, N_max = 192
  mpmath dps = 70, matrix dps = 70
  Core sizes L in [4, 6, 8, 10, 12, 14, 16]
  Dimensions N in [16, 20, 24, 28, 32, 36, 40, 48, 64]
================================================================================

  [Retrieved cached Q_full_600 in 1.75 s]

--- MODULE 1: EIGENSYSTEM ASSEMBLY & PARITY SPLITTING AUDIT ---
  Solving even and odd sectors across N in [16, 64] at 70 dps.
  Tracking parity doublets Delta_0, Delta_1, Delta_2 and operator norm ||Q_{even}||.

     N | ||Q||_{op} |       Delta_0(N) |       Delta_1(N) |       Delta_2(N) |   Floor Flag
  ----------------------------------------------------------------------------------
    16 |     3.3191 |       8.2357e-32 |       1.3465e-26 |       8.0333e-22 |        CLEAN
    20 |     3.6128 |       1.9397e-36 |       7.0331e-31 |         6.66e-26 |        CLEAN
    24 |     3.8173 |       4.9186e-40 |       3.3571e-34 |       6.2467e-29 |        CLEAN
    28 |     4.0996 |       1.9609e-43 |       1.8209e-37 |       6.8871e-32 |        CLEAN
    32 |     4.1141 |       5.4013e-46 |       7.9126e-40 |       3.6024e-34 |        CLEAN
    36 |     4.2934 |       2.1735e-48 |       5.0869e-42 |        3.952e-36 |        CLEAN
    40 |     4.6689 |       4.8856e-51 |       9.2842e-44 |       1.0378e-37 |           d0
    48 |     4.9609 |       2.7814e-50 |       2.4442e-46 |       5.0775e-40 |           d0
    64 |     5.1347 |       6.3141e-51 |       5.7291e-48 |        2.533e-41 |           d0

--- MODULE 2: LOWER RITZ GAPS g_{2, L}(N) = E_{L+1} - E_3 ---
  Mapping Ritz gaps to observe the bound-state clustering (L < 11)
  versus scattering continuum stabilization (L >= 12):

     N | L= 4 | L= 6 | L= 8 | L=10 | L=12 | L=14 | L=16
  --------------------------------------------------------------------------------------------------
    16 |  6.431e-12 |   3.916e-6 |    0.08674 |      1.976 |       2.49 |      2.775 |        ---
    20 |   2.06e-15 |   1.033e-8 |   0.001773 |      1.211 |      2.067 |       2.55 |      2.769
    24 |  6.755e-18 |  7.406e-11 |   3.043e-5 |     0.4118 |      1.801 |      2.055 |      2.483
    28 |  2.632e-20 |   1.11e-12 |   2.014e-6 |     0.1337 |      1.314 |      1.962 |      2.127
    32 |  3.146e-22 |   2.58e-14 |   1.814e-7 |    0.04158 |     0.8162 |      1.748 |      1.983
    36 |  9.424e-24 |  1.955e-15 |   2.871e-8 |    0.01811 |     0.7816 |      1.322 |      1.923
    40 |  6.441e-25 |  2.944e-16 |   7.934e-9 |    0.01245 |     0.7275 |     0.8774 |      1.677
    48 |  2.112e-26 |  2.941e-17 |   2.997e-9 |   0.009243 |     0.6288 |     0.7824 |       1.32
    64 |  5.038e-27 |  1.482e-17 |   1.832e-9 |   0.006025 |     0.5824 |     0.7821 |     0.8731

--- MODULE 3: SPECTRAL FACTORS R_{spec, 2}(N, L) ---
  R_{spec, 2}(N, L) = ||Q_{even}||_{op} / [(E_{L+1} - E_2) * (E_{L+1} - E_3)]

     N | L= 4 | L= 6 | L= 8 | L=10 | L=12 | L=14 | L=16
  --------------------------------------------------------------------------------------------------
    16 |  8.024e+22 |  2.164e+11 |      441.2 |     0.8496 |     0.5352 |      0.431 |        ---
    20 |  8.516e+29 |  3.388e+16 |   1.149e+6 |      2.462 |     0.8459 |     0.5558 |     0.4712
    24 |  8.365e+34 |  6.959e+20 |   4.123e+9 |      22.51 |      1.177 |     0.9041 |     0.6194
    28 |   5.92e+39 |  3.328e+24 |   1.01e+12 |      229.3 |      2.374 |      1.065 |     0.9063
    32 |  4.156e+43 |  6.181e+27 |   1.25e+14 |     2379.0 |      6.175 |      1.346 |      1.047
    36 |  4.835e+46 |  1.123e+30 |   5.21e+15 |   1.309e+4 |      7.027 |      2.456 |      1.161
    40 |  1.125e+49 |  5.388e+31 |  7.417e+16 |    3.01e+4 |      8.823 |      6.064 |       1.66
    48 |  1.112e+52 |  5.735e+33 |  5.521e+17 |   5.807e+4 |      12.55 |      8.105 |      2.846
    64 |  2.023e+53 |  2.336e+34 |   1.53e+18 |   1.415e+5 |      15.14 |      8.394 |      6.736

--- MODULE 4: GATE 1 INVARIANT PRODUCTS P_2(N, L) = Delta_2(N) * R_{spec, 2}(N, L) ---
  Evaluating the Gate 1 tail extinction product across the 2D (N, L) grid:

     N | L= 4 | L= 6 | L= 8 | L=10 | L=12 | L=14 | L=16
  --------------------------------------------------------------------------------------------------
    16 |      64.46 |  1.739e-10 |  3.544e-19 |  6.826e-22 |  4.299e-22 |  3.463e-22 |        ---
    20 |   5.672e+4 |   2.256e-9 |  7.652e-20 |   1.64e-25 |  5.633e-26 |  3.702e-26 |  3.138e-26
    24 |   5.226e+6 |   4.347e-8 |  2.576e-19 |  1.406e-27 |  7.349e-29 |  5.648e-29 |  3.869e-29
    28 |   4.077e+8 |   2.292e-7 |  6.959e-20 |  1.579e-29 |  1.635e-31 |  7.337e-32 |  6.242e-32
    32 |  1.497e+10 |   2.227e-6 |  4.504e-20 |   8.57e-31 |  2.225e-33 |  4.849e-34 |   3.77e-34
    36 |  1.911e+11 |   4.437e-6 |  2.059e-20 |  5.174e-32 |  2.777e-35 |  9.707e-36 |  4.588e-36
    40 |  1.168e+12 |   5.592e-6 |  7.698e-21 |  3.124e-33 |  9.157e-37 |  6.294e-37 |  1.722e-37
    48 |  5.646e+12 |   2.912e-6 |  2.803e-22 |  2.949e-35 |   6.37e-39 |  4.115e-39 |  1.445e-39
    64 |  5.125e+12 |   5.918e-7 |  3.876e-23 |  3.583e-36 |  3.834e-40 |  2.126e-40 |  1.706e-40

--- MODULE 5: SUPREMUM ENVELOPE S_2(L) = sup_{N} P_2(N, L) ---
  Tracking the envelope over reliable dimensions N in [20, 64]:

     L |   S_2(L) = sup_N P_2 |   argmax N |      min_N P_2(N, L) |           Status
  ------------------------------------------------------------------------------
     4 |          5.64622e+12 |         48 |              56717.4 | BLOW-UP (CROWDED)
     6 |           5.59227e-6 |         40 |           2.25626e-9 |         SUB-UNIT
     8 |          2.57563e-19 |         24 |          3.87642e-23 | STRONG SUPPRESSION
    10 |          1.63994e-25 |         20 |          3.58329e-36 |  DEEP EXTINCTION
    12 |          5.63344e-26 |         20 |           3.8342e-40 |  DEEP EXTINCTION
    14 |          3.70171e-26 |         20 |          2.12628e-40 |  DEEP EXTINCTION
    16 |           3.1385e-26 |         20 |           1.7061e-40 |  DEEP EXTINCTION

--- MODULE 6: MULTI-DOUBLET GATE 1 PRODUCTS P_j(N, L) AT N = 24 & N = 32 ---
  Comparing doublets j = 0 (ground), j = 1, j = 2 across core sizes L:

  Dimension N = 24:
       L |          P_0(N, L) |          P_1(N, L) |          P_2(N, L)
    ------------------------------------------------------------
       4 |          4.1145e-5 |             28.083 |          5.2255e+6
       6 |         3.4229e-19 |         2.3363e-13 |          4.3472e-8
       8 |          2.028e-30 |         1.3842e-24 |         2.5756e-19
      10 |         1.1074e-38 |         7.5584e-33 |         1.4064e-27
      12 |         5.7869e-40 |         3.9498e-34 |         7.3495e-29
      14 |         4.4471e-40 |         3.0353e-34 |         5.6479e-29
      16 |         3.0464e-40 |         2.0793e-34 |         3.8689e-29

  Dimension N = 32:
       L |          P_0(N, L) |          P_1(N, L) |          P_2(N, L)
    ------------------------------------------------------------
       4 |           0.022447 |            32883.0 |         1.4971e+10
       6 |         3.3383e-18 |         4.8904e-12 |          2.2265e-6
       8 |         6.7533e-32 |         9.8932e-26 |         4.5042e-20
      10 |          1.285e-42 |         1.8825e-36 |         8.5704e-31
      12 |         3.3356e-45 |         4.8864e-39 |         2.2247e-33
      14 |         7.2704e-46 |         1.0651e-39 |          4.849e-34
      16 |         5.6527e-46 |         8.2809e-40 |         3.7701e-34

================================================================================
CELL 121 SYNTHESIS SUMMARY
================================================================================
  Configuration: c = 13, T = 600, N in [16, 64], L in [4, 16]
  Key Findings:
    - Bound-state capacity transition (L < 11 vs L >= 12)
    - Convergence of the joint product P_j(N, L) -> 0 as L -> inf
  Total Cell 121 execution time: 90.42 s
================================================================================
CELL 121 EXECUTION COMPLETE
================================================================================
