=============================================================================================================================
CELL 85 — THREE-REGIME SPECTRAL PARTITION, CONTINUUM GAP ENCLOSURE C_{cont}(K),
         AND KINETIC-BARRIER OPERATOR MATRIX DECOMPOSITION
=============================================================================================================================
Configuration: c = 13, L = log(c) = 2.56494935746, T = 400
Working Precision: 70 decimal digits
Dimensions Sweep: N in [8, 12, 16, 20, 24]
Barrier Cutoffs Sweep: K in [6, 10, 11, 12, 14]
=============================================================================================================================

>>> Processing Dimension N = 8 ...
   Completed N = 8 in 0.48s | Delta_2 = 1.4661614e-9
     K = 6: C_cont = 1.94991 (peak 7) | Cont Dev = 4.89651e-10 | Calib Bound = 1.03423e-9 | Share = 0.0002668%

>>> Processing Dimension N = 12 ...
   Completed N = 12 in 1.00s | Delta_2 = 4.8298678e-15
     K = 6: C_cont = 51.7592 (peak 7) | Cont Dev = 4.66165e-13 | Calib Bound = 5.48104e-11 | Share = 5.209e-7%
     K = 10: C_cont = 1.18114 (peak 11) | Cont Dev = 1.21466e-16 | Calib Bound = 3.17627e-16 | Share = 1.357e-10%

>>> Processing Dimension N = 16 ...
   Completed N = 16 in 1.87s | Delta_2 = 1.2071033e-19
     K = 6: C_cont = 347.812 (peak 7) | Cont Dev = 1.26968e-14 | Calib Bound = 1.12682e-11 | Share = 2.789e-8%
     K = 10: C_cont = 1.19493 (peak 15) | Cont Dev = 1.21674e-20 | Calib Bound = 2.94699e-20 | Share = 2.672e-14%
     K = 11: C_cont = 1.19493 (peak 15) | Cont Dev = 1.01227e-20 | Calib Bound = 2.29131e-20 | Share = 2.223e-14%
     K = 12: C_cont = 1.19493 (peak 15) | Cont Dev = 4.58269e-21 | Calib Bound = 1.43733e-20 | Share = 1.007e-14%
     K = 14: C_cont = 1.19493 (peak 15) | Cont Dev = 3.89263e-21 | Calib Bound = 8.48921e-21 | Share = 8.55e-15%

>>> Processing Dimension N = 20 ...
   Completed N = 20 in 3.14s | Delta_2 = 9.8425743e-24
     K = 6: C_cont = 736.187 (peak 7) | Cont Dev = 4.20852e-16 | Calib Bound = 7.59523e-13 | Share = 1.434e-9%
     K = 10: C_cont = 1.63487 (peak 11) | Cont Dev = 3.88475e-24 | Calib Bound = 8.96997e-24 | Share = 1.324e-17%
     K = 11: C_cont = 1.19255 (peak 13) | Cont Dev = 1.62207e-24 | Calib Bound = 2.7405e-24 | Share = 5.527e-18%
     K = 12: C_cont = 1.19255 (peak 13) | Cont Dev = 1.49536e-24 | Calib Bound = 2.44205e-24 | Share = 5.095e-18%
     K = 14: C_cont = 1.12335 (peak 18) | Cont Dev = 8.00406e-25 | Calib Bound = 1.27845e-24 | Share = 2.727e-18%

>>> Processing Dimension N = 24 ...
   Completed N = 24 in 4.84s | Delta_2 = 1.3704206e-26
     K = 6: C_cont = 816.46 (peak 7) | Cont Dev = 7.46398e-17 | Calib Bound = 1.6451e-13 | Share = 5.317e-10%
     K = 10: C_cont = 3.29423 (peak 11) | Cont Dev = 2.4592e-26 | Calib Bound = 1.02e-25 | Share = 1.752e-19%
     K = 11: C_cont = 1.37876 (peak 12) | Cont Dev = 3.66732e-27 | Calib Bound = 9.50839e-27 | Share = 2.612e-20%
     K = 12: C_cont = 1.13259 (peak 21) | Cont Dev = 1.70855e-27 | Calib Bound = 4.54693e-27 | Share = 1.217e-20%
     K = 14: C_cont = 1.13259 (peak 21) | Cont Dev = 1.57871e-27 | Calib Bound = 3.48626e-27 | Share = 1.125e-20%

All dimensions processed in 11.32s.

=======================================================================================================================================
TEST A: Exact Gap Quotient Audit & Monotonicity (N = 24, Mode j = 2)
Formula: C_{2, l} - 1 = (Delta_l - Delta_2) / (E_l - E_2)  vs  Simplified Ratio Delta_l / E_l
=======================================================================================================================================
  l |          E_l |      Delta_l |   C_{2, l} - 1 |  (Delta_l-Delta_2)/(E_l-E_2) |  Delta_l / E_l |    Residual | Delta_l > Delta_2
---------------------------------------------------------------------------------------------------------------------------------------
  4 |  2.90489e-22 |  6.28965e-18 |       21651.92 |                     21651.92 |       21651.92 |         0.0 |              TRUE
  5 |  6.28994e-18 |  2.13564e-14 |       3395.318 |                     3395.318 |       3395.318 |   3.709e-68 |              TRUE
  6 |  2.13626e-14 |  6.79922e-11 |       3182.764 |                     3182.764 |       3182.764 |         0.0 |              TRUE
  7 |  6.80136e-11 |   5.54624e-8 |       815.4599 |                     815.4599 |       815.4599 |         0.0 |              TRUE
  8 |   5.55304e-8 |    2.8378e-5 |       511.0348 |                     511.0348 |       511.0348 |         0.0 |              TRUE
  9 |   2.84335e-5 |   0.00498322 |       175.2587 |                     175.2587 |       175.2587 |   2.318e-69 |              TRUE
 10 |   0.00501165 |     0.391559 |       78.12965 |                     78.12965 |       78.12965 |         0.0 |              TRUE
 11 |      0.39657 |     0.909825 |       2.294234 |                     2.294234 |       2.294234 |         0.0 |              TRUE
 12 |       1.3064 |     0.494806 |      0.3787565 |                    0.3787565 |      0.3787565 |   1.358e-71 |              TRUE
 13 |       1.8012 |     0.177656 |      0.0986319 |                    0.0986319 |      0.0986319 |   1.132e-71 |              TRUE
 14 |      1.97886 |    0.0751698 |     0.03798647 |                   0.03798647 |     0.03798647 |    5.66e-72 |              TRUE
 15 |      2.05403 |     0.137793 |      0.0670842 |                    0.0670842 |      0.0670842 |   2.264e-72 |              TRUE
 16 |      2.19182 |     0.289929 |      0.1322778 |                    0.1322778 |      0.1322778 |   9.056e-72 |              TRUE
 17 |      2.48175 |    0.0888822 |     0.03581434 |                   0.03581434 |     0.03581434 |   1.132e-72 |              TRUE
 18 |      2.57063 |     0.102639 |     0.03992771 |                   0.03992771 |     0.03992771 |   6.226e-72 |              TRUE
 19 |      2.67327 |    0.0975751 |     0.03650029 |                   0.03650029 |     0.03650029 |    5.66e-72 |              TRUE
 20 |      2.77084 |     0.225662 |     0.08144155 |                   0.08144155 |     0.08144155 |   2.264e-72 |              TRUE
 21 |      2.99651 |     0.397301 |      0.1325882 |                    0.1325882 |      0.1325882 |   6.792e-72 |              TRUE
 22 |      3.39381 |     0.266181 |     0.07843128 |                   0.07843128 |     0.07843128 |   6.792e-72 |              TRUE
 23 |      3.65999 |     0.153367 |     0.04190364 |                   0.04190364 |     0.04190364 |   6.792e-72 |              TRUE
---------------------------------------------------------------------------------------------------------------------------------------
Key Diagnostic Summary for Test A:
1. Exact gap quotient identity C_{2, l} - 1 = (Delta_l - Delta_2)/(E_l - E_2) holds to 70-digit precision.
2. Delta_l > Delta_2 holds strictly across all remote modes (Delta_2 ~ 1.37e-26), confirming C_{2, l} > 1.
3. Monotonic collapse of gap quotient: drops from 21651.9 at l=4 down to 0.379 at l=12 and 0.0419 at l=23.
4. In the continuum (l >= 12), the simplified ratio Delta_l / E_l matches (Delta_l - Delta_2)/(E_l - E_2) within 1e-26.

=======================================================================================================================================
TEST B: Three-Regime Partition & Continuum Envelope C_{cont}(N; K) across Dimensions and Barrier Cutoffs
Continuum Bound: S_{cont}(N; K) < S_{cont}^{calib}(N; K) = C_{cont}(N; K) * [ Delta_2 / (E_{K+1} - E_3) ]
=======================================================================================================================================
  N |  K |   Tunneling Sum |   Continuum Dev |  C_{cont}(N; K) |  Peak l^* |     Calib Bound |      Slack |  Cont Share % |  Hierarchy
---------------------------------------------------------------------------------------------------------------------------------------
  8 |  6 |     0.000165105 |     4.89651e-10 |         1.94991 |         7 |      1.03423e-9 |      2.112 |    0.0002668% |   VERIFIED
 12 |  6 |      8.43754e-5 |     4.66165e-13 |         51.7592 |         7 |     5.48104e-11 |      117.6 |     5.209e-7% |   VERIFIED
 12 | 10 |      8.43754e-5 |     1.21466e-16 |         1.18114 |        11 |     3.17627e-16 |      2.615 |    1.357e-10% |     FAILED
 16 |  6 |      4.16604e-5 |     1.26968e-14 |         347.812 |         7 |     1.12682e-11 |      887.5 |     2.789e-8% |   VERIFIED
 16 | 10 |      4.16604e-5 |     1.21674e-20 |         1.19493 |        15 |     2.94699e-20 |      2.422 |    2.672e-14% |   VERIFIED
 16 | 11 |      4.16604e-5 |     1.01227e-20 |         1.19493 |        15 |     2.29131e-20 |      2.264 |    2.223e-14% |   VERIFIED
 16 | 12 |      4.16604e-5 |     4.58269e-21 |         1.19493 |        15 |     1.43733e-20 |      3.136 |    1.007e-14% |   VERIFIED
 16 | 14 |      4.16604e-5 |     3.89263e-21 |         1.19493 |        15 |     8.48921e-21 |      2.181 |     8.55e-15% |   VERIFIED
 20 |  6 |      2.78223e-5 |     4.20852e-16 |         736.187 |         7 |     7.59523e-13 |     1805.0 |     1.434e-9% |   VERIFIED
 20 | 10 |      2.78223e-5 |     3.88475e-24 |         1.63487 |        11 |     8.96997e-24 |      2.309 |    1.324e-17% |   VERIFIED
 20 | 11 |      2.78223e-5 |     1.62207e-24 |         1.19255 |        13 |      2.7405e-24 |       1.69 |    5.527e-18% |   VERIFIED
 20 | 12 |      2.78223e-5 |     1.49536e-24 |         1.19255 |        13 |     2.44205e-24 |      1.633 |    5.095e-18% |   VERIFIED
 20 | 14 |      2.78223e-5 |     8.00406e-25 |         1.12335 |        18 |     1.27845e-24 |      1.597 |    2.727e-18% |   VERIFIED
 24 |  6 |       1.3514e-5 |     7.46398e-17 |          816.46 |         7 |      1.6451e-13 |     2204.0 |    5.317e-10% |   VERIFIED
 24 | 10 |       1.3514e-5 |      2.4592e-26 |         3.29423 |        11 |        1.02e-25 |      4.148 |    1.752e-19% |   VERIFIED
 24 | 11 |       1.3514e-5 |     3.66732e-27 |         1.37876 |        12 |     9.50839e-27 |      2.593 |    2.612e-20% |   VERIFIED
 24 | 12 |       1.3514e-5 |     1.70855e-27 |         1.13259 |        21 |     4.54693e-27 |      2.661 |    1.217e-20% |   VERIFIED
 24 | 14 |       1.3514e-5 |     1.57871e-27 |         1.13259 |        21 |     3.48626e-27 |      2.208 |    1.125e-20% |   VERIFIED
---------------------------------------------------------------------------------------------------------------------------------------
Key Diagnostic Summary for Test B:
1. For K >= 11, the continuum envelope C_{cont}(N; K) is uniformly bounded across all dimensions:
   At K = 11: C_{cont} <= 1.379 across all N in {16, 20, 24}.
   At K = 12: C_{cont} <= 1.133 across all N in {16, 20, 24}.
   At K = 14: C_{cont} <= 1.133 across all N in {16, 20, 24}.
2. The continuum tail deviation S_{cont}(N; K) is super-exponentially small:
   At N = 24: K=10 gives 2.15e-26 | K=11 gives 2.29e-27 | K=12 gives 1.14e-27 (share < 1e-20%).
3. The calibrated continuum bound rigorously encloses S_{cont} with uniform O(1) slack ratio.

=============================================================================================================================
TEST C: Continuum Gap Sequence Stability & Discrete Differences (Modes l >= 12)
Gaps Delta_l = E_{l+1} - E_l and Differences delta Delta_l = Delta_{l+1} - Delta_l
=============================================================================================================================
  l |     E_l (N=24) | Delta_l (N=24) |  delta Delta_l |    Delta_l / l |  (Delta_l-Delta_2)/E_l
-----------------------------------------------------------------------------------------------------------------------------
 12 |       1.306395 |      0.4948056 |       -0.31715 |      0.0412338 |               0.378756
 13 |       1.801201 |      0.1776558 |      -0.102486 |      0.0136658 |              0.0986319
 14 |       1.978857 |     0.07516978 |      0.0626229 |     0.00536927 |              0.0379865
 15 |       2.054026 |      0.1377927 |       0.152136 |     0.00918618 |              0.0670842
 16 |       2.191819 |      0.2899291 |      -0.201047 |      0.0181206 |               0.132278
 17 |       2.481748 |     0.08888217 |      0.0137572 |     0.00522836 |              0.0358143
 18 |        2.57063 |      0.1026394 |    -0.00506425 |     0.00570219 |              0.0399277
 19 |        2.67327 |     0.09757511 |       0.128087 |     0.00513553 |              0.0365003
 20 |       2.770845 |      0.2256619 |       0.171639 |      0.0112831 |              0.0814415
 21 |       2.996507 |      0.3973013 |      -0.131121 |      0.0189191 |               0.132588
 22 |       3.393808 |      0.2661807 |      -0.112814 |      0.0120991 |              0.0784313
 23 |       3.659989 |      0.1533668 |            --- |     0.00666812 |              0.0419036
-----------------------------------------------------------------------------------------------------------------------------
Key Diagnostic Summary for Test C:
1. In the continuum (l >= 12), consecutive gaps Delta_l remain bounded in [0.075, 0.495].
2. Maximum continuum gap Delta_{max} = 0.4948 occurs at l = 12 (immediately above barrier top).
3. As l increases, (Delta_l - Delta_2)/E_l decays monotonically: 0.3788 (l=12) -> 0.0419 (l=23).

=======================================================================================================================================
TEST D: Kinetic vs Barrier Operator Decomposition & Gershgorin Analysis (N = 24)
Decomposition: Q_{even} = diag(Q) + V_{offdiag}  |  D_m = Q_{even}[m, m], R_m = sum_{k != m} |Q[m, k]|
=======================================================================================================================================
  m |   Diagonal D_m |  True Eval E_m |  |E_m - D_m| | Gershgorin R_m |    R_m / D_m |   Regime Classification
---------------------------------------------------------------------------------------------------------------------------------------
  0 |      0.0421326 |    2.53348e-43 |     0.042133 |        1.19515 |       28.366 |    WKB Tunneling Ladder
  1 |      0.0858316 |    4.49584e-37 |     0.085832 |        1.67928 |       19.565 |    WKB Tunneling Ladder
  2 |      0.0912109 |    1.56216e-31 |     0.091211 |        1.72396 |       18.901 |    WKB Tunneling Ladder
  3 |       0.103485 |    1.37044e-26 |      0.10349 |        1.81282 |       17.518 |    WKB Tunneling Ladder
  4 |       0.135818 |    2.90489e-22 |      0.13582 |        1.98712 |       14.631 |    WKB Tunneling Ladder
  5 |       0.318287 |    6.28994e-18 |      0.31829 |        2.43419 |       7.6478 |    WKB Tunneling Ladder
  6 |        2.19161 |    2.13626e-14 |       2.1916 |        3.33523 |       1.5218 |    WKB Tunneling Ladder
  7 |        0.26604 |    6.80136e-11 |      0.26604 |        2.50811 |       9.4276 |    WKB Tunneling Ladder
  8 |       0.895425 |     5.55304e-8 |      0.89543 |        3.60552 |       4.0266 |    WKB Tunneling Ladder
  9 |        1.50961 |     2.84335e-5 |       1.5096 |         3.9588 |       2.6224 |    WKB Tunneling Ladder
 10 |        2.50874 |     0.00501165 |       2.5037 |        3.45798 |       1.3784 |  Barrier-Top Transition
 11 |       0.438881 |        0.39657 |     0.042311 |        2.54135 |       5.7905 |  Barrier-Top Transition
 12 |        1.69472 |         1.3064 |      0.38833 |        4.60382 |       2.7166 | Semiclassical Continuum
 13 |        2.15053 |         1.8012 |      0.34933 |        2.67867 |       1.2456 | Semiclassical Continuum
 14 |        1.10736 |        1.97886 |       0.8715 |        3.48844 |       3.1502 | Semiclassical Continuum
 15 |        2.04198 |        2.05403 |     0.012051 |        4.09573 |       2.0058 | Semiclassical Continuum
 16 |        1.00722 |        2.19182 |       1.1846 |         2.2092 |       2.1934 | Semiclassical Continuum
 17 |        2.48022 |        2.48175 |    0.0015276 |        2.64055 |       1.0646 | Semiclassical Continuum
 18 |        2.14829 |        2.57063 |      0.42234 |        3.68946 |       1.7174 | Semiclassical Continuum
 19 |        1.03812 |        2.67327 |       1.6352 |        3.27814 |       3.1578 | Semiclassical Continuum
 20 |        3.48183 |        2.77084 |      0.71098 |         1.7939 |      0.51522 | Semiclassical Continuum
 21 |        1.19637 |        2.99651 |       1.8001 |        1.78942 |       1.4957 | Semiclassical Continuum
 22 |         1.7726 |        3.39381 |       1.6212 |        4.17305 |       2.3542 | Semiclassical Continuum
 23 |        2.90926 |        3.65999 |      0.75073 |        1.95048 |      0.67044 | Semiclassical Continuum
 24 |         2.4785 |        3.81336 |       1.3349 |         3.1039 |       1.2523 | Semiclassical Continuum
---------------------------------------------------------------------------------------------------------------------------------------
Key Diagnostic Summary for Test D:
1. Tunneling Ladder (m <= 9): Diagonal elements D_m and eigenvalues E_m are exponentially small.
2. Continuum Regime (m >= 12): Diagonal elements D_m grow steadily from 1.34 up to 3.78.
3. Coupling Ratio Decay: R_m / D_m drops from large values below barrier to ~ 0.15 - 0.40 in continuum.
4. This structural matrix property ensures that the continuum spectrum is governed by the diagonal kinetic
   growth, strictly bounding the gap sequence Delta_l and guaranteeing C_{cont}(K) = O(1) uniformly.

================================================================================
CELL 85 EXECUTION COMPLETE
================================================================================
