=========================================================================================================
CELL 74 — AUDIT OF LOCAL TWO-POLE CLUSTERING ARCHITECTURE, INTERLACING
         NEIGHBOUR GAPS, AND CONSECUTIVE MODAL GROWTH LADDER C_j = H(mu_{j+1})/H(mu_j)
=========================================================================================================
Parameters: c = 13, L = 2.56494935746154, T = 400, dps = 50, V_* = 1.0

--- DIMENSION N =  8 (Elapsed: 0.15s) ---
  Mode 2 Interlacing:  E_2 < mu_2 < E_3 = True
    Left dist delta_L  = mu_2 - E_2     = 1.85880446e-11
    Right dist delta_R = E_3 - mu_2     = 1.44757336e-9
    Dist ratio delta_R/delta_L          = 77.88
    Left pole H_2 (share)               = 1.05102e-11 (46.36%)
    Right pole H_3 (share)              = 1.215443e-11 (53.62%)
    Two-pole fidelity H_{2,3} / H_tot  = 99.9804%
    Outer residual H_tot - H_{2,3}     = 4.44e-15
    Pole asymmetry H_3 / H_2            = 1.1564
  Ladder ratio C_1 = H(mu_2)/H(mu_1)    = 15877.056
  Ladder ratio C_2 = H(mu_3)/H(mu_2)    = 7874.86938

--- DIMENSION N = 12 (Elapsed: 0.41s) ---
  Mode 2 Interlacing:  E_2 < mu_2 < E_3 = True
    Left dist delta_L  = mu_2 - E_2     = 4.88884803e-17
    Right dist delta_R = E_3 - mu_2     = 4.78097934e-15
    Dist ratio delta_R/delta_L          = 97.79
    Left pole H_2 (share)               = 4.228868e-17 (44.30%)
    Right pole H_3 (share)              = 5.315779e-17 (55.69%)
    Two-pole fidelity H_{2,3} / H_tot  = 99.9877%
    Outer residual H_tot - H_{2,3}     = 1.171e-20
    Pole asymmetry H_3 / H_2            = 1.2570
  Ladder ratio C_1 = H(mu_2)/H(mu_1)    = 60011.3143
  Ladder ratio C_2 = H(mu_3)/H(mu_2)    = 13905.6326

--- DIMENSION N = 16 (Elapsed: 0.94s) ---
  Mode 2 Interlacing:  E_2 < mu_2 < E_3 = True
    Left dist delta_L  = mu_2 - E_2     = 7.64059389e-22
    Right dist delta_R = E_3 - mu_2     = 1.19946274e-19
    Dist ratio delta_R/delta_L          = 156.99
    Left pole H_2 (share)               = 9.290817e-22 (42.02%)
    Right pole H_3 (share)              = 1.281727e-21 (57.97%)
    Two-pole fidelity H_{2,3} / H_tot  = 99.9941%
    Outer residual H_tot - H_{2,3}     = 1.301e-25
    Pole asymmetry H_3 / H_2            = 1.3796
  Ladder ratio C_1 = H(mu_2)/H(mu_1)    = 73372.3618
  Ladder ratio C_2 = H(mu_3)/H(mu_2)    = 33300.8032

--- DIMENSION N = 20 (Elapsed: 1.74s) ---
  Mode 2 Interlacing:  E_2 < mu_2 < E_3 = True
    Left dist delta_L  = mu_2 - E_2     = 6.1473443e-26
    Right dist delta_R = E_3 - mu_2     = 9.78110086e-24
    Dist ratio delta_R/delta_L          = 159.11
    Left pole H_2 (share)               = 1.098758e-25 (40.33%)
    Right pole H_3 (share)              = 1.625736e-25 (59.67%)
    Two-pole fidelity H_{2,3} / H_tot  = 99.9948%
    Outer residual H_tot - H_{2,3}     = 1.406e-29
    Pole asymmetry H_3 / H_2            = 1.4796
  Ladder ratio C_1 = H(mu_2)/H(mu_1)    = 165592.744
  Ladder ratio C_2 = H(mu_3)/H(mu_2)    = 32428.8543

--- DIMENSION N = 24 (Elapsed: 3.00s) ---
  Mode 2 Interlacing:  E_2 < mu_2 < E_3 = True
    Left dist delta_L  = mu_2 - E_2     = 5.55914444e-29
    Right dist delta_R = E_3 - mu_2     = 1.36486145e-26
    Dist ratio delta_R/delta_L          = 245.52
    Left pole H_2 (share)               = 9.193864e-29 (39.56%)
    Right pole H_3 (share)              = 1.404784e-28 (60.44%)
    Two-pole fidelity H_{2,3} / H_tot  = 99.9973%
    Outer residual H_tot - H_{2,3}     = 6.286e-33
    Pole asymmetry H_3 / H_2            = 1.5280
  Ladder ratio C_1 = H(mu_2)/H(mu_1)    = 395649.13
  Ladder ratio C_2 = H(mu_3)/H(mu_2)    = 75225.7835

=========================================================================================================
SYNTHESIS TABLE 1: EXACT INTERLACING BRACKETING AND SPECTRAL DISTANCES
=========================================================================================================
  N | Mode | Interlaced? |   delta_L = mu_j - E_j | delta_R = E_{j+1} - mu_j | delta_R / delta_L
------------------------------------------------------------------------------------------------
  8 |    2 |         YES |         1.85880446e-11 |            1.44757336e-9 |           77.8766
  8 |    3 |         YES |          9.29508734e-8 |             2.7288321e-6 |           29.3578
 12 |    2 |         YES |         4.88884803e-17 |           4.78097934e-15 |           97.7936
 12 |    3 |         YES |         4.07563106e-13 |           1.73234471e-11 |           42.5049
 16 |    2 |         YES |         7.64059389e-22 |           1.19946274e-19 |          156.9855
 16 |    3 |         YES |         1.41336557e-17 |           8.32126719e-16 |           58.8755
 20 |    2 |         YES |          6.1473443e-26 |           9.78110086e-24 |          159.1110
 20 |    3 |         YES |         1.13395024e-21 |           1.12211309e-19 |           98.9561
 24 |    2 |         YES |         5.55914444e-29 |           1.36486145e-26 |          245.5165
 24 |    3 |         YES |         2.11945323e-24 |           2.88356146e-22 |          136.0521

=========================================================================================================
SYNTHESIS TABLE 2: BOUNDARY WEIGHT LADDER d_k^2 AND AMPLIFICATION RATIOS alpha_k
=========================================================================================================
  N |        d_0^2 |        d_1^2 |        d_2^2 |        d_3^2 | alpha_1 = d_2^2/d_1^2 | alpha_2 = d_3^2/d_2^2
---------------------------------------------------------------------------------------------------------------
  8 |  6.48094e-21 |  6.18232e-16 |  1.03328e-11 |   7.24697e-8 |             16713.48 |              7013.55
 12 |   4.4184e-27 |  6.98881e-22 |  4.18443e-17 |  5.03037e-13 |             59873.35 |             12021.63
 16 |  3.17795e-32 |  1.32731e-26 |  9.21821e-22 |  3.13406e-17 |             69450.56 |             33998.58
 20 |  7.02834e-37 |   7.2653e-31 |  1.09088e-25 |  4.08626e-21 |            150149.55 |             37458.33
 24 |  1.29496e-40 |  2.59699e-34 |  9.14241e-29 |  8.42041e-24 |            352039.02 |             92102.75

=========================================================================================================
SYNTHESIS TABLE 3: TWO-POLE CLUSTER DECOMPOSITION AND FIDELITY FOR MODE j = 2
=========================================================================================================
  N |      H_2 (left) |     H_3 (right) |   H_{2,3} (sum) |         H_total |  Fidelity(%) |    H_3/H_2
-------------------------------------------------------------------------------------------------------
  8 |  1.05101955e-11 |  1.21544335e-11 |  2.26646289e-11 |   2.2669069e-11 |    99.980414 |     1.1564
 12 |  4.22886839e-17 |  5.31577865e-17 |  9.54464704e-17 |  9.54581768e-17 |    99.987737 |     1.2570
 16 |  9.29081699e-22 |  1.28172655e-21 |  2.21080825e-21 |  2.21093838e-21 |    99.994114 |     1.3796
 20 |  1.09875805e-25 |  1.62573641e-25 |  2.72449446e-25 |  2.72463509e-25 |    99.994838 |     1.4796
 24 |  9.19386434e-29 |  1.40478373e-28 |  2.32417017e-28 |  2.32423303e-28 |    99.997295 |     1.5280

=========================================================================================================
SYNTHESIS TABLE 4: TWO-POLE CLUSTER DECOMPOSITION AND FIDELITY FOR MODE j = 3
=========================================================================================================
  N |      H_3 (left) |     H_4 (right) |   H_{3,4} (sum) |         H_total |  Fidelity(%) |    H_4/H_3
-------------------------------------------------------------------------------------------------------
  8 |   7.47741718e-8 |   1.03255012e-7 |   1.78029184e-7 |   1.78515957e-7 |    99.727322 |     1.3809
 12 |  5.15031138e-13 |  8.12050057e-13 |  1.32708119e-12 |  1.32740634e-12 |    99.975505 |     1.5767
 16 |  3.18782531e-17 |    4.174185e-17 |  7.36201032e-17 |  7.36260238e-17 |    99.991959 |     1.3094
 20 |  4.15750923e-21 |  4.67786372e-21 |  8.83537296e-21 |  8.83567945e-21 |    99.996531 |     1.1252
 24 |  8.52965609e-24 |  8.95415184e-24 |  1.74838079e-23 |  1.74842251e-23 |    99.997614 |     1.0498

=========================================================================================================
SYNTHESIS TABLE 5: CONSECUTIVE MODAL GROWTH LADDER C_j = H(mu_{j+1})/H(mu_j)
=========================================================================================================
  N |         H(mu_1) |         H(mu_2) |     C_1 = H2/H1 |         H(mu_3) |     C_2 = H3/H2 |    R_31 = H3/H1
---------------------------------------------------------------------------------------------------------------
  8 |  1.42778793e-15 |   2.2669069e-11 |       15877.056 |   1.78515957e-7 |      7874.86938 |     125029742.0
 12 |  1.59066966e-21 |  9.54581768e-17 |      60011.3143 |  1.32740634e-12 |      13905.6326 |     834495290.0
 16 |  3.01331226e-26 |  2.21093838e-21 |      73372.3618 |  7.36260238e-17 |      33300.8032 |   2.44335858e+9
 20 |  1.64538314e-30 |  2.72463509e-25 |      165592.744 |  8.83567945e-21 |      32428.8543 |   5.36998297e+9
 24 |  5.87448032e-34 |  2.32423303e-28 |       395649.13 |  1.74842251e-23 |      75225.7835 |  2.97630158e+10

=========================================================================================================
SYNTHESIS TABLE 6: CONSECUTIVE LOGARITHMIC RATES FOR LADDER GROWTH RATIOS C_1 AND C_2
=========================================================================================================
      Interval | Delta N |      C_1(start) |        C_1(end) |   sigma_{C1} |      C_2(start) |        C_2(end) |   sigma_{C2}
------------------------------------------------------------------------------------------------------------------------------
  N =  8 -> 12 |       4 |       15877.056 |      60011.3143 |      0.33241 |      7874.86938 |      13905.6326 |      0.14215
  N = 12 -> 16 |       4 |      60011.3143 |      73372.3618 |      0.05025 |      13905.6326 |      33300.8032 |      0.21832
  N = 16 -> 20 |       4 |      73372.3618 |      165592.744 |      0.20350 |      33300.8032 |      32428.8543 |     -0.00663
  N = 20 -> 24 |       4 |      165592.744 |       395649.13 |      0.21775 |      32428.8543 |      75225.7835 |      0.21036

=========================================================================================================
CELL 74 EXECUTION COMPLETE
=========================================================================================================
