==========================================================================================
CELL 26 — LONG-RANGE FORENSIC ARCHIMEDEAN TAIL
==========================================================================================

Purpose:
Investigate A_arch(T) for the fixed forensic ground state as T becomes large.

Parameters:
 c = 13
 N = 8
 working_dps = 40

T values:
 [5, 10, 15, 20, 25, 30, 35, 40, 45, 50, 55, 60, 65, 70, 75, 80, 85, 90, 95, 100, 120, 150, 200, 250, 300, 350, 400, 500, 600, 700, 800, 900, 1000, 1200, 1400, 1600, 1800, 2000, 2250, 2500, 2750, 3000, 3500, 4000, 4500, 5000, 6000, 7000, 8000, 10000]

Forensic ground state:
 c = 13
 N = 8
 Galerkin T = 400
 generation_dps = 150

L =
2.564949357461536736053487441565318604805

------------------------------------------------------------------------------------------
1. FORENSIC GROUND STATE
------------------------------------------------------------------------------------------

GROUND STATE CACHE: HIT
  key            = 7f77f99cab98fbfd41bfc923f4e7a5c8daa05b4944fd7232e65374127943dd3a
  generation dps = 150
  working dps    = 40
  lookup         = 0.005891 s

GROUND STATE CACHE: RETURN
  generation dps = 150
  working dps    = 40
  decode         = 0.000572 s
  validation     = 0.000281 s
  total          = 0.006744 s

lambda_forensic =
6.710935250125962103470958948612124852279e-23

ground-state retrieval wall = 0.007055 s
ground-state retrieval CPU = 0.004669 s

||v_star|| =
1.0

------------------------------------------------------------------------------------------
2. LONG-RANGE FINITE-T ARCHIMEDEAN SCAN
------------------------------------------------------------------------------------------

The ground state is held fixed while only the upper limit T of the Archimedean r-integral is varied.

No Galerkin matrix is rebuilt as T changes.

Columns:
 T A_arch(T) delta |delta| wall_s cpu_s
     5   -1.655566839849499535420206566348479426457                                          0.0                                          0.0     4.040678     4.040611
    10   -1.659119804919238186879088193319157593922 -0.003552965069738651458881626970678167464419 0.003552965069738651458881626970678167464419     3.959976     3.959906
    15   -1.659033094643493807004957501198085345516 0.00008671027574437987413069212107224840599527 0.00008671027574437987413069212107224840599527     3.976367     3.976287
    20   -1.659033087490945274551172588671228323075 0.000000007152548532453784912526857022440560785093 0.000000007152548532453784912526857022440560785093     3.907811     3.907720
    25   -1.659033087490935669120301654824600568399 9.605430870933846627754676165730012525328e-15 9.605430870933846627754676165730012525328e-15     3.890118     3.890048
    30   -1.659033087490935669113017648698715670741 7.284006125884897657339241485775930569646e-21 7.284006125884897657339241485775930569646e-21     3.836757     3.836606
    35   -1.659033087490935669113011310448499903625 6.338250215767116057727274549156675774746e-24 6.338250215767116057727274549156675774746e-24     3.788726     3.788659
    40   -1.659033087490935669113002905687006235596 8.404761493668029390502497338300916711269e-24 8.404761493668029390502497338300916711269e-24     3.771602     3.771533
    45   -1.659033087490935669112999556670331375668 3.349016674859927586664241840408706800499e-24 3.349016674859927586664241840408706800499e-24     3.749349     3.749269
    50   -1.659033087490935669112997639436798719584 1.917233532656084830436813152728490810797e-24 1.917233532656084830436813152728490810797e-24     3.725375     3.725098
    55   -1.659033087490935669112992546559580710185 5.092877218009398688217062858102558843854e-24 5.092877218009398688217062858102558843854e-24     3.708077     3.708007
    60   -1.659033087490935669112988625892145556527 3.920667435153657829109194733874096182969e-24 3.920667435153657829109194733874096182969e-24     3.688629     3.688520
    65   -1.659033087490935669112987068994604750052 1.556897540806474624958316798760300083469e-24 1.556897540806474624958316798760300083469e-24     3.662816     3.662377
    70   -1.659033087490935669112986811465759743277 2.575288450067752884437238626020488630081e-25 2.575288450067752884437238626020488630081e-25     3.653707     3.653629
    75   -1.659033087490935669112986763454098894358 4.801166084891876094740712065936304293244e-26 4.801166084891876094740712065936304293244e-26     3.657212     3.657149
    80   -1.659033087490935669112986413791294621214 3.496628042731444278761000320281380038798e-25 3.496628042731444278761000320281380038798e-25     3.609092     3.609028
    85   -1.659033087490935669112985681878626992233 7.319126676289809214192036943076782631842e-25 7.319126676289809214192036943076782631842e-25     3.736509     3.736436
    90   -1.659033087490935669112984677036355780082 1.004842271212151277336051738787054322986e-24 1.004842271212151277336051738787054322986e-24     3.617063     3.616996
    95   -1.659033087490935669112983547687143624445 1.129349212155636688116877863201519157393e-24 1.129349212155636688116877863201519157393e-24     7.225732     7.225571
   100   -1.659033087490935669112982416577561968573 1.131109581655872546701818464358597037985e-24 1.131109581655872546701818464358597037985e-24     7.200552     7.200250
   120   -1.659033087490935669112978994145899970079 3.422431661998493926374085359714492259457e-24 3.422431661998493926374085359714492259457e-24     7.100364     7.100045
   150   -1.659033087490935669112977227216665201949 1.76692923476813010249147603936394014574e-24 1.76692923476813010249147603936394014574e-24     7.239777     7.239552
   200   -1.659033087490935669112977033598269841945 1.936183953600033587000929904854024532655e-25 1.936183953600033587000929904854024532655e-25    14.118441    14.118032
   250   -1.659033087490935669112976548684544086504 4.849137257554411445845648408037883203825e-25 4.849137257554411445845648408037883203825e-25    13.968485    13.968041
   300   -1.659033087490935669112975547668322328271 1.00101622175823297847458914288155252534e-24 1.00101622175823297847458914288155252534e-24    13.839967    13.839431
   350   -1.659033087490935669112974343035313504283 1.204633008823988310942549458550070928169e-24 1.204633008823988310942549458550070928169e-24    13.764902    13.764424
   400   -1.659033087490935669112973152386975292205 1.190648338212077925841589395293289708167e-24 1.190648338212077925841589395293289708167e-24    13.708438    13.707850
   500   -1.659033087490935669112970972560484826038 2.179826490466166920043478946730332412173e-24 2.179826490466166920043478946730332412173e-24    13.624082    13.623757
   600   -1.659033087490935669112969181312198916362 1.791248285909675579230396687493057233638e-24 1.791248285909675579230396687493057233638e-24    13.555427    13.555127
   700   -1.659033087490935669112967735601655022093 1.445710543894269000537078422688120780854e-24 1.445710543894269000537078422688120780854e-24    13.502785    13.502485
   800   -1.659033087490935669112965854035865049146 1.881565789972947322561414398695483675056e-24 1.881565789972947322561414398695483675056e-24    13.589902    13.589441
   900   -1.659033087490935669112965183754816902625 6.702810481465208409633629982809183201175e-25 6.702810481465208409633629982809183201175e-25    14.058133    14.057798
  1000   -1.659033087490935669112965323217521067786 -1.39462704165160566836983417574555176245e-25 1.39462704165160566836983417574555176245e-25    14.748495    14.748058
  1200   -1.659033087490935669112963062798510669921 2.260419010397864977907166770993440800865e-24 2.260419010397864977907166770993440800865e-24    14.079408    14.079005
  1400   -1.659033087490935669112962516206045185949 5.46592465483971767535063571739910618338e-25 5.46592465483971767535063571739910618338e-25    13.461009    13.460657
  1600   -1.659033087490935669112959957502913966786 2.558703131219163466550594696423462130697e-24 2.558703131219163466550594696423462130697e-24    14.021885    14.021572
  1800   -1.659033087490935669112962259119006856225 -2.301616092889439022331895812491668255472e-24 2.301616092889439022331895812491668255472e-24    13.461552    13.461308
  2000   -1.659033087490935669112960903140688825628 1.355978318030596326848013954903932558439e-24 1.355978318030596326848013954903932558439e-24    13.505846    13.505533
  2250   -1.659033087490935669112960943541024636324 -4.040033581069617379935907990849114966508e-26 4.040033581069617379935907990849114966508e-26    13.762529    13.761725
  2500   -1.659033087490935669112960417929981980169 5.256110426561553201653654641775856118423e-25 5.256110426561553201653654641775856118423e-25    13.911296    13.910728
  2750   -1.659033087490935669112958348993610234598 2.068936371745571338946915412579635999498e-24 2.068936371745571338946915412579635999498e-24    14.020166    14.019872
  3000   -1.659033087490935669112958864708225049194 -5.157146148145964636455461980022088965691e-25 5.157146148145964636455461980022088965691e-25    14.150841    14.150162
  3500   -1.659033087490935669112958025486090913353 8.392221341358415441206965987555543441279e-25 8.392221341358415441206965987555543441279e-25    13.600199    13.599905
  4000   -1.659033087490935669112957381822212437688 6.436638784756650779392568441621066206914e-25 6.436638784756650779392568441621066206914e-25    13.695552    13.695069
  4500   -1.659033087490935669112959016065285091852 -1.634243072654164192148322949224106450169e-24 1.634243072654164192148322949224106450169e-24    13.570932    13.570549
  5000   -1.659033087490935669112958297877388423181 7.181878966686707880682875864989720089702e-25 7.181878966686707880682875864989720089702e-25    13.366409    13.365971
  6000   -1.659033087490935669112955514024923499188 2.783852464923992599374574410436799789471e-24 2.783852464923992599374574410436799789471e-24    13.295626    13.295269
  7000   -1.659033087490935669112955447134202367268 6.689072113191997178987682040360617143605e-26 6.689072113191997178987682040360617143605e-26    13.626905    13.626629
  8000   -1.659033087490935669112956472889265452765 -1.025755063085496258311152651972231895963e-24 1.025755063085496258311152651972231895963e-24    13.560883    13.560360
 10000   -1.659033087490935669112959463124703133368 -2.990235437680603775406020604963616628924e-24 2.990235437680603775406020604963616628924e-24    13.564417    13.564140

------------------------------------------------------------------------------------------
3. SELECTED LONG-RANGE VALUES
------------------------------------------------------------------------------------------

This section repeats the tail in compact form, making the large-T behaviour easier to inspect.

 T A_arch(T) delta |delta|
------------------------------------------------------------------------------------------
   400   -1.659033087490935669112973152386975292205 1.190648338212077925841589395293289708167e-24 1.190648338212077925841589395293289708167e-24
   500   -1.659033087490935669112970972560484826038 2.179826490466166920043478946730332412173e-24 2.179826490466166920043478946730332412173e-24
   600   -1.659033087490935669112969181312198916362 1.791248285909675579230396687493057233638e-24 1.791248285909675579230396687493057233638e-24
   700   -1.659033087490935669112967735601655022093 1.445710543894269000537078422688120780854e-24 1.445710543894269000537078422688120780854e-24
   800   -1.659033087490935669112965854035865049146 1.881565789972947322561414398695483675056e-24 1.881565789972947322561414398695483675056e-24
   900   -1.659033087490935669112965183754816902625 6.702810481465208409633629982809183201175e-25 6.702810481465208409633629982809183201175e-25
  1000   -1.659033087490935669112965323217521067786 -1.39462704165160566836983417574555176245e-25 1.39462704165160566836983417574555176245e-25
  1200   -1.659033087490935669112963062798510669921 2.260419010397864977907166770993440800865e-24 2.260419010397864977907166770993440800865e-24
  1400   -1.659033087490935669112962516206045185949 5.46592465483971767535063571739910618338e-25 5.46592465483971767535063571739910618338e-25
  1600   -1.659033087490935669112959957502913966786 2.558703131219163466550594696423462130697e-24 2.558703131219163466550594696423462130697e-24
  1800   -1.659033087490935669112962259119006856225 -2.301616092889439022331895812491668255472e-24 2.301616092889439022331895812491668255472e-24
  2000   -1.659033087490935669112960903140688825628 1.355978318030596326848013954903932558439e-24 1.355978318030596326848013954903932558439e-24
  2250   -1.659033087490935669112960943541024636324 -4.040033581069617379935907990849114966508e-26 4.040033581069617379935907990849114966508e-26
  2500   -1.659033087490935669112960417929981980169 5.256110426561553201653654641775856118423e-25 5.256110426561553201653654641775856118423e-25
  2750   -1.659033087490935669112958348993610234598 2.068936371745571338946915412579635999498e-24 2.068936371745571338946915412579635999498e-24
  3000   -1.659033087490935669112958864708225049194 -5.157146148145964636455461980022088965691e-25 5.157146148145964636455461980022088965691e-25
  3500   -1.659033087490935669112958025486090913353 8.392221341358415441206965987555543441279e-25 8.392221341358415441206965987555543441279e-25
  4000   -1.659033087490935669112957381822212437688 6.436638784756650779392568441621066206914e-25 6.436638784756650779392568441621066206914e-25
  4500   -1.659033087490935669112959016065285091852 -1.634243072654164192148322949224106450169e-24 1.634243072654164192148322949224106450169e-24
  5000   -1.659033087490935669112958297877388423181 7.181878966686707880682875864989720089702e-25 7.181878966686707880682875864989720089702e-25
  6000   -1.659033087490935669112955514024923499188 2.783852464923992599374574410436799789471e-24 2.783852464923992599374574410436799789471e-24
  7000   -1.659033087490935669112955447134202367268 6.689072113191997178987682040360617143605e-26 6.689072113191997178987682040360617143605e-26
  8000   -1.659033087490935669112956472889265452765 -1.025755063085496258311152651972231895963e-24 1.025755063085496258311152651972231895963e-24
 10000   -1.659033087490935669112959463124703133368 -2.990235437680603775406020604963616628924e-24 2.990235437680603775406020604963616628924e-24

------------------------------------------------------------------------------------------
4. FINAL RESULT
------------------------------------------------------------------------------------------

Final T =
10000

A_arch(final) =
-1.659033087490935669112959463124703133368

delta at final T =
-2.990235437680603775406020604963616628924e-24

|delta| at final T =
2.990235437680603775406020604963616628924e-24

------------------------------------------------------------------------------------------
5. TIMING SUMMARY
------------------------------------------------------------------------------------------

finite-T scan wall = 481.888220 s
finite-T scan CPU = 481.873352 s

==========================================================================================
CELL 26 COMPLETE
==========================================================================================
