==============================================================================
CELL 34 — SYSTEMATIC N-SCAN OF GROUND-STATE TAIL STRUCTURE
==============================================================================

c = 13
T_ground = 400
ground dps = 50
working dps = 50
N values = [1, 2, 3, 4, 5, 6, 7, 8, 9, 10, 11, 12, 13, 14, 15, 16, 17, 18, 19, 20, 21, 22, 23, 24]

L = 2.56494935746153673605348744157

==============================================================================
GROUND-STATE / ENDPOINT SUMMARY
==============================================================================

 N              lambda_min              |T(0)|              |T(L)|                    A
------------------------------------------------------------------------------
Building N=1 ...

GROUND STATE CACHE: HIT
  key            = 7f242e706255090bac3bb5d242377e42beba6db7166a9be158e9f8c22982459b
  generation dps = 50
  working dps    = 50
  lookup         = 0.000665 s

GROUND STATE CACHE: RETURN
  generation dps = 50
  working dps    = 50
  decode         = 0.000146 s
  validation     = 0.000185 s
  total          = 0.000996 s
 1  3.10122583127225507e-6  0.00752285744846384345      1.6304701398650908  0.0000441282663342070196
Building N=2 ...

GROUND STATE CACHE: HIT
  key            = a7b6909c5628d910f787175f412afde2817543d650cb3eb9c4a19c40eb2f1b91
  generation dps = 50
  working dps    = 50
  lookup         = 0.001473 s

GROUND STATE CACHE: RETURN
  generation dps = 50
  working dps    = 50
  decode         = 0.000154 s
  validation     = 0.000141 s
  total          = 0.001768 s
 2  2.77071043440592708e-9  0.000268491221861425402     1.88636047244694087  5.62097150237572769e-8
Building N=3 ...

GROUND STATE CACHE: HIT
  key            = 5c1f1143dbb80318759362a4716a500e62cd12645396d7682d8427505ef82f09
  generation dps = 50
  working dps    = 50
  lookup         = 0.001758 s

GROUND STATE CACHE: RETURN
  generation dps = 50
  working dps    = 50
  decode         = 0.000179 s
  validation     = 0.000136 s
  total          = 0.002073 s
 3  4.25964429040286811e-12  0.0000122947130791240905     2.04305529091081417  1.17865851236598326e-10
Building N=4 ...

GROUND STATE CACHE: HIT
  key            = bb0004ccab612450ababdfd845c4c07e009dcd566c8e17346bb5dedcc1e9d9e1
  generation dps = 50
  working dps    = 50
  lookup         = 0.001459 s

GROUND STATE CACHE: RETURN
  generation dps = 50
  working dps    = 50
  decode         = 0.000212 s
  validation     = 0.000201 s
  total          = 0.001872 s
 4  8.82740619836573535e-15  6.00228064615253771e-7     2.15296355607902758  2.80920735143345473e-13
Building N=5 ...

GROUND STATE CACHE: HIT
  key            = 044a3e71235e127a463b7ea577aaf02989a34b4f41735a32e1e70b324c90e37c
  generation dps = 50
  working dps    = 50
  lookup         = 0.001684 s

GROUND STATE CACHE: RETURN
  generation dps = 50
  working dps    = 50
  decode         = 0.000318 s
  validation     = 0.000184 s
  total          = 0.002186 s
 5  6.46386373056178319e-17  5.56196467769314771e-8     2.23117138256089146  2.41216856667472351e-15
Building N=6 ...

GROUND STATE CACHE: HIT
  key            = 73104989a3101e09f6b3ea46d34eb3df07bf969c28cdfc8e5da4fa193271c5dc
  generation dps = 50
  working dps    = 50
  lookup         = 0.001698 s

GROUND STATE CACHE: RETURN
  generation dps = 50
  working dps    = 50
  decode         = 0.000450 s
  validation     = 0.000258 s
  total          = 0.002406 s
 6  4.34180577590506629e-19  5.56403218887808774e-9     2.28862669671832588  2.41396221791374908e-17
Building N=7 ...

GROUND STATE CACHE: HIT
  key            = 0ea78ad3e55c639874ef6768ef1f46e12e28785682314b6ec9b738051613d7e2
  generation dps = 50
  working dps    = 50
  lookup         = 0.003095 s

GROUND STATE CACHE: RETURN
  generation dps = 50
  working dps    = 50
  decode         = 0.000554 s
  validation     = 0.000201 s
  total          = 0.003849 s
 7  4.20077162941167014e-21  5.61565995466786808e-10     2.33521890406396541  2.4589675920674174e-19
Building N=8 ...

GROUND STATE CACHE: HIT
  key            = 73310fc216c9d6f409163894d343b820d350bd52b0bb898416e813840f9f55ec
  generation dps = 50
  working dps    = 50
  lookup         = 0.001641 s

GROUND STATE CACHE: RETURN
  generation dps = 50
  working dps    = 50
  decode         = 0.000521 s
  validation     = 0.000203 s
  total          = 0.002365 s
 8  6.7109352501259621e-23  8.05042906905053056e-11     2.36997277733440273  5.05346493546008781e-21
Building N=9 ...

GROUND STATE CACHE: HIT
  key            = 4cb0f44b63e84f27e307ea5e5e27f365d332080ccfb9e82ba60d271b5f1fa0dc
  generation dps = 50
  working dps    = 50
  lookup         = 0.003004 s

GROUND STATE CACHE: RETURN
  generation dps = 50
  working dps    = 50
  decode         = 0.000654 s
  validation     = 0.000332 s
  total          = 0.003990 s
 9  1.08993584371181838e-24  1.25079569750461236e-11     2.39799960008045757  1.21989923297696953e-22
Building N=10 ...

GROUND STATE CACHE: HIT
  key            = 1e3e7972555eab421b28dbd07e68d6684370215aa8589e0e66d17701436732b6
  generation dps = 50
  working dps    = 50
  lookup         = 0.001487 s

GROUND STATE CACHE: RETURN
  generation dps = 50
  working dps    = 50
  decode         = 0.000412 s
  validation     = 0.000195 s
  total          = 0.002094 s
10  2.41379133000395733e-26  1.94624058552093657e-12     2.42183880598639105  2.95354947707631659e-24
Building N=11 ...

GROUND STATE CACHE: HIT
  key            = e45de7b5bdba4e51227123659cb47aec6ee9111ec2d3de819fe4a85fd5196638
  generation dps = 50
  working dps    = 50
  lookup         = 0.001715 s

GROUND STATE CACHE: RETURN
  generation dps = 50
  working dps    = 50
  decode         = 0.000749 s
  validation     = 0.000394 s
  total          = 0.002857 s
11  4.17290457778138261e-28  2.93144704040784935e-13     2.44135791483878208  6.70062488814249665e-26
Building N=12 ...

GROUND STATE CACHE: HIT
  key            = 6e3890ae19973d7906267b8ae6cadb0e40eeb567cf0d38927db4971519390674
  generation dps = 50
  working dps    = 50
  lookup         = 0.001733 s

GROUND STATE CACHE: RETURN
  generation dps = 50
  working dps    = 50
  decode         = 0.000676 s
  validation     = 0.000239 s
  total          = 0.002648 s
12  1.78247657627226945e-29  6.64710397571811265e-14     2.45701437304349761  3.44521353885405984e-27
Building N=13 ...

GROUND STATE CACHE: HIT
  key            = 4d71db9be8087de9c23b2d840e2074e6f35de0aa416bd7bd4955d6e06a32c8e7
  generation dps = 50
  working dps    = 50
  lookup         = 0.003343 s

GROUND STATE CACHE: RETURN
  generation dps = 50
  working dps    = 50
  decode         = 0.000719 s
  validation     = 0.000253 s
  total          = 0.004316 s
13  6.58542993697619601e-31  1.38896156487016297e-14     2.47013202623169939  1.50429030738904317e-28
Building N=14 ...

GROUND STATE CACHE: HIT
  key            = c96c16efd851327e4f170e589dec2afeff360ca2ae846f27cac8b265c9405b98
  generation dps = 50
  working dps    = 50
  lookup         = 0.003309 s

GROUND STATE CACHE: RETURN
  generation dps = 50
  working dps    = 50
  decode         = 0.000642 s
  validation     = 0.000255 s
  total          = 0.004207 s
14  2.1259432502855852e-32  2.85878760501908846e-15     2.48171383171983754  6.37257538581506342e-30
Building N=15 ...

GROUND STATE CACHE: HIT
  key            = a1dbc32bf488b571f1c001c69976a838c6dcc98a21c4e2537e09dbaf33d77490
  generation dps = 50
  working dps    = 50
  lookup         = 0.001549 s

GROUND STATE CACHE: RETURN
  generation dps = 50
  working dps    = 50
  decode         = 0.000755 s
  validation     = 0.000257 s
  total          = 0.002561 s
15  1.01386560438339823e-33  6.23038803721321738e-16     2.49202291519704222  3.02678374380587881e-31
Building N=16 ...

GROUND STATE CACHE: HIT
  key            = 50999caeab67f25cc57afa591d60970694e4b499df65d4f4f169a8945edbe070
  generation dps = 50
  working dps    = 50
  lookup         = 0.001568 s

GROUND STATE CACHE: RETURN
  generation dps = 50
  working dps    = 50
  decode         = 0.001023 s
  validation     = 0.000378 s
  total          = 0.002970 s
16  7.11843015081311705e-35  1.78268114140166539e-16     2.49971709219855424  2.47798424765335757e-32
Building N=17 ...

GROUND STATE CACHE: HIT
  key            = 65183a0a2cc70e68341a991c74599b0b2530d2c4329dedc6fa1dcdc54413ed81
  generation dps = 50
  working dps    = 50
  lookup         = 0.001504 s

GROUND STATE CACHE: RETURN
  generation dps = 50
  working dps    = 50
  decode         = 0.000680 s
  validation     = 0.000279 s
  total          = 0.002462 s
17  2.80895646795860325e-36  3.99870405627256935e-17     2.50729427377304284  1.24677971384785717e-33
Building N=18 ...

GROUND STATE CACHE: HIT
  key            = d27f4c22221f360d33672af3e16eedd733b6eef42b628e7fdaebd8c1505cf86f
  generation dps = 50
  working dps    = 50
  lookup         = 0.001638 s

GROUND STATE CACHE: RETURN
  generation dps = 50
  working dps    = 50
  decode         = 0.001074 s
  validation     = 0.000533 s
  total          = 0.003246 s
18  1.24015066801740048e-37  8.14982257032273012e-18      2.5147020650305943  5.17901905037809708e-35
Building N=19 ...

GROUND STATE CACHE: HIT
  key            = 17ea0499725d9368285c1a89d5c6f298807699d5d9cc306794204bf3911ece82
  generation dps = 50
  working dps    = 50
  lookup         = 0.003343 s

GROUND STATE CACHE: RETURN
  generation dps = 50
  working dps    = 50
  decode         = 0.001152 s
  validation     = 0.000361 s
  total          = 0.004856 s
19  1.39904515477057524e-38  2.70013868900823339e-18      2.5199042632465948  5.68490673601023043e-36
Building N=20 ...

GROUND STATE CACHE: HIT
  key            = 755ae199a0828f436b36f2dda1089f109784e2df0fe5d23868f7b147dbb31402
  generation dps = 50
  working dps    = 50
  lookup         = 0.001714 s

GROUND STATE CACHE: RETURN
  generation dps = 50
  working dps    = 50
  decode         = 0.000845 s
  validation     = 0.000310 s
  total          = 0.002870 s
20  1.32323590811406999e-39  8.38352184220352454e-19      2.5244146053181356  5.48029833604677932e-37
Building N=21 ...

GROUND STATE CACHE: HIT
  key            = 2b9d15d20e8fceed4da11a6b6ff8f249b2c9cbcf44980818fd0e071eed36f7d6
  generation dps = 50
  working dps    = 50
  lookup         = 0.003182 s

GROUND STATE CACHE: RETURN
  generation dps = 50
  working dps    = 50
  decode         = 0.000787 s
  validation     = 0.000332 s
  total          = 0.004301 s
21  1.8987863368590455e-40  3.08941560789095434e-19     2.52822008434331506  7.44224346614481755e-38
Building N=22 ...

GROUND STATE CACHE: HIT
  key            = 2cd0d22e20c8456ef8d7e2609387d653e391e735ed17cdb26a5d4c46918a6887
  generation dps = 50
  working dps    = 50
  lookup         = 0.001669 s

GROUND STATE CACHE: RETURN
  generation dps = 50
  working dps    = 50
  decode         = 0.000883 s
  validation     = 0.000343 s
  total          = 0.002895 s
22  1.88672384793421867e-41  1.01086360479827497e-19     2.53172610734170989  7.96776142603498832e-39
Building N=23 ...

GROUND STATE CACHE: HIT
  key            = 9921c4b86ceda230b369237e552aecb645d59fda4ba96140f804f22fc9cb5ce9
  generation dps = 50
  working dps    = 50
  lookup         = 0.001706 s

GROUND STATE CACHE: RETURN
  generation dps = 50
  working dps    = 50
  decode         = 0.000968 s
  validation     = 0.000355 s
  total          = 0.003029 s
23  2.34433214221335092e-42  3.5081179356331871e-20     2.53508045487710955  9.59620618981036155e-40
Building N=24 ...

GROUND STATE CACHE: HIT
  key            = d0f785cac25d722d15b4c740e700c4417a882aa4742318e5b9ff221c8090efd5
  generation dps = 50
  working dps    = 50
  lookup         = 0.001715 s

GROUND STATE CACHE: RETURN
  generation dps = 50
  working dps    = 50
  decode         = 0.000869 s
  validation     = 0.000365 s
  total          = 0.002949 s
24  2.5334848705605191e-43  1.13796298880400967e-20     2.53815799626553411  1.00973515139444502e-40

==============================================================================
SUCCESSIVE-N SCALING
==============================================================================

 N -> N+1       |T0(N+1)|/|T0(N)|              A(N+1)/A(N)          |B(N+1)|/|B(N)|
------------------------------------------------------------------------------
 1 ->  2        0.03569005842537278        0.001273780270406523        0.003903951955269451
 2 ->  3        0.04579186237034475        0.002096894659344596        0.004991402774668689
 3 ->  4        0.04882001399726977        0.002383393766693616        0.004977062699440292
 4 ->  5        0.09266418892389458        0.008586651908923226        0.01299200542566647
 5 ->  6        0.1000371723177825        0.0100074358453377        0.0150684747064368
 6 ->  7        0.1009278840243408        0.01018643777363079        0.0143756899616829
 7 ->  8        0.1433567761231487        0.02055116526042258        0.02708457965857143
 8 ->  9         0.155370066213394        0.02413985747515442        0.03077413806535879
 9 -> 10        0.1556001982900776        0.02421142170791148        0.02983331262170569
10 -> 11        0.1506210004156916        0.02268668576622378        0.02880857340779585
11 -> 12        0.2267516309894962        0.05141630215639663        0.05941627486178619
12 -> 13          0.20895740008642        0.04366319505087622        0.05133432604040013
13 -> 14        0.2058219375772519        0.04236266998805419        0.0500931796027949
14 -> 15        0.2179381226599244        0.04749702530853227        0.05490063642149792
15 -> 16        0.2861268240042138        0.08186855941473835        0.09279835303129692
16 -> 17        0.2243084286586728        0.05031427116732292        0.05919085164752973
17 -> 18        0.2038115963480345        0.04153916680593414        0.04880252205132217
18 -> 19        0.3313125734590451        0.1097680213320552         0.122318072230567
19 -> 20        0.3104848605122135        0.09640084860728869        0.1099273974178417
20 -> 21        0.3685104740037192        0.1357999694504458        0.1515760123520447
21 -> 22        0.3272022068563185         0.107061284171645        0.1235104154102563
22 -> 23        0.3470416700117774        0.1204379207245634        0.1366160891142446
23 -> 24        0.3243799124440258        0.1052223275971938        0.1215647431055262

==============================================================================
LOG-SCALE SUPPRESSION
==============================================================================

 N          log10 |T_v(0)|             log10 A          log10 |B_est|
------------------------------------------------------------------------------
 1        -2.12361716760153549        -4.35528313433112523        -1.24315942036060189
 2        -3.57106990869613466        -7.25018861652032358         -3.6516549560610692
 3        -4.91028160190754342        -9.92861200294314109         -5.9534323399600662
 4        -6.22168370230904158        -12.5514162037461374        -8.25645922807892857
 5        -7.25477177353220891        -14.6175923461924721         -10.142783034813562
 6        -8.25461036620484826        -16.6172695315377508        -11.9647137413644534
 7        -9.25059919793709783        -18.6092471950022499        -13.8070850435255178
 8        -10.0941809721346026        -20.2964107433972594        -15.3743629436199998
 9        -10.9028136213155922        -21.9136760417592387        -16.8861770457437177
10        -11.7108034752157032        -23.5296557495594606        -18.4114755666541292
11        -12.5329179473827805        -25.1738846938936152        -19.9519538139780959
12        -13.1773675278262121        -26.4627838547804784        -21.1780483940042945
13        -13.8573097718259185        -27.8226683427798913         -22.467640529386858
14        -14.5438181095579571        -29.1956850182439684        -23.7678619305158186
15        -15.2054849040354597        -30.5190186071989737        -25.0282845515895393
16         -15.748926329799116        -31.6059014587262863        -26.0607442830836817
17        -16.3980807367726513        -32.9042102726733568        -27.2884896943677526
18        -17.0888518461764109        -34.2857524914808761        -28.6000474280070578
19        -17.5686139283135737        -35.2452766557552017        -29.5125568001598944
20        -18.0765734998277152        -36.2611957987834846        -30.4714508541921376
21        -18.5101236637049004        -37.1282961265378551        -31.2908203766917736
22         -18.995307439542139        -38.0986636782123323        -32.1991167942825465
23        -19.4549258149828019        -39.0179004290936581        -33.0636149455807419
24        -19.9438718627384665        -39.9957925246049873        -33.9788073089246398

==============================================================================
ENDPOINT / LOW-ORDER MOMENT STRUCTURE
==============================================================================

 N                 T_v(0)                 T_v(L)                  M2                  M4
------------------------------------------------------------------------------
 1  0.007522857448463843453929   1.630470139865090804444  -0.5737985144525378945158  -0.5737985144525378945158
 2  0.0002684912218614254020669   1.886360472446940871181  -0.06276487402286936932296   1.749443148707258752604
 3  0.00001229471307912409053992   2.043055290910814170321  -0.006841495530640145138002  0.6456496577501647156444
 4  6.002280646152537709027e-7    2.15296355607902758218  -0.0006974714030170353049727  0.1578145190001729327289
 5  5.561964677693147714436e-8   2.231171382560891459341  -0.00009778918356629909830079  0.03716519359773506912845
 6  5.564032188878087736125e-9   2.288626696718325883048  -0.00001472987059047622584675  0.009053237667801388094642
 7  5.615659954667868079185e-10   2.335218904063965413196  -0.000002098054412598132375332  0.001980085045585012090304
 8  8.050429069050530561039e-11   2.369972777334402728892  -3.963883973151862372149e-7  0.0005162393510486769836236
 9  1.250795697504612360989e-11   2.397999600080457574878  -7.851268739731028944987e-8  0.0001362401169111806821794
10  1.946240585520936573327e-12   2.421838805986391052943  -1.505329538401142376943e-8  0.00003415585338282231219058
11  2.931447040407849347871e-13   2.441357914838782075864  -2.879177152282345697394e-9  0.00000867811270110060584078
12  6.647103975718112653228e-14   2.457014373043497612821  -7.544384614884643947778e-10  0.000002712267445059290984681
13  1.388961564870162969178e-14    2.47013202623169939422  -1.85342280532245788871e-10  8.125694296096944791635e-7
14  2.858787605019088462323e-15   2.481713831719837535107  -4.510888976331678001693e-11  2.411087610910733308761e-7
15  6.230388037213217376557e-16   2.492022915197042215954  -1.136336685077658328701e-11  7.218987942243168952486e-8
16  1.782681141401665390413e-16   2.499717092198554240877  -3.685440662625514052697e-12  2.698748599697317516437e-8
17  3.998704056272569351951e-17   2.507294273773042837233  -9.725220497944682948363e-13  8.48631654543959492272e-9
18  8.149822570322730118004e-18   2.514702065030594296221  -2.328702668146941569297e-13  2.411413771844817383418e-9
19  2.700138689008233387643e-18   2.519904263246594799671  -8.597410552075351825878e-14  9.936348050335389842689e-10
20  8.383521842203524535782e-19   2.524414605318135603805  -3.043928242209283754059e-14  3.9889206333571000322e-10
21  3.089415607890954335047e-19    2.52822008434331506393  -1.252034194323229494736e-14  1.814105851576255230029e-10
22  1.010863604798274972326e-19   2.531726107341709892687  -4.726124796977620134256e-15  7.728325702393346572039e-11
23  3.508117935633187097032e-20   2.535080454877109553269  -1.860488568189320384547e-15  3.372128795622972253076e-11
24  1.13796298880400967237e-20   2.538157996265534109015  -6.972409525808917935279e-16  1.413892591500936492007e-11

==============================================================================
B CONVERGENCE CHECK
==============================================================================

N = 1
------------------------------------------------------------------------------
 r                 B_est(r)
    1000.0        -0.0571087455227716534209066748751
    3000.0        -0.0571248753500155277036061461459
   10000.0        -0.0571267100958590816860226361817
   30000.0        -0.0571268713919820291594631224436
  100000.0        -0.0571268897394138139129478089704

N = 2
------------------------------------------------------------------------------
 r                 B_est(r)
    1000.0        -0.000222762212579442015597952248125
    3000.0        -0.000222991935312994626298463977369
   10000.0        -0.00022301807356568977739666149992
   30000.0        -0.000223020371505288344105984586779
  100000.0        -0.000223020632896646900131157307621

N = 3
------------------------------------------------------------------------------
 r                 B_est(r)
    1000.0        -0.00000110993037815814522715142223369
    3000.0        -0.00000111282408283029996143124413469
   10000.0        -0.00000111315354426867573855961900781
   30000.0        -0.00000111318251086777765034757572639
  100000.0        -0.00000111318580584869043588611101757

N = 4
------------------------------------------------------------------------------
 r                 B_est(r)
    1000.0        -0.00000000550563562573688540341371089186
    3000.0        -0.00000000553652888488373413315514294737
   10000.0        -0.00000000554005064487207265923228210868
   30000.0        -0.00000000554036032495991611622238295665
  100000.0        -0.000000005540395551835899682008654768

N = 5
------------------------------------------------------------------------------
 r                 B_est(r)
    1000.0        -7.12823234942057646622832394941e-11
    3000.0        -7.19030451819128655136668806052e-11
   10000.0        -7.19739079375851358427551345522e-11
   30000.0        -7.19801401320538805003606696024e-11
  100000.0        -7.19808490697904076026336559459e-11

N = 6
------------------------------------------------------------------------------
 r                 B_est(r)
    1000.0        -1.06855333239064260511487974791e-12
    3000.0        -1.0828461517127269822427940023e-12
   10000.0        -1.08448139011634215854014268996e-12
   30000.0        -1.08462523971778414271143413374e-12
  100000.0        -1.08464160355598142267837089043e-12

N = 7
------------------------------------------------------------------------------
 r                 B_est(r)
    1000.0        -1.52599711385699006279459171765e-14
    3000.0        -1.55552651157023374526437370057e-14
   10000.0        -1.55891503759344845047280002528e-14
   30000.0        -1.55921322000635238811823086728e-14
  100000.0        -1.55924714122633635859860048908e-14

N = 8
------------------------------------------------------------------------------
 r                 B_est(r)
    1000.0        -4.10339046937821180604352004923e-16
    3000.0        -4.20971485556122400005984492624e-16
   10000.0        -4.22195524532092545172854916507e-16
   30000.0        -4.22303275856200020679381135066e-16
  100000.0        -4.22315534039444873709387621054e-16

N = 9
------------------------------------------------------------------------------
 r                 B_est(r)
    1000.0        -1.25226154085376217227451323624e-17
    3000.0        -1.2943042089729849081777753361e-17
   10000.0        -1.29916306712759648538621327126e-17
   30000.0        -1.29959097313638035740466290942e-17
  100000.0        -1.29963965516756049808154576667e-17

N = 10
------------------------------------------------------------------------------
 r                 B_est(r)
    1000.0        -3.70092709102697670164695265472e-19
    3000.0        -3.85731536444043069102705956149e-19
   10000.0        -3.87547360396539567112416204217e-19
   30000.0        -3.87707357836165088194147258226e-19
  100000.0        -3.87725561281796077150383458102e-19

N = 11
------------------------------------------------------------------------------
 r                 B_est(r)
    1000.0        -1.05203052806429282707075221614e-20
    3000.0        -1.10959416738010916185151088279e-20
   10000.0        -1.11632135780578856745674111501e-20
   30000.0        -1.11691453705558352342451020833e-20
  100000.0        -1.11698202942654717000008327905e-20

N = 12
------------------------------------------------------------------------------
 r                 B_est(r)
    1000.0        -6.18865893434787743520155443187e-22
    3000.0        -6.58550044618659008432664931451e-22
   10000.0        -6.63211096628302636025019193848e-22
   30000.0        -6.63622320996548260950352649185e-22
  100000.0        -6.63669112760834769969244214544e-22

N = 13
------------------------------------------------------------------------------
 r                 B_est(r)
    1000.0        -3.13523442493624722721475979531e-23
    3000.0        -3.37567303540654645403074894658e-23
   10000.0        -3.40410471647991310310797142967e-23
   30000.0        -3.40661500552170834106646832187e-23
  100000.0        -3.40690066174077705693061145718e-23

N = 14
------------------------------------------------------------------------------
 r                 B_est(r)
    1000.0        -1.54545448159620240826227616426e-24
    3000.0        -1.68796247478181979713550118123e-24
   10000.0        -1.70495254106820772830394236759e-24
   30000.0        -1.70645399649134904109009100672e-24
  100000.0        -1.70662486737461527847604552438e-24

N = 15
------------------------------------------------------------------------------
 r                 B_est(r)
    1000.0        -8.34617040751916976934150196264e-26
    3000.0        -9.25008095166864588444769329596e-26
   10000.0        -9.35877057229178966417594475722e-26
   30000.0        -9.36838489751592914618518761265e-26
  100000.0        -9.36947913516208580889246517295e-26

N = 16
------------------------------------------------------------------------------
 r                 B_est(r)
    1000.0        -7.62123705761089122824353364479e-27
    3000.0        -8.56854668355172276753181327192e-27
   10000.0        -8.68339635473064660625628960258e-27
   30000.0        -8.69356491264690118842200723738e-27
  100000.0        -8.69472232504141811223033387438e-27

N = 17
------------------------------------------------------------------------------
 r                 B_est(r)
    1000.0        -4.40470900872851027748793345025e-28
    3000.0        -5.0583590131275234526457782011e-28
   10000.0        -5.13856041053929517466904549956e-28
   30000.0        -5.14567077458059871177630131539e-28
  100000.0        -5.14648019257991320227471541312e-28

N = 18
------------------------------------------------------------------------------
 r                 B_est(r)
    1000.0        -2.09078230493517866480941836595e-29
    3000.0        -2.46099515956688113591728490682e-29
   10000.0        -2.50705648311686781738407055232e-29
   30000.0        -2.51114647566221302631909568414e-29
  100000.0        -2.51161213085073965226370536515e-29

N = 19
------------------------------------------------------------------------------
 r                 B_est(r)
    1000.0        -2.50416570741698081300640237711e-30
    3000.0        -3.00320666504485007378108810943e-30
   10000.0        -3.06594336670471349133142524154e-30
   30000.0        -3.07152050398950795354205581302e-30
  100000.0        -3.07215554036569117231296096381e-30

N = 20
------------------------------------------------------------------------------
 r                 B_est(r)
    1000.0        -2.67604449447141414385654150935e-31
    3000.0        -3.29100877013425209982008521618e-31
   10000.0        -3.36936953175495517900956264829e-31
   30000.0        -3.37634613665722186059344115072e-31
  100000.0        -3.3771406301520347182164128026e-31

N = 21
------------------------------------------------------------------------------
 r                 B_est(r)
    1000.0        -3.95091729163395226167121125867e-32
    3000.0        -4.97387657361213535588574210219e-32
   10000.0        -5.10583098097591235582047368249e-32
   30000.0        -5.11759522901608383500314646145e-32
  100000.0        -5.11893509870516751773334455397e-32

N = 22
------------------------------------------------------------------------------
 r                 B_est(r)
    1000.0        -4.69777580458970973002789292488e-33
    3000.0        -6.11762459640326206678851834907e-33
   10000.0        -6.30388570665888368763444079955e-33
   30000.0        -6.32052287573292602059173887247e-33
  100000.0        -6.32241800499216527490575672622e-33

N = 23
------------------------------------------------------------------------------
 r                 B_est(r)
    1000.0        -6.1789601143249548926408803165e-34
    3000.0        -8.32305339356744950789693377235e-34
   10000.0        -8.6089425462799069211254062057e-34
   30000.0        -8.6345252062485504154523534813e-34
  100000.0        -8.63744021587514498917785242966e-34

N = 24
------------------------------------------------------------------------------
 r                 B_est(r)
    1000.0        -7.15057107421365419233453999484e-35
    3000.0        -1.00640777390150382487703620109e-34
   10000.0        -1.04604811573288133250618816263e-34
   30000.0        -1.04960328628876063071863175037e-34
  100000.0        -1.05000820093220262074698165341e-34

==============================================================================
INTERPRETATION GUIDE
==============================================================================

This cell is exploratory. No asymptotic law in N is assumed.

The principal diagnostic is whether |T_v(0)| continues to fall
systematically as N increases, and whether the behaviour is
approximately geometric, faster than geometric, or irregular.

T_v(L), M2 and M4 are included to distinguish a generic small
coefficient from a more structured endpoint cancellation.

B_est(r) is only a numerical extraction of the r^-4 coefficient.
Its convergence with r checks the asymptotic expansion but does
not constitute an independent derivation of B.

No Archimedean tail integral is evaluated by this cell.

