================================================================================
CELL 113 — EIGENVECTOR OVERLAP CONTINUATION, FINITE-T SEPARATION & SOLITARY EXTINCTION
  Configuration: c = 13, Primary T = 600, N_max = 192
  mpmath dps = 70, matrix dps = 70
================================================================================

--- STEP 1: RETRIEVING CACHED GALERKIN MATRIX (T = 600, N = 192) ---
Canonical even matrix H: shape (193, 193), retrieval time: 2.38 s

--- PART A: FINE OVERLAP BRANCH CONTINUATION IN N (T = 600) ---
  Overlap continuation: Overlap_k = |<v_prev^sol, v_N^(k)>|
   N | k_sol | Overlap_sol |  Overlap_0 |                E_0 |                E_1 |              E_sol |  v_0(sol) |   Residual
--------------------------------------------------------------------------------------------------------------------------
  24 |     0 |         1.0 |        1.0 |    2.604148209e-43 |    4.550112233e-37 |    2.604148209e-43 |  0.546854 | 2.19248e-71
  28 |     0 |  0.99998081 | 0.99998081 |    9.337020145e-47 |    2.161009621e-40 |    9.337020145e-47 |  0.544393 | 2.88575e-71
  32 |     0 |  0.99999329 | 0.99999329 |    2.168236878e-49 |    8.563015257e-43 |    2.168236878e-49 |  0.542941 | 2.96112e-71
  36 |     0 |  0.99999629 | 0.99999629 |    2.646983112e-50 |    4.193546493e-45 |    2.646983112e-50 |  0.541862 | 3.49793e-71
  40 |     0 |  0.99999772 | 0.99999772 |    2.569077923e-50 |    6.250400771e-47 |    2.569077923e-50 |  0.541016 | 4.24479e-71
  44 |     0 |  0.99988495 | 0.99988495 |    2.529328826e-50 |    1.685890741e-48 |    2.529328826e-50 |  0.534956 | 3.77801e-71
  48 |     0 |  0.98444784 | 0.98444784 |    2.102582756e-50 |    1.489962953e-49 |    2.102582756e-50 |  0.455835 | 3.43695e-71
  52 |     0 |  0.87603632 | 0.87603632 |    5.871845952e-51 |      5.4161113e-50 |    5.871845952e-51 |  0.162877 | 4.72147e-71
  56 |     0 |  0.99351632 | 0.99351632 |    8.144166978e-52 |    4.830071004e-50 |    8.144166978e-52 | 0.0880996 | 4.42622e-71
  60 |     0 |  0.99984429 | 0.99984429 |   -7.198950562e-53 |    4.750701172e-50 |   -7.198950562e-53 | 0.0764164 | 5.60497e-71
  64 |     0 |  0.99996417 | 0.99996417 |   -5.084677796e-52 |    4.713489407e-50 |   -5.084677796e-52 | 0.0708101 | 8.85409e-71
  72 |     0 |  0.99999281 | 0.99999281 |   -7.063893692e-52 |    4.696987318e-50 |   -7.063893692e-52 | 0.0682989 | 7.43589e-71
  80 |     0 |  0.99999684 | 0.99999684 |   -8.387558727e-52 |    4.686117461e-50 |   -8.387558727e-52 | 0.0666309 | 6.48746e-71
  96 |     0 |  0.99999841 | 0.99999841 |   -9.334931447e-52 |    4.678472432e-50 |   -9.334931447e-52 | 0.0654437 | 8.58817e-71
--------------------------------------------------------------------------------------------------------------------------

--- PART B: FINITE-T LEAKAGE SEPARATION AT FIXED N = 48 ---
  Spectrum and Archimedean tail scaling across T in {400, 500, 600}
   T |                E_0 |    v_0(0) |                E_1 |    v_0(1) | k_sol |              E_sol |        Tail J_0(T) | Solve Time
--------------------------------------------------------------------------------------------------------------------------
 400 |    8.294800084e-57 |  0.540393 |    1.118800006e-49 |  0.395774 |     0 |    8.294800084e-57 |     0.004076065229 |  1008.94 s
 500 |    8.529899667e-57 |  0.540392 |     1.14864062e-49 |  0.395768 |     0 |    8.529899667e-57 |     0.003459101925 |  1072.32 s
 600 |    2.102582756e-50 |  0.455835 |    1.489962953e-49 |  0.490771 |     1 |    1.489962953e-49 |     0.002990537776 |    14.50 s
--------------------------------------------------------------------------------------------------------------------------
Total Part B runtime: 2095.76 s

--- PART C: EXTINCTION METRICS ON THE SOLITARY WAVE BRANCH v_N^sol (T = 600) ---
  Comparison: Tracked Solitary Branch v_N^sol vs Literal Ground State v_N^(0)
   N | k_sol |       |T_sol(0)| |      |alpha_sol| |      P_alpha_sol |         |T_0(0)| |        |alpha_0| |        P_alpha_0 | Ratio P_sol/P_0
---------------------------------------------------------------------------------------------------------------------------------------
  24 |     0 |    1.3079985e-20 |    2.4815156e-18 |    1.2156894e-17 |    1.3079985e-20 |    2.4815156e-18 |    1.2156894e-17 |             1.0
  28 |     0 |    2.5791119e-22 |    5.2368106e-20 |    2.7710597e-19 |    2.5791119e-22 |    5.2368106e-20 |    2.7710597e-19 |             1.0
  32 |     0 |     1.185243e-23 |    2.5562926e-21 |    1.4460575e-20 |     1.185243e-23 |    2.5562926e-21 |    1.4460575e-20 |             1.0
  36 |     0 |    6.7269608e-25 |    1.5532204e-22 |    9.3193221e-22 |    6.7269608e-25 |    1.5532204e-22 |    9.3193221e-22 |             1.0
  40 |     0 |    1.2298357e-26 |    1.8378262e-24 |    1.1623433e-23 |    1.2298357e-26 |    1.8378262e-24 |    1.1623433e-23 |             1.0
  44 |     0 |    4.7385132e-25 |    1.1592793e-22 |    7.6897892e-22 |    4.7385132e-25 |    1.1592793e-22 |    7.6897892e-22 |             1.0
  48 |     0 |    1.7827683e-24 |    4.5704055e-22 |    3.1664698e-21 |    1.7827683e-24 |    4.5704055e-22 |    3.1664698e-21 |             1.0
  52 |     0 |    2.2278978e-24 |     5.932396e-22 |    4.2779116e-21 |    2.2278978e-24 |     5.932396e-22 |    4.2779116e-21 |             1.0
  56 |     0 |    1.4086859e-24 |    3.8409646e-22 |    2.8743147e-21 |    1.4086859e-24 |    3.8409646e-22 |    2.8743147e-21 |             1.0
  60 |     0 |    1.1363389e-24 |    3.1287726e-22 |    2.4235368e-21 |    1.1363389e-24 |    3.1287726e-22 |    2.4235368e-21 |             1.0
  64 |     0 |     9.674133e-25 |     2.684298e-22 |    2.1474384e-21 |     9.674133e-25 |     2.684298e-22 |    2.1474384e-21 |             1.0
  72 |     0 |    8.7128799e-25 |    2.4305442e-22 |    2.0623852e-21 |    8.7128799e-25 |    2.4305442e-22 |    2.0623852e-21 |             1.0
  80 |     0 |    7.9208522e-25 |    2.2216054e-22 |    1.9870643e-21 |    7.9208522e-25 |    2.2216054e-22 |    1.9870643e-21 |             1.0
  96 |     0 |    7.2987393e-25 |    2.0597262e-22 |    2.0181113e-21 |    7.2987393e-25 |    2.0597262e-22 |    2.0181113e-21 |             1.0
---------------------------------------------------------------------------------------------------------------------------------------

--- STEP 4: SOLITARY BRANCH MULTI-ROUTE alpha_N EVALUATION & CURVATURE ---
  Route 1: sum a_k v_k
  Route 2: (H u)_N + (T(0)/sqrt(2))*a_N - E*N^2*v_N
  Route 3: High-sector average over m in {N/2+1, ..., N}
   N | k_sol |     alpha_sol (R1) |      |R1 - R2| |      |R1 - R3| |          (H u_N)_N |    (T/sqrt(2))*a_N |           S_2(N)
---------------------------------------------------------------------------------------------------------------------------
  24 |     0 |     -2.4815156e-18 |    2.29836e-70 |     6.0968e-70 |     -2.8251475e-18 |       3.436319e-19 |   -7.0897368e-16
  28 |     0 |     -5.2368106e-20 |    2.10009e-70 |    1.03488e-70 |       -5.70873e-20 |      4.7191937e-21 |   -2.0308646e-17
  32 |     0 |     -2.5562926e-21 |    2.24205e-70 |    1.15014e-69 |      -2.678566e-21 |      1.2227336e-22 |   -1.2986596e-18
  36 |     0 |     -1.5532204e-22 |    3.99786e-71 |    1.38333e-69 |     -1.5612703e-22 |      8.0499617e-25 |   -1.0374235e-19
  40 |     0 |      1.8378262e-24 |    2.28519e-69 |    3.98986e-70 |      2.3316115e-24 |     -4.9378535e-25 |   -1.4626557e-21
  44 |     0 |      1.1592793e-22 |    3.54167e-70 |    8.03168e-70 |      1.0969915e-22 |       6.228786e-24 |    9.4729035e-20
  48 |     0 |      4.5704055e-22 |     7.0071e-71 |      7.839e-70 |      4.7549599e-22 |     -1.8455438e-23 |    4.3159547e-19
  52 |     0 |       5.932396e-22 |    4.23349e-70 |    6.49195e-70 |      6.3259215e-22 |      -3.935255e-23 |    6.2336319e-19
  56 |     0 |      3.8409646e-22 |    6.07136e-70 |    4.50682e-70 |      4.6640686e-22 |     -8.2310396e-23 |    4.2982873e-19
  60 |     0 |      3.1287726e-22 |    8.74505e-71 |    2.06586e-69 |      3.1714709e-22 |     -4.2698348e-24 |    3.5908708e-19
  64 |     0 |       2.684298e-22 |    7.51371e-71 |    3.05359e-69 |      2.7352616e-22 |     -5.0963577e-24 |    3.1419012e-19
  72 |     0 |      2.4305442e-22 |    1.77479e-70 |    1.33633e-69 |      2.5235806e-22 |     -9.3036348e-24 |    2.8836216e-19
  80 |     0 |      2.2216054e-22 |    6.73842e-71 |    2.02629e-69 |      2.1852054e-22 |      3.6399992e-24 |    2.6721597e-19
  96 |     0 |      2.0597262e-22 |    7.04251e-71 |    5.35033e-69 |      1.9323475e-22 |      1.2737872e-23 |    2.5160082e-19
---------------------------------------------------------------------------------------------------------------------------

--- STEP 5: HIGH-SECTOR DEFECT NORM ||xi_N^(Q)||_2 ON SOLITARY BRANCH ---
   N |    M |   ||xi_N^(Q)||_2 (Exact) |         Triangle Bound |  Ratio Bound/Exact
------------------------------------------------------------------------------------
  28 |   24 |          1.123660009e-19 |        1.143200048e-19 |            1.01739
  32 |   24 |          7.624026457e-21 |        7.766972255e-21 |            1.01875
  36 |   24 |          5.549116876e-22 |         5.69652839e-22 |            1.02656
  36 |   32 |          3.079341929e-22 |        3.190607484e-22 |            1.03613
  40 |   24 |          7.761811459e-24 |        8.114460086e-24 |            1.04543
  40 |   32 |          5.363444563e-24 |        5.719975772e-24 |            1.06647
  44 |   24 |          5.377438699e-22 |        5.539674547e-22 |            1.03017
  44 |   32 |          4.136567893e-22 |        4.298958478e-22 |            1.03926
  48 |   24 |          2.333269148e-21 |        2.422174978e-21 |             1.0381
  48 |   32 |          1.901840887e-21 |         1.99255428e-21 |             1.0477
  52 |   24 |          3.235016699e-21 |        3.396991571e-21 |            1.05007
  52 |   32 |          2.719764838e-21 |        2.890358663e-21 |            1.06272
  52 |   48 |          1.149797678e-21 |        1.305270731e-21 |            1.13522
  56 |   24 |          2.251343912e-21 |        2.364023021e-21 |            1.05005
  56 |   32 |          1.945491275e-21 |        2.061975179e-21 |            1.05987
  56 |   48 |          1.114912753e-21 |        1.211420033e-21 |            1.08656
  60 |   24 |          1.948224258e-21 |          2.0372018e-21 |            1.04567
  60 |   32 |          1.715966478e-21 |        1.807026367e-21 |            1.05307
  60 |   48 |          1.122123419e-21 |        1.193168816e-21 |            1.06331
  64 |   24 |           1.76419826e-21 |        1.854406108e-21 |            1.05113
  64 |   32 |          1.576825981e-21 |        1.668928211e-21 |            1.05841
  64 |   48 |          1.116500998e-21 |         1.19488166e-21 |             1.0702
  72 |   24 |          1.741953203e-21 |        1.836507123e-21 |            1.05428
  72 |   32 |          1.587883583e-21 |          1.6845989e-21 |            1.06091
  72 |   48 |          1.226910036e-21 |        1.314283043e-21 |            1.07121
  80 |   24 |          1.723103451e-21 |        1.827132217e-21 |            1.06037
  80 |   32 |          1.593944982e-21 |          1.6998541e-21 |            1.06644
  80 |   48 |          1.300816963e-21 |        1.399850467e-21 |            1.07613
  96 |   24 |          1.808773523e-21 |        1.957631927e-21 |             1.0823
  96 |   32 |          1.703989608e-21 |        1.855059054e-21 |            1.08866
  96 |   48 |          1.474630678e-21 |        1.623067425e-21 |            1.10066
------------------------------------------------------------------------------------

================================================================================
CELL 113 SUMMARY OF COMPUTED OBSERVABLES
================================================================================
Dimension sweep span:               N in [24, 96] (14 points)
Branch transition index:            Observed reordering between N = 40 and N = 48
Maximum overlap along branch:       0.87603632
Maximum operator residual ||Hv-Ev||: 8.854094e-71
Part B T-sweep dimensions:          T in [400, 500, 600] at N = 48
Total script runtime:               2385.56 s

================================================================================
CELL 113 EXECUTION COMPLETE
================================================================================
