======================================================================
CELL 10 — STRUCTURAL SPECTRAL DICTIONARY AUDIT
======================================================================

Parameters:
c = 13
N = 6
T = 40
dps = 70
L = 2.56494935746153673605348744156531860480526794476020711641905
2*pi/L = 2.44963327985465201074267116853344988881041290891894830654387

----------------------------------------------------------------------
1. GROUND STATE
----------------------------------------------------------------------

lambda_min =
2.0913348992737637730450812016858762164473081734325e-19

||v_star|| =
1.0

----------------------------------------------------------------------
2. RAW FOURIER / REPOSITORY-SUM IDENTITY
----------------------------------------------------------------------

tau = 0.0
  F(tau) = (0.9800726114622714055912703276636370549747 + 0.0j)
  exp(+i*tau*L) S/sqrt(L) = (0.9800726114622714055912703276636370549747 + 0.0j)
  error = 0.0

tau = 0.5
  F(tau) = (0.7783518162844532045960535980567415876841 + 0.5810153848235088725432251753472314859889j)
  exp(+i*tau*L) S/sqrt(L) = (0.7783518162844532045960535980567415876841 + 0.5810153848235088725432251753472314859889j)
  error = 0.0

tau = 1.0
  F(tau) = (0.2688184003262640701497439396630046448254 + 0.9063762271873664533800119311147770537792j)
  exp(+i*tau*L) S/sqrt(L) = (0.2688184003262640701497439396630046448254 + 0.9063762271873664533800119311147770537792j)
  error = 9.0556790788267123675e-72

tau = 2.0
  F(tau) = (-0.711064052478232107619282338644491471356 + 0.4624628367277745747585838966566636710835j)
  exp(+i*tau*L) S/sqrt(L) = (-0.711064052478232107619282338644491471356 + 0.4624628367277745747585838966566636710835j)
  error = 2.7541772693546312075e-71

tau = 3.0
  F(tau) = (-0.5380540196154202616183526816578862872353 - 0.4585867519427673951478312690775845990151j)
  exp(+i*tau*L) S/sqrt(L) = (-0.5380540196154202616183526816578862872353 - 0.4585867519427673951478312690775845990151j)
  error = 2.4383162140000907817e-71

tau = 5.0
  F(tau) = (0.3866005006435542974524265174961928134289 + 0.05022389521191031554671417266544674413171j)
  exp(+i*tau*L) S/sqrt(L) = (0.3866005006435542974524265174961928134289 + 0.05022389521191031554671417266544674413171j)
  error = 3.4944391844959570219e-71

tau = 10.0
  F(tau) = (0.0166331621488205353448851832904876860287 + 0.004395871137018524580655211410926272511005j)
  exp(+i*tau*L) S/sqrt(L) = (0.0166331621488205353448851832904876860287 + 0.004395871137018524580655211410926272511005j)
  error = 8.6765966592104851921e-72

Maximum raw identity error = 3.4944391844959570219315273075e-71

----------------------------------------------------------------------
3. CENTERING-SIGN AUDIT
----------------------------------------------------------------------

tau = 0.0
  + phase direct = 0.6119541092863728667717003086752721696772
  + phase repo   = 0.9800726114622714055912703276636370549747
  + phase error  = 0.36811850217589853882

  - phase direct = 0.6119541092863728667717003086752721696772
  - phase repo   = 0.9800726114622714055912703276636370549747
  - phase error  = 0.36811850217589853882

tau = 0.5
  + phase direct = 0.1724464760393894263136950014807045964109
  + phase repo   = 0.9712931726903660765296767482097951802295
  + phase error  = 0.79884669665097665022

  - phase direct = 0.606472256645189866502843120087479756894
  - phase repo   = 0.2761809513894442662593744801243575827457
  - phase error  = 0.33029130525574560024

tau = 1.0
  + phase direct = -0.4948509114793313085974046409478891362865
  + phase repo   = 0.9454000198669217808542153902901703455253
  + phase error  = 1.4402509313462530895

  - phase direct = 0.5903046573394145867374749881037053373507
  - phase repo   = -0.7925264619329085339348821260262547159938
  - phase error  = 1.3828311192723231207

tau = 2.0
  + phase direct = 0.2147565097247462311518343661745292164986
  + phase repo   = 0.8482240046597751815254510792804658284608
  + phase error  = 0.63346749493502895037

  - phase direct = 0.5296282736362080653379515079481082432668
  - phase repo   = 0.3439424135249314074337057255189575778892
  - phase error  = 0.1856858601112766579

tau = 3.0
  + phase direct = 0.06994999645601543442278857765376179180227
  + phase repo   = 0.7069681301740046095797849313413282710744
  + phase error  = 0.63701813371798917516

  - phase direct = 0.4414285710412793996220044334975843142356
  - phase repo   = 0.1120281319433739750412657383686745653674
  - phase error  = 0.32940043909790542458

tau = 5.0
  + phase direct = 0.235340483231065553288299982436714546841
  + phase repo   = 0.3898491846190059362741714532130801415833
  + phase error  = 0.15450870138794038299

  - phase direct = 0.2434205463344145556400220563188547507317
  - phase repo   = 0.3769085924629797934156321804347492300171
  - phase error  = 0.13348804612856523778

tau = 10.0
  + phase direct = 0.009339632458213292240379270436827113213511
  + phase repo   = 0.01720423686544185850223742660273197264971
  + phase error  = 0.0078646044072285662619

  - phase direct = 0.01074226881132321362275788411756212943535
  - phase repo   = 0.0149578503265436400008621322445051462327
  - phase error  = 0.0042155815152204263781

Maximum +phase error = 1.44025093134625308945162003124
Maximum -phase error = 1.38283111927232312067235711413

----------------------------------------------------------------------
4. DIRECT CENTERED-INTERVAL CHECK
----------------------------------------------------------------------

tau = 0.0
  direct centred transform = (0.9800726114622714055912703276636370549747 + 0.0j)
  exp(-i*tau*L/2) F(tau)   = (0.9800726114622714055912703276636370549747 + 0.0j)
  error = 0.0

tau = 0.5
  direct centred transform = (0.9712931726903660765296767482097951802295 + 4.668121990605487510669626157646232073279e-79j)
  exp(-i*tau*L/2) F(tau)   = (0.9712931726903660765296767482097951802295 - 6.058759168471441784576204831780238707842e-72j)
  error = 6.0587596352836408451e-72

tau = 1.0
  direct centred transform = (0.9454000198669217808542153902901703455253 + 1.294712696634367636882666921494675260938e-78j)
  exp(-i*tau*L/2) F(tau)   = (0.9454000198669217808542153902901703455253 - 2.896858024665397678808085403826878755981e-72j)
  error = 2.8968593193780943132e-72

tau = 2.0
  direct centred transform = (0.8482240046597751815254510792804658284608 + 4.328086859809112175170138233717729929759e-78j)
  exp(-i*tau*L/2) F(tau)   = (0.8482240046597751815254510792804658284608 - 6.199806762578021991254675674085283441222e-72j)
  error = 1.097465175477705466e-71

tau = 3.0
  direct centred transform = (0.7069681301740046095797849313413282710744 + 8.108044256351908911573969604090557963875e-78j)
  exp(-i*tau*L/2) F(tau)   = (0.7069681301740046095797849313413282710744 + 2.665417508554263615402784979642257850023e-71j)
  error = 2.8150487399742565191e-71

tau = 5.0
  direct centred transform = (0.3898491846190059362741714532130801415833 + 6.235403464618309891659554398655212993203e-78j)
  exp(-i*tau*L/2) F(tau)   = (0.3898491846190059362741714532130801415833 + 9.136402576692393220426426920540468514033e-72j)
  error = 9.1363963412889286021e-72

tau = 10.0
  direct centred transform = (0.01720423686544185850223742660273197264971 + 2.116070385080885096475548511348369302427e-78j)
  exp(-i*tau*L/2) F(tau)   = (0.01720423686544185850223742660273197264971 + 2.47597811168928208046495393350970987875e-72j)
  error = 6.9638017939165531519e-72

Maximum direct-centering identity error = 2.81504873997425651912709460894e-71

======================================================================
CELL 10 SUMMARY
======================================================================

Maximum raw Fourier/repository-sum identity error = 3.4944391844959570219315273075e-71
Maximum +phase error = 1.44025093134625308945162003124
Maximum -phase error = 1.38283111927232312067235711413
Maximum direct-centering identity error = 2.81504873997425651912709460894e-71

Interpretation:

The centred transform of f(x+L/2) should be
    exp(-i*tau*L/2) F(tau).

If the -phase errors are near numerical precision
while the +phase errors are large, the Cell-9
discrepancy is a centering-phase sign error.

======================================================================
END CELL 10
======================================================================
