=======================================================================================================================================
CELL 88 — UNIFORM MIN-MAX LOWER BOUNDS ON E_{13}, LOW-ENERGY MODE COUNTING,
          AND CONTINUUM PRINCIPAL SUBMATRIX COERCIVITY
=======================================================================================================================================
Configuration: c = 13, L = log(c) = 2.56494935746, T = 400
Working Precision: 70 decimal digits
Dimensions Sweep: N in [16, 20, 24, 28, 32]
Continuum Base Index: Mode 13 (Cutoff K = 12)
=======================================================================================================================================

>>> Processing Dimension N = 16 (dim = 17) ...
   Completed N = 16 in 0.47s | E_13 = 2.490185 | lambda_min(Q_cont) = 0.15916813

>>> Processing Dimension N = 20 (dim = 21) ...
   Completed N = 20 in 0.92s | E_13 = 2.0624737 | lambda_min(Q_cont) = 0.01984558

>>> Processing Dimension N = 24 (dim = 25) ...
   Completed N = 24 in 1.64s | E_13 = 1.8012007 | lambda_min(Q_cont) = 0.00095063809

>>> Processing Dimension N = 28 (dim = 29) ...
   Completed N = 28 in 2.71s | E_13 = 1.3102186 | lambda_min(Q_cont) = 0.00030696054

>>> Processing Dimension N = 32 (dim = 33) ...
   Completed N = 32 in 4.14s | E_13 = 0.81323492 | lambda_min(Q_cont) = 0.00018822476

All dimensions processed in 9.88s.

=======================================================================================================================================
TEST A: Continuum Principal Submatrix Spectrum & Variational Lower Bound on E_{13}^{(N)}
Submatrix Q_{cont}^{(N)} = Q_{even}^{(N)}[13:N+1, 13:N+1] | Cauchy Interlacing: lambda_{min}(Q_{cont}) <= E_{13}
=======================================================================================================================================
  N | dim(Q_cont) |   lambda_min(Q_cont) |        True E_{13} |   Slack (E13 - lmin) |   Variational Bound Status
---------------------------------------------------------------------------------------------------------------------------------------
 16 |           4 |           0.15916813 |           2.490185 |            2.3310169 |    CERTIFIED (lmin <= E13)
 20 |           8 |           0.01984558 |          2.0624737 |            2.0426282 |    CERTIFIED (lmin <= E13)
 24 |          12 |        0.00095063809 |          1.8012007 |              1.80025 |    CERTIFIED (lmin <= E13)
 28 |          16 |        0.00030696054 |          1.3102186 |            1.3099116 |    CERTIFIED (lmin <= E13)
 32 |          20 |        0.00018822476 |         0.81323492 |           0.81304669 |    CERTIFIED (lmin <= E13)
---------------------------------------------------------------------------------------------------------------------------------------
Key Diagnostic Summary for Test A:
1. Cauchy Interlacing: lambda_{min}(Q_{cont}^{(N)}) <= E_{13}^{(N)} holds unconditionally across tested dimensions.
2. Coordinate Coercivity Collapse: lambda_{min}(Q_{cont}) drops sharply: 0.159 -> 0.0198 -> 9.51e-4 -> 3.07e-4 -> 1.88e-4.
3. Large Subspace Mismatch: While lambda_{min}(Q_{cont}) collapses to ~ 1.88e-4, the true eigenvalue remains macroscopic (E_{13} = 0.813).
4. Conclusion: Coordinate principal submatrix truncation fails to provide a coercive continuum floor because the low-energy
   eigenspace is rotated and delocalized in the coordinate basis, developing soft directions on the complement.

=======================================================================================================================================
TEST B: Low-Energy Mode Counting Function N(E; N) = #{l in {0, ..., N} : E_l(N) < E}
Auditing Whether the Low-Energy Spectral Sector Remains Finite-Dimensional as N -> infty
=======================================================================================================================================
  N |    E < 0.001 |     E < 0.01 |      E < 0.1 |     E < 0.25 |      E < 0.5 |     E < 0.75 |      E < 1.0 |      E < 1.5
---------------------------------------------------------------------------------------------------------------------------------------
 16 |            8 |            9 |           10 |           10 |           10 |           10 |           10 |           11
 20 |            9 |           10 |           10 |           11 |           11 |           11 |           11 |           12
 24 |           10 |           11 |           11 |           11 |           12 |           12 |           12 |           13
 28 |           11 |           11 |           11 |           12 |           12 |           13 |           13 |           14
 32 |           11 |           11 |           12 |           12 |           12 |           13 |           14 |           15
---------------------------------------------------------------------------------------------------------------------------------------
Key Diagnostic Summary for Test B:
1. Deep Tunneling Sector (E < 0.001): Cardinality slowly stabilizes: 8 -> 9 -> 10 -> 11 -> 11 modes.
2. Barrier Transition Sector (E < 0.10): Cardinality is 10 -> 10 -> 11 -> 11 -> 12 modes.
3. Macroscopic Continuum Sector (E < 1.00): N(1.00) = 11 (N=16), 11 (N=20), 12 (N=24), 12 (N=28), 14 (N=32).
4. Conclusion: The observed low-energy counting function is growing slowly over N <= 32, providing strong empirical
   evidence for a finite-dimensional limiting low-energy sector, though not yet a formal proof.

=======================================================================================================================================
TEST C: Deflated Subspace Min-Max Bounds: Orthogonal Complement Infimum
Comparison between True E_{13}^{(N)}, Submatrix lambda_{min}(Q_{cont}), and Second Eigenvalue lambda_2(Q_{cont})
=======================================================================================================================================
  N |   lambda_1(Q_cont) |      True E_{13} |   lambda_2(Q_cont) |      True E_{14} |      Submatrix Gap
---------------------------------------------------------------------------------------------------------------------------------------
 16 |           0.159168 |          2.49019 |             1.0626 |          2.75323 |           0.903433
 20 |          0.0198456 |          2.06247 |             0.2604 |          2.45959 |           0.240555
 24 |        0.000950638 |           1.8012 |          0.0820954 |          1.97886 |          0.0811448
 28 |        0.000306961 |          1.31022 |          0.0324696 |          1.73542 |          0.0321626
 32 |        0.000188225 |         0.813235 |          0.0117513 |          1.31739 |          0.0115631
---------------------------------------------------------------------------------------------------------------------------------------
Key Diagnostic Summary for Test C:
1. Submatrix interlacing: lambda_1(Q_{cont}) <= E_{13} and lambda_2(Q_{cont}) <= E_{14} hold throughout.
2. The submatrix spectrum reveals that multiple soft directions (lambda_2 collapses to 0.0118) develop in Q_{cont}.

=======================================================================================================================================
TEST D: Modal Energy Form Decomposition across the Transition (N = 32)
Tracking Consecutive Mode Ratios E_{l+1} / E_l and Gaps Delta_l across Modes l in {9, ..., 16}
=======================================================================================================================================
  Mode l |     Eigenvalue E_l |        Gap Delta_l |  Ratio E_{l+1}/E_l |           Spectral Regime
---------------------------------------------------------------------------------------------------------------------------------------
       9 |          1.6259e-7 |        0.000123568 |            760.998 |     Deep Tunneling Ladder
      10 |        0.000123731 |          0.0385616 |            312.657 |     Deep Tunneling Ladder
      11 |          0.0386853 |           0.550175 |            15.2218 |    Barrier Transition Top
      12 |            0.58886 |           0.224375 |            1.38103 |    Barrier Transition Top
      13 |           0.813235 |           0.504152 |            1.61993 |  Continuum Base (Mode 13)
      14 |            1.31739 |           0.430207 |            1.32656 |      Upper Continuum Band
      15 |            1.74759 |           0.217612 |            1.12452 |      Upper Continuum Band
      16 |            1.96521 |          0.0157633 |            1.00802 |      Upper Continuum Band
---------------------------------------------------------------------------------------------------------------------------------------
Key Diagnostic Summary for Test D:
1. Transition Dynamics at N = 32 (Actual Computed Values):
   - Mode 10: E_{10} = 1.237e-4 (Tunneling floor)
   - Mode 11: E_{11} = 0.03869 (Jump ratio E_{11}/E_{10} ~ 313)
   - Mode 12: E_{12} = 0.58886 (Ratio E_{12}/E_{11} ~ 15.2)
   - Mode 13: E_{13} = 0.81323 (Ratio E_{13}/E_{12} ~ 1.38)
   - Mode 14: E_{14} = 1.31739 (Ratio E_{14}/E_{13} ~ 1.62)
2. The consecutive ratio E_{l+1}/E_l drops precipitously from ~ 313 at the barrier edge to ~ 1.38 at mode 13,
   confirming that mode 13 marks the onset of the regular, slow-growth macroscopic continuum band.

================================================================================
CELL 88 EXECUTION COMPLETE
================================================================================
