============================================================
GROUND STATE
============================================================
lambda = 4.430433324736626887628510153465703100875e-23

Canonical ground-state norm =
1.0

First few zeta zeros:
1 14.13472514173469379045725198356247
2 21.022039638771554992628479593896903
3 25.010857580145688763213790992562822
4 30.424876125859513210311897530584091
5 32.935061587739189690662368964074903

============================================================
GROUND-STATE FUNCTIONAL CHECKS
============================================================
F(gamma1) = 9.56325501597313457497697002936e-21
F(gamma2) = -5.59238139536278115347203667244e-17
F(gamma3) = 1.65582090582311345303456126236e-14
P(v)       = 13.3496194837699894731545469142
F'(gamma1) = -0.000378385480943448224350245226504

============================================================
CONSTRAINED DERIVATIVE BOUND
============================================================

m    constraints       D_m                         det(G_m)
------------------------------------------------------------
0   1                 0.857549330939572397380572758475578.13896149645026325
1   2                 0.857264591340603080317533531464713.93142305330736292
2   3                 0.848726327096095877763669591987350.68603719959086536
3   4                 0.6049924270545042290298680477842.0259493113137547691
4   5                 0.5636015718946106159871388842980.00015701432614178218552
5   6                 0.2021166252129722978613522007157.159794379340831988e-12
6   7                 0.04315629830879567094786411558472.1269424677062812811e-22
7   8                 0.005112094776114513369417405361263.0298744086590382741e-37

============================================================
INCREMENTAL CONSTRAINT GEOMETRY
============================================================

Adding F(gamma_1) = 0
||new constraint_perp|| = 1.111250910281089508791167811151914892684
||d_perp(previous)||    = 0.8575493309395723973805727584750034095303
cos(theta)              = 0.02576756157317153103687778103297346399605
|cos(theta)|^2          = 0.0006639672294271861074378869357821229202635
D_previous              = 0.8575493309395723973805727584750034095303
D_new                   = 0.857264591340603080317533531463603933215
D_new / D_previous     = 0.9996679612604241173758800659178131444634

Adding F(gamma_2) = 0
||new constraint_perp|| = 0.7008595387838708567493146053583086657005
||d_perp(previous)||    = 0.857264591340603080317533531463603933215
cos(theta)              = 0.1407856101114408405579617733720465300335
|cos(theta)|^2          = 0.01982058801445063344614983818599571309455
D_previous              = 0.857264591340603080317533531463603933215
D_new                   = 0.8487263270960958777636695919870446576537
D_new / D_previous     = 0.990040106251029290368381529581767811298

Adding F(gamma_3) = 0
||new constraint_perp|| = 0.0760072553649671483322701742023889420011
||d_perp(previous)||    = 0.8487263270960958777636695919870446576537
cos(theta)              = 0.7013430400337137482769795681499878877726
|cos(theta)|^2          = 0.4918820598037314054138798415112829051475
D_previous              = 0.8487263270960958777636695919870446576537
D_new                   = 0.604992427054504229029868047783649191987
D_new / D_previous     = 0.7128239194894266415228006125987118553083

Adding F(gamma_4) = 0
||new constraint_perp|| = 0.00880349966858658825546684222353524370671
||d_perp(previous)||    = 0.604992427054504229029868047783649191987
cos(theta)              = 0.363524835909159483555684282009538889329
|cos(theta)|^2          = 0.1321503063227813283231016503984607447336
D_previous              = 0.604992427054504229029868047783649191987
D_new                   = 0.563601571894610615987138884297845764489
D_new / D_previous     = 0.9315845069972013396079860509646439555888

Adding F(gamma_5) = 0
||new constraint_perp|| = 0.0002135406868054216389983178900036955206904
||d_perp(previous)||    = 0.563601571894610615987138884297845764489
cos(theta)              = 0.933485113842620618250435594374026443065
|cos(theta)|^2          = 0.8713944577657703757972849725276667916031
D_previous              = 0.563601571894610615987138884297845764489
D_new                   = 0.2021166252129722978613522007148563276557
D_new / D_previous     = 0.3586161488754091567515998132741448043436

Adding F(gamma_6) = 0
||new constraint_perp|| = 0.000005450390215809337016761901886044387529383
||d_perp(previous)||    = 0.2021166252129722978613522007148563276557
cos(theta)              = -0.976938307358094335328281924143392903105
|cos(theta)|^2          = 0.9544084563836983965320356173769013957355
D_previous              = 0.2021166252129722978613522007148563276557
D_new                   = 0.04315629830879567094786411558470327797729
D_new / D_previous     = 0.213521763800090419419728431560069241612

Adding F(gamma_7) = 0
||new constraint_perp|| = 0.00000003774282836397579880788439474313268738698
||d_perp(previous)||    = 0.04315629830879567094786411558470327797729
cos(theta)              = -0.9929593788802457687462107612154768746
|cos(theta)|^2          = 0.9859683281062434668175711680224604365012
D_previous              = 0.04315629830879567094786411558470327797729
D_new                   = 0.005112094776114513369417405361256711411135
D_new / D_previous     = 0.1184553582315149354781810149443524753181

============================================================
MAXIMISING VECTOR FOR m = 2
============================================================
D_m =
0.848726327096095877763669591987044657653672658277128165086134

||v_star|| =
1.0

Constraint residuals:
P(v) = -4.624319880282757605677146373765092148385e-81
F(gamma1) = -2.654032815402713412144660160188641914677e-82
F(gamma2) = 2.394188580252569068784011026392210170084e-82

Derivative:
F'(gamma1) = 0.84872632709609587776366959198704465765367265827713

============================================================
LOCAL F(tau) FOR v_star
============================================================

Around gamma_1 = 14.1347251417346937904572519836
-0.01 -0.00848731473743568943847370113108
0 -3.29443685725953850760892939102e-83
0.01 0.00848693068976908100819190445387

Around gamma_2 = 21.0220396387715549926284795939
-0.01 -0.00102328972300321494126818158627
0 5.27109897161526161217428702564e-82
0.01 0.00100111893174288552546737729835

============================================================
CELL_3 — EXPLICIT WEIL-SIDE CHECK
============================================================

Parameters:
N = 8
c = 13
L = 2.564949357461536736053487441565318604805

||v_star|| =
1.0

Test function consistency:
gamma_1:
  F_real    = -3.294436857259538507608929391021880939909e-83
  G_complex = (-3.294436857259538507608929391021880939909e-83 - 2.972587612608275356228341507080586870249e-82j)
  difference = 0.0
gamma_2:
  F_real    = 5.271098971615261612174287025635009503855e-82
  G_complex = (5.271098971615261612174287025635009503855e-82 + 1.241132866884953753694240700656112116468e-83j)
  difference = 0.0
gamma_3:
  F_real    = 0.05330715954228485878608390131084026353326
  G_complex = (0.05330715954228485878608390131084026353326 - 2.375164013943016325927961708547991660698e-83j)
  difference = 0.0

Full-space dimension check:
Q dimensions      = 17 x 17
u_star dimension  = 17

------------------------------------------------------------
1. GALERKIN QUADRATIC FORM
------------------------------------------------------------
<v_star, Q_inf v_star> =
0.0681996348276903043946975963640488334725382822385907777229656

------------------------------------------------------------
2. PRIME CONTRIBUTION
------------------------------------------------------------

Prime powers included:
q = 2.0  Lambda(q) = 0.69314718055994530942
q = 4.0  Lambda(q) = 0.69314718055994530942
q = 8.0  Lambda(q) = 0.69314718055994530942
q = 3.0  Lambda(q) = 1.0986122886681096914
q = 9.0  Lambda(q) = 1.0986122886681096914
q = 5.0  Lambda(q) = 1.6094379124341003746
q = 7.0  Lambda(q) = 1.9459101490553133051
q = 11.0  Lambda(q) = 2.3978952727983705441
q = 13.0  Lambda(q) = 2.5649493574615367361

Individual prime-power terms:
q = 2.0  xi = 0.1103178000763257966982282  ghat = (-1.20878259221592268300834525717 + 0.0j)  contribution = (0.188585712783086451391779821873 + 0.0j)
q = 4.0  xi = 0.2206356001526515933964564  ghat = (-1.44704109991999674956360771085 + 0.0j)  contribution = (0.159634390763200782225482376713 + 0.0j)
q = 8.0  xi = 0.3309534002289773900946846  ghat = (0.761455972876425028165007077154 + 0.0j)  contribution = (-0.0593984883313856474314975822787 + 0.0j)
q = 3.0  xi = 0.1748495762830298889987356  ghat = (0.67256490440518182391701201901 + 0.0j)  contribution = (-0.135790114290173461407534591794 + 0.0j)
q = 9.0  xi = 0.3496991525660597779974713  ghat = (-1.86617504197048403324878458529 + 0.0j)  contribution = (0.217533276905669768472957872907 + 0.0j)
q = 5.0  xi = 0.2561499993633880737381655  ghat = (1.8844978773885310373968812477 + 0.0j)  contribution = (-0.431752643435388404719633873813 + 0.0j)
q = 7.0  xi = 0.3097012190348399594447007  ghat = (2.00053393997703948569219231923 + 0.0j)  contribution = (-0.468349233989161580178752249681 + 0.0j)
q = 11.0  xi = 0.381636885682549505665483  ghat = (0.698988868887788676111941662762 + 0.0j)  contribution = (-0.160862293392264232828534233797 + 0.0j)
q = 13.0  xi = 0.4082243690203843863531094  ghat = 0.0  contribution = 0.0

Prime contribution =
(-0.690399392986416324475732459869833412512591430720128402379049 + 0.0j)

------------------------------------------------------------
3. POLE CONTRIBUTION
------------------------------------------------------------
g(i/2) =
(-3.97391445906931832480327107792014388376566903671312882258791e-82 + 0.0j)

2 g(i/2) =
(-7.94782891813863664960654215584028776753133807342625764517581e-82 + 0.0j)

h_+(r) samples:
r = 0  h_+ = -5.37218341922566558223295749745
r = 1  h_+ = -2.02514619310346720029654287301
r = 5  h_+ = -0.230118218245597737263003096966
r = 10  h_+ = 0.464290626864930281278860993739
r = 20  h_+ = 1.15775099484483359987053425745
r = 50  h_+ = 2.07412927118522110406788216926

------------------------------------------------------------
4. ARCHIMEDEAN CONTRIBUTION
------------------------------------------------------------

Finite-T convergence:
T =  20   A_T = 0.11268543036688766333627963757198943767117802624367
T =  40   A_T = 0.050220041508193878742057532538679352365432789961234
T =  80   A_T = 0.073769783469428942217456913513824555613458383898545
T = 120   A_T = 0.079462662825222686594577549217114385904094367587659
T = 200   A_T = 0.060286992891653757315637003320964377395496042347402
T = 400   A_T = 0.06859801891167751433219364353492445396050948583927

Current archimedean estimate =
0.0685980189116775143321936435349244539605094858392703537448648

------------------------------------------------------------
5. COMPLETE EXPLICIT WEIL FORM
------------------------------------------------------------
Prime       =
(-0.690399392986416324475732459869833412512591430720128402379049 + 0.0j)

Pole        =
(-7.94782891813863664960654215584028776753133807342625764517581e-82 + 0.0j)

Archimedean =
0.0685980189116775143321936435349244539605094858392703537448648

--------------------------------

Weil sum =
(-0.621801374074738810143538816334908958552081944880858048634184 + 0.0j)

------------------------------------------------------------
6. DICTIONARY CHECK
------------------------------------------------------------

Galerkin quadratic form =
0.0681996348276903043946975963640488334725382822385907777229656

Explicit Weil form =
(-0.621801374074738810143538816334908958552081944880858048634184 + 0.0j)

Difference =
(-0.69000100890242911453823641269895779202462022711944882635715 + 0.0j)

Relative difference =
10.1173710188588287184192324991

============================================================
END CELL_3
============================================================
