==============================================================================
CELL 44 — WKB TUNNELING BARRIER & EXACT SLEPIAN PROLATE SPECTRUM
==============================================================================
c = 13, L = 2.5649493574615367361, T = 400, dps = 50
Benchmark N = 24

==============================================================================
1. LOG-BARRIER POTENTIAL S(t) = -log(T(t)) AND DIVERGENCE INDEX
==============================================================================
   t / L          t           T(t)    S(t) = -log T    S'(t) = -T'/T  p_eff = -t S'/S
------------------------------------------------------------------------------
   0.005   0.012825   1.549645e-18         41.00851        -286.5795        0.0896231
    0.01   0.025649   3.397241e-17         37.92098        -207.1693         0.140128
    0.02   0.051299   2.773764e-15         33.51857        -145.8673         0.223245
    0.05    0.12825   1.317723e-11         25.05253        -86.51131         0.442864
     0.1    0.25649    7.303813e-8         16.43228        -53.02509          0.82768
    0.15    0.38474    2.080249e-5         10.78044        -36.55021          1.30444
     0.2    0.51299    0.001101361         6.811208        -26.01221          1.95912
     0.3    0.76948      0.1384241         1.977433        -12.94951          5.03908
     0.4      1.026         1.3257       -0.2819404        -5.270162         -19.1781
     0.5     1.2825       2.538158       -0.9314386     4.090266e-50      5.63179e-50

==============================================================================
2. WKB QUANTUM TUNNELING INTEGRAL
==============================================================================
Classical turning point (inflection point): t_turn = 1.046259 (0.40791 L)
Peak value T(L/2):                       2.538158
Boundary value T(0):                     1.137963e-20
Actual suppression log(T_peak / T_edge): 46.853901
WKB tunneling action S_WKB:             44.363852
WKB predicted ratio exp(-S_WKB):        5.4078406e-20
Actual boundary ratio T(0)/T_peak:      4.4834206e-21
WKB action ratio (actual / WKB):        1.05613

==============================================================================
3. EXACT LEGENDRE MULTIPOLE SPECTRUM (BAUER-BESSEL EXPANSION)
==============================================================================
Decomposition: psi(x) = sum_{k=0}^K c_{2k} P_{2k}(x) on x in [-1, 1]
  2k     Legendre coef c_{2k} Fractional Energy c_{2k}^2/(4k+1)
------------------------------------------------------------------------------
   0           0.546858624502                        0.2990544
   2           -1.25376791127                       0.31438685
   4            1.38123050152                       0.21197756
   6           -1.20329251466                       0.11137793
   8           0.878439648926                      0.045391549
  10          -0.543602440661                      0.014071603
  12           0.282809021716                     0.0031992382
  14           -0.11993192672                     0.0004959886
  16          0.0380044622667                      4.376786e-5
  18        -0.00608452783307                     1.0005807e-6
  20        -0.00218728362145                     1.1668806e-7

Total reconstructed energy on [-1, 1]:  1.99999967996
Expected L^2 norm (2/L) int_0^L T^2 dt: 2

==============================================================================
4. SLEPIAN-BOUWKAMP PROLATE RECURRENCE RESIDUAL OPTIMIZATION
==============================================================================
Recurrence: A_k c_{2k+2} + (B_k(c_0) - mu) c_{2k} + C_k c_{2k-2} = 0
     c_0      c_0^2        mu(c_0)     Residual k=1     Residual k=2     Residual k=3
------------------------------------------------------------------------------
     2.0        4.0       0.110574          5.98218          19.9395          41.8689
     3.0        9.0       0.248793          5.95989          19.8638           41.705
     4.0       16.0       0.442298           5.9287          19.7579          41.4756
     5.0       25.0       0.691091          5.88859          19.6217          41.1806
     6.0       36.0        0.99517          5.83958          19.4553          40.8201
     7.0       49.0        1.35454          5.78165          19.2586           40.394
     8.0       64.0        1.76919           5.7148          19.0316          39.9024
     9.0       81.0        2.23913          5.63905          18.7743          39.3452

Best discrete candidate: c_0 ~ 9.0 (residual norm ~ 43.958)

==============================================================================
END OF CELL 44
==============================================================================
Conclusions to review in cell44.out:
  1. How does the divergence index p_eff behave near the boundary t -> 0?
  2. Does the WKB quantum tunneling action match the boundary suppression?
  3. How rapidly does the Legendre multipole spectrum c_{2k} decay?
  4. What is the optimal prolate bandwidth c_0 matching the Slepian recurrence?
