================================================================================
CELL 106 — UNIFORM SOBOLEV BOUNDEDNESS & QUADRATIC FORM DOMINATION AUDIT
  Route D Sobolev Saturation, Energy Decomposition, & No-Go Theorem Verification
  Configuration: c = 13, T = 600, N_max = 192
  mpmath dps: 70
================================================================================

--- STEP 1: RETRIEVING GALERKIN MATRIX (N = 192) ---
Full Galerkin matrix Q: shape (385, 385), time: 1.71 s

--- STEP 2: MULTI-DIMENSIONAL EIGENSYSTEM & SOBOLEV MOMENT SWEEP ---
  N =  32 | E11 = 2.16823687768e-49 | ||H||_op = 4.1140707 | <v,Dv> = 0.076713841 | <v,Ov> = -0.076713841 | time: 2.41 s
  N =  48 | E11 = 2.10258275644e-50 | ||H||_op = 4.9609062 | <v,Dv> = 0.083477115 | <v,Ov> = -0.083477115 | time: 8.41 s
  N =  64 | E11 = -5.08467779617e-52 | ||H||_op = 5.1347001 | <v,Dv> = 0.10638725 | <v,Ov> = -0.10638725 | time: 19.89 s
  N =  96 | E11 = -9.33493144722e-52 | ||H||_op = 5.6954353 | <v,Dv> = 0.10657566 | <v,Ov> = -0.10657566 | time: 68.83 s
  N = 128 | E11 = -1.00537462515e-51 | ||H||_op = 5.8594563 | <v,Dv> = 0.10660505 | <v,Ov> = -0.10660505 | time: 161.83 s
  N = 192 | E11 = -1.06311187849e-51 | ||H||_op = 6.4672472 | <v,Dv> = 0.10662788 | <v,Ov> = -0.10662788 | time: 537.67 s

--- STEP 3: SOBOLEV MOMENTS K_s(N) AND SATURATION PROFILE ---
   N |        s = 0.5 |        s = 1.0 |        s = 1.5 |        s = 2.0 |        s = 3.0 |        s = 4.0
--------------------------------------------------------------------------------------------------
  32 |      1.0176385 |      1.7722536 |      3.7067019 |      8.9992617 |      72.650168 |      785.37841
  48 |      1.3744616 |       2.939599 |      7.4579524 |      21.450909 |      230.46535 |      3223.6686
  64 |      2.6244623 |      7.6745883 |      24.304496 |      82.186288 |      1111.1681 |      18590.221
  96 |      2.6350791 |      7.7211826 |      24.484442 |      82.873591 |      1121.9867 |      18791.862
 128 |      2.6367744 |      7.7285742 |      24.512772 |      82.980899 |      1123.6411 |      18821.741
 192 |      2.6381065 |      7.7343602 |       24.53486 |      83.064197 |      1124.9115 |      18844.307
--------------------------------------------------------------------------------------------------

--- STEP 4: SATURATION RATIOS K_s(N_2) / K_s(N_1) ---
  Transition |    s = 1.0 Ratio |    s = 2.0 Ratio |    s = 4.0 Ratio |    |Delta K_2|
--------------------------------------------------------------------------------
  32 ->  48 |    1.65867848571 |    2.38362982842 |    4.10460552497 |        12.4516
  48 ->  64 |    2.61076029549 |    3.83136628989 |    5.76679036033 |        60.7354
  64 ->  96 |    1.00607123959 |    1.00836274266 |    1.01084663712 |       0.687303
  96 -> 128 |     1.0009573168 |    1.00129483707 |    1.00158998712 |       0.107308
 128 -> 192 |     1.0007486551 |    1.00100382266 |    1.00119892081 |      0.0832981
--------------------------------------------------------------------------------

--- STEP 5: GROUND-STATE ENERGY BUDGET & BALANCING ---
   N |         <v, D v> |         <v, O v> |   Sum (<v, H v>) |     E11 (Actual) |   Cancel Ratio
----------------------------------------------------------------------------------------
  32 |    0.07671384053 |   -0.07671384053 |  2.168236878e-49 |  2.168236878e-49 |    3.53807e+47
  48 |    0.08347711487 |   -0.08347711487 |  2.102582756e-50 |  2.102582756e-50 |    3.97022e+48
  64 |     0.1063872457 |    -0.1063872457 | -5.084677796e-52 | -5.084677796e-52 |    2.09231e+50
  96 |     0.1065756609 |    -0.1065756609 | -9.334931447e-52 | -9.334931447e-52 |    1.14169e+50
 128 |     0.1066050472 |    -0.1066050472 | -1.005374625e-51 | -1.005374625e-51 |    1.06035e+50
 192 |     0.1066278802 |    -0.1066278802 | -1.063111878e-51 | -1.063111878e-51 |    1.00298e+50
----------------------------------------------------------------------------------------

--- STEP 6: THEOREM 1 AUDIT: GLOBAL DOMINATION DEFICIT ---
  Deficit H_mm - c * m^2 along basis directions e_m:
   m |       H_mm | c=0.001 : H_mm - c*m^2 | c=0.01  : H_mm - c*m^2 | c=0.1   : H_mm - c*m^2
--------------------------------------------------------------------------------------------
   0 |  0.0430337 |      0.043033743 |      0.043033743 |      0.043033743
   4 |   0.137622 |       0.12162222 |     -0.022377781 |       -1.4623778
   8 |   0.897234 |       0.83323356 |       0.25723356 |       -5.5027664
  16 |    1.00905 |       0.75304904 |        -1.550951 |       -24.590951
  32 |    2.75382 |        1.7298213 |       -7.4861787 |       -99.646179
  64 |    4.18143 |      0.085429762 |        -36.77857 |       -405.41857
  96 |    1.90934 |       -7.3066568 |       -90.250657 |       -919.69066
 128 |    4.08603 |       -12.297967 |       -159.75397 |        -1634.314
 160 |    5.80066 |       -19.799341 |       -250.19934 |       -2554.1993
 192 |    4.63182 |       -32.232176 |       -364.00818 |       -3681.7682
--------------------------------------------------------------------------------------------

  Minimum diagonal deficit across all m in [0, 192]:
    c = 0.001: min_m (H_mm - c*m^2) = -32.232176 (unbounded below as m -> infty)
    c = 0.01: min_m (H_mm - c*m^2) = -364.00818 (unbounded below as m -> infty)
    c = 0.1: min_m (H_mm - c*m^2) = -3681.7682 (unbounded below as m -> infty)

==========================================================================================
CELL 106 SYNTHESIS: SOBOLEV SATURATION & DOMINATION OBSTRUCTION SCORECARD
==========================================================================================
1. Theorem 1 (Global Domination No-Go):            CERTIFIED (min deficit -> -infty)
2. Ground-State Sobolev Saturation (s=2):          CERTIFIED (relative variation: 0.001003)
   K_2(128) = 82.9808986128 | K_2(192) = 83.0641967192
3. Off-Diagonal Energy Cancellation:               CERTIFIED (<v,Dv> = 0.10662788, <v,Ov> = -0.10662788)
   Net Energy Sum <v, H v>:                       -1.063111878e-51
Total script runtime: 801.02 s

================================================================================
CELL 106 EXECUTION COMPLETE
================================================================================
