==============================================================================
CELL 39 — GENERATING FUNCTION FOR THE ARCHIMEDEAN TAIL HIERARCHY
==============================================================================
c=13, L=2.5649493574615367386, T=400, dps=50
N_max=8, K_MAX=8

The predicted exact generating functions are:
  D(z) = v0 + sqrt(2) sum_m v_m/(1 + kappa^2 m^2 z)
  A(z) = (2/L) D(-z)^2

GROUND STATE CACHE: HIT
  key            = 7f242e706255090bac3bb5d242377e42beba6db7166a9be158e9f8c22982459b
  generation dps = 50
  working dps    = 50
  lookup         = 0.000701 s

GROUND STATE CACHE: RETURN
  generation dps = 50
  working dps    = 50
  decode         = 0.000248 s
  validation     = 0.000224 s
  total          = 0.001174 s

------------------------------------------------------------------------------
N = 1
------------------------------------------------------------------------------
max |A_jet - A_direct| = 2.2420775e-44
  k                  A_direct                     A_jet       abs diff
  0        4.4128266334207e-5        4.4128266334207e-5    1.17007e-51
  1        -0.057126891553995        -0.057126891553995    1.64542e-50
  2           18.145811389009           18.145811389009    1.28293e-49
  3           219.83230733442           219.83230733442    1.02634e-48
  4           1984.8945208586           1984.8945208586    5.47382e-48
  5           15905.707607955           15905.707607955    1.09476e-46
  6           119417.90806241           119417.90806241    5.25487e-46
  7           860443.14589689           860443.14589689     2.8026e-45
  8           6026475.4342903           6026475.4342903    2.24208e-44

D(z) geometric resummation check:
z=0.000001: |D_series-D_closed|=8.1878268e-48
z= 0.00001: |D_series-D_closed|=8.1859235e-39
z=  0.0001: |D_series-D_closed|=8.1815052e-30

A(z) generating-function check:
z=0.000001: |A_series-A_closed|=4.1343235e-47
z= 0.00001: |A_series-A_closed|=4.1345758e-38
z=  0.0001: |A_series-A_closed|=4.1370902e-29

Rational-kernel / generating-function check:
r= 40: R=  9.7288381741277e-9 z*A(z)=  9.7288381741277e-9 rel.err=1.142091e-46
r= 80: R=  5.5696941063334e-9 z*A(z)=  5.5696941063334e-9 rel.err=2.306642e-47
r=120: R=  2.7950488535045e-9 z*A(z)=  2.7950488535045e-9 rel.err=6.7605478e-47

GROUND STATE CACHE: HIT
  key            = a7b6909c5628d910f787175f412afde2817543d650cb3eb9c4a19c40eb2f1b91
  generation dps = 50
  working dps    = 50
  lookup         = 0.000351 s

GROUND STATE CACHE: RETURN
  generation dps = 50
  working dps    = 50
  decode         = 0.000160 s
  validation     = 0.000132 s
  total          = 0.000644 s

------------------------------------------------------------------------------
N = 2
------------------------------------------------------------------------------
max |A_jet - A_direct| = 2.2958874e-41
  k                  A_direct                     A_jet       abs diff
  0        5.6209715023757e-8        5.6209715023757e-8    1.34993e-51
  1      -0.00022302065874855      -0.00022302065874855    2.87339e-50
  2          0.25851901427277          0.25851901427277    4.08265e-49
  3          -72.849101243106          -72.849101243106     9.9213e-48
  4           3933.7304382735           3933.7304382735     4.4338e-46
  5           324855.52467507           324855.52467507     1.4013e-45
  6           14184247.905492           14184247.905492    1.12104e-43
  7           500646477.54208           500646477.54208    2.15239e-42
  8           15913603233.568           15913603233.568    2.29589e-41

D(z) geometric resummation check:
z=0.000001: |D_series-D_closed|=5.647852e-43
z= 0.00001: |D_series-D_closed|=5.6466322e-34
z=  0.0001: |D_series-D_closed|=5.6344631e-25

A(z) generating-function check:
z=0.000001: |A_series-A_closed|=4.7588997e-43
z= 0.00001: |A_series-A_closed|=4.7601312e-34
z=  0.0001: |A_series-A_closed|=4.7724803e-25

Rational-kernel / generating-function check:
r= 40: R= 4.0778305631468e-13 z*A(z)= 4.0778305631468e-13 rel.err=7.0342271e-44
r= 80: R= 4.2810491167203e-12 z*A(z)= 4.2810491167203e-12 rel.err=1.5305466e-44
r=120: R= 2.9128180693254e-12 z*A(z)= 2.9128180693254e-12 rel.err=8.4132122e-45

GROUND STATE CACHE: HIT
  key            = 5c1f1143dbb80318759362a4716a500e62cd12645396d7682d8427505ef82f09
  generation dps = 50
  working dps    = 50
  lookup         = 0.000368 s

GROUND STATE CACHE: RETURN
  generation dps = 50
  working dps    = 50
  decode         = 0.000229 s
  validation     = 0.000117 s
  total          = 0.000715 s

------------------------------------------------------------------------------
N = 3
------------------------------------------------------------------------------
max |A_jet - A_direct| = 1.9469125e-38
  k                  A_direct                     A_jet       abs diff
  0        1.178658512366e-10        1.178658512366e-10    9.33008e-52
  1       -1.1131861317263e-6       -1.1131861317263e-6    3.16985e-50
  2        0.0032587759930984        0.0032587759930984    4.18898e-49
  3           -3.023482695673           -3.023482695673    4.78959e-48
  4           1057.8126679243           1057.8126679243    1.51351e-45
  5          -101113.62698444          -101113.62698444    8.46034e-44
  6          -7294148.0253273          -7294148.0253273    4.13663e-42
  7            188382754.1807            188382754.1807    8.89656e-41
  8           72563670422.785           72563670422.785    1.94691e-38

D(z) geometric resummation check:
z=0.000001: |D_series-D_closed|=1.7112294e-40
z= 0.00001: |D_series-D_closed|=1.7103957e-31
z=  0.0001: |D_series-D_closed|=1.7021027e-22

A(z) generating-function check:
z=0.000001: |A_series-A_closed|=8.3988277e-42
z= 0.00001: |A_series-A_closed|=8.4054125e-33
z=  0.0001: |A_series-A_closed|=8.471759e-24

Rational-kernel / generating-function check:
r= 40: R= 6.7668415233348e-14 z*A(z)= 6.7668415233348e-14 rel.err=1.9140861e-41
r= 80: R= 1.9652797820394e-15 z*A(z)= 1.9652797820394e-15 rel.err=1.0373859e-40
r=120: R= 3.8394920517783e-15 z*A(z)= 3.8394920517783e-15 rel.err=3.3728532e-41

GROUND STATE CACHE: HIT
  key            = bb0004ccab612450ababdfd845c4c07e009dcd566c8e17346bb5dedcc1e9d9e1
  generation dps = 50
  working dps    = 50
  lookup         = 0.000387 s

GROUND STATE CACHE: RETURN
  generation dps = 50
  working dps    = 50
  decode         = 0.000291 s
  validation     = 0.000157 s
  total          = 0.000835 s

------------------------------------------------------------------------------
N = 4
------------------------------------------------------------------------------
max |A_jet - A_direct| = 4.3819307e-37
  k                  A_direct                     A_jet       abs diff
  0       2.8092073514335e-13       2.8092073514335e-13    1.77936e-51
  1       -5.5403990358211e-9       -5.5403990358211e-9    3.72776e-51
  2         3.483986013456e-5         3.483986013456e-5    5.64673e-49
  3        -0.076523437738603        -0.076523437738603    1.94347e-47
  4           73.418359658321           73.418359658321    1.64557e-46
  5          -30922.727191974          -30922.727191974    1.57164e-43
  6           4143364.8277662           4143364.8277662    1.39457e-41
  7             373455207.465             373455207.465    4.90028e-40
  8          -30987512040.154          -30987512040.154    4.38193e-37

D(z) geometric resummation check:
z=0.000001: |D_series-D_closed|=4.3747391e-39
z= 0.00001: |D_series-D_closed|=4.3708308e-30
z=  0.0001: |D_series-D_closed|=4.332122e-21

A(z) generating-function check:
z=0.000001: |A_series-A_closed|=9.1839192e-42
z= 0.00001: |A_series-A_closed|=9.1931856e-33
z=  0.0001: |A_series-A_closed|=9.2863494e-24

Rational-kernel / generating-function check:
r= 40: R= 1.6172165755792e-16 z*A(z)= 1.6172165755792e-16 rel.err=6.7579263e-39
r= 80: R= 2.3193969537289e-18 z*A(z)= 2.3193969537289e-18 rel.err=8.6269362e-38
r=120: R=   2.79288614575e-18 z*A(z)=   2.79288614575e-18 rel.err=5.7837137e-38

GROUND STATE CACHE: HIT
  key            = 044a3e71235e127a463b7ea577aaf02989a34b4f41735a32e1e70b324c90e37c
  generation dps = 50
  working dps    = 50
  lookup         = 0.000364 s

GROUND STATE CACHE: RETURN
  generation dps = 50
  working dps    = 50
  decode         = 0.000280 s
  validation     = 0.000151 s
  total          = 0.000794 s

------------------------------------------------------------------------------
N = 5
------------------------------------------------------------------------------
max |A_jet - A_direct| = 1.4326337e-38
  k                  A_direct                     A_jet       abs diff
  0       2.4121685666747e-15       2.4121685666747e-15    1.52255e-51
  1      -7.1980919184796e-11      -7.1980919184796e-11    6.38043e-50
  2        7.0115031125174e-7        7.0115031125174e-7    1.39324e-48
  3       -0.0025590615591993       -0.0025590615591993    9.96206e-47
  4           4.4448429487336           4.4448429487336    6.29054e-45
  5          -3947.0113153481          -3947.0113153481    4.19722e-43
  6           1695691.6659256           1695691.6659256    1.65353e-42
  7          -230927128.16026          -230927128.16026    1.74774e-39
  8           -37373094766.29           -37373094766.29    1.43263e-38

D(z) geometric resummation check:
z=0.000001: |D_series-D_closed|=1.1590544e-38
z= 0.00001: |D_series-D_closed|=1.1569833e-29
z=  0.0001: |D_series-D_closed|=1.1366241e-20

A(z) generating-function check:
z=0.000001: |A_series-A_closed|=3.0748094e-42
z= 0.00001: |A_series-A_closed|=3.0883656e-33
z=  0.0001: |A_series-A_closed|=3.2260276e-24

Rational-kernel / generating-function check:
r= 40: R= 6.8379612008648e-21 z*A(z)= 6.8379612008648e-21 rel.err=1.6810225e-34
r= 80: R= 1.2920445453831e-19 z*A(z)= 1.2920445453831e-19 rel.err=1.9120938e-36
r=120: R= 2.4287960496371e-21 z*A(z)= 2.4287960496371e-21 rel.err=7.2182561e-35

GROUND STATE CACHE: HIT
  key            = 73104989a3101e09f6b3ea46d34eb3df07bf969c28cdfc8e5da4fa193271c5dc
  generation dps = 50
  working dps    = 50
  lookup         = 0.000388 s

GROUND STATE CACHE: RETURN
  generation dps = 50
  working dps    = 50
  decode         = 0.000280 s
  validation     = 0.000197 s
  total          = 0.000865 s

------------------------------------------------------------------------------
N = 6
------------------------------------------------------------------------------
max |A_jet - A_direct| = 2.0065367e-36
  k                  A_direct                     A_jet       abs diff
  0       2.4139622179137e-17       2.4139622179137e-17    2.34714e-51
  1      -1.0846432219681e-12      -1.0846432219681e-12     5.2913e-50
  2        1.6184130263505e-8        1.6184130263505e-8    7.69381e-49
  3       -9.4511861450663e-5       -9.4511861450663e-5    3.93742e-48
  4          0.27159558206016          0.27159558206016    9.13572e-45
  5          -420.57024318704          -420.57024318704     7.8204e-43
  6           354042.13533412           354042.13533412    6.66079e-41
  7          -145397953.79929          -145397953.79929     4.5889e-39
  8           14290504278.959           14290504278.959    2.00654e-36

D(z) geometric resummation check:
z=0.000001: |D_series-D_closed|=7.0368677e-38
z= 0.00001: |D_series-D_closed|=7.0249798e-29
z=  0.0001: |D_series-D_closed|=6.9082449e-20

A(z) generating-function check:
z=0.000001: |A_series-A_closed|=5.8186516e-42
z= 0.00001: |A_series-A_closed|=5.818256e-33
z=  0.0001: |A_series-A_closed|=5.8118048e-24

Rational-kernel / generating-function check:
r= 40: R= 1.7970875391172e-20 z*A(z)= 1.7970875391172e-20 rel.err=7.3975558e-35
r= 80: R=  2.623760397786e-21 z*A(z)=  2.623760397786e-21 rel.err=2.0276385e-34
r=120: R= 6.1777583109956e-23 z*A(z)= 6.1777583109956e-23 rel.err=1.0177548e-33

GROUND STATE CACHE: HIT
  key            = 0ea78ad3e55c639874ef6768ef1f46e12e28785682314b6ec9b738051613d7e2
  generation dps = 50
  working dps    = 50
  lookup         = 0.000452 s

GROUND STATE CACHE: RETURN
  generation dps = 50
  working dps    = 50
  decode         = 0.000407 s
  validation     = 0.000162 s
  total          = 0.001021 s

------------------------------------------------------------------------------
N = 7
------------------------------------------------------------------------------
max |A_jet - A_direct| = 3.450053e-36
  k                  A_direct                     A_jet       abs diff
  0       2.4589675920674e-19       2.4589675920674e-19    1.89836e-51
  1      -1.5592504961052e-14      -1.5592504961052e-14    8.37193e-50
  2       3.3548818744251e-10       3.3548818744251e-10    8.34303e-49
  3       -2.9676984567447e-6       -2.9676984567447e-6    6.31306e-47
  4         0.013367239268495         0.013367239268495    1.42074e-44
  5          -33.792022097885          -33.792022097885    1.25004e-42
  6           49555.944388874           49555.944388874    2.26641e-41
  7            -40871599.4803            -40871599.4803    1.34512e-38
  8           15984482996.777           15984482996.777    3.45005e-36

D(z) geometric resummation check:
z=0.000001: |D_series-D_closed|=7.3482586e-38
z= 0.00001: |D_series-D_closed|=7.3128671e-29
z=  0.0001: |D_series-D_closed|=6.9718151e-20

A(z) generating-function check:
z=0.000001: |A_series-A_closed|=4.9784978e-43
z= 0.00001: |A_series-A_closed|=5.0754684e-34
z=  0.0001: |A_series-A_closed|=6.0541107e-25

Rational-kernel / generating-function check:
r= 40: R= 7.0481183341258e-24 z*A(z)= 7.0481183341258e-24 rel.err=1.9075623e-31
r= 80: R= 2.0865446297332e-23 z*A(z)= 2.0865446297332e-23 rel.err=2.9811053e-32
r=120: R= 3.3792655207124e-24 z*A(z)= 3.3792655207124e-24 rel.err=1.5056274e-32

GROUND STATE CACHE: HIT
  key            = 73310fc216c9d6f409163894d343b820d350bd52b0bb898416e813840f9f55ec
  generation dps = 50
  working dps    = 50
  lookup         = 0.000517 s

GROUND STATE CACHE: RETURN
  generation dps = 50
  working dps    = 50
  decode         = 0.000467 s
  validation     = 0.000176 s
  total          = 0.001160 s

------------------------------------------------------------------------------
N = 8
------------------------------------------------------------------------------
max |A_jet - A_direct| = 3.7091783e-36
  k                  A_direct                     A_jet       abs diff
  0       5.0534649354601e-21       5.0534649354601e-21    3.61691e-51
  1      -4.2231674640356e-16      -4.2231674640356e-16    6.66586e-50
  2       1.2123655816673e-11       1.2123655816673e-11    4.97172e-49
  3       -1.4687624683437e-7       -1.4687624683437e-7    2.01806e-47
  4       0.00092322163262066       0.00092322163262066    2.00787e-44
  5          -3.3329636254832          -3.3329636254832    6.27888e-45
  6           7238.4822743111           7238.4822743111    3.63793e-41
  7          -9454737.1087201          -9454737.1087201    1.19533e-38
  8           6929235539.0736           6929235539.0736    3.70918e-36

D(z) geometric resummation check:
z=0.000001: |D_series-D_closed|=3.0275913e-37
z= 0.00001: |D_series-D_closed|=3.0187325e-28
z=  0.0001: |D_series-D_closed|=2.9324775e-19

A(z) generating-function check:
z=0.000001: |A_series-A_closed|=2.1140928e-42
z= 0.00001: |A_series-A_closed|=2.1168361e-33
z=  0.0001: |A_series-A_closed|=2.1424167e-24

Rational-kernel / generating-function check:
r= 40: R= 2.9357832473619e-24 z*A(z)= 2.9357832473619e-24 rel.err=4.8247993e-31
r= 80: R= 1.2820864357841e-25 z*A(z)= 1.2820864357841e-25 rel.err=5.5393694e-30
r=120: R= 1.2737456396423e-25 z*A(z)= 1.2737456396423e-25 rel.err=1.0548559e-30

==============================================================================
END OF CELL 39
==============================================================================
No N->infinity law has been assumed. The purpose is to establish the compact generating-function form of the exact finite-N tail hierarchy.
