============================================================================================================================================
CELL 95 — ARCHIMEDEAN CUTOFF CALIBRATION & HIGH-T SPECTRAL RECOVERY SWEEP
          (T in {200, 400, 600, 800, 1000, 1200, 1600} at N in {160, 176, 192})
============================================================================================================================================
Configuration: c = 13, L = log(c) = 2.56494935746
Diagnostics: mpmath Backend = python | HAS_FLINT = False
Working Precision: 70 decimal digits (generation dps = 50)
Archimedean Cutoff Sweep: T in [200, 400, 600, 800, 1000, 1200, 1600]
Target Dimensions: N in [160, 176, 192]
Resonance Frequencies alpha_N = 2*pi*N/L:
   N = 160 : alpha_160 = 391.9413  (T_min ~ 392)
   N = 176 : alpha_176 = 431.1355  (T_min ~ 432)
   N = 192 : alpha_192 = 470.3296  (T_min ~ 471)
============================================================================================================================================

####################################################################################################
>>> STARTING ARCHIMEDEAN CUTOFF T = 200 ...
####################################################################################################

   >>> Processing (T = 200, N = 160) [dim = 161, alpha_160 = 391.941, T > alpha: False] ...
      Completed (T=200, N=160) in 461.86s | E_11 = -1.5630751 | E_12 = -1.490808 | g_11 = 0.072267095 | Status: NEGATIVE_BLOCK_POLLUTED

   >>> Processing (T = 200, N = 176) [dim = 177, alpha_176 = 431.135, T > alpha: False] ...
      Completed (T=200, N=176) in 628.00s | E_11 = -1.7020761 | E_12 = -1.6604556 | g_11 = 0.041620502 | Status: NEGATIVE_BLOCK_POLLUTED

   >>> Processing (T = 200, N = 192) [dim = 193, alpha_192 = 470.33, T > alpha: False] ...
      Completed (T=200, N=192) in 885.57s | E_11 = -1.7959289 | E_12 = -1.7692968 | g_11 = 0.026632094 | Status: NEGATIVE_BLOCK_POLLUTED
   Finished T = 200 in 1975.43s.

####################################################################################################
>>> STARTING ARCHIMEDEAN CUTOFF T = 400 ...
####################################################################################################

   >>> Processing (T = 400, N = 160) [dim = 161, alpha_160 = 391.941, T > alpha: True] ...
      Completed (T=400, N=160) in 465.38s | E_11 = 0.0039752307 | E_12 = 0.41787056 | g_11 = 0.41389533 | Status: CONTROL_STABLE

   >>> Processing (T = 400, N = 176) [dim = 177, alpha_176 = 431.135, T > alpha: False] ...
      Completed (T=400, N=176) in 598.35s | E_11 = 2.6748736e-27 | E_12 = 2.1778972e-22 | g_11 = 2.1778704e-22 | Status: NEGATIVE_BLOCK_POLLUTED

   >>> Processing (T = 400, N = 192) [dim = 193, alpha_192 = 470.33, T > alpha: False] ...
      Completed (T=400, N=192) in 804.97s | E_11 = -0.18544367 | E_12 = -0.075042414 | g_11 = 0.11040126 | Status: NEGATIVE_BLOCK_POLLUTED
   Finished T = 400 in 1868.70s.

####################################################################################################
>>> STARTING ARCHIMEDEAN CUTOFF T = 600 ...
####################################################################################################

   >>> Processing (T = 600, N = 160) [dim = 161, alpha_160 = 391.941, T > alpha: True] ...
      Completed (T=600, N=160) in 462.39s | E_11 = 0.0043224331 | E_12 = 0.42279209 | g_11 = 0.41846965 | Status: CONTROL_STABLE

   >>> Processing (T = 600, N = 176) [dim = 177, alpha_176 = 431.135, T > alpha: True] ...
      Completed (T=600, N=176) in 658.42s | E_11 = 0.004307504 | E_12 = 0.42266753 | g_11 = 0.41836003 | Status: RECOVERED (g11 ~ 0.41)

   >>> Processing (T = 600, N = 192) [dim = 193, alpha_192 = 470.33, T > alpha: True] ...
      Completed (T=600, N=192) in 833.08s | E_11 = 0.0042968659 | E_12 = 0.42254089 | g_11 = 0.41824402 | Status: RECOVERED (g11 ~ 0.41)
   Finished T = 600 in 1953.88s.

####################################################################################################
>>> STARTING ARCHIMEDEAN CUTOFF T = 800 ...
####################################################################################################

   >>> Processing (T = 800, N = 160) [dim = 161, alpha_160 = 391.941, T > alpha: True] ...
      Completed (T=800, N=160) in 469.03s | E_11 = 0.0044888671 | E_12 = 0.42451364 | g_11 = 0.42002477 | Status: NEGATIVE_BLOCK_POLLUTED

   >>> Processing (T = 800, N = 176) [dim = 177, alpha_176 = 431.135, T > alpha: True] ...
      Completed (T=800, N=176) in 641.61s | E_11 = 0.0044650959 | E_12 = 0.42438833 | g_11 = 0.41992324 | Status: NEGATIVE_BLOCK_POLLUTED

   >>> Processing (T = 800, N = 192) [dim = 193, alpha_192 = 470.33, T > alpha: True] ...
      Completed (T=800, N=192) in 804.93s | E_11 = 0.004448584 | E_12 = 0.42427837 | g_11 = 0.41982979 | Status: NEGATIVE_BLOCK_POLLUTED
   Finished T = 800 in 1915.57s.

####################################################################################################
>>> STARTING ARCHIMEDEAN CUTOFF T = 1000 ...
####################################################################################################

   >>> Processing (T = 1000, N = 160) [dim = 161, alpha_160 = 391.941, T > alpha: True] ...
      Completed (T=1000, N=160) in 489.13s | E_11 = 0.011792331 | E_12 = 0.441823 | g_11 = 0.43003067 | Status: NEGATIVE_BLOCK_POLLUTED

   >>> Processing (T = 1000, N = 176) [dim = 177, alpha_176 = 431.135, T > alpha: True] ...
      Completed (T=1000, N=176) in 666.52s | E_11 = 0.011785724 | E_12 = 0.44164503 | g_11 = 0.42985931 | Status: NEGATIVE_BLOCK_POLLUTED

   >>> Processing (T = 1000, N = 192) [dim = 193, alpha_192 = 470.33, T > alpha: True] ...
      Completed (T=1000, N=192) in 765.96s | E_11 = 0.011781178 | E_12 = 0.44149356 | g_11 = 0.42971238 | Status: NEGATIVE_BLOCK_POLLUTED
   Finished T = 1000 in 1921.62s.

####################################################################################################
>>> STARTING ARCHIMEDEAN CUTOFF T = 1200 ...
####################################################################################################

   >>> Processing (T = 1200, N = 160) [dim = 161, alpha_160 = 391.941, T > alpha: True] ...
      Completed (T=1200, N=160) in 435.95s | E_11 = 0.0085140036 | E_12 = 0.4073497 | g_11 = 0.3988357 | Status: NEGATIVE_BLOCK_POLLUTED

   >>> Processing (T = 1200, N = 176) [dim = 177, alpha_176 = 431.135, T > alpha: True] ...
      Completed (T=1200, N=176) in 583.77s | E_11 = 0.0085098785 | E_12 = 0.40721222 | g_11 = 0.39870235 | Status: NEGATIVE_BLOCK_POLLUTED

   >>> Processing (T = 1200, N = 192) [dim = 193, alpha_192 = 470.33, T > alpha: True] ...
      Completed (T=1200, N=192) in 755.97s | E_11 = 0.0085070534 | E_12 = 0.40710245 | g_11 = 0.3985954 | Status: NEGATIVE_BLOCK_POLLUTED
   Finished T = 1200 in 1775.69s.

####################################################################################################
>>> STARTING ARCHIMEDEAN CUTOFF T = 1600 ...
####################################################################################################

   >>> Processing (T = 1600, N = 160) [dim = 161, alpha_160 = 391.941, T > alpha: True] ...
      Completed (T=1600, N=160) in 438.08s | E_11 = 0.012070586 | E_12 = 0.42380744 | g_11 = 0.41173685 | Status: NEGATIVE_BLOCK_POLLUTED

   >>> Processing (T = 1600, N = 176) [dim = 177, alpha_176 = 431.135, T > alpha: True] ...
      Completed (T=1600, N=176) in 580.51s | E_11 = 0.012062776 | E_12 = 0.42360795 | g_11 = 0.41154517 | Status: NEGATIVE_BLOCK_POLLUTED

   >>> Processing (T = 1600, N = 192) [dim = 193, alpha_192 = 470.33, T > alpha: True] ...
      Completed (T=1600, N=192) in 755.32s | E_11 = 0.012057427 | E_12 = 0.4234506 | g_11 = 0.41139317 | Status: NEGATIVE_BLOCK_POLLUTED
   Finished T = 1600 in 1773.91s.

All sweeps completed in 13184.81s (219.75m).

############################################################################################################################################
PRIMARY EXECUTIVE SUMMARY TABLE: ARCHIMEDEAN CUTOFF T vs BOUNDARY RESOLUTION
Columns: [T, N, alpha_N, T > alpha_N, E_11, E_12, g_10, g_11, g_12, Status]
############################################################################################################################################
    T |    N | alpha_N | > alpha? |         E_{11} |         E_{12} |         g_{10} |         g_{11} |         g_{12} | Status
--------------------------------------------------------------------------------------------------------------------------------------------
  200 |  160 |  391.94 |       NO |      -1.563075 |      -1.490808 |     0.06894248 |      0.0722671 |     0.08888417 | NEGATIVE_BLOCK_POLLUTED
  200 |  176 |  431.14 |       NO |      -1.702076 |      -1.660456 |     0.06986009 |      0.0416205 |     0.09414122 | NEGATIVE_BLOCK_POLLUTED
  200 |  192 |  470.33 |       NO |      -1.795929 |      -1.769297 |     0.08814531 |     0.02663209 |     0.07007044 | NEGATIVE_BLOCK_POLLUTED
--------------------------------------------------------------------------------------------------------------------------------------------
  400 |  160 |  391.94 |      YES |    0.003975231 |      0.4178706 |    0.003971581 |      0.4138953 |      0.1457084 | CONTROL_STABLE
  400 |  176 |  431.14 |       NO |   2.674874e-27 |   2.177897e-22 |   2.674867e-27 |    2.17787e-22 |   1.131854e-17 | NEGATIVE_BLOCK_POLLUTED
  400 |  192 |  470.33 |       NO |     -0.1854437 |    -0.07504241 |      0.1557098 |      0.1104013 |     0.07310337 | NEGATIVE_BLOCK_POLLUTED
--------------------------------------------------------------------------------------------------------------------------------------------
  600 |  160 |  391.94 |      YES |    0.004322433 |      0.4227921 |    0.004318272 |      0.4184697 |      0.1504228 | CONTROL_STABLE
  600 |  176 |  431.14 |      YES |    0.004307504 |      0.4226675 |    0.004303415 |        0.41836 |      0.1502411 | RECOVERED (g11 ~ 0.41)
  600 |  192 |  470.33 |      YES |    0.004296866 |      0.4225409 |    0.004292818 |       0.418244 |       0.150057 | RECOVERED (g11 ~ 0.41)
--------------------------------------------------------------------------------------------------------------------------------------------
  800 |  160 |  391.94 |      YES |    0.004488867 |      0.4245136 |    0.003321861 |      0.4200248 |      0.1518178 | NEGATIVE_BLOCK_POLLUTED
  800 |  176 |  431.14 |      YES |    0.004465096 |      0.4243883 |    0.003298093 |      0.4199232 |      0.1517207 | NEGATIVE_BLOCK_POLLUTED
  800 |  192 |  470.33 |      YES |    0.004448584 |      0.4242784 |    0.003281584 |      0.4198298 |      0.1516166 | NEGATIVE_BLOCK_POLLUTED
--------------------------------------------------------------------------------------------------------------------------------------------
 1000 |  160 |  391.94 |      YES |     0.01179233 |       0.441823 |     0.00130507 |      0.4300307 |      0.1424224 | NEGATIVE_BLOCK_POLLUTED
 1000 |  176 |  431.14 |      YES |     0.01178572 |       0.441645 |    0.001310743 |      0.4298593 |      0.1424302 | NEGATIVE_BLOCK_POLLUTED
 1000 |  192 |  470.33 |      YES |     0.01178118 |      0.4414936 |    0.001314856 |      0.4297124 |      0.1424221 | NEGATIVE_BLOCK_POLLUTED
--------------------------------------------------------------------------------------------------------------------------------------------
 1200 |  160 |  391.94 |      YES |    0.008514004 |      0.4073497 |   0.0008583173 |      0.3988357 |      0.1677209 | NEGATIVE_BLOCK_POLLUTED
 1200 |  176 |  431.14 |      YES |    0.008509879 |      0.4072122 |   0.0008545046 |      0.3987023 |      0.1675925 | NEGATIVE_BLOCK_POLLUTED
 1200 |  192 |  470.33 |      YES |    0.008507053 |      0.4071025 |   0.0008518931 |      0.3985954 |      0.1674585 | NEGATIVE_BLOCK_POLLUTED
--------------------------------------------------------------------------------------------------------------------------------------------
 1600 |  160 |  391.94 |      YES |     0.01207059 |      0.4238074 |    0.003074567 |      0.4117369 |      0.1520793 | NEGATIVE_BLOCK_POLLUTED
 1600 |  176 |  431.14 |      YES |     0.01206278 |      0.4236079 |     0.00307409 |      0.4115452 |      0.1520318 | NEGATIVE_BLOCK_POLLUTED
 1600 |  192 |  470.33 |      YES |     0.01205743 |      0.4234506 |    0.003073845 |      0.4113932 |      0.1519706 | NEGATIVE_BLOCK_POLLUTED
--------------------------------------------------------------------------------------------------------------------------------------------
############################################################################################################################################

============================================================================================================================================
TEST A: CONTROL STABILITY AT N = 160 ACROSS ARCHIMEDEAN CUTOFFS T in {200, ..., 1600}
Resonance Frequency alpha_160 ~ 391.94 (T = 200 is UNDER-RESOLVED; T >= 400 is RESOLVED)
============================================================================================================================================
    T | T > alpha? |         E_{10} |         E_{11} |         E_{12} |         g_{10} |         g_{11} |         g_{12} | Status
--------------------------------------------------------------------------------------------------------------------------------------------
  200 |         NO |      -1.632018 |      -1.563075 |      -1.490808 |     0.06894248 |      0.0722671 |     0.08888417 | NEGATIVE_BLOCK_POLLUTED
  400 |        YES |    3.649969e-6 |    0.003975231 |      0.4178706 |    0.003971581 |      0.4138953 |      0.1457084 | CONTROL_STABLE
  600 |        YES |    4.161323e-6 |    0.004322433 |      0.4227921 |    0.004318272 |      0.4184697 |      0.1504228 | CONTROL_STABLE
  800 |        YES |    0.001167006 |    0.004488867 |      0.4245136 |    0.003321861 |      0.4200248 |      0.1518178 | NEGATIVE_BLOCK_POLLUTED
 1000 |        YES |     0.01048726 |     0.01179233 |       0.441823 |     0.00130507 |      0.4300307 |      0.1424224 | NEGATIVE_BLOCK_POLLUTED
 1200 |        YES |    0.007655686 |    0.008514004 |      0.4073497 |   0.0008583173 |      0.3988357 |      0.1677209 | NEGATIVE_BLOCK_POLLUTED
 1600 |        YES |    0.008996019 |     0.01207059 |      0.4238074 |    0.003074567 |      0.4117369 |      0.1520793 | NEGATIVE_BLOCK_POLLUTED

============================================================================================================================================
TEST B: HIGH-T SPECTRAL RECOVERY AT N = 176 ACROSS ARCHIMEDEAN CUTOFFS T in {200, ..., 1600}
Resonance Frequency alpha_176 ~ 431.14 (T in {200, 400} are UNDER-RESOLVED; T >= 600 is RESOLVED)
============================================================================================================================================
    T | T > alpha? |         E_{10} |         E_{11} |         E_{12} |         g_{10} |         g_{11} |         g_{12} | Status
--------------------------------------------------------------------------------------------------------------------------------------------
  200 |         NO |      -1.771936 |      -1.702076 |      -1.660456 |     0.06986009 |      0.0416205 |     0.09414122 | NEGATIVE_BLOCK_POLLUTED
  400 |         NO |   6.379928e-33 |   2.674874e-27 |   2.177897e-22 |   2.674867e-27 |    2.17787e-22 |   1.131854e-17 | NEGATIVE_BLOCK_POLLUTED
  600 |        YES |    4.089325e-6 |    0.004307504 |      0.4226675 |    0.004303415 |        0.41836 |      0.1502411 | RECOVERED (g11 ~ 0.41)
  800 |        YES |    0.001167003 |    0.004465096 |      0.4243883 |    0.003298093 |      0.4199232 |      0.1517207 | NEGATIVE_BLOCK_POLLUTED
 1000 |        YES |     0.01047498 |     0.01178572 |       0.441645 |    0.001310743 |      0.4298593 |      0.1424302 | NEGATIVE_BLOCK_POLLUTED
 1200 |        YES |    0.007655374 |    0.008509879 |      0.4072122 |   0.0008545046 |      0.3987023 |      0.1675925 | NEGATIVE_BLOCK_POLLUTED
 1600 |        YES |    0.008988686 |     0.01206278 |      0.4236079 |     0.00307409 |      0.4115452 |      0.1520318 | NEGATIVE_BLOCK_POLLUTED

============================================================================================================================================
TEST C: HIGH-T SPECTRAL RECOVERY AT N = 192 ACROSS ARCHIMEDEAN CUTOFFS T in {200, ..., 1600}
Resonance Frequency alpha_192 ~ 470.33 (T in {200, 400} are UNDER-RESOLVED; T >= 600 is RESOLVED)
============================================================================================================================================
    T | T > alpha? |         E_{10} |         E_{11} |         E_{12} |         g_{10} |         g_{11} |         g_{12} | Status
--------------------------------------------------------------------------------------------------------------------------------------------
  200 |         NO |      -1.884074 |      -1.795929 |      -1.769297 |     0.08814531 |     0.02663209 |     0.07007044 | NEGATIVE_BLOCK_POLLUTED
  400 |         NO |     -0.3411534 |     -0.1854437 |    -0.07504241 |      0.1557098 |      0.1104013 |     0.07310337 | NEGATIVE_BLOCK_POLLUTED
  600 |        YES |    4.047972e-6 |    0.004296866 |      0.4225409 |    0.004292818 |       0.418244 |       0.150057 | RECOVERED (g11 ~ 0.41)
  800 |        YES |       0.001167 |    0.004448584 |      0.4242784 |    0.003281584 |      0.4198298 |      0.1516166 | NEGATIVE_BLOCK_POLLUTED
 1000 |        YES |     0.01046632 |     0.01178118 |      0.4414936 |    0.001314856 |      0.4297124 |      0.1424221 | NEGATIVE_BLOCK_POLLUTED
 1200 |        YES |     0.00765516 |    0.008507053 |      0.4071025 |   0.0008518931 |      0.3985954 |      0.1674585 | NEGATIVE_BLOCK_POLLUTED
 1600 |        YES |    0.008983582 |     0.01205743 |      0.4234506 |    0.003073845 |      0.4113932 |      0.1519706 | NEGATIVE_BLOCK_POLLUTED

============================================================================================================================================
TEST D: RESOLUTION FRONTIER T_req(N) vs RESONANCE THRESHOLD alpha_N = 2*pi*N / log(13)
Auditing Minimum Archimedean Cutoff T_min Required for g_11 >= 0.35 and Positive Spectrum
============================================================================================================================================
   N |    alpha_N | Min T Tested |   T_resolved |  Safety Margin (T - alpha)/alpha |   g_11 at T_resolved
--------------------------------------------------------------------------------------------------------------------------------------------
 160 |    391.941 |          200 |          400 |                           2.056% |            0.4138953
 176 |    431.135 |          200 |          600 |                           39.17% |              0.41836
 192 |     470.33 |          200 |          600 |                           27.57% |             0.418244

================================================================================
CELL 95 EXECUTION COMPLETE
================================================================================
