==============================================================================
CELL 35 — ENDPOINT DERIVATIVE SUPPRESSION
==============================================================================

c = 13
T_ground = 400
ground dps = 50
working dps = 50
N range = 1 ... 8
K_MAX = 4

L = 2.56494935746153673605348744157
2*pi/L = 2.44963327985465201074267116853

==============================================================================
GROUND-STATE ENDPOINT DATA
==============================================================================

 N             T(0)             T(L)             T''(0)             T^(4)(0)
------------------------------------------------------------------------------
 1  0.00752285744846384345      1.6304701398650908     4.86941248019776611    -29.2198990801462904
 2  0.000268491221861425402     1.88636047244694087    0.532640035111629581      89.087982914092684
 3  0.0000122947130791240905     2.04305529091081417   0.0580588183500289541     32.8788195950467265
 4  6.00228064615253771e-7     2.15296355607902758   0.0059189347286348241     8.03648702884244038
 5  5.56196467769314771e-8     2.23117138256089146  0.00082986598761136094     1.89258629792033712
 6  5.56403218887808774e-9     2.28862669671832588  0.000125001745174256317     0.46102365959265076
 7  5.61565995466786808e-10     2.33521890406396541  0.0000178046685090962991    0.100833103859293229
 8  8.05042906905053056e-11     2.36997277733440273   3.3638612862805076e-6   0.0262887779575983466

==============================================================================
LOG10 MAGNITUDES OF EVEN ENDPOINT DERIVATIVES
==============================================================================

  N           log10|T(0)|       log10|T^(2)(0)|       log10|T^(4)(0)|       log10|T^(6)(0)|       log10|T^(8)(0)|
------------------------------------------------------------------------------
  1    -2.123617167601535    0.6874765644999562     1.465678711632115     2.243880858764275     3.022083005896434
  2    -3.571069908696135   -0.2735661935587159      1.94981912596645     3.439280712479371     4.843034073671879
  3    -4.910281601907543    -1.236131807451714     1.516916217245145     3.385438085446774     5.419176188568575
  4    -6.221683702309042    -2.227756449207065    0.9050662480774017      3.39842401949046     4.665815461452032
  5    -7.254771773532209     -3.08099203478052    0.2770556915306912      3.10217677887143      5.22179675526613
  6    -8.254610366204848    -3.903083923677874   -0.3362767861789702     2.728210100882123     5.268293786645692
  7    -9.250599197937098    -4.749466107696577   -0.9963968640890864     2.282811165091784     5.115551902716419
  8     -10.0941809721346    -5.473161921270385    -1.580229601744797     1.853904048081967      4.88381122765249

==============================================================================
DIMENSIONLESS EVEN-DERIVATIVE SCALES
==============================================================================

These divide T^(2k)(0) by (2*pi/L)^(2k),
isolating the coefficient moment sum_m m^(2k) v_m.

  N         |D_2| / alpha^2         |D_4| / alpha^4         |D_6| / alpha^6         |D_8| / alpha^8
------------------------------------------------------------------------------
  1     0.81147364120831348     0.81147364120831348     0.81147364120831348     0.81147364120831348
  2    0.088762936083780624     2.47408622750249667     12.7254828818476059     53.7310694992280426
  3   0.0096753357663462079    0.913086502531830039     11.2416910095208727     202.473224844940353
  4 0.000986373517514082172    0.223183433109431057     11.5829072325185906     35.7278492214736374
  5 0.000138294789652852371    0.052559520834138657     5.85558564547745194     128.525164009446427
  60.0000208311827610520684   0.0128032114931916919     2.47516217438878063     143.049122513610909
  7  2.96709700489299617e-6  0.00280026312611847225    0.887574310402543813     100.633670686780075
  8  5.60577847450471314e-7 0.000730072691683724258    0.330596009213514568      59.020466672094084

==============================================================================
SUCCESSIVE-N RATIOS OF ABSOLUTE DERIVATIVE MAGNITUDES
==============================================================================

These are |D_(N+1)| / |D_N|.

 N -> N+1          |T0| ratio       |T^(2)| ratio       |T^(4)| ratio       |T^(6)| ratio       |T^(8)| ratio
------------------------------------------------------------------------------
 1 ->  2   0.035690058425373    0.10938486671189     3.0488805820217     15.681942376956     66.214189556694
 2 ->  3   0.045791862370345    0.10900197980398    0.36906009676694    0.88339995534132     3.7682708855786
 3 ->  4    0.04882001399727    0.10194721313394     0.2444274802996     1.0303527487732     0.1764571550082
 4 ->  5   0.092664188923895    0.14020529464476    0.23549920395914    0.50553678173629      3.597338401557
 5 ->  6    0.10003717231778    0.15062883289633    0.24359452464558    0.42270104550524     1.1130047848303
 6 ->  7    0.10092788402434    0.14243535947659    0.21871568142161    0.35859238622282     0.7034903040192
 7 ->  8    0.14335677612315    0.18893141900182    0.26071574662903    0.37247135855428    0.58648826251995

==============================================================================
SIGNED SPECTRAL MOMENTS
==============================================================================

M_(2k) = sum_m m^(2k) v_m

  N                     M_2                     M_4                     M_6                     M_8
------------------------------------------------------------------------------
  1   -0.573798514452537895   -0.573798514452537895   -0.573798514452537895   -0.573798514452537895
  2  -0.0627648740228693693     1.74944314870725875     8.99827523962777124     37.9936036033098212
  3 -0.00684149553064014514    0.645649657750164716    -7.94907594483605428    -143.170190296565876
  4-0.000697471403017035305    0.157814519000172933    -8.19035224996860182    -25.2634044617145217
  5-0.0000977891835662990983   0.0371651935977350691    -4.14052431773571326     90.8810150241927674
  6-0.0000147298705904762258  0.00905323766780138809    -1.75020395804674669     101.151004572159498
  7 -2.09805441259813238e-6  0.00198008504558501209    -0.62760981369261236     71.1587509583160801
  8 -3.96388397315186237e-7 0.000516239351048676984   -0.233766679948086495     41.7337722126323522

==============================================================================
DERIVATIVE / MOMENT CROSS-CHECK
==============================================================================

Maximum absolute derivative/moment reconstruction error:
0.0

==============================================================================
SUMMARY
==============================================================================

This is a structural survey only.
No asymptotic law in N is fitted or assumed.

The key question is whether suppression of T(0) is accompanied
by suppression of T''(0), T^(4)(0), T^(6)(0), ... .

If successive derivatives are suppressed in an ordered fashion,
that would be evidence for increasing endpoint flatness of the
Galerkin ground state, rather than an isolated cancellation.

T(L) is retained as a control quantity: if T(0) and its even
derivatives collapse while T(L) remains O(1), the phenomenon is
strongly endpoint-specific.

No conclusion about the N -> infinity limit is drawn by this cell.

