==============================================================================
CELL 22 — ANALYTIC ARCHIMEDEAN REDUCTION
==============================================================================

Parameters:
  c              = 13
  N              = 8
  T              = 60
  working_dps    = 80

Forensic ground state:
  c              = 13
  N              = 8
  T              = 400
  generation_dps = 150

L =
2.56494935746153673605348744156531860480526794476020711641904551066346466732441017822794895546028319118569755915053534438

------------------------------------------------------------------------------
1. FORENSIC GROUND STATE
------------------------------------------------------------------------------

GROUND STATE CACHE: HIT
  key            = 7f77f99cab98fbfd41bfc923f4e7a5c8daa05b4944fd7232e65374127943dd3a
  generation dps = 150
  working dps    = 80
  lookup         = 0.000653 s

GROUND STATE CACHE: RETURN
  generation dps = 150
  working dps    = 80
  decode         = 0.000906 s
  validation     = 0.000337 s
  total          = 0.001895 s

lambda_forensic =
0.0000000000000000000000671093525012596210347095894861212485227853949505914682374613168392329165378695258164117420714808461981075077985115297549

||u_star|| =
1.0

ground-state retrieval elapsed = 0.002200 s

Canonical/full consistency:
  ||u - u_star|| = 0.0

------------------------------------------------------------------------------
2. ANALYTIC ARCHIMEDEAN REDUCTION
------------------------------------------------------------------------------

Computing:
  J_v(r) analytically
  A_arch = (1/pi) int_0^T h_+(r) J_v(r) dr

No numerical y-integration is performed.

Analytic Archimedean =
-1.6590330874909356691129886258921455565271140176152095515114739425829386827692311930149733613147574721894472351735820086

analytic Archimedean elapsed = 170.122415 s

------------------------------------------------------------------------------
3. COMPARISON WITH CELL 21
------------------------------------------------------------------------------

Cell 21 direct K-fourier =
-1.65903308749093566911612062080999999999999999999999999999999999999999999999999999982895044925797520176305151905782017049

Cell 22 analytic reduction =
-1.6590330874909356691129886258921455565271140176152095515114739425829386827692311930149733613147574721894472351735820086

difference =
0.00000000000000000000313199491785444347288598238479044848852605741706131723076880681397708794321772957360428388423816189074502201150295505048

relative difference =
0.00000000000000000000188784355265099889787714038039368046840071977470811152056275272876040984560044660337836464521513694180473969396779818086

==============================================================================
CELL 22 COMPLETE
==============================================================================

Results:
  Cell 21 direct K-fourier = -1.65903308749093566911612062080999999999999999999999999999999999999999999999999999982895044925797520176305151905782017049
  Cell 22 analytic         = -1.6590330874909356691129886258921455565271140176152095515114739425829386827692311930149733613147574721894472351735820086
  difference               = 0.00000000000000000000313199491785444347288598238479044848852605741706131723076880681397708794321772957360428388423816189074502201150295505048
  relative difference      = 0.00000000000000000000188784355265099889787714038039368046840071977470811152056275272876040984560044660337836464521513694180473969396779818086

Timing:
  ground state             = 0.002200 s
  analytic Archimedean     = 170.122415 s

==============================================================================
CELL 22 COMPLETE
==============================================================================
