================================================================================
CELL 131 — ARCHIMEDEAN OFF-DIAGONAL CONTROL & NEGATIVE-POTENTIAL COMPRESSION
Parameters: c = 13, L = 2.56494935746, T = 600, dps = 50
Bound-State Cutoff: N_bound = 11 (continuum subspace dimension q = N - 10)
================================================================================
Loaded 9 prime powers up to c = 13.
--------------------------------------------------------------------------------
TABLE 1: CONTINUUM SUBSPACE DIMENSION, BOUND-STATE GAP & ZERO-MODE LEAKAGE
--------------------------------------------------------------------------------
  N |  dim |   q |           E_10 |   E_11 (Floor) |     Gap g_11 |  kappa_0 (e_0)
--------------------------------------------------------------------------------
 16 |   17 |   6 |        1.04298 |        1.97648 |     0.933505 |       0.015361
 20 |   21 |  10 |       0.128165 |        1.21128 |      1.08312 |      0.0221508
 24 |   25 |  14 |     0.00535019 |       0.411765 |     0.406415 |      0.0291847
 28 |   29 |  18 |    0.000747055 |       0.133716 |     0.132969 |      0.0332437
 32 |   33 |  22 |    0.000137141 |      0.0415847 |    0.0414475 |      0.0364073
 40 |   41 |  30 |     1.68603e-5 |      0.0124547 |    0.0124378 |      0.0393668
 48 |   49 |  38 |     8.10097e-6 |     0.00924271 |   0.00923461 |      0.0398835
 64 |   65 |  54 |     6.98939e-6 |     0.00602464 |   0.00601765 |      0.0399547
--------------------------------------------------------------------------------
Verification: lambda_min(Q_hat_even) == E_11 exact to 50 digits.
--------------------------------------------------------------------------------

TABLE 2: ARCHIMEDEAN OFF-DIAGONAL DEFECT Delta Q_arch ON FULL SPACE VS PHI^PERP
--------------------------------------------------------------------------------
  N | ||Delta Q||_full | ||Delta Q_hat||_op | [lambda_min, lambda_max] on Phi^perp
--------------------------------------------------------------------------------
 16 |          2.57983 |           0.309411 |                 [1.6594e-9, 0.30941]
 20 |           2.5809 |           0.503063 |                [-1.0122e-7, 0.50306]
 24 |           2.5816 |           0.646195 |                [-2.3812e-6, 0.64619]
 28 |          2.58208 |            0.69999 |                [-1.4037e-5, 0.69999]
 32 |          2.58241 |           0.734244 |                [-6.8591e-5, 0.73424]
 40 |          2.58282 |           0.765904 |                 [-0.0006209, 0.7659]
 48 |          2.58304 |           0.774924 |                [-0.0024522, 0.77492]
 64 |          2.58323 |           0.779593 |                 [-0.013663, 0.77959]
--------------------------------------------------------------------------------

TABLE 3: NEGATIVE POTENTIAL K_neg = W_tilde - Delta_D_tilde ON FULL VS PHI^PERP
--------------------------------------------------------------------------------
  N | lambda_max(full) | lambda_max(Phi^perp) | lambda_min(Phi^perp) |   Supp Ratio
--------------------------------------------------------------------------------
 16 |          11.7582 |              10.3544 |              6.39211 |      0.88061
 20 |          11.7638 |              10.3617 |              5.93294 |     0.880808
 24 |          12.3829 |              12.3755 |              5.88162 |     0.999404
 28 |          12.3903 |              12.3798 |              5.89335 |     0.999154
 32 |          12.3906 |              12.3772 |              5.89636 |     0.998918
 40 |          12.7732 |               12.773 |              5.89139 |     0.999989
 48 |          12.8125 |              12.8123 |              5.21223 |     0.999991
 64 |          12.8165 |              12.8164 |               5.1571 |     0.999991
--------------------------------------------------------------------------------

TABLE 4: COUPLED BACKBONE Omega_hat, COMPETITION OPERATOR & NET SPECTRUM
--------------------------------------------------------------------------------
  N | lambda_min(Omega) | lambda_min(Omega-K) | lambda_min(Q_hat) |   |Delta Tr|
--------------------------------------------------------------------------------
 16 |          8.81772 |             1.7256 |          1.97648 |    3.635e-49
 20 |          7.38634 |           0.878704 |          1.21128 |    4.704e-49
 24 |          7.22742 |        -0.00807113 |         0.411765 |    9.408e-49
 28 |          7.22795 |          -0.284453 |         0.133716 |    5.132e-49
 32 |          7.23745 |          -0.386627 |        0.0415847 |    3.421e-49
 40 |          7.19916 |          -0.457559 |        0.0124547 |    3.421e-49
 48 |          7.19915 |          -0.478034 |       0.00924271 |    2.737e-48
 64 |          7.19915 |          -0.486979 |       0.00602464 |    1.026e-48
--------------------------------------------------------------------------------

SYNTHESIS AT MAXIMAL RESOLUTION N = 64:
  Continuum Spectral Floor E_11:        0.0060246425
  Zero-Mode Penetration kappa_0:        0.039954705
  Archimedean Off-Diagonal Norm:        0.779593
  Negative Potential lambda_max(hat):   12.816423 (unprojected: 12.816543)
  Potential Shielding Ratio:            0.99999065
  Backbone Floor lambda_min(Omega_hat): 7.1991487
  Net Competition lambda_min(Omega-K):  -0.48697922
  Pole Term Spectrum on Phi^perp:       [-9.03785e-51, 0.297141]
  Trace Identity Exactness:             |Delta Tr| = 1.026e-48

Total execution time: 1262.68s
================================================================================
CELL 131 EXECUTION COMPLETE
================================================================================
