================================================================================
CELL 119 — EXACT ALGEBRAIC MODAL DECOMPOSITION (A_{N, k} vs B_{N, k})
  Configuration: c = 13, Primary T = 600, N_max = 192
  mpmath dps = 70, matrix dps = 70
================================================================================

  [Retrieved cached H_192 in 2.85 s]

  Solving localized solitary branch across dimensions...
    N =  64: solved in 24.32 s (sigma_A = -8.303e-24, sigma_B = 1.977e-22, delta = -2.06e-22)
    N =  80: solved in 48.90 s (sigma_A = 4.728e-24, sigma_B = 2.052e-22, delta = -2.004e-22)
    N =  96: solved in 85.63 s (sigma_A = 7.119e-24, sigma_B = 1.713e-22, delta = -1.642e-22)
    N = 112: solved in 132.50 s (sigma_A = 7.229e-24, sigma_B = 2.187e-22, delta = -2.114e-22)
    N = 128: solved in 191.40 s (sigma_A = 3.845e-23, sigma_B = 1.729e-22, delta = -1.345e-22)
    N = 144: solved in 331.20 s (sigma_A = 3.609e-23, sigma_B = 1.4e-22, delta = -1.04e-22)
    N = 160: solved in 453.80 s (sigma_A = -1.522e-23, sigma_B = 1.343e-22, delta = -1.496e-22)
    N = 192: solved in 669.92 s (sigma_A = 4.281e-23, sigma_B = 1.568e-22, delta = -1.14e-22)
  [All 8 dimensions solved successfully]

--- MODULE 1: LOW-MODE ANATOMY OF A_{N, k} AND B_{N, k} (k <= 10) ---
  Evaluating A_{N, k}, B_{N, k}, F_{N, k} = A - B, and ratio B/A = a_k / a_N

  --- Dimension N = 64 (a_N = 7.45011, psi(N) = 0.058204) ---
    k |           A_{N, k} |           B_{N, k} |   F_{N, k} = A - B |  B/A = a_k/a_N |      k/N
  ----------------------------------------------------------------------------------------
    1 |      -0.0011715324 |      -1.3656003e-5 |      -0.0011578764 |      0.0116565 |  0.01563
    2 |      0.00046611212 |       2.2368927e-5 |       0.0004437432 |      0.0479904 |  0.03125
    3 |       0.0044908912 |      0.00051305721 |        0.003977834 |       0.114244 |  0.04688
    4 |      -0.0069806254 |      -0.0015792897 |      -0.0054013357 |       0.226239 |   0.0625
    5 |       0.0034646954 |         0.00161531 |       0.0018493853 |        0.46622 |  0.07813
    6 |      0.00068157749 |     -0.00024715667 |      0.00092873416 |      -0.362624 |  0.09375
    7 |      -0.0013521822 |      -0.0007259757 |     -0.00062620648 |       0.536892 |   0.1094
    8 |      0.00035269968 |      0.00049571003 |     -0.00014301035 |        1.40547 |    0.125
    9 |       8.0648678e-5 |      -4.5074672e-5 |      0.00012572335 |      -0.558902 |   0.1406
   10 |      -1.6632921e-5 |      -2.9274085e-5 |       1.2641165e-5 |        1.76001 |   0.1563

  --- Dimension N = 96 (a_N = -24.6811, psi(N) = -0.128547) ---
    k |           A_{N, k} |           B_{N, k} |   F_{N, k} = A - B |  B/A = a_k/a_N |      k/N
  ----------------------------------------------------------------------------------------
    1 |       0.0017309055 |      -6.0903392e-6 |       0.0017369959 |    -0.00351859 |  0.01042
    2 |     -0.00073810288 |       1.0692284e-5 |     -0.00074879516 |     -0.0144862 |  0.02083
    3 |       -0.006480374 |      0.00022347666 |      -0.0067038507 |     -0.0344851 |  0.03125
    4 |        0.010126495 |     -0.00069155297 |        0.010818048 |     -0.0682914 |  0.04167
    5 |      -0.0050292719 |      0.00070777429 |      -0.0057370462 |      -0.140731 |  0.05208
    6 |     -0.00098880365 |     -0.00010823457 |     -0.00088056908 |        0.10946 |   0.0625
    7 |       0.0019594097 |     -0.00031754916 |       0.0022769589 |      -0.162064 |  0.07292
    8 |     -0.00051028204 |      0.00021648697 |     -0.00072676901 |       -0.42425 |  0.08333
    9 |     -0.00011645775 |      -1.9647285e-5 |      -9.6810466e-5 |       0.168707 |  0.09375
   10 |       2.3964572e-5 |       -1.273161e-5 |       3.6696181e-5 |      -0.531268 |   0.1042

  --- Dimension N = 128 (a_N = -63.1861, psi(N) = -0.246821) ---
    k |           A_{N, k} |           B_{N, k} |   F_{N, k} = A - B |  B/A = a_k/a_N |      k/N
  ----------------------------------------------------------------------------------------
    1 |       0.0024939434 |      -3.4276536e-6 |       0.0024973711 |    -0.00137439 | 0.007813
    2 |       -0.001074891 |       6.0821932e-6 |      -0.0010809732 |    -0.00565843 |  0.01563
    3 |      -0.0092986711 |      0.00012525503 |      -0.0094239262 |     -0.0134702 |  0.02344
    4 |        0.014539924 |     -0.00038785611 |         0.01492778 |     -0.0266753 |  0.03125
    5 |      -0.0072198321 |      0.00039687978 |      -0.0076167119 |     -0.0549708 |  0.03906
    6 |      -0.0014188519 |      -6.0664582e-5 |      -0.0013581873 |      0.0427561 |  0.04688
    7 |       0.0028098705 |     -0.00017787472 |       0.0029877452 |     -0.0633035 |  0.05469
    8 |      -0.0007312189 |      0.00012117446 |     -0.00085239335 |      -0.165716 |   0.0625
    9 |     -0.00016673571 |      -1.0987654e-5 |     -0.00015574805 |      0.0658986 |  0.07031
   10 |       3.4276942e-5 |      -7.1130839e-6 |       4.1390026e-5 |      -0.207518 |  0.07813

  --- Dimension N = 160 (a_N = 34.1867, psi(N) = 0.106833) ---
    k |           A_{N, k} |           B_{N, k} |   F_{N, k} = A - B |  B/A = a_k/a_N |      k/N
  ----------------------------------------------------------------------------------------
    1 |     -0.00086387961 |      -2.1944653e-6 |     -0.00086168515 |     0.00254024 |  0.00625
    2 |      0.00037483915 |       3.9201792e-6 |      0.00037091897 |      0.0104583 |   0.0125
    3 |       0.0032126924 |       7.9985013e-5 |       0.0031327074 |      0.0248966 |  0.01875
    4 |      -0.0050258227 |     -0.00024778833 |      -0.0047780344 |       0.049303 |    0.025
    5 |       0.0024954152 |      0.00025353614 |        0.002241879 |       0.101601 |  0.03125
    6 |      0.00049029343 |      -3.8745333e-5 |      0.00052903877 |     -0.0790248 |   0.0375
    7 |     -0.00097066338 |     -0.00011356951 |     -0.00085709387 |       0.117002 |  0.04375
    8 |      0.00025250005 |       7.7337537e-5 |      0.00017516252 |       0.306287 |     0.05
    9 |       5.7550101e-5 |      -7.0095095e-6 |       6.4559611e-5 |      -0.121798 |  0.05625
   10 |      -1.1824863e-5 |      -4.5354162e-6 |      -7.2894466e-6 |       0.383549 |   0.0625

  --- Dimension N = 192 (a_N = -205.597, psi(N) = -0.53541) ---
    k |           A_{N, k} |           B_{N, k} |   F_{N, k} = A - B |  B/A = a_k/a_N |      k/N
  ----------------------------------------------------------------------------------------
    1 |       0.0036081636 |       -1.524055e-6 |       0.0036096876 |   -0.000422391 | 0.005208
    2 |      -0.0015681512 |       2.7270167e-6 |      -0.0015708782 |      -0.001739 |  0.01042
    3 |       -0.013409256 |       5.5511514e-5 |       -0.013464768 |    -0.00413979 |  0.01563
    4 |        0.020978462 |     -0.00017198329 |        0.021150446 |    -0.00819809 |  0.02083
    5 |       -0.010415475 |      0.00017596044 |       -0.010591435 |     -0.0168941 |  0.02604
    6 |      -0.0020461633 |      -2.6887011e-5 |      -0.0020192763 |      0.0131402 |  0.03125
    7 |        0.004050287 |      -7.8798474e-5 |       0.0041290855 |      -0.019455 |  0.03646
    8 |      -0.0010534129 |       5.3649587e-5 |      -0.0011070624 |     -0.0509293 |  0.04167
    9 |     -0.00024004412 |      -4.8615137e-6 |      -0.0002351826 |      0.0202526 |  0.04688
   10 |       4.9310241e-5 |      -3.1448293e-6 |       5.2455071e-5 |     -0.0637764 |  0.05208

  Auditing the Universal Peak Mode k = 3 across all 5 primary dimensions:
     N |           A_{N, 3} |           B_{N, 3} |           F_{N, 3} |      B_3 / A_3 |  A_3 Share %
  ------------------------------------------------------------------------------
    64 |       0.0044908912 |      0.00051305721 |        0.003977834 |       0.114244 |       112.9%
    96 |       -0.006480374 |      0.00022347666 |      -0.0067038507 |     -0.0344851 |       96.67%
   128 |      -0.0092986711 |      0.00012525503 |      -0.0094239262 |     -0.0134702 |       98.67%
   160 |       0.0032126924 |       7.9985013e-5 |       0.0031327074 |      0.0248966 |       102.6%
   192 |       -0.013409256 |       5.5511514e-5 |       -0.013464768 |    -0.00413979 |       99.59%

--- MODULE 2: TOTAL OFF-DIAGONAL SUMS SEPARATION ACROSS DIMENSIONS ---
  Testing Hypothesis H1 (Inter-Sum Cancellation) vs H2 (Internal Moments Pre-Cancellation)

     N |      Sigma_A^{off} |      Sigma_B^{off} |        Delta Sigma |  F_{N, N} (diag) |          (H u_N)_N |  C_{AB} Factor
  ----------------------------------------------------------------------------------------------------------------------
    64 |      -8.303285e-24 |      1.9765314e-22 |     -2.0595642e-22 |     -4.08264e-23 |      -2.467828e-22 |       0.959684
    80 |      4.7281907e-24 |      2.0517094e-22 |     -2.0044275e-22 |      6.61403e-24 |     -1.9382872e-22 |        1.02359
    96 |      7.1194537e-24 |      1.7131259e-22 |     -1.6419313e-22 |     -6.21974e-24 |     -1.7041287e-22 |        1.04336
   112 |      7.2292293e-24 |      2.1865565e-22 |     -2.1142642e-22 |       4.0159e-23 |     -1.7126746e-22 |        1.03419
   128 |      3.8451189e-23 |      1.7294617e-22 |     -1.3449498e-22 |     -1.12752e-23 |     -1.4577018e-22 |        1.28589
   144 |      3.6093834e-23 |      1.4004941e-22 |     -1.0395557e-22 |     -4.45116e-23 |     -1.4846716e-22 |         1.3472
   160 |     -1.5218209e-23 |      1.3433489e-22 |     -1.4955309e-22 |     -3.59773e-23 |      -1.855304e-22 |       0.898242
   192 |      4.2806707e-23 |      1.5678906e-22 |     -1.1398235e-22 |      3.04917e-23 |     -8.3490683e-23 |        1.37556

--- MODULE 3: CUMULATIVE TRAJECTORY TRACKING S_A(x) vs S_B(x) AT N = 192 ---
  Sampling cumulative sums on continuum coordinate x = k / N:
    S_A(x) = sum_{k <= xN} A_{N, k},  S_B(x) = sum_{k <= xN} B_{N, k},  S_F(x) = S_A(x) - S_B(x)

      x | m = floor(xN) |             S_A(x) |             S_B(x) |   S_F(x) = S_A - S_B |  |S_F| / max(|S_A|, |S_B|)
  --------------------------------------------------------------------------------------------------
   0.01 |             1 |       0.0036081636 |       -1.524055e-6 |         0.0036096876 |                    1.00042
   0.02 |             3 |       -0.011369244 |       5.6714476e-5 |         -0.011425958 |                    1.00499
   0.03 |             5 |     -0.00080625614 |       6.0691629e-5 |       -0.00086694777 |                    1.07528
   0.05 |             9 |      -9.5589411e-5 |       3.7942172e-6 |        -9.9383628e-5 |                    1.03969
    0.1 |            19 |      4.9263168e-10 |     -6.0977307e-12 |        4.9872941e-10 |                    1.01238
   0.15 |            28 |     -2.1259452e-14 |      8.1036178e-16 |       -2.2069813e-14 |                    1.03812
    0.2 |            38 |      -2.823292e-19 |      5.5818065e-20 |       -3.3814727e-19 |                    1.19771
    0.3 |            57 |       4.964297e-23 |      1.7808547e-22 |        -1.284425e-22 |                   0.721241
    0.4 |            76 |      4.8199536e-23 |      1.7841551e-22 |       -1.3021597e-22 |                   0.729847
    0.5 |            96 |      4.8850354e-23 |      1.7838879e-22 |       -1.2953843e-22 |                   0.726158
    0.6 |           115 |       4.714416e-23 |      1.7856054e-22 |       -1.3141638e-22 |                   0.735977
    0.7 |           134 |        4.78948e-23 |      1.7887644e-22 |       -1.3098164e-22 |                   0.732246
    0.8 |           153 |      5.2146248e-23 |      1.7867276e-22 |       -1.2652651e-22 |                   0.708147
    0.9 |           172 |      5.6143222e-23 |      1.7986936e-22 |       -1.2372614e-22 |                   0.687867
   0.95 |           182 |      5.7112152e-23 |      1.7941909e-22 |       -1.2230694e-22 |                   0.681683

  Trajectory Comparison across Dimensions at Key Thresholds:
  --- Threshold x = 0.05 ---
     N |    m |             S_A(x) |             S_B(x) |             S_F(x) |  Cancellation Factor
  ----------------------------------------------------------------------------
    64 |    3 |       0.0037854709 |      0.00052177013 |       0.0032637008 |              1.15987
    96 |    4 |       0.0046389237 |     -0.00046347437 |        0.005102398 |             0.909165
   128 |    6 |      -0.0019783789 |       7.6268664e-5 |      -0.0020546475 |              0.96288
   160 |    8 |      -3.4625487e-5 |       1.2481232e-5 |      -4.7106719e-5 |             0.735043
   192 |    9 |      -9.5589411e-5 |       3.7942172e-6 |      -9.9383628e-5 |             0.961823

  --- Threshold x = 0.1 ---
     N |    m |             S_A(x) |             S_B(x) |             S_F(x) |  Cancellation Factor
  ----------------------------------------------------------------------------
    64 |    6 |       0.0009511184 |      0.00031063382 |      0.00064048458 |                1.485
    96 |    9 |      -4.6481943e-5 |       1.5355876e-5 |      -6.1837819e-5 |             0.751675
   128 |   12 |       1.9825411e-6 |      -9.6530176e-8 |       2.0790713e-6 |             0.953571
   160 |   16 |       3.7795806e-9 |      -1.6248435e-9 |       5.4044241e-9 |             0.699349
   192 |   19 |      4.9263168e-10 |     -6.0977307e-12 |      4.9872941e-10 |             0.987773

  --- Threshold x = 0.2 ---
     N |    m |             S_A(x) |             S_B(x) |             S_F(x) |  Cancellation Factor
  ----------------------------------------------------------------------------
    64 |   12 |      -9.7432121e-7 |      -3.9766412e-7 |      -5.7665709e-7 |               1.6896
    96 |   19 |      2.4698854e-10 |     -2.5188812e-11 |      2.7217735e-10 |             0.907454
   128 |   25 |     -6.5848534e-13 |      3.8479162e-13 |      -1.043277e-12 |              0.63117
   160 |   32 |      8.1207804e-17 |     -2.0903189e-17 |      1.0211099e-16 |              0.79529
   192 |   38 |      -2.823292e-19 |      5.5818065e-20 |     -3.3814727e-19 |              0.83493

  --- Threshold x = 0.5 ---
     N |    m |             S_A(x) |             S_B(x) |             S_F(x) |  Cancellation Factor
  ----------------------------------------------------------------------------
    64 |   32 |      1.4592765e-16 |     -1.7137531e-16 |      3.1730297e-16 |               0.5401
    96 |   48 |      5.1138026e-23 |      1.5449999e-22 |     -1.0336197e-22 |              1.49475
   128 |   64 |      4.3457774e-23 |      1.6949569e-22 |     -1.2603791e-22 |               1.3448
   160 |   80 |     -8.6158906e-24 |      1.1610422e-22 |     -1.2472011e-22 |             0.930918
   192 |   96 |      4.8850354e-23 |      1.7838879e-22 |     -1.2953843e-22 |              1.37711

--- MODULE 4: DISCRETE SOLITARY MOMENTS & ASYMPTOTIC TAYLOR EXPANSIONS ---
  Evaluating discrete moments M_2 = sum k^2 v_k, M_4 = sum k^4 v_k,
  M_{psi, 3} = 2 sum k^3 psi(k) v_k, M_{psi, 5} = 2 sum k^5 psi(k) v_k

     N |           M_2(N) |           M_4(N) |    M_{psi, 3}(N) |    M_{psi, 5}(N)
  ----------------------------------------------------------------------------
    64 |     -2.84018e-19 |      2.37633e-14 |      6.86245e-17 |     -4.19827e-12
    80 |     -2.37692e-19 |      2.04432e-14 |      5.77944e-17 |     -3.64496e-12
    96 |     -2.22594e-19 |      1.94468e-14 |      5.43194e-17 |     -3.48487e-12
   112 |     -2.22627e-19 |      1.96176e-14 |      5.44507e-17 |     -3.52375e-12
   128 |     -2.16321e-19 |      1.92454e-14 |      5.30247e-17 |     -3.46728e-12
   144 |     -2.20665e-19 |      1.97035e-14 |      5.41698e-17 |     -3.55107e-12
   160 |      -2.1932e-19 |      1.98076e-14 |      5.40031e-17 |     -3.58011e-12
   192 |     -2.17268e-19 |      1.97725e-14 |      5.36033e-17 |     -3.58076e-12

  Taylor Asymptotic Accuracy Audit:
     N |    Sigma_A^{exact} |     Sigma_A^{lead} |    Rel Err A |    Sigma_B^{exact} |     Sigma_B^{lead} |    Rel Err B
  --------------------------------------------------------------------------------------------------------------
    64 |      -8.303285e-24 |      -5.165932e-22 |        61.22 |      1.9765314e-22 |       1.675404e-20 |        83.76
    96 |      7.1194537e-24 |      5.9612312e-22 |        82.73 |      1.7131259e-22 |      5.8940314e-21 |        33.41
   128 |      3.8451189e-23 |       8.342564e-22 |         20.7 |      1.7294617e-22 |      3.2363727e-21 |        17.71
   160 |     -1.5218209e-23 |     -2.9288391e-22 |        18.25 |      1.3433489e-22 |      2.1094952e-21 |         14.7
   192 |      4.2806707e-23 |      1.2117466e-21 |        27.31 |      1.5678906e-22 |      1.4540825e-21 |        8.274

--- MODULE 5: THEOREM 1 SYNTHESIS & RESOLVENT BALANCE AUDIT ---
  Verifying exact identity: (H u_N)_N = alpha_N - (a_N / sqrt(2)) * T_v(0) + E_1 * N^2 * v_{N, N}

     N |            alpha_N |   (a_N/sqrt2) T_v(0) |      E_1 N^2 v_N |          (H u_N)_N |   Theorem 1 Residual
  ----------------------------------------------------------------------------------------------------------
    64 |     -2.4218845e-22 |        4.5943468e-24 |     -4.60213e-73 |      -2.467828e-22 |            9.545e-71
    80 |     -1.9705339e-22 |       -3.2246707e-24 |      7.78179e-74 |     -1.9382872e-22 |            1.511e-70
    96 |     -1.8162911e-22 |       -1.1216239e-23 |     -1.52403e-73 |     -1.7041287e-22 |            7.753e-70
   112 |     -1.7951172e-22 |       -8.2442543e-24 |      6.08174e-73 |     -1.7126746e-22 |             4.16e-70
   128 |     -1.7286674e-22 |        -2.709656e-23 |     -1.28944e-73 |     -1.4577018e-22 |            8.772e-70
   144 |     -1.7476383e-22 |       -2.6296671e-23 |     -5.15112e-73 |     -1.4846716e-22 |            8.912e-70
   160 |     -1.7116185e-22 |        1.4368549e-23 |     -2.89601e-73 |      -1.855304e-22 |            9.036e-71
   192 |     -1.6798055e-22 |       -8.4489867e-23 |      3.07323e-73 |     -8.3490683e-23 |            2.331e-69

================================================================================
CELL 119 SYNTHESIS SUMMARY
================================================================================
     N |    Sigma_A^{off} |    Sigma_B^{off} |      Delta Sigma |        (H u_N)_N |       C_{AB} |   Thm1 Res
  ------------------------------------------------------------------------------------------------------
    64 |     -8.30329e-24 |      1.97653e-22 |     -2.05956e-22 |     -2.46783e-22 |       0.9597 |    9.5e-71
    80 |      4.72819e-24 |      2.05171e-22 |     -2.00443e-22 |     -1.93829e-22 |        1.024 |    1.5e-70
    96 |      7.11945e-24 |      1.71313e-22 |     -1.64193e-22 |     -1.70413e-22 |        1.043 |    7.8e-70
   112 |      7.22923e-24 |      2.18656e-22 |     -2.11426e-22 |     -1.71267e-22 |        1.034 |    4.2e-70
   128 |      3.84512e-23 |      1.72946e-22 |     -1.34495e-22 |      -1.4577e-22 |        1.286 |    8.8e-70
   144 |      3.60938e-23 |      1.40049e-22 |     -1.03956e-22 |     -1.48467e-22 |        1.347 |    8.9e-70
   160 |     -1.52182e-23 |      1.34335e-22 |     -1.49553e-22 |      -1.8553e-22 |       0.8982 |    9.0e-71
   192 |      4.28067e-23 |      1.56789e-22 |     -1.13982e-22 |     -8.34907e-23 |        1.376 |    2.3e-69

  Total Cell 119 runtime: 1940.57 s
================================================================================
CELL 119 EXECUTION COMPLETE
================================================================================
