==============================================================================
CELL 43 — EFFECTIVE POTENTIAL & PROLATE STURM-LIOUVILLE RECONSTRUCTION
==============================================================================
c = 13, L = 2.5649493574615367361, T = 400, dps = 50
Benchmark N = 24

==============================================================================
1. EFFECTIVE SCHRODINGER POTENTIAL: V_eff(t) = - T''(t) / T(t)
==============================================================================
   t / L      t - L/2           T(t)         T''(t)    V_eff(t) = -T''/T
------------------------------------------------------------------------------
    0.25     -0.64124     0.01869105       5.486094           -293.51442
     0.3     -0.51299      0.1384241       17.96706           -129.79715
    0.35     -0.38474      0.5470061       24.86746           -45.461022
     0.4     -0.25649         1.3257       5.379822           -4.0580999
    0.45     -0.12825       2.168564      -30.37255            14.005836
     0.5          0.0       2.538158      -48.04794            18.930242
    0.55      0.12825       2.168564      -30.37255            14.005836
     0.6      0.25649         1.3257       5.379822           -4.0580999
    0.65      0.38474      0.5470061       24.86746           -45.461022
     0.7      0.51299      0.1384241       17.96706           -129.79715
    0.75      0.64124     0.01869105       5.486094           -293.51442

Potential at center (t = L/2):     V_eff(0) = 18.930242
Estimated parabolic well curvature: K = d^2 V / du^2 ~ -1519.73

==============================================================================
2. NORMALIZED PROLATE OPERATOR ON x in [-1, 1]
==============================================================================
Equation: -(1 - x^2) psi''(x) + 2x psi'(x) = W_eff(x) psi(x)
       x         psi(x)        psi'(x)       psi''(x)           W_eff(x)
------------------------------------------------------------------------------
    -0.6     0.00110136      0.0367414        1.10227         -680.56165
    -0.4       0.138424        2.29887        29.5512         -192.61143
    -0.2         1.3257         8.9602        8.84842         -9.1110832
     0.0        2.53816   -1.33143e-49       -79.0264          31.135351
     0.2         1.3257        -8.9602        8.84842         -9.1110832
     0.4       0.138424       -2.29887        29.5512         -192.61143
     0.6     0.00110136     -0.0367414        1.10227         -680.56165

Prolate eigenvalue mu = W_eff(0) ~ 31.135351
Prolate parameter chi^2 ~ 1976.9361 (chi ~ 44.4627)

==============================================================================
3. BOUNDARY JET D_k = T^{(2k)}(0) (INFINITE-ORDER VANISHING)
==============================================================================
  N      D_0 (value)    D_1 (2nd deriv)    D_2 (4th deriv)    D_3 (6th deriv)
------------------------------------------------------------------------------
  8      8.05043e-11         3.36386e-6          0.0262888            71.4338
 16      1.78268e-16        3.12757e-11          1.3743e-6          0.0245314
 24      1.13796e-20        5.91698e-15        7.20005e-10         3.60702e-5

==============================================================================
4. CALIBRATION OF THE RATIO kappa_c = lambda_min / A_0
==============================================================================
Geometric parameter L = log(c) =       2.5649494
Pole source scale C_c =                 0.24466769
Band scale beta = L / (4 pi) =          0.20411218
Lattice spacing rho = 2 pi / L =        2.4496333
Numerical ratio kappa_c =               0.0025090588

Candidate analytical comparisons for kappa_c:
  C_c / 100               = 0.0024466769   (ratio = 1.0255)
  (C_c * beta^2) / 2      = 0.0050966463   (ratio = 0.4923)
  beta^3 / pi             = 0.0027068047   (ratio = 0.92694)
  C_c / (4 * pi^2)        = 0.006197505   (ratio = 0.40485)

==============================================================================
END OF CELL 43
==============================================================================
Conclusions to review in cell43.out:
  1. Is V_eff(t) locally parabolic, confirming prolate/harmonic confinement?
  2. Do higher endpoint derivatives D_k decay simultaneously to zero?
  3. Which analytical combination matches the universal ratio kappa_c?
