=======================================================================================================================================
CELL 92 — BOUNDARY-GAP STRESS TEST AT EXTENDED DIMENSIONS (N <= 56),
          RITZ RESIDUALS r_j, AND 11|12 DECOUPLING PERSISTENCE
=======================================================================================================================================
Configuration: c = 13, L = log(c) = 2.56494935746, T = 400
Working Precision: 70 decimal digits
Dimensions Sweep: N in [36, 40, 44, 48, 52, 56]
Boundary Modes Focus: j in [10, 11, 12, 13, 14]
=======================================================================================================================================

>>> Processing Dimension N = 36 (dim = 37) ...
   Completed N = 36 in 4.72s | E_11 = 0.0165406 | E_12 = 0.585805 | g_11 = 0.569264

>>> Processing Dimension N = 40 (dim = 41) ...
   Completed N = 40 in 6.38s | E_11 = 0.0112179 | E_12 = 0.572442 | g_11 = 0.561224

>>> Processing Dimension N = 44 (dim = 45) ...
   Completed N = 44 in 8.56s | E_11 = 0.00922593 | E_12 = 0.55085 | g_11 = 0.541624

>>> Processing Dimension N = 48 (dim = 49) ...
   Completed N = 48 in 113.28s | E_11 = 0.00818908 | E_12 = 0.46048 | g_11 = 0.452291

>>> Processing Dimension N = 52 (dim = 53) ...
   Completed N = 52 in 114.75s | E_11 = 0.00659387 | E_12 = 0.435999 | g_11 = 0.429406

>>> Processing Dimension N = 56 (dim = 57) ...
   Completed N = 56 in 118.64s | E_11 = 0.00626811 | E_12 = 0.433563 | g_11 = 0.427295

All dimensions processed in 366.32s.

=======================================================================================================================================
TEST A: Boundary-Gap Stress Test across Extended Dimensions N in {36, 40, 44, 48, 52, 56}
Direct Audit of the Persistence of the Boundary Gap g_{11} = E_{12} - E_{11} ~ 0.54 - 0.57
=======================================================================================================================================
  N |         E_10 |         E_11 |         E_12 |         E_13 |         E_14
---------------------------------------------------------------------------------------------------------------------------------------
 36 |  3.344425e-5 |   0.01654061 |     0.585805 |      0.78161 |     0.894889
 40 |  1.469987e-5 |   0.01121791 |    0.5724423 |    0.7261128 |     0.782958
 44 |  9.649275e-6 |  0.009225934 |      0.55085 |    0.6982215 |    0.7824097
 48 |  6.968332e-6 |  0.008189081 |      0.46048 |    0.6271499 |    0.7050825
 52 |  6.633526e-6 |  0.006593868 |    0.4359995 |    0.6007776 |    0.7032993
 56 |   6.26521e-6 |  0.006268106 |    0.4335631 |    0.5876932 |    0.7013408
---------------------------------------------------------------------------------------------------------------------------------------
Boundary Spectral Gaps g_j = E_{j+1} - E_j across Dimensions:
---------------------------------------------------------------------------------------------------------------------------------------
  N |   g_10 (E_11-E_10) |   g_11 (E_12-E_11) |   g_12 (E_13-E_12) |   g_13 (E_14-E_13)
---------------------------------------------------------------------------------------------------------------------------------------
 36 |         0.01650716 |          0.5692644 |          0.1958051 |           0.113279
 40 |         0.01120321 |          0.5612243 |          0.1536706 |         0.05684521
 44 |        0.009216285 |          0.5416241 |          0.1473714 |         0.08418822
 48 |        0.008182113 |           0.452291 |          0.1666698 |         0.07793265
 52 |        0.006587234 |          0.4294056 |          0.1647781 |          0.1025217
 56 |        0.006261841 |           0.427295 |          0.1541301 |          0.1136476
---------------------------------------------------------------------------------------------------------------------------------------
Step Decrements Delta E_j = E_j^{(N)} - E_j^{(N-4)} across Dimension Steps:
---------------------------------------------------------------------------------------------------------------------------------------
 36->40 | -1.874438e-5 | -0.005322696 |  -0.01336271 |  -0.05549721 |    -0.111931
 40->44 | -5.050599e-6 | -0.001991979 |  -0.02159221 |  -0.02789133 | -0.0005483287
 44->48 | -2.680943e-6 | -0.001036852 |  -0.09037001 |  -0.07107164 |   -0.0773272
 48->52 | -3.348062e-7 | -0.001595214 |  -0.02448054 |  -0.02637224 | -0.001783191
 52->56 | -3.683163e-7 | -0.0003257617 | -0.002436387 |  -0.01308443 | -0.001958515

=======================================================================================================================================
TEST B: Ritz Residuals r_j^{(N)} = ||Q_{N+4} u_tilde_j^{(N)} - E_j^{(N)} u_tilde_j^{(N)}||_2 for Boundary Modes
Auditing Operator Invariance of Embedded Eigenvectors & Perturbative Isolation Gaps
=======================================================================================================================================
 Step (N -> N+4) |       r_10 (res) |       r_11 (res) |       r_12 (res) |       r_13 (res)
---------------------------------------------------------------------------------------------------------------------------------------
        36 -> 40 |      0.004532085 |       0.09424027 |        0.1286181 |        0.0212717
        40 -> 44 |      0.002881312 |       0.06032639 |        0.1588543 |        0.1835117
        44 -> 48 |      0.001503063 |        0.0565687 |        0.1231414 |       0.05212234
        48 -> 52 |     0.0009194842 |       0.05744184 |        0.1995117 |        0.1679098
        52 -> 56 |     0.0008663573 |       0.03053554 |       0.07154998 |        0.1280129
---------------------------------------------------------------------------------------------------------------------------------------
Perturbative Spectral Isolation Distance delta_j = min_{k != j} |E_j^{(N)} - E_k^{(N+4)}| and Tilt Ratio r_j / delta_j:
---------------------------------------------------------------------------------------------------------------------------------------
 Step (N -> N+4) |     delta_{11} |  r_{11}/delta_{11} |     delta_{12} |  r_{12}/delta_{12}
---------------------------------------------------------------------------------------------------------------------------------------
        36 -> 40 |      0.0165259 |            5.70258 |       0.140308 |           0.916685
        40 -> 44 |      0.0112083 |            5.38231 |       0.125779 |            1.26296
        44 -> 48 |     0.00921897 |            6.13612 |      0.0762998 |            1.61392
        48 -> 52 |     0.00818245 |            7.02013 |       0.140298 |            1.42206
        52 -> 56 |      0.0065876 |             4.6353 |       0.151694 |           0.471674

=======================================================================================================================================
TEST C: Decoupling Persistence: Diagonal & Cross-Overlaps between Modes 11 and 12
Testing Whether the Mode Decoupling Observed at N = 44 Persists through N = 56
=======================================================================================================================================
 Step (N -> N+4) | |<u_{11}, u_{11}>| | |<u_{11}, u_{12}>| | |<u_{12}, u_{11}>| | |<u_{12}, u_{12}>|
---------------------------------------------------------------------------------------------------------------------------------------
        36 -> 40 |         0.99697366 |       0.0015720581 |       0.0019667545 |         0.99256867
        40 -> 44 |         0.99931927 |        0.011638317 |       0.0061925922 |         0.97444589
        44 -> 48 |         0.99970962 |          0.0140993 |       0.0034070252 |         0.69620197
        48 -> 52 |         0.99939117 |         0.01681264 |        0.011225142 |         0.98077587
        52 -> 56 |         0.99992571 |       0.0021934185 |       0.0017244681 |         0.99881706

=======================================================================================================================================
TEST D: Fine-Grained Mode Counting N(E; N) and Trajectory / Deceleration Audit of Mode 11
Tracking E_{11}(N), Step Decrements, and Ratios E_{11}(N) / E_{11}(N-4)
=======================================================================================================================================
  N |   E < 0.001 |   E < 0.002 |   E < 0.005 |   E < 0.008 |    E < 0.01 |    E < 0.02 |    E < 0.05 |     E < 0.1 |     E < 0.5 |     E < 1.0
---------------------------------------------------------------------------------------------------------------------------------------
 36 |          11 |          11 |          11 |          11 |          11 |          12 |          12 |          12 |          12 |          15
 40 |          11 |          11 |          11 |          11 |          11 |          12 |          12 |          12 |          12 |          16
 44 |          11 |          11 |          11 |          11 |          12 |          12 |          12 |          12 |          12 |          16
 48 |          11 |          11 |          11 |          11 |          12 |          12 |          12 |          12 |          13 |          17
 52 |          11 |          11 |          11 |          12 |          12 |          12 |          12 |          12 |          13 |          17
 56 |          11 |          11 |          11 |          12 |          12 |          12 |          12 |          12 |          13 |          18
---------------------------------------------------------------------------------------------------------------------------------------
Trajectory and Step Ratios of Mode 11 (E_{11}(N) / E_{11}(N-4)):
---------------------------------------------------------------------------------------------------------------------------------------
Step 36 -> 40: E_11 = 0.011217913 | Ratio = 0.678204 | Decrement = -0.0053227
Step 40 -> 44: E_11 = 0.0092259338 | Ratio = 0.822429 | Decrement = -0.00199198
Step 44 -> 48: E_11 = 0.0081890815 | Ratio = 0.887615 | Decrement = -0.00103685
Step 48 -> 52: E_11 = 0.0065938678 | Ratio = 0.805202 | Decrement = -0.00159521
Step 52 -> 56: E_11 = 0.0062681062 | Ratio = 0.950596 | Decrement = -0.000325762

================================================================================
CELL 92 EXECUTION COMPLETE
================================================================================
