==============================================================================
CELL 36 — EXACT ARCHIMEDEAN TAIL COEFFICIENTS
==============================================================================

c = 13
T_ground = 400
ground dps = 50
working dps = 50
N range = 1 ... 8
K_MAX = 3

L = 2.56494935746153673605348744157
kappa = 2*pi/L = 2.44963327985465201074267116853

==============================================================================
GROUND-STATE ASYMPTOTIC DATA
==============================================================================

==============================================================================
CHECK 1 — LEADING COEFFICIENT
==============================================================================

Compare the expanded A_0 with
    A_0 = 2*T(0)^2/L.

  N               A0 expanded               A0 endpoint      absolute error
------------------------------------------------------------------------------
  1  0.0000441282663342070196  0.0000441282663342070196     3.713713905e-52
  2    5.62097150237572769e-8    5.62097150237572769e-8     1.182509112e-52
  3   1.17865851236598326e-10   1.17865851236598326e-10     3.442156224e-51
  4   2.80920735143345473e-13   2.80920735143345473e-13     1.058929102e-51
  5   2.41216856667472351e-15   2.41216856667472351e-15     1.171617451e-51
  6   2.41396221791374908e-17   2.41396221791374908e-17     2.305838377e-51
  7    2.4589675920674174e-19    2.4589675920674174e-19     1.780585254e-51
  8   5.05346493546008781e-21   5.05346493546008781e-21     2.142696137e-52

Maximum absolute A_0 identity error:
3.4421562239200523969351402464e-51

==============================================================================
CHECK 2 — EXACT ASYMPTOTIC COEFFICIENTS
==============================================================================

A_0 in R_v(r) ~ A_0/r^2 + A_1/r^4 + ...

  N                           A_0
--------------------------------------
  1  0.00004412826633420701963794
  2    5.620971502375727688994e-8
  3   1.178658512365983257683e-10
  4   2.809207351433454725631e-13
  5   2.412168566674723512007e-15
  6   2.413962217913749084995e-17
  7   2.458967592067417398729e-19
  8    5.05346493546008780676e-21

A_1 in R_v(r) ~ A_0/r^2 + A_1/r^4 + ...

  N                           A_1
--------------------------------------
  1    -0.05712689155399495501221
  2  -0.0002230206587485475989173
  3-0.000001113186131726259510901
  4   -5.540399035821147903708e-9
  5  -7.198091918479594216588e-11
  6  -1.084643221968062654835e-12
  7  -1.559250496105243086613e-14
  8  -4.223167464035577794585e-16

A_2 in R_v(r) ~ A_0/r^2 + A_1/r^4 + ...

  N                           A_2
--------------------------------------
  1       18.14581138900934645574
  2      0.2585190142727711176011
  3    0.003258775993098409720578
  4  0.00003483986013456002851336
  5    7.011503112517439581755e-7
  6    1.618413026350499850253e-8
  7   3.354881874425134519718e-10
  8    1.21236558166729419164e-11

A_3 in R_v(r) ~ A_0/r^2 + A_1/r^4 + ...

  N                           A_3
--------------------------------------
  1       219.8323073344164325735
  2      -72.84910124310627572199
  3      -3.023482695672974144518
  4    -0.07652343773860308699684
  5   -0.002559061559199333570157
  6 -0.00009451186145066251052468
  7-0.000002967698456744699571071
  8    -1.46876246834372702769e-7

==============================================================================
CHECK 3 — ENDPOINT DERIVATIVE / MOMENT CONNECTION
==============================================================================

For k >= 1,
    T^(2k)(0) = sqrt(2)*(-1)^k*kappa^(2k)*M_(2k).

  N                T(0)                T(0)            T^(4)(0)            T^(6)(0)
------------------------------------------------------------------------------
  1    0.00752285744846        4.8694124802      -29.2198990801       175.339942083
  2   0.000268491221861      0.532640035112       89.0879829141      -2749.67086812
  3    1.22947130791e-5       0.05805881835        32.878819595        2429.0591221
  4    6.00228064615e-7    0.00591893472863       8.03648702884       2502.78774339
  5    5.56196467769e-8   0.000829865987611       1.89258629792       1265.25126116
  6    5.56403218888e-9   0.000125001745174      0.461023659593       534.823030919
  7   5.61565995467e-10    1.78046685091e-5      0.100833103859       191.783466864
  8   8.05042906905e-11    3.36386128628e-6     0.0262887779576       71.4338484512

==============================================================================
CHECK 4 — LARGE-r COEFFICIENT EXTRACTION
==============================================================================

At each r, form
    E_0(r) = r^2 R(r),
    E_1(r) = r^4 [R(r)-A_0/r^2],
    E_2(r) = r^6 [R(r)-A_0/r^2-A_1/r^4].

These should approach A_0, A_1, A_2 respectively.

------------------------------------------------------------------------------
N = 1

         r                   E0(r)                   E1(r)                   E2(r)
------------------------------------------------------------------------------
      80.0    3.564604228053388e-5    -0.05428623394350809       18.18020870711596
     120.0    4.024870349046416e-5    -0.05586570494989719       18.16108709900778
     180.0    4.238238281023831e-5    -0.05656662617658624       18.15259822804226
     260.0    4.328716553126126e-5    -0.05685841427913365       18.14906378062415

Exact coefficients:
  A_0 = 0.0000441282663342070196379386
  A_1 = -0.0571268915539949550122055
  A_2 = 18.1458113890093464557368

------------------------------------------------------------------------------
N = 2

         r                   E0(r)                   E1(r)                   E2(r)
------------------------------------------------------------------------------
      80.0    2.739871434700973e-8  -0.0001843904043311843      0.2472336282711252
     120.0    4.194458019828554e-8  -0.0002054179414867931      0.2534791285692651
     180.0    4.957048796099969e-8  -0.0002151109568333457       0.256274342052543
     260.0    5.296692890267308e-8  -0.0002192123417852916      0.2574422267161084

Exact coefficients:
  A_0 = 5.6209715023757276889941e-8
  A_1 = -0.000223020658748547598917261
  A_2 = 0.258519014272771117601122

------------------------------------------------------------------------------
N = 3

         r                   E0(r)                   E1(r)                   E2(r)
------------------------------------------------------------------------------
      80.0   1.257779060505185e-11   -6.738435880418975e-7    0.002811792279579917
     120.0    5.52886855456081e-11   -9.011111859502593e-7    0.003053879219174403
     180.0   8.652462338404445e-11   -1.015455782422746e-6    0.003166463317433851
     260.0   1.021019814855322e-10   -1.065637595172068e-6    0.003214281071063369

Exact coefficients:
  A_0 = 1.17865851236598325768281e-10
  A_1 = -0.00000111318613172625951090118
  A_2 = 0.00325877599309840972057776

------------------------------------------------------------------------------
N = 4

         r                   E0(r)                   E1(r)                   E2(r)
------------------------------------------------------------------------------
      80.0   1.484414050386476e-14   -1.702890205692677e-9    2.456005651282222e-5
     120.0   4.021756049880004e-14   -3.466125714881454e-9    2.986953582153159e-5
     180.0   1.409250501431796e-13   -4.535860194005375e-9    3.254705847483103e-5
     260.0    2.06341949391875e-13   -5.041525916799404e-9     3.37238228458699e-5

Exact coefficients:
  A_0 = 2.80920735143345472563132e-13
  A_1 = -5.54039903582114790370754e-9
  A_2 = 0.0000348398601345600285133557

------------------------------------------------------------------------------
N = 5

         r                   E0(r)                   E1(r)                   E2(r)
------------------------------------------------------------------------------
      80.0   8.269085090451855e-16  -1.014566436882904e-11    3.957456308221882e-7
     120.0   3.497466311477423e-17  -3.423159221126327e-11    5.435903084188705e-7
     180.0   7.871350210778848e-16  -5.265108687733757e-11    6.262865667616511e-7
     260.0     1.4927207625465e-15  -6.215467155906788e-11    6.642543394992167e-7

Exact coefficients:
  A_0 = 2.41216856667472351200749e-15
  A_1 = -7.19809191847959421658823e-11
  A_2 = 0.000000701150311251743958175512

------------------------------------------------------------------------------
N = 6

         r                   E0(r)                   E1(r)                   E2(r)
------------------------------------------------------------------------------
      80.0   1.679206654583017e-17  -4.702435605316686e-14    6.640760741855333e-9
     120.0   8.895971967833645e-19  -3.348003597458994e-13    1.079773721599915e-8
     180.0   3.536180109333716e-18  -6.675515230616423e-13    1.351377104456802e-8
     260.0   1.134293977940529e-17  -8.650557302218966e-13    1.484411444204083e-8

Exact coefficients:
  A_0 = 2.41396221791374908499505e-17
  A_1 = -1.08464322196806265483531e-12
  A_2 = 1.61841302635049985025285e-8

------------------------------------------------------------------------------
N = 7

         r                   E0(r)                   E1(r)                   E2(r)
------------------------------------------------------------------------------
      80.0   1.335388563029265e-19  -7.190905785844176e-16   9.518985204779529e-11
     120.0   4.866142349825927e-20  -2.840188834202148e-15   1.836333522266441e-10
     180.0   8.203688862871466e-21  -7.701255479141397e-15   2.556764832139175e-10
     260.0   7.966310443406979e-20  -1.123739506263262e-14    2.94405429133179e-10

Exact coefficients:
  A_0 = 2.45896759206741739872861e-19
  A_1 = -1.5592504961052430866131e-14
  A_2 = 3.35488187442513451971842e-10

------------------------------------------------------------------------------
N = 8

         r                   E0(r)                   E1(r)                   E2(r)
------------------------------------------------------------------------------
      80.0   8.205353189018489e-22  -2.709074954597273e-17   2.529446379888544e-12
     120.0   1.834193721084935e-21  -4.635750548700219e-17     5.4138130691984e-12
     180.0   7.367781702759984e-26  -1.637298767476352e-16   8.378214576851893e-12
     260.0   1.025659855319705e-21  -2.722796234174899e-16   1.014250951385819e-11

Exact coefficients:
  A_0 = 5.05346493546008780676027e-21
  A_1 = -4.22316746403557779458457e-16
  A_2 = 1.21236558166729419163951e-11

==============================================================================
CHECK 5 — RESIDUAL ORDER
==============================================================================

After subtracting A_0, A_1, A_2,
the remaining quantity should behave as O(r^-8).

N = 1
  r =     80.0   r^8 residual =    220.142835882296825   successive ratio =              -
  r =    120.0   r^8 residual =    219.970223977476971   successive ratio = 0.999215909507
  r =    180.0   r^8 residual =     219.89358466625417   successive ratio = 0.999651592339
  r =    260.0   r^8 residual =    219.861673160430134   successive ratio = 0.999854877504

N = 2
  r =     80.0   r^8 residual =   -72.2264704105338737   successive ratio =              -
  r =    120.0   r^8 residual =    -72.574354130486905   successive ratio =  1.00481656819
  r =    180.0   r^8 residual =   -72.7273799353906559   successive ratio =  1.00210853829
  r =    260.0   r^8 residual =   -72.7908388304001984   successive ratio =  1.00087255852

N = 3
  r =     80.0   r^8 residual =   -2.86069576651835325   successive ratio =              -
  r =    120.0   r^8 residual =   -2.95051354450569336   successive ratio =  1.03139717933
  r =    180.0   r^8 residual =   -2.99093069153171254   successive ratio =  1.01369834316
  r =    260.0   r^8 residual =   -3.00785672956872415   successive ratio =  1.00565912078

N = 4
  r =     80.0   r^8 residual = -0.0657907431791219958   successive ratio =              -
  r =    120.0   r^8 residual = -0.0715726701076095357   successive ratio =  1.08788359348
  r =    180.0   r^8 residual = -0.0742867737752194289   successive ratio =  1.03792095032
  r =    260.0   r^8 residual = -0.0754441207154526256   successive ratio =  1.01557944815

N = 5
  r =     80.0   r^8 residual = -0.00195458995474915714   successive ratio =              -
  r =    120.0   r^8 residual = -0.00226886404079337802   successive ratio =  1.16078773212
  r =    180.0   r^8 residual = -0.0024255853214790086   successive ratio =  1.06907477833
  r =    260.0   r^8 residual = -0.00249416769047084453   successive ratio =  1.02827456465

N = 6
  r =     80.0   r^8 residual = -0.0000610775649385578585   successive ratio =              -
  r =    120.0   r^8 residual = -0.0000775640598840842098   successive ratio =  1.26992718132
  r =    180.0   r^8 residual = -0.0000865196386935581164   successive ratio =  1.11546041843
  r =    260.0   r^8 residual = -0.000090585069530978025   successive ratio =   1.0469885323

N = 7
  r =     80.0   r^8 residual = -1.53790934652619627e-6   successive ratio =              -
  r =    120.0   r^8 residual = -2.18670962710851897e-6   successive ratio =  1.42187160254
  r =    180.0   r^8 residual = -2.5858992170065088e-6   successive ratio =  1.18255262836
  r =    260.0   r^8 residual = -2.77719446171101133e-6   successive ratio =  1.07397629554

N = 8
  r =     80.0   r^8 residual = -6.14029403954201446e-8   successive ratio =              -
  r =    120.0   r^8 residual = -9.66217355636333976e-8   successive ratio =  1.57356854479
  r =    180.0   r^8 residual = -1.21352296170201979e-7   successive ratio =  1.25595235339
  r =    260.0   r^8 residual = -1.33925490070277143e-7   successive ratio =  1.10360903169

==============================================================================
SUMMARY
==============================================================================

The exact finite Fourier representation admits an algebraic
large-r expansion in even inverse powers of r.

The leading coefficient is exactly
    A_0 = 2*T(0)^2/L.

For k >= 1, A_k depends on the spectral moment
    M_(2k) = sum_m m^(2k) v_m,
which is proportional to T^(2k)(0).

Thus Cell 35's endpoint-derivative survey is directly probing
the coefficients of the Archimedean tail expansion.

The next analytical question is whether the observed suppression
of these endpoint moments with N is strong enough to imply a
quantitative N-dependent tail bound.

No N -> infinity asymptotic law is fitted or assumed here.

