================================================================================
CELL 118 — GLOBAL MODAL CANCELLATION ANATOMY & ARITHMETIC REMAINDER AUDIT
  Configuration: c = 13, Primary T = 600, N_max = 192
  mpmath dps = 70, matrix dps = 70
================================================================================

  [Retrieved cached H_192 in 3.68 s]

  Solving localized solitary branch across dimensions...
  [Eigenpair extractions complete. Localized v_0 in [0.665695, 0.666394]]

--- MODULE 1: LOW-MODE ANATOMY & THE UNIVERSAL k = 3 PEAK ---
  Auditing individual terms F_{N, k} and cumulative sums S_N(m) = sum_{k=1}^m F_{N, k} for k <= 10

  k |         F(N=64) |         S(N=64) |         F(N=96) |         S(N=96) |        F(N=128) |        S(N=128) |        F(N=160) |        S(N=160) |        F(N=192) |        S(N=192) |
------------------------------------------------------------------------------------------------------------------------------------------------------------------------
  1 |     -0.00115788 |     -0.00115788 |        0.001737 |        0.001737 |      0.00249737 |      0.00249737 |    -0.000861685 |    -0.000861685 |      0.00360969 |      0.00360969 |
  2 |     0.000443743 |    -0.000714133 |    -0.000748795 |     0.000988201 |     -0.00108097 |       0.0014164 |     0.000370919 |    -0.000490766 |     -0.00157088 |      0.00203881 |
  3 |      0.00397783 |       0.0032637 |     -0.00670385 |     -0.00571565 |     -0.00942393 |     -0.00800753 |      0.00313271 |      0.00264194 |      -0.0134648 |       -0.011426 |
  4 |     -0.00540134 |     -0.00213763 |        0.010818 |       0.0051024 |       0.0149278 |      0.00692025 |     -0.00477803 |     -0.00213609 |       0.0211504 |      0.00972449 |
  5 |      0.00184939 |     -0.00028825 |     -0.00573705 |    -0.000634648 |     -0.00761671 |     -0.00069646 |      0.00224188 |     0.000105786 |      -0.0105914 |    -0.000866948 |
  6 |     0.000928734 |     0.000640485 |    -0.000880569 |     -0.00151522 |     -0.00135819 |     -0.00205465 |     0.000529039 |     0.000634825 |     -0.00201928 |     -0.00288622 |
  7 |    -0.000626206 |      1.42781e-5 |      0.00227696 |     0.000761742 |      0.00298775 |     0.000933098 |    -0.000857094 |    -0.000222269 |      0.00412909 |      0.00124286 |
  8 |     -0.00014301 |    -0.000128732 |    -0.000726769 |      3.49726e-5 |    -0.000852393 |      8.07043e-5 |     0.000175163 |     -4.71067e-5 |     -0.00110706 |     0.000135799 |
  9 |     0.000125723 |      -3.0089e-6 |     -9.68105e-5 |     -6.18378e-5 |    -0.000155748 |     -7.50437e-5 |      6.45596e-5 |      1.74529e-5 |    -0.000235183 |     -9.93836e-5 |
 10 |      1.26412e-5 |      9.63226e-6 |      3.66962e-5 |     -2.51416e-5 |        4.139e-5 |     -3.36537e-5 |     -7.28945e-6 |      1.01634e-5 |      5.24551e-5 |     -4.69286e-5 |
------------------------------------------------------------------------------------------------------------------------------------------------------------------------

  Key Low-Mode Observations:
    N =  64: Peak S_N(m) = 0.0032637008 at k = 3
    N =  96: Peak S_N(m) = 0.0057156499 at k = 3
    N = 128: Peak S_N(m) = 0.0080075283 at k = 3
    N = 160: Peak S_N(m) = 0.0026419412 at k = 3
    N = 192: Peak S_N(m) = 0.011425958 at k = 3

--- MODULE 2: MACROSCOPIC CANCELLATION PROFILE S_N(x) ON CONTINUUM COORDINATE x = k / N ---
  Evaluating cumulative sum S_N(floor(x*N)) and normalized master curve g_N(x) = S_N / M_peak

 x = k/N |             S(N=64) |             S(N=96) |            S(N=128) |            S(N=160) |            S(N=192) |
------------------------------------------------------------------------------------------------------------------------
    0.01 |       -0.0011578764 |        0.0017369959 |        0.0024973711 |      -0.00086168515 |        0.0036096876 |
    0.02 |       -0.0011578764 |        0.0017369959 |        0.0014163979 |        0.0026419412 |        -0.011425958 |
    0.03 |       -0.0011578764 |       0.00098820073 |       -0.0080075283 |       -0.0021360932 |      -0.00086694777 |
    0.05 |        0.0032637008 |         0.005102398 |       -0.0020546475 |       -4.7106719e-5 |       -9.9383628e-5 |
     0.1 |       0.00064048458 |       -6.1837819e-5 |        2.0790713e-6 |        5.4044241e-9 |       4.9872941e-10 |
    0.15 |       -3.0089019e-6 |       -3.2703162e-7 |       3.6097314e-10 |      -1.8836155e-13 |      -2.2069813e-14 |
     0.2 |       -5.7665709e-7 |       2.7217735e-10 |       -1.043277e-12 |       1.0211099e-16 |      -3.3814727e-19 |
     0.3 |      -1.1945016e-10 |      -1.4677612e-14 |      -3.4478621e-19 |      -1.3847021e-22 |       -1.284425e-22 |
     0.4 |      -1.4159895e-12 |      -4.2674636e-19 |      -1.2946073e-22 |      -1.2461583e-22 |      -1.3021597e-22 |
     0.5 |       3.1730297e-16 |      -1.0336197e-22 |      -1.2603791e-22 |      -1.2472011e-22 |      -1.2953843e-22 |
     0.6 |      -6.5715325e-19 |      -1.6567164e-22 |      -1.2708457e-22 |      -1.2479407e-22 |      -1.3141638e-22 |
     0.7 |      -1.2013158e-20 |      -1.6759076e-22 |      -1.2652194e-22 |      -1.2423485e-22 |      -1.3098164e-22 |
     0.8 |      -2.1050517e-22 |      -1.6960959e-22 |      -1.2631497e-22 |      -1.2500261e-22 |      -1.2652651e-22 |
     0.9 |      -1.8511548e-22 |      -1.7048421e-22 |      -1.3062467e-22 |      -1.2808722e-22 |      -1.2372614e-22 |
    0.95 |      -1.8637787e-22 |      -1.6457506e-22 |      -1.3312078e-22 |      -1.2589332e-22 |      -1.2230694e-22 |
     1.0 |       -2.467828e-22 |      -1.7041287e-22 |      -1.4577018e-22 |       -1.855304e-22 |      -8.3490683e-23 |
------------------------------------------------------------------------------------------------------------------------

  [Part B: Normalized Master Cancellation Curve g_N(x) = S_N(floor(x*N)) / M_peak(N)]
 x = k/N |         g(N=64) |         g(N=96) |        g(N=128) |        g(N=160) |        g(N=192) |    Spread %
----------------------------------------------------------------------------------------------------------------
    0.01 |       -0.354774 |        0.303902 |        0.311878 |       -0.326156 |         0.31592 |     1337.0 %
    0.02 |       -0.354774 |        0.303902 |        0.176883 |             1.0 |            -1.0 |     7936.0 %
    0.03 |       -0.354774 |        0.172894 |            -1.0 |       -0.808532 |      -0.0758753 |      283.8 %
    0.05 |             1.0 |        0.892707 |       -0.256589 |      -0.0178303 |     -0.00869806 |      390.3 %
     0.1 |        0.196245 |       -0.010819 |      0.00025964 |      2.04563e-6 |      4.36488e-8 |      557.6 %
    0.15 |    -0.000921929 |     -5.72169e-5 |      4.50792e-8 |    -7.12966e-11 |    -1.93155e-12 |      470.8 %
     0.2 |    -0.000176688 |      4.76197e-8 |    -1.30287e-10 |       3.865e-14 |    -2.95947e-17 |      500.3 %
     0.3 |     -3.65996e-8 |    -2.56797e-12 |    -4.30578e-17 |    -5.24123e-20 |    -1.12413e-20 |      500.0 %
     0.4 |     -4.3386e-10 |    -7.46628e-17 |    -1.61674e-20 |    -4.71683e-20 |    -1.13965e-20 |      500.0 %
     0.5 |     9.72218e-14 |     -1.8084e-20 |    -1.57399e-20 |    -4.72078e-20 |    -1.13372e-20 |      500.0 %
     0.6 |    -2.01352e-16 |    -2.89856e-20 |    -1.58706e-20 |    -4.72357e-20 |    -1.15016e-20 |  N/A (-> 0)
     0.7 |    -3.68084e-18 |    -2.93214e-20 |    -1.58004e-20 |    -4.70241e-20 |    -1.14635e-20 |  N/A (-> 0)
     0.8 |    -6.44989e-20 |    -2.96746e-20 |    -1.57745e-20 |    -4.73147e-20 |    -1.10736e-20 |  N/A (-> 0)
     0.9 |    -5.67195e-20 |    -2.98276e-20 |    -1.63127e-20 |    -4.84822e-20 |    -1.08285e-20 |  N/A (-> 0)
    0.95 |    -5.71063e-20 |    -2.87938e-20 |    -1.66245e-20 |    -4.76518e-20 |    -1.07043e-20 |  N/A (-> 0)
     1.0 |    -7.56144e-20 |    -2.98151e-20 |    -1.82041e-20 |     -7.0225e-20 |    -7.30711e-21 |  N/A (-> 0)
----------------------------------------------------------------------------------------------------------------

--- MODULE 3: MACROSCOPIC SECTOR CANCELLATION DECOMPOSITION ---
  Partitioning continuum domain into 3 macroscopic sectors:
    - Bulk Core:        x in (0.00, 0.25]
    - Transition Zone:  x in (0.25, 0.75]
    - Boundary Edge:    x in (0.75, 1.00]

Sector                   |            N = 64 |            N = 96 |           N = 128 |           N = 160 |           N = 192 |
----------------------------------------------------------------------------------------------------------------------
Bulk Core (x <= 0.25)    |        1.65181e-8 |      -9.50476e-13 |      -2.08789e-16 |      -5.94665e-21 |       -5.1524e-23 |
Transition (0.25 < x <= 0.75) |       -1.65181e-8 |       9.50476e-13 |       2.08789e-16 |       5.82204e-21 |      -7.80736e-23 |
Boundary Edge (x > 0.75) |      -7.15386e-23 |       -2.3497e-24 |      -1.96064e-23 |      -6.09146e-23 |        4.6107e-23 |
----------------------------------------------------------------------------------------------------------------------
Total Flux (H u_N)_N     |      -2.46783e-22 |      -1.70413e-22 |       -1.4577e-22 |       -1.8553e-22 |      -8.34907e-23 |
----------------------------------------------------------------------------------------------------------------------

--- MODULE 4: ARITHMETIC SYMBOL REMAINDER CORRELATION ---
  Testing correlation between boundary observables and arithmetic fluctuations:
    - alpha_N:              Boundary coupling
    - (H u_N)_N:            Net boundary flux
    - Sigma_cos(N):         Prime-power cosine sum sum_{p^k <= c} Lambda/sqrt(p^k) cos(2*pi*N*log(p^k)/L)
    - psi_prime_deriv(N):   Derivative of prime symbol psi'_{prime}(N)

   N |            alpha_N |          (H u_N)_N |       Sigma_cos(N) |     psi_prime_deriv(N)
----------------------------------------------------------------------------------------
  64 |     -2.4218845e-22 |      -2.467828e-22 |         0.14494073 |             0.96608349
  80 |     -1.9705339e-22 |     -1.9382872e-22 |         0.25926466 |               0.545902
  96 |     -1.8162911e-22 |     -1.7041287e-22 |          2.4472262 |             -1.7090358
 112 |     -1.7951172e-22 |     -1.7126746e-22 |          1.7646685 |            -0.68609793
 128 |     -1.7286674e-22 |     -1.4577018e-22 |         0.45335417 |             0.18093726
 144 |     -1.7476383e-22 |     -1.4846716e-22 |        -0.16890223 |            0.013428988
 160 |     -1.7116185e-22 |      -1.855304e-22 |         -1.6893242 |              1.6705481
 192 |     -1.6798055e-22 |     -8.3490683e-23 |         -1.1382645 |             0.32450559
----------------------------------------------------------------------------------------

  Pearson Correlation Matrix (n = 8 data points):
    r(alpha_N, Sigma_cos):         -0.131031
    r(alpha_N, psi'_prime):        -0.223788
    r((H u_N)_N, Sigma_cos):       -0.200244
    r((H u_N)_N, psi'_prime):      -0.242914
    r(alpha_N, (H u_N)_N):         0.808993

================================================================================
CELL 118 NUMERICAL SUMMARY OF COMPUTED METRICS
================================================================================
Total script runtime:               2233.15 s

================================================================================
CELL 118 EXECUTION COMPLETE
================================================================================
